[STATIC] original temporal LR: PASS
[STATIC] original next-step loss: PASS
[STATIC] original velocity auxiliary weight: PASS
[STATIC] no cumulative-progress loss: PASS
[STATIC] original v39 next-step formula: PASS
[STATIC] controlled_gt_jitter protocol: PASS
[STATIC] frame-count switch: PASS
============================================================================================================
FINAL NECESSARY ABLATION SUITE
Method: front MS1 -> Front SoftMS(18); original v39 training code otherwise unchanged
KEEP: Constant Velocity and fixed-R Kalman as fixed main settings (not separate design tables)
RUN: architecture ablation + fair 1/2/3-frame ablation + final-MS window/pure decoder latency + E2E runtime
GPU plan: 0/5/6 train 1/2/3-frame variants in parallel
MS latency definition: candidates + regularized logits READY -> one MeanShift -> metric XY
============================================================================================================
[OK] clean v39: Weighted Centroid -> original GRU -> original Kalman -> one final MS; pure MS timer enabled
[CACHE] preparing/reusing Route A/B/C UAV backbone caches on GPU0
route_A backbone cache: 256/1732
route_A backbone cache: 1732/1732
[CACHE] route_A: 1732 frames
route_B backbone cache: 256/2276
route_B backbone cache: 2276/2276
[CACHE] route_B: 2276 frames
route_C backbone cache: 256/1258
route_C backbone cache: 1258/1258
[CACHE] route_C: 1258 frames
[OK] clean v39: Weighted Centroid -> original GRU -> original Kalman -> one final MS; pure MS timer enabled
[OK] clean v39: Weighted Centroid -> original GRU -> original Kalman -> one final MS; pure MS timer enabled
[START][temporal_2frame][GPU5] frames=2 kalman=fixed gru=1 ms=1 grid=6 mode=train_eval
[START][temporal_3frame][GPU6] frames=3 kalman=fixed gru=1 ms=1 grid=6 mode=train_eval
[OK] clean v39: Weighted Centroid -> original GRU -> original Kalman -> one final MS; pure MS timer enabled
[START][temporal_1frame][GPU0] frames=1 kalman=fixed gru=1 ms=1 grid=6 mode=train_eval
[temporal_1frame] ============================================================================================================
[temporal_1frame] V36_PreviousStateOnly_MobileNetV3_Forward3x6_PolynomialKalman
[temporal_1frame] device=cuda:0
[temporal_1frame] Protocol: CONTROLLED GT+smooth-jitter local prior; current-frame GT centres the local SAT search window.
[temporal_1frame] 3-frame recurrent state -> v/a + heading/turn-rate -> heading-aware second-order inertial polynomial -> weighted-centroid visual observation -> GRU -> robust constrained route-coordinate Kalman -> one final MeanShift -> final XY.
[temporal_1frame] Evaluation intentionally does not solve global acquisition/re-localization: every frame receives a bounded GT-centered local prior.
[temporal_1frame] Estimated position may be corrected backward after an over-prediction; physical forward intent is represented by non-negative route velocity.
[temporal_1frame] ============================================================================================================
[temporal_1frame] reuse visual checkpoint: /yh/study/uav-sat/v39_DirectFinalMS/softms18_0913_all_20260919_190850/main_ablation/temporal_1frame/checkpoints/visual_retrieval_A_only.pt
[temporal_3frame] ============================================================================================================
[temporal_3frame] V36_PreviousStateOnly_MobileNetV3_Forward3x6_PolynomialKalman
[temporal_3frame] device=cuda:0
[temporal_3frame] Protocol: CONTROLLED GT+smooth-jitter local prior; current-frame GT centres the local SAT search window.
[temporal_3frame] 3-frame recurrent state -> v/a + heading/turn-rate -> heading-aware second-order inertial polynomial -> weighted-centroid visual observation -> GRU -> robust constrained route-coordinate Kalman -> one final MeanShift -> final XY.
[temporal_3frame] Evaluation intentionally does not solve global acquisition/re-localization: every frame receives a bounded GT-centered local prior.
[temporal_3frame] Estimated position may be corrected backward after an over-prediction; physical forward intent is represented by non-negative route velocity.
[temporal_3frame] ============================================================================================================
[temporal_3frame] reuse visual checkpoint: /yh/study/uav-sat/v39_DirectFinalMS/softms18_0913_all_20260919_190850/main_ablation/temporal_3frame/checkpoints/visual_retrieval_A_only.pt
[temporal_2frame] ============================================================================================================
[temporal_2frame] V36_PreviousStateOnly_MobileNetV3_Forward3x6_PolynomialKalman
[temporal_2frame] device=cuda:0
[temporal_2frame] Protocol: CONTROLLED GT+smooth-jitter local prior; current-frame GT centres the local SAT search window.
[temporal_2frame] 3-frame recurrent state -> v/a + heading/turn-rate -> heading-aware second-order inertial polynomial -> weighted-centroid visual observation -> GRU -> robust constrained route-coordinate Kalman -> one final MeanShift -> final XY.
[temporal_2frame] Evaluation intentionally does not solve global acquisition/re-localization: every frame receives a bounded GT-centered local prior.
[temporal_2frame] Estimated position may be corrected backward after an over-prediction; physical forward intent is represented by non-negative route velocity.
[temporal_2frame] ============================================================================================================
[temporal_2frame] reuse visual checkpoint: /yh/study/uav-sat/v39_DirectFinalMS/softms18_0913_all_20260919_190850/main_ablation/temporal_2frame/checkpoints/visual_retrieval_A_only.pt
[temporal_1frame] route_A: reuse UAV backbone cache
[temporal_3frame] route_A: reuse UAV backbone cache
[temporal_2frame] route_A: reuse UAV backbone cache
[temporal_1frame] temporal split train=[0,1196) val=[1228,1456) route_length=4938.3m
[temporal_1frame] Route-A GT mean forward step=2.937m/frame p90=3.555m/frame
[temporal_3frame] temporal split train=[0,1196) val=[1228,1456) route_length=4938.3m
[temporal_3frame] Route-A GT mean forward step=2.937m/frame p90=3.555m/frame
[temporal_2frame] temporal split train=[0,1196) val=[1228,1456) route_length=4938.3m
[temporal_2frame] Route-A GT mean forward step=2.937m/frame p90=3.555m/frame
[temporal_3frame] temporal epoch=001/60 loss=5.27904 center_teacher=1.000 acq_teacher=1.000 capture=92.47% bank_capture=92.47% acq_acc=100.00% acq_conf=0.607 radius=0.0m pred_step=1.230 target_step=2.937 pred_v=0.842 target_v=2.937 val_mle=3.782m val_p90=8.046m val_speed_mae=2.117 heading=-0.5/0.2deg val_progress_mae=1.107m val_heading_mae=7.1deg val_capture=75.00% val_bank=75.00% val_acq_acc=100.00% score=9.896 best=9.896 patience=0/10
[temporal_2frame] temporal epoch=001/60 loss=5.27859 center_teacher=1.000 acq_teacher=1.000 capture=92.47% bank_capture=92.47% acq_acc=100.00% acq_conf=0.606 radius=0.0m pred_step=1.227 target_step=2.937 pred_v=0.842 target_v=2.937 val_mle=3.793m val_p90=8.053m val_speed_mae=2.124 heading=-0.5/0.2deg val_progress_mae=1.110m val_heading_mae=7.2deg val_capture=75.00% val_bank=75.00% val_acq_acc=100.00% score=9.924 best=9.924 patience=0/10
[temporal_1frame] temporal epoch=001/60 loss=5.31510 center_teacher=1.000 acq_teacher=1.000 capture=92.47% bank_capture=92.47% acq_acc=100.00% acq_conf=0.607 radius=0.0m pred_step=1.232 target_step=2.937 pred_v=0.843 target_v=2.937 val_mle=3.813m val_p90=8.022m val_speed_mae=2.119 heading=-0.7/0.2deg val_progress_mae=1.168m val_heading_mae=7.3deg val_capture=75.00% val_bank=75.00% val_acq_acc=100.00% score=9.945 best=9.945 patience=0/10
[temporal_3frame] temporal epoch=002/60 loss=3.30395 center_teacher=1.000 acq_teacher=1.000 capture=92.47% bank_capture=92.47% acq_acc=100.00% acq_conf=0.606 radius=0.0m pred_step=3.187 target_step=2.937 pred_v=1.389 target_v=2.937 val_mle=3.931m val_p90=7.903m val_speed_mae=1.914 heading=-0.4/0.2deg val_progress_mae=1.358m val_heading_mae=6.7deg val_capture=75.00% val_bank=75.00% val_acq_acc=100.00% score=9.663 best=9.663 patience=0/10
[temporal_1frame] temporal epoch=002/60 loss=3.31010 center_teacher=1.000 acq_teacher=1.000 capture=92.47% bank_capture=92.47% acq_acc=100.00% acq_conf=0.606 radius=0.0m pred_step=3.184 target_step=2.937 pred_v=1.388 target_v=2.937 val_mle=3.942m val_p90=7.945m val_speed_mae=1.912 heading=-0.6/0.2deg val_progress_mae=1.358m val_heading_mae=6.7deg val_capture=75.00% val_bank=75.00% val_acq_acc=100.00% score=9.670 best=9.670 patience=0/10
[temporal_2frame] temporal epoch=002/60 loss=3.30537 center_teacher=1.000 acq_teacher=1.000 capture=92.47% bank_capture=92.47% acq_acc=100.00% acq_conf=0.606 radius=0.0m pred_step=3.166 target_step=2.937 pred_v=1.382 target_v=2.937 val_mle=3.945m val_p90=7.946m val_speed_mae=1.904 heading=-0.4/0.2deg val_progress_mae=1.359m val_heading_mae=6.7deg val_capture=75.00% val_bank=75.00% val_acq_acc=100.00% score=9.657 best=9.657 patience=0/10
[temporal_3frame] temporal epoch=003/60 loss=3.17785 center_teacher=1.000 acq_teacher=1.000 capture=92.47% bank_capture=92.47% acq_acc=100.00% acq_conf=0.606 radius=0.0m pred_step=3.178 target_step=2.937 pred_v=1.394 target_v=2.937 val_mle=4.116m val_p90=8.279m val_speed_mae=1.841 heading=0.2/0.2deg val_progress_mae=1.372m val_heading_mae=6.7deg val_capture=75.00% val_bank=75.00% val_acq_acc=100.00% score=9.703 best=9.663 patience=1/10
[temporal_1frame] temporal epoch=003/60 loss=3.17788 center_teacher=1.000 acq_teacher=1.000 capture=92.47% bank_capture=92.47% acq_acc=100.00% acq_conf=0.606 radius=0.0m pred_step=3.178 target_step=2.937 pred_v=1.392 target_v=2.937 val_mle=4.117m val_p90=8.280m val_speed_mae=1.844 heading=0.1/0.2deg val_progress_mae=1.373m val_heading_mae=6.7deg val_capture=75.00% val_bank=75.00% val_acq_acc=100.00% score=9.710 best=9.670 patience=1/10
[temporal_2frame] temporal epoch=003/60 loss=3.17670 center_teacher=1.000 acq_teacher=1.000 capture=92.47% bank_capture=92.47% acq_acc=100.00% acq_conf=0.606 radius=0.0m pred_step=3.186 target_step=2.937 pred_v=1.402 target_v=2.937 val_mle=4.116m val_p90=8.280m val_speed_mae=1.836 heading=0.2/0.2deg val_progress_mae=1.371m val_heading_mae=6.7deg val_capture=75.00% val_bank=75.00% val_acq_acc=100.00% score=9.693 best=9.657 patience=1/10
[temporal_3frame] temporal epoch=004/60 loss=3.14006 center_teacher=1.000 acq_teacher=1.000 capture=92.47% bank_capture=92.47% acq_acc=100.00% acq_conf=0.606 radius=0.0m pred_step=3.197 target_step=2.937 pred_v=1.457 target_v=2.937 val_mle=4.144m val_p90=8.408m val_speed_mae=1.797 heading=0.3/0.2deg val_progress_mae=1.372m val_heading_mae=6.7deg val_capture=75.00% val_bank=75.00% val_acq_acc=100.00% score=9.644 best=9.663 patience=2/10
[temporal_1frame] temporal epoch=004/60 loss=3.14241 center_teacher=1.000 acq_teacher=1.000 capture=92.47% bank_capture=92.47% acq_acc=100.00% acq_conf=0.606 radius=0.0m pred_step=3.198 target_step=2.937 pred_v=1.455 target_v=2.937 val_mle=4.124m val_p90=8.314m val_speed_mae=1.799 heading=0.3/0.2deg val_progress_mae=1.371m val_heading_mae=6.7deg val_capture=75.00% val_bank=75.00% val_acq_acc=100.00% score=9.629 best=9.670 patience=2/10
[temporal_2frame] temporal epoch=004/60 loss=3.14011 center_teacher=1.000 acq_teacher=1.000 capture=92.47% bank_capture=92.47% acq_acc=100.00% acq_conf=0.606 radius=0.0m pred_step=3.198 target_step=2.937 pred_v=1.462 target_v=2.937 val_mle=4.150m val_p90=8.424m val_speed_mae=1.792 heading=0.3/0.2deg val_progress_mae=1.372m val_heading_mae=6.7deg val_capture=75.00% val_bank=75.00% val_acq_acc=100.00% score=9.641 best=9.657 patience=2/10
[temporal_1frame] temporal epoch=005/60 loss=3.12369 center_teacher=1.000 acq_teacher=1.000 capture=92.47% bank_capture=92.47% acq_acc=100.00% acq_conf=0.606 radius=0.0m pred_step=3.182 target_step=2.937 pred_v=1.510 target_v=2.937 val_mle=3.963m val_p90=8.016m val_speed_mae=1.755 heading=0.3/0.2deg val_progress_mae=1.364m val_heading_mae=6.6deg val_capture=75.00% val_bank=75.00% val_acq_acc=100.00% score=9.377 best=9.377 patience=0/10
[temporal_3frame] temporal epoch=005/60 loss=3.12212 center_teacher=1.000 acq_teacher=1.000 capture=92.47% bank_capture=92.47% acq_acc=100.00% acq_conf=0.606 radius=0.0m pred_step=3.179 target_step=2.937 pred_v=1.513 target_v=2.937 val_mle=3.976m val_p90=8.041m val_speed_mae=1.752 heading=0.3/0.2deg val_progress_mae=1.364m val_heading_mae=6.6deg val_capture=75.00% val_bank=75.00% val_acq_acc=100.00% score=9.384 best=9.384 patience=0/10
[temporal_2frame] temporal epoch=005/60 loss=3.12290 center_teacher=1.000 acq_teacher=1.000 capture=92.47% bank_capture=92.47% acq_acc=100.00% acq_conf=0.606 radius=0.0m pred_step=3.180 target_step=2.937 pred_v=1.516 target_v=2.937 val_mle=3.959m val_p90=8.009m val_speed_mae=1.749 heading=0.2/0.2deg val_progress_mae=1.363m val_heading_mae=6.6deg val_capture=75.00% val_bank=75.00% val_acq_acc=100.00% score=9.361 best=9.361 patience=0/10
[temporal_1frame] temporal epoch=006/60 loss=3.12918 center_teacher=1.000 acq_teacher=1.000 capture=92.47% bank_capture=92.47% acq_acc=100.00% acq_conf=0.606 radius=0.0m pred_step=3.159 target_step=2.937 pred_v=1.558 target_v=2.937 val_mle=4.049m val_p90=8.168m val_speed_mae=1.713 heading=0.4/0.2deg val_progress_mae=1.368m val_heading_mae=6.6deg val_capture=75.00% val_bank=75.00% val_acq_acc=100.00% score=9.380 best=9.377 patience=1/10
[temporal_3frame] temporal epoch=006/60 loss=3.12875 center_teacher=1.000 acq_teacher=1.000 capture=92.47% bank_capture=92.47% acq_acc=100.00% acq_conf=0.606 radius=0.0m pred_step=3.154 target_step=2.937 pred_v=1.559 target_v=2.937 val_mle=4.052m val_p90=8.173m val_speed_mae=1.714 heading=0.4/0.2deg val_progress_mae=1.368m val_heading_mae=6.6deg val_capture=75.00% val_bank=75.00% val_acq_acc=100.00% score=9.385 best=9.384 patience=1/10
[temporal_2frame] temporal epoch=006/60 loss=3.12843 center_teacher=1.000 acq_teacher=1.000 capture=92.47% bank_capture=92.47% acq_acc=100.00% acq_conf=0.606 radius=0.0m pred_step=3.156 target_step=2.937 pred_v=1.562 target_v=2.937 val_mle=4.054m val_p90=8.175m val_speed_mae=1.709 heading=0.3/0.2deg val_progress_mae=1.368m val_heading_mae=6.6deg val_capture=75.00% val_bank=75.00% val_acq_acc=100.00% score=9.377 best=9.361 patience=1/10
[temporal_1frame] temporal epoch=007/60 loss=3.13373 center_teacher=1.000 acq_teacher=1.000 capture=92.47% bank_capture=92.47% acq_acc=100.00% acq_conf=0.606 radius=0.0m pred_step=3.118 target_step=2.937 pred_v=1.588 target_v=2.937 val_mle=4.139m val_p90=8.361m val_speed_mae=1.665 heading=0.4/0.2deg val_progress_mae=1.369m val_heading_mae=6.6deg val_capture=75.00% val_bank=75.00% val_acq_acc=100.00% score=9.373 best=9.377 patience=2/10
[temporal_3frame] temporal epoch=007/60 loss=3.12690 center_teacher=1.000 acq_teacher=1.000 capture=92.47% bank_capture=92.47% acq_acc=100.00% acq_conf=0.606 radius=0.0m pred_step=3.116 target_step=2.937 pred_v=1.591 target_v=2.937 val_mle=4.152m val_p90=8.432m val_speed_mae=1.669 heading=0.4/0.2deg val_progress_mae=1.371m val_heading_mae=6.6deg val_capture=75.00% val_bank=75.00% val_acq_acc=100.00% score=9.396 best=9.384 patience=2/10
[temporal_2frame] temporal epoch=007/60 loss=3.13424 center_teacher=1.000 acq_teacher=1.000 capture=92.47% bank_capture=92.47% acq_acc=100.00% acq_conf=0.606 radius=0.0m pred_step=3.115 target_step=2.937 pred_v=1.591 target_v=2.937 val_mle=4.131m val_p90=8.327m val_speed_mae=1.661 heading=0.4/0.2deg val_progress_mae=1.368m val_heading_mae=6.6deg val_capture=75.00% val_bank=75.00% val_acq_acc=100.00% score=9.358 best=9.361 patience=2/10
[temporal_1frame] temporal epoch=008/60 loss=3.10580 center_teacher=1.000 acq_teacher=1.000 capture=92.47% bank_capture=92.47% acq_acc=100.00% acq_conf=0.606 radius=0.0m pred_step=3.128 target_step=2.937 pred_v=1.645 target_v=2.937 val_mle=3.975m val_p90=8.046m val_speed_mae=1.629 heading=0.5/0.2deg val_progress_mae=1.358m val_heading_mae=6.7deg val_capture=75.00% val_bank=75.00% val_acq_acc=100.00% score=9.137 best=9.137 patience=0/10
[temporal_3frame] temporal epoch=008/60 loss=3.08933 center_teacher=1.000 acq_teacher=1.000 capture=92.47% bank_capture=92.47% acq_acc=100.00% acq_conf=0.606 radius=0.0m pred_step=3.111 target_step=2.937 pred_v=1.642 target_v=2.937 val_mle=4.040m val_p90=8.156m val_speed_mae=1.689 heading=0.5/0.2deg val_progress_mae=1.370m val_heading_mae=6.7deg val_capture=75.00% val_bank=75.00% val_acq_acc=100.00% score=9.324 best=9.324 patience=0/10
[temporal_2frame] temporal epoch=008/60 loss=3.10184 center_teacher=1.000 acq_teacher=1.000 capture=92.47% bank_capture=92.47% acq_acc=100.00% acq_conf=0.606 radius=0.0m pred_step=3.129 target_step=2.937 pred_v=1.650 target_v=2.937 val_mle=3.986m val_p90=8.066m val_speed_mae=1.625 heading=0.5/0.2deg val_progress_mae=1.358m val_heading_mae=6.7deg val_capture=75.00% val_bank=75.00% val_acq_acc=100.00% score=9.140 best=9.140 patience=0/10
[temporal_1frame] temporal epoch=009/60 loss=3.09290 center_teacher=1.000 acq_teacher=1.000 capture=92.47% bank_capture=92.47% acq_acc=100.00% acq_conf=0.606 radius=0.0m pred_step=3.130 target_step=2.937 pred_v=1.706 target_v=2.937 val_mle=4.109m val_p90=8.295m val_speed_mae=1.560 heading=0.5/0.2deg val_progress_mae=1.360m val_heading_mae=6.6deg val_capture=75.00% val_bank=75.00% val_acq_acc=100.00% score=9.133 best=9.137 patience=1/10
[temporal_3frame] temporal epoch=009/60 loss=3.04833 center_teacher=1.000 acq_teacher=1.000 capture=92.47% bank_capture=92.47% acq_acc=100.00% acq_conf=0.606 radius=0.0m pred_step=3.105 target_step=2.937 pred_v=1.699 target_v=2.937 val_mle=4.080m val_p90=8.337m val_speed_mae=1.573 heading=0.5/0.2deg val_progress_mae=1.323m val_heading_mae=6.6deg val_capture=75.00% val_bank=75.00% val_acq_acc=100.00% score=9.123 best=9.123 patience=0/10
[temporal_2frame] temporal epoch=009/60 loss=3.08313 center_teacher=1.000 acq_teacher=1.000 capture=92.47% bank_capture=92.47% acq_acc=100.00% acq_conf=0.606 radius=0.0m pred_step=3.131 target_step=2.937 pred_v=1.711 target_v=2.937 val_mle=4.102m val_p90=8.280m val_speed_mae=1.556 heading=0.5/0.2deg val_progress_mae=1.359m val_heading_mae=6.7deg val_capture=75.00% val_bank=75.00% val_acq_acc=100.00% score=9.118 best=9.140 patience=1/10
[temporal_1frame] temporal epoch=010/60 loss=3.05747 center_teacher=1.000 acq_teacher=1.000 capture=92.47% bank_capture=92.47% acq_acc=100.00% acq_conf=0.606 radius=0.0m pred_step=3.138 target_step=2.937 pred_v=1.777 target_v=2.937 val_mle=4.073m val_p90=8.228m val_speed_mae=1.501 heading=0.5/0.2deg val_progress_mae=1.348m val_heading_mae=6.6deg val_capture=75.00% val_bank=75.00% val_acq_acc=100.00% score=8.977 best=8.977 patience=0/10
[temporal_3frame] temporal epoch=010/60 loss=2.93407 center_teacher=1.000 acq_teacher=1.000 capture=92.47% bank_capture=92.47% acq_acc=100.00% acq_conf=0.606 radius=0.0m pred_step=3.068 target_step=2.937 pred_v=1.751 target_v=2.937 val_mle=3.936m val_p90=8.060m val_speed_mae=1.352 heading=0.4/0.2deg val_progress_mae=1.292m val_heading_mae=6.7deg val_capture=75.00% val_bank=75.00% val_acq_acc=100.00% score=8.534 best=8.534 patience=0/10
[temporal_2frame] temporal epoch=010/60 loss=3.05678 center_teacher=1.000 acq_teacher=1.000 capture=92.47% bank_capture=92.47% acq_acc=100.00% acq_conf=0.606 radius=0.0m pred_step=3.133 target_step=2.937 pred_v=1.778 target_v=2.937 val_mle=4.123m val_p90=8.316m val_speed_mae=1.508 heading=0.5/0.2deg val_progress_mae=1.355m val_heading_mae=6.6deg val_capture=75.00% val_bank=75.00% val_acq_acc=100.00% score=9.043 best=9.043 patience=0/10
[temporal_1frame] temporal epoch=011/60 loss=3.07598 center_teacher=1.000 acq_teacher=1.000 capture=92.47% bank_capture=92.47% acq_acc=100.00% acq_conf=0.606 radius=0.0m pred_step=3.127 target_step=2.937 pred_v=1.843 target_v=2.937 val_mle=4.008m val_p90=8.133m val_speed_mae=1.459 heading=0.5/0.2deg val_progress_mae=1.338m val_heading_mae=6.7deg val_capture=75.00% val_bank=75.00% val_acq_acc=100.00% score=8.826 best=8.826 patience=0/10
[temporal_3frame] temporal epoch=011/60 loss=2.81699 center_teacher=1.000 acq_teacher=1.000 capture=92.47% bank_capture=92.47% acq_acc=100.00% acq_conf=0.606 radius=0.0m pred_step=3.015 target_step=2.937 pred_v=1.835 target_v=2.937 val_mle=3.894m val_p90=8.039m val_speed_mae=1.176 heading=0.2/0.2deg val_progress_mae=1.261m val_heading_mae=6.8deg val_capture=75.00% val_bank=75.00% val_acq_acc=100.00% score=8.140 best=8.140 patience=0/10
[temporal_2frame] temporal epoch=011/60 loss=3.02057 center_teacher=1.000 acq_teacher=1.000 capture=92.47% bank_capture=92.47% acq_acc=100.00% acq_conf=0.606 radius=0.0m pred_step=3.121 target_step=2.937 pred_v=1.844 target_v=2.937 val_mle=4.048m val_p90=8.190m val_speed_mae=1.439 heading=0.5/0.2deg val_progress_mae=1.340m val_heading_mae=6.7deg val_capture=75.00% val_bank=75.00% val_acq_acc=100.00% score=8.827 best=8.827 patience=0/10
[temporal_1frame] temporal epoch=012/60 loss=3.07716 center_teacher=1.000 acq_teacher=1.000 capture=92.47% bank_capture=92.47% acq_acc=100.00% acq_conf=0.606 radius=0.0m pred_step=3.173 target_step=2.937 pred_v=1.941 target_v=2.937 val_mle=4.097m val_p90=8.279m val_speed_mae=1.368 heading=0.5/0.2deg val_progress_mae=1.342m val_heading_mae=6.6deg val_capture=75.00% val_bank=75.00% val_acq_acc=100.00% score=8.735 best=8.735 patience=0/10
[temporal_3frame] temporal epoch=012/60 loss=2.75943 center_teacher=1.000 acq_teacher=1.000 capture=92.47% bank_capture=92.47% acq_acc=100.00% acq_conf=0.607 radius=0.0m pred_step=2.987 target_step=2.937 pred_v=1.961 target_v=2.937 val_mle=3.898m val_p90=8.167m val_speed_mae=1.061 heading=-0.0/0.2deg val_progress_mae=1.217m val_heading_mae=7.1deg val_capture=75.00% val_bank=75.00% val_acq_acc=100.00% score=7.914 best=7.914 patience=0/10
[temporal_2frame] temporal epoch=012/60 loss=3.03726 center_teacher=1.000 acq_teacher=1.000 capture=92.47% bank_capture=92.47% acq_acc=100.00% acq_conf=0.606 radius=0.0m pred_step=3.069 target_step=2.937 pred_v=1.897 target_v=2.937 val_mle=4.044m val_p90=8.175m val_speed_mae=1.298 heading=0.5/0.2deg val_progress_mae=1.336m val_heading_mae=6.7deg val_capture=75.00% val_bank=75.00% val_acq_acc=100.00% score=8.541 best=8.541 patience=0/10
[temporal_1frame] temporal epoch=013/60 loss=3.03455 center_teacher=1.000 acq_teacher=1.000 capture=92.47% bank_capture=92.47% acq_acc=100.00% acq_conf=0.606 radius=0.0m pred_step=3.139 target_step=2.937 pred_v=2.018 target_v=2.937 val_mle=4.021m val_p90=8.159m val_speed_mae=1.295 heading=0.4/0.2deg val_progress_mae=1.334m val_heading_mae=6.7deg val_capture=75.00% val_bank=75.00% val_acq_acc=100.00% score=8.512 best=8.512 patience=0/10
[temporal_3frame] temporal epoch=013/60 loss=2.70204 center_teacher=1.000 acq_teacher=1.000 capture=92.47% bank_capture=92.47% acq_acc=100.00% acq_conf=0.606 radius=0.0m pred_step=2.989 target_step=2.937 pred_v=2.112 target_v=2.937 val_mle=3.977m val_p90=8.150m val_speed_mae=0.958 heading=-0.3/0.2deg val_progress_mae=1.264m val_heading_mae=7.0deg val_capture=75.00% val_bank=75.00% val_acq_acc=100.00% score=7.792 best=7.792 patience=0/10
[temporal_2frame] temporal epoch=013/60 loss=2.95304 center_teacher=1.000 acq_teacher=1.000 capture=92.47% bank_capture=92.47% acq_acc=100.00% acq_conf=0.606 radius=0.0m pred_step=3.087 target_step=2.937 pred_v=2.003 target_v=2.937 val_mle=4.151m val_p90=8.435m val_speed_mae=1.203 heading=0.4/0.2deg val_progress_mae=1.328m val_heading_mae=6.7deg val_capture=75.00% val_bank=75.00% val_acq_acc=100.00% score=8.458 best=8.458 patience=0/10
[temporal_1frame] temporal epoch=014/60 loss=3.02973 center_teacher=1.000 acq_teacher=1.000 capture=92.47% bank_capture=92.47% acq_acc=100.00% acq_conf=0.606 radius=0.0m pred_step=3.145 target_step=2.937 pred_v=2.116 target_v=2.937 val_mle=4.155m val_p90=8.460m val_speed_mae=1.215 heading=0.4/0.2deg val_progress_mae=1.326m val_heading_mae=6.6deg val_capture=75.00% val_bank=75.00% val_acq_acc=100.00% score=8.484 best=8.512 patience=1/10
[temporal_3frame] temporal epoch=014/60 loss=2.61172 center_teacher=1.000 acq_teacher=1.000 capture=92.39% bank_capture=92.39% acq_acc=100.00% acq_conf=0.606 radius=0.0m pred_step=2.959 target_step=2.937 pred_v=2.255 target_v=2.937 val_mle=3.911m val_p90=8.025m val_speed_mae=0.846 heading=0.0/0.2deg val_progress_mae=1.252m val_heading_mae=6.8deg val_capture=75.00% val_bank=75.00% val_acq_acc=100.00% score=7.494 best=7.494 patience=0/10
[temporal_2frame] temporal epoch=014/60 loss=2.88996 center_teacher=1.000 acq_teacher=1.000 capture=92.47% bank_capture=92.47% acq_acc=100.00% acq_conf=0.606 radius=0.0m pred_step=2.986 target_step=2.937 pred_v=2.036 target_v=2.937 val_mle=4.009m val_p90=8.084m val_speed_mae=1.059 heading=0.4/0.2deg val_progress_mae=1.299m val_heading_mae=6.8deg val_capture=75.00% val_bank=75.00% val_acq_acc=100.00% score=8.026 best=8.026 patience=0/10
[temporal_1frame] temporal epoch=015/60 loss=2.99555 center_teacher=1.000 acq_teacher=1.000 capture=92.47% bank_capture=92.47% acq_acc=100.00% acq_conf=0.606 radius=0.0m pred_step=3.141 target_step=2.937 pred_v=2.224 target_v=2.937 val_mle=3.931m val_p90=8.033m val_speed_mae=1.137 heading=0.4/0.2deg val_progress_mae=1.266m val_heading_mae=6.7deg val_capture=75.00% val_bank=75.00% val_acq_acc=100.00% score=8.094 best=8.094 patience=0/10
[temporal_3frame] temporal epoch=015/60 loss=2.55364 center_teacher=1.000 acq_teacher=1.000 capture=92.39% bank_capture=92.39% acq_acc=100.00% acq_conf=0.606 radius=0.0m pred_step=2.920 target_step=2.937 pred_v=2.441 target_v=2.937 val_mle=4.022m val_p90=8.285m val_speed_mae=0.655 heading=0.0/0.2deg val_progress_mae=1.280m val_heading_mae=7.0deg val_capture=75.00% val_bank=75.00% val_acq_acc=100.00% score=7.233 best=7.233 patience=0/10
[temporal_2frame] temporal epoch=015/60 loss=2.85701 center_teacher=1.000 acq_teacher=1.000 capture=92.47% bank_capture=92.47% acq_acc=100.00% acq_conf=0.606 radius=0.0m pred_step=3.010 target_step=2.937 pred_v=2.210 target_v=2.937 val_mle=4.017m val_p90=8.148m val_speed_mae=1.040 heading=0.2/0.2deg val_progress_mae=1.290m val_heading_mae=6.8deg val_capture=75.00% val_bank=75.00% val_acq_acc=100.00% score=7.995 best=8.026 patience=1/10
[temporal_1frame] temporal epoch=016/60 loss=2.99802 center_teacher=1.000 acq_teacher=1.000 capture=92.47% bank_capture=92.47% acq_acc=100.00% acq_conf=0.606 radius=0.0m pred_step=3.132 target_step=2.937 pred_v=2.324 target_v=2.937 val_mle=4.081m val_p90=8.284m val_speed_mae=1.052 heading=0.5/0.2deg val_progress_mae=1.305m val_heading_mae=6.7deg val_capture=75.00% val_bank=75.00% val_acq_acc=100.00% score=8.079 best=8.094 patience=1/10
[temporal_3frame] temporal epoch=016/60 loss=2.49967 center_teacher=1.000 acq_teacher=1.000 capture=92.39% bank_capture=92.39% acq_acc=100.00% acq_conf=0.606 radius=0.0m pred_step=2.901 target_step=2.937 pred_v=2.590 target_v=2.937 val_mle=3.928m val_p90=8.033m val_speed_mae=0.522 heading=0.1/0.2deg val_progress_mae=1.268m val_heading_mae=7.2deg val_capture=75.00% val_bank=75.00% val_acq_acc=100.00% score=6.878 best=6.878 patience=0/10
[temporal_2frame] temporal epoch=016/60 loss=2.80351 center_teacher=1.000 acq_teacher=1.000 capture=92.47% bank_capture=92.47% acq_acc=100.00% acq_conf=0.606 radius=0.0m pred_step=2.951 target_step=2.937 pred_v=2.270 target_v=2.937 val_mle=4.022m val_p90=8.134m val_speed_mae=0.892 heading=0.2/0.2deg val_progress_mae=1.279m val_heading_mae=6.8deg val_capture=75.00% val_bank=75.00% val_acq_acc=100.00% score=7.702 best=7.702 patience=0/10
[temporal_1frame] temporal epoch=017/60 loss=2.99449 center_teacher=1.000 acq_teacher=1.000 capture=92.47% bank_capture=92.47% acq_acc=100.00% acq_conf=0.606 radius=0.0m pred_step=3.136 target_step=2.937 pred_v=2.436 target_v=2.937 val_mle=4.062m val_p90=8.251m val_speed_mae=0.974 heading=0.5/0.2deg val_progress_mae=1.301m val_heading_mae=6.7deg val_capture=75.00% val_bank=75.00% val_acq_acc=100.00% score=7.905 best=7.905 patience=0/10
[temporal_3frame] temporal epoch=017/60 loss=2.52832 center_teacher=1.000 acq_teacher=1.000 capture=92.31% bank_capture=92.31% acq_acc=100.00% acq_conf=0.607 radius=0.0m pred_step=2.916 target_step=2.937 pred_v=2.741 target_v=2.937 val_mle=4.123m val_p90=8.360m val_speed_mae=0.481 heading=-0.2/0.2deg val_progress_mae=1.297m val_heading_mae=7.4deg val_capture=75.00% val_bank=75.00% val_acq_acc=100.00% score=7.002 best=6.878 patience=1/10
[temporal_2frame] temporal epoch=017/60 loss=2.77469 center_teacher=1.000 acq_teacher=1.000 capture=92.47% bank_capture=92.47% acq_acc=100.00% acq_conf=0.606 radius=0.0m pred_step=2.983 target_step=2.937 pred_v=2.420 target_v=2.937 val_mle=3.917m val_p90=7.998m val_speed_mae=0.949 heading=0.1/0.2deg val_progress_mae=1.216m val_heading_mae=6.8deg val_capture=75.00% val_bank=75.00% val_acq_acc=100.00% score=7.702 best=7.702 patience=1/10
[temporal_1frame] temporal epoch=018/60 loss=2.97993 center_teacher=1.000 acq_teacher=1.000 capture=92.47% bank_capture=92.47% acq_acc=100.00% acq_conf=0.606 radius=0.0m pred_step=3.131 target_step=2.937 pred_v=2.529 target_v=2.937 val_mle=4.144m val_p90=8.447m val_speed_mae=0.909 heading=0.5/0.2deg val_progress_mae=1.304m val_heading_mae=6.6deg val_capture=75.00% val_bank=75.00% val_acq_acc=100.00% score=7.857 best=7.905 patience=1/10
[temporal_3frame] temporal epoch=018/60 loss=2.50914 center_teacher=1.000 acq_teacher=1.000 capture=92.39% bank_capture=92.39% acq_acc=100.00% acq_conf=0.606 radius=0.0m pred_step=2.868 target_step=2.937 pred_v=2.723 target_v=2.937 val_mle=4.266m val_p90=8.728m val_speed_mae=0.504 heading=0.2/0.2deg val_progress_mae=1.062m val_heading_mae=7.5deg val_capture=75.00% val_bank=75.00% val_acq_acc=100.00% score=7.158 best=6.878 patience=2/10
[temporal_2frame] temporal epoch=018/60 loss=2.72790 center_teacher=1.000 acq_teacher=1.000 capture=92.47% bank_capture=92.47% acq_acc=100.00% acq_conf=0.606 radius=0.0m pred_step=2.980 target_step=2.937 pred_v=2.501 target_v=2.937 val_mle=3.889m val_p90=7.902m val_speed_mae=0.836 heading=-0.0/0.2deg val_progress_mae=1.224m val_heading_mae=6.9deg val_capture=75.00% val_bank=75.00% val_acq_acc=100.00% score=7.452 best=7.452 patience=0/10
[temporal_1frame] temporal epoch=019/60 loss=2.98485 center_teacher=1.000 acq_teacher=1.000 capture=92.47% bank_capture=92.47% acq_acc=100.00% acq_conf=0.606 radius=0.0m pred_step=3.116 target_step=2.937 pred_v=2.605 target_v=2.937 val_mle=4.048m val_p90=8.233m val_speed_mae=0.861 heading=0.5/0.2deg val_progress_mae=1.295m val_heading_mae=6.7deg val_capture=75.00% val_bank=75.00% val_acq_acc=100.00% score=7.666 best=7.666 patience=0/10
[temporal_3frame] temporal epoch=019/60 loss=2.47724 center_teacher=1.000 acq_teacher=1.000 capture=92.31% bank_capture=92.31% acq_acc=100.00% acq_conf=0.606 radius=0.0m pred_step=2.909 target_step=2.937 pred_v=2.803 target_v=2.937 val_mle=4.277m val_p90=8.750m val_speed_mae=0.491 heading=0.2/0.2deg val_progress_mae=1.233m val_heading_mae=6.8deg val_capture=75.00% val_bank=75.00% val_acq_acc=100.00% score=7.147 best=6.878 patience=3/10
[temporal_2frame] temporal epoch=019/60 loss=2.67617 center_teacher=1.000 acq_teacher=1.000 capture=92.47% bank_capture=92.47% acq_acc=100.00% acq_conf=0.606 radius=0.0m pred_step=2.946 target_step=2.937 pred_v=2.574 target_v=2.937 val_mle=3.952m val_p90=8.114m val_speed_mae=0.746 heading=0.1/0.2deg val_progress_mae=1.219m val_heading_mae=6.9deg val_capture=75.00% val_bank=75.00% val_acq_acc=100.00% score=7.333 best=7.333 patience=0/10
[temporal_3frame] temporal epoch=020/60 loss=2.44258 center_teacher=1.000 acq_teacher=1.000 capture=92.31% bank_capture=92.31% acq_acc=100.00% acq_conf=0.606 radius=0.0m pred_step=2.906 target_step=2.937 pred_v=2.817 target_v=2.937 val_mle=4.476m val_p90=8.862m val_speed_mae=0.485 heading=0.8/0.2deg val_progress_mae=1.223m val_heading_mae=6.9deg val_capture=75.00% val_bank=75.00% val_acq_acc=100.00% score=7.337 best=6.878 patience=4/10
[temporal_1frame] temporal epoch=020/60 loss=2.96992 center_teacher=1.000 acq_teacher=1.000 capture=92.47% bank_capture=92.47% acq_acc=100.00% acq_conf=0.606 radius=0.0m pred_step=3.128 target_step=2.937 pred_v=2.684 target_v=2.937 val_mle=4.168m val_p90=8.492m val_speed_mae=0.815 heading=0.5/0.2deg val_progress_mae=1.298m val_heading_mae=6.7deg val_capture=75.00% val_bank=75.00% val_acq_acc=100.00% score=7.693 best=7.666 patience=1/10
[temporal_2frame] temporal epoch=020/60 loss=2.61183 center_teacher=1.000 acq_teacher=1.000 capture=92.47% bank_capture=92.47% acq_acc=100.00% acq_conf=0.607 radius=0.0m pred_step=2.933 target_step=2.937 pred_v=2.685 target_v=2.937 val_mle=3.890m val_p90=8.006m val_speed_mae=0.729 heading=0.0/0.2deg val_progress_mae=1.193m val_heading_mae=6.8deg val_capture=75.00% val_bank=75.00% val_acq_acc=100.00% score=7.233 best=7.233 patience=0/10
[temporal_3frame] temporal epoch=021/60 loss=2.47077 center_teacher=1.000 acq_teacher=1.000 capture=92.31% bank_capture=92.31% acq_acc=100.00% acq_conf=0.605 radius=0.0m pred_step=2.833 target_step=2.937 pred_v=2.736 target_v=2.937 val_mle=4.314m val_p90=8.698m val_speed_mae=0.506 heading=0.4/0.2deg val_progress_mae=1.104m val_heading_mae=7.0deg val_capture=75.00% val_bank=75.00% val_acq_acc=100.00% score=7.201 best=6.878 patience=5/10
[temporal_1frame] temporal epoch=021/60 loss=2.96216 center_teacher=1.000 acq_teacher=1.000 capture=92.47% bank_capture=92.47% acq_acc=100.00% acq_conf=0.606 radius=0.0m pred_step=3.118 target_step=2.937 pred_v=2.734 target_v=2.937 val_mle=3.819m val_p90=7.852m val_speed_mae=0.783 heading=0.5/0.2deg val_progress_mae=1.231m val_heading_mae=6.7deg val_capture=75.00% val_bank=75.00% val_acq_acc=100.00% score=7.271 best=7.271 patience=0/10
[temporal_2frame] temporal epoch=021/60 loss=2.61619 center_teacher=1.000 acq_teacher=1.000 capture=92.39% bank_capture=92.39% acq_acc=100.00% acq_conf=0.607 radius=0.0m pred_step=2.973 target_step=2.937 pred_v=2.831 target_v=2.937 val_mle=4.000m val_p90=8.175m val_speed_mae=0.559 heading=-0.1/0.2deg val_progress_mae=1.231m val_heading_mae=7.0deg val_capture=75.00% val_bank=75.00% val_acq_acc=100.00% score=7.013 best=7.013 patience=0/10
[temporal_3frame] temporal epoch=022/60 loss=2.41194 center_teacher=1.000 acq_teacher=1.000 capture=92.39% bank_capture=92.39% acq_acc=100.00% acq_conf=0.606 radius=0.0m pred_step=2.923 target_step=2.937 pred_v=2.835 target_v=2.937 val_mle=4.815m val_p90=8.966m val_speed_mae=0.502 heading=0.3/0.2deg val_progress_mae=1.095m val_heading_mae=6.9deg val_capture=75.00% val_bank=75.00% val_acq_acc=100.00% score=7.692 best=6.878 patience=6/10
[temporal_1frame] temporal epoch=022/60 loss=2.95402 center_teacher=1.000 acq_teacher=1.000 capture=92.47% bank_capture=92.47% acq_acc=100.00% acq_conf=0.606 radius=0.0m pred_step=3.104 target_step=2.937 pred_v=2.771 target_v=2.937 val_mle=4.101m val_p90=8.343m val_speed_mae=0.732 heading=0.4/0.2deg val_progress_mae=1.253m val_heading_mae=6.8deg val_capture=75.00% val_bank=75.00% val_acq_acc=100.00% score=7.457 best=7.271 patience=1/10
[temporal_2frame] temporal epoch=022/60 loss=2.64714 center_teacher=1.000 acq_teacher=1.000 capture=92.39% bank_capture=92.39% acq_acc=100.00% acq_conf=0.606 radius=0.0m pred_step=2.921 target_step=2.937 pred_v=2.795 target_v=2.937 val_mle=4.029m val_p90=8.327m val_speed_mae=0.711 heading=-0.1/0.2deg val_progress_mae=1.131m val_heading_mae=7.1deg val_capture=75.00% val_bank=75.00% val_acq_acc=100.00% score=7.334 best=7.013 patience=1/10
[temporal_3frame] temporal epoch=023/60 loss=2.37097 center_teacher=1.000 acq_teacher=1.000 capture=92.39% bank_capture=92.39% acq_acc=100.00% acq_conf=0.606 radius=0.0m pred_step=2.869 target_step=2.937 pred_v=2.815 target_v=2.937 val_mle=4.799m val_p90=8.995m val_speed_mae=0.494 heading=0.2/0.2deg val_progress_mae=1.140m val_heading_mae=7.0deg val_capture=75.00% val_bank=75.00% val_acq_acc=100.00% score=7.667 best=6.878 patience=7/10
[temporal_1frame] temporal epoch=023/60 loss=2.92737 center_teacher=1.000 acq_teacher=1.000 capture=92.47% bank_capture=92.47% acq_acc=100.00% acq_conf=0.606 radius=0.0m pred_step=3.091 target_step=2.937 pred_v=2.807 target_v=2.937 val_mle=3.861m val_p90=7.925m val_speed_mae=0.694 heading=0.3/0.2deg val_progress_mae=1.220m val_heading_mae=6.8deg val_capture=75.00% val_bank=75.00% val_acq_acc=100.00% score=7.134 best=7.134 patience=0/10
[temporal_2frame] temporal epoch=023/60 loss=2.59236 center_teacher=1.000 acq_teacher=1.000 capture=92.39% bank_capture=92.39% acq_acc=100.00% acq_conf=0.606 radius=0.0m pred_step=2.957 target_step=2.937 pred_v=2.856 target_v=2.937 val_mle=3.819m val_p90=7.880m val_speed_mae=0.570 heading=-0.3/0.2deg val_progress_mae=1.158m val_heading_mae=7.1deg val_capture=75.00% val_bank=75.00% val_acq_acc=100.00% score=6.846 best=6.846 patience=0/10
[temporal_3frame] temporal epoch=024/60 loss=2.34930 center_teacher=1.000 acq_teacher=1.000 capture=92.39% bank_capture=92.39% acq_acc=100.00% acq_conf=0.606 radius=0.0m pred_step=2.888 target_step=2.937 pred_v=2.821 target_v=2.937 val_mle=4.697m val_p90=8.918m val_speed_mae=0.494 heading=0.0/0.2deg val_progress_mae=1.093m val_heading_mae=7.1deg val_capture=75.00% val_bank=75.00% val_acq_acc=100.00% score=7.563 best=6.878 patience=8/10
[temporal_1frame] temporal epoch=024/60 loss=2.92633 center_teacher=1.000 acq_teacher=1.000 capture=92.47% bank_capture=92.47% acq_acc=100.00% acq_conf=0.606 radius=0.0m pred_step=3.096 target_step=2.937 pred_v=2.853 target_v=2.937 val_mle=3.938m val_p90=8.032m val_speed_mae=0.665 heading=0.3/0.2deg val_progress_mae=1.237m val_heading_mae=7.0deg val_capture=75.00% val_bank=75.00% val_acq_acc=100.00% score=7.164 best=7.134 patience=1/10
[temporal_2frame] temporal epoch=024/60 loss=2.61708 center_teacher=1.000 acq_teacher=1.000 capture=92.39% bank_capture=92.39% acq_acc=100.00% acq_conf=0.606 radius=0.0m pred_step=2.955 target_step=2.937 pred_v=2.878 target_v=2.937 val_mle=3.917m val_p90=8.122m val_speed_mae=0.680 heading=-0.0/0.2deg val_progress_mae=1.181m val_heading_mae=6.9deg val_capture=75.00% val_bank=75.00% val_acq_acc=100.00% score=7.160 best=6.846 patience=1/10
[temporal_3frame] temporal epoch=025/60 loss=2.41232 center_teacher=1.000 acq_teacher=1.000 capture=92.39% bank_capture=92.39% acq_acc=100.00% acq_conf=0.606 radius=0.0m pred_step=2.876 target_step=2.937 pred_v=2.799 target_v=2.937 val_mle=4.609m val_p90=8.708m val_speed_mae=0.537 heading=-0.2/0.2deg val_progress_mae=1.040m val_heading_mae=7.2deg val_capture=75.00% val_bank=75.00% val_acq_acc=100.00% score=7.554 best=6.878 patience=9/10
[temporal_1frame] temporal epoch=025/60 loss=2.90207 center_teacher=1.000 acq_teacher=1.000 capture=92.47% bank_capture=92.47% acq_acc=100.00% acq_conf=0.606 radius=0.0m pred_step=3.063 target_step=2.937 pred_v=2.881 target_v=2.937 val_mle=3.965m val_p90=8.090m val_speed_mae=0.654 heading=0.2/0.2deg val_progress_mae=1.221m val_heading_mae=7.2deg val_capture=75.00% val_bank=75.00% val_acq_acc=100.00% score=7.172 best=7.134 patience=2/10
[temporal_2frame] temporal epoch=025/60 loss=2.56354 center_teacher=1.000 acq_teacher=1.000 capture=92.39% bank_capture=92.39% acq_acc=100.00% acq_conf=0.606 radius=0.0m pred_step=2.894 target_step=2.937 pred_v=2.809 target_v=2.937 val_mle=3.846m val_p90=8.049m val_speed_mae=0.665 heading=0.2/0.2deg val_progress_mae=1.075m val_heading_mae=7.0deg val_capture=75.00% val_bank=75.00% val_acq_acc=100.00% score=7.049 best=6.846 patience=2/10
[temporal_3frame] temporal epoch=026/60 loss=2.32640 center_teacher=1.000 acq_teacher=1.000 capture=92.39% bank_capture=92.39% acq_acc=100.00% acq_conf=0.607 radius=0.0m pred_step=2.896 target_step=2.937 pred_v=2.827 target_v=2.937 val_mle=4.608m val_p90=8.887m val_speed_mae=0.514 heading=0.0/0.2deg val_progress_mae=1.137m val_heading_mae=6.9deg val_capture=75.00% val_bank=75.00% val_acq_acc=100.00% score=7.513 best=6.878 patience=10/10
[temporal_3frame] EARLY STOP: controlled local-prior validation score did not improve by 0.050 for 10 epochs.
[temporal_3frame] best controlled-validation score=6.878
[temporal_3frame] route_B: reuse UAV backbone cache
[temporal_1frame] temporal epoch=026/60 loss=2.92251 center_teacher=1.000 acq_teacher=1.000 capture=92.39% bank_capture=92.39% acq_acc=100.00% acq_conf=0.606 radius=0.0m pred_step=3.074 target_step=2.937 pred_v=2.897 target_v=2.937 val_mle=4.061m val_p90=8.204m val_speed_mae=0.662 heading=0.1/0.2deg val_progress_mae=1.277m val_heading_mae=7.1deg val_capture=75.00% val_bank=75.00% val_acq_acc=100.00% score=7.290 best=7.134 patience=3/10
[temporal_2frame] temporal epoch=026/60 loss=2.55769 center_teacher=1.000 acq_teacher=1.000 capture=92.39% bank_capture=92.39% acq_acc=100.00% acq_conf=0.606 radius=0.0m pred_step=2.912 target_step=2.937 pred_v=2.857 target_v=2.937 val_mle=3.884m val_p90=8.156m val_speed_mae=0.719 heading=0.1/0.2deg val_progress_mae=1.036m val_heading_mae=7.2deg val_capture=75.00% val_bank=75.00% val_acq_acc=100.00% score=7.193 best=6.846 patience=3/10
[temporal_1frame] temporal epoch=027/60 loss=2.88235 center_teacher=1.000 acq_teacher=1.000 capture=92.39% bank_capture=92.39% acq_acc=100.00% acq_conf=0.606 radius=0.0m pred_step=3.058 target_step=2.937 pred_v=2.929 target_v=2.937 val_mle=4.034m val_p90=8.174m val_speed_mae=0.613 heading=-0.1/0.2deg val_progress_mae=1.244m val_heading_mae=7.0deg val_capture=75.00% val_bank=75.00% val_acq_acc=100.00% score=7.158 best=7.134 patience=4/10
[temporal_3frame] route_B final MLE=2.071m P90=3.762m LSR@15=100.00% selected_capture=89.54% bank_capture=89.54% acq_acc=100.00% speed_mae=0.652m/frame progress_mae=4.324m heading_mae=12.1deg jump_rate=0.00% max_step=8.83m final_leg=14 gt_leg=14
[temporal_3frame] route_C: reuse UAV backbone cache
[temporal_2frame] temporal epoch=027/60 loss=2.56430 center_teacher=1.000 acq_teacher=1.000 capture=92.39% bank_capture=92.39% acq_acc=100.00% acq_conf=0.606 radius=0.0m pred_step=2.939 target_step=2.937 pred_v=2.915 target_v=2.937 val_mle=3.745m val_p90=7.790m val_speed_mae=0.544 heading=-0.2/0.2deg val_progress_mae=1.157m val_heading_mae=7.3deg val_capture=75.00% val_bank=75.00% val_acq_acc=100.00% score=6.724 best=6.724 patience=0/10
[temporal_3frame] route_C final MLE=1.737m P90=3.625m LSR@15=100.00% selected_capture=91.73% bank_capture=91.73% acq_acc=100.00% speed_mae=1.160m/frame progress_mae=7.946m heading_mae=35.9deg jump_rate=0.00% max_step=8.85m final_leg=10 gt_leg=10
[temporal_3frame] summary: /yh/study/uav-sat/v39_DirectFinalMS/softms18_0913_all_20260919_190850/main_ablation/temporal_3frame/robust_tracker_summary.json
[DONE][temporal_3frame]
[temporal_1frame] temporal epoch=028/60 loss=2.84951 center_teacher=1.000 acq_teacher=1.000 capture=92.47% bank_capture=92.47% acq_acc=100.00% acq_conf=0.606 radius=0.0m pred_step=3.060 target_step=2.937 pred_v=2.866 target_v=2.937 val_mle=3.951m val_p90=8.027m val_speed_mae=0.616 heading=0.1/0.2deg val_progress_mae=1.271m val_heading_mae=6.9deg val_capture=75.00% val_bank=75.00% val_acq_acc=100.00% score=7.079 best=7.079 patience=0/10
[temporal_2frame] temporal epoch=028/60 loss=2.52776 center_teacher=1.000 acq_teacher=1.000 capture=92.39% bank_capture=92.39% acq_acc=100.00% acq_conf=0.606 radius=0.0m pred_step=2.880 target_step=2.937 pred_v=2.849 target_v=2.937 val_mle=3.820m val_p90=8.125m val_speed_mae=0.629 heading=0.2/0.2deg val_progress_mae=1.108m val_heading_mae=7.1deg val_capture=75.00% val_bank=75.00% val_acq_acc=100.00% score=6.955 best=6.724 patience=1/10
[temporal_1frame] temporal epoch=029/60 loss=2.81297 center_teacher=1.000 acq_teacher=1.000 capture=92.47% bank_capture=92.47% acq_acc=100.00% acq_conf=0.606 radius=0.0m pred_step=3.023 target_step=2.937 pred_v=2.890 target_v=2.937 val_mle=4.039m val_p90=8.147m val_speed_mae=0.646 heading=0.0/0.2deg val_progress_mae=1.277m val_heading_mae=7.0deg val_capture=75.00% val_bank=75.00% val_acq_acc=100.00% score=7.233 best=7.079 patience=1/10
[temporal_2frame] temporal epoch=029/60 loss=2.50351 center_teacher=1.000 acq_teacher=1.000 capture=92.39% bank_capture=92.39% acq_acc=100.00% acq_conf=0.607 radius=0.0m pred_step=2.924 target_step=2.937 pred_v=2.869 target_v=2.937 val_mle=3.869m val_p90=8.248m val_speed_mae=0.758 heading=0.2/0.2deg val_progress_mae=1.061m val_heading_mae=7.2deg val_capture=75.00% val_bank=75.00% val_acq_acc=100.00% score=7.258 best=6.724 patience=2/10
[temporal_1frame] temporal epoch=030/60 loss=2.79235 center_teacher=1.000 acq_teacher=1.000 capture=92.47% bank_capture=92.47% acq_acc=100.00% acq_conf=0.606 radius=0.0m pred_step=3.007 target_step=2.937 pred_v=2.924 target_v=2.937 val_mle=4.100m val_p90=8.346m val_speed_mae=0.709 heading=0.2/0.2deg val_progress_mae=1.260m val_heading_mae=7.3deg val_capture=75.00% val_bank=75.00% val_acq_acc=100.00% score=7.425 best=7.079 patience=2/10
[temporal_2frame] temporal epoch=030/60 loss=2.51861 center_teacher=1.000 acq_teacher=1.000 capture=92.39% bank_capture=92.39% acq_acc=100.00% acq_conf=0.607 radius=0.0m pred_step=2.906 target_step=2.937 pred_v=2.893 target_v=2.937 val_mle=4.092m val_p90=8.366m val_speed_mae=0.571 heading=0.1/0.2deg val_progress_mae=1.196m val_heading_mae=7.1deg val_capture=75.00% val_bank=75.00% val_acq_acc=100.00% score=7.125 best=6.724 patience=3/10
[temporal_1frame] temporal epoch=031/60 loss=2.80099 center_teacher=1.000 acq_teacher=1.000 capture=92.47% bank_capture=92.47% acq_acc=100.00% acq_conf=0.606 radius=0.0m pred_step=3.016 target_step=2.937 pred_v=2.915 target_v=2.937 val_mle=3.904m val_p90=8.125m val_speed_mae=0.616 heading=0.4/0.2deg val_progress_mae=1.179m val_heading_mae=7.2deg val_capture=75.00% val_bank=75.00% val_acq_acc=100.00% score=7.029 best=7.079 patience=3/10
[temporal_2frame] temporal epoch=031/60 loss=2.49101 center_teacher=1.000 acq_teacher=1.000 capture=92.39% bank_capture=92.39% acq_acc=100.00% acq_conf=0.605 radius=0.0m pred_step=2.873 target_step=2.937 pred_v=2.824 target_v=2.937 val_mle=4.257m val_p90=8.713m val_speed_mae=0.662 heading=0.5/0.2deg val_progress_mae=1.232m val_heading_mae=7.3deg val_capture=75.00% val_bank=75.00% val_acq_acc=100.00% score=7.484 best=6.724 patience=4/10
[temporal_1frame] temporal epoch=032/60 loss=2.87496 center_teacher=1.000 acq_teacher=1.000 capture=92.39% bank_capture=92.39% acq_acc=100.00% acq_conf=0.607 radius=0.0m pred_step=3.061 target_step=2.937 pred_v=3.005 target_v=2.937 val_mle=4.084m val_p90=8.268m val_speed_mae=0.540 heading=0.0/0.2deg val_progress_mae=1.274m val_heading_mae=6.8deg val_capture=75.00% val_bank=75.00% val_acq_acc=100.00% score=7.062 best=7.079 patience=4/10
[temporal_2frame] temporal epoch=032/60 loss=2.49103 center_teacher=1.000 acq_teacher=1.000 capture=92.39% bank_capture=92.39% acq_acc=100.00% acq_conf=0.606 radius=0.0m pred_step=2.884 target_step=2.937 pred_v=2.838 target_v=2.937 val_mle=4.033m val_p90=8.521m val_speed_mae=0.669 heading=0.1/0.2deg val_progress_mae=1.100m val_heading_mae=7.3deg val_capture=75.00% val_bank=75.00% val_acq_acc=100.00% score=7.255 best=6.724 patience=5/10
[temporal_1frame] temporal epoch=033/60 loss=2.75224 center_teacher=1.000 acq_teacher=1.000 capture=92.47% bank_capture=92.47% acq_acc=100.00% acq_conf=0.606 radius=0.0m pred_step=2.951 target_step=2.937 pred_v=2.881 target_v=2.937 val_mle=3.903m val_p90=7.983m val_speed_mae=0.575 heading=0.4/0.2deg val_progress_mae=1.252m val_heading_mae=6.8deg val_capture=75.00% val_bank=75.00% val_acq_acc=100.00% score=6.946 best=6.946 patience=0/10
[temporal_2frame] temporal epoch=033/60 loss=2.44337 center_teacher=1.000 acq_teacher=1.000 capture=92.39% bank_capture=92.39% acq_acc=100.00% acq_conf=0.606 radius=0.0m pred_step=2.901 target_step=2.937 pred_v=2.848 target_v=2.937 val_mle=4.209m val_p90=8.678m val_speed_mae=0.660 heading=0.4/0.2deg val_progress_mae=1.159m val_heading_mae=7.1deg val_capture=75.00% val_bank=75.00% val_acq_acc=100.00% score=7.416 best=6.724 patience=6/10
[temporal_1frame] temporal epoch=034/60 loss=2.72260 center_teacher=1.000 acq_teacher=1.000 capture=92.39% bank_capture=92.39% acq_acc=100.00% acq_conf=0.606 radius=0.0m pred_step=2.942 target_step=2.937 pred_v=2.901 target_v=2.937 val_mle=4.163m val_p90=8.406m val_speed_mae=0.578 heading=0.7/0.2deg val_progress_mae=1.245m val_heading_mae=6.7deg val_capture=75.00% val_bank=75.00% val_acq_acc=100.00% score=7.206 best=6.946 patience=1/10
[temporal_2frame] temporal epoch=034/60 loss=2.40824 center_teacher=1.000 acq_teacher=1.000 capture=92.39% bank_capture=92.39% acq_acc=100.00% acq_conf=0.606 radius=0.0m pred_step=2.872 target_step=2.937 pred_v=2.855 target_v=2.937 val_mle=4.348m val_p90=8.755m val_speed_mae=0.582 heading=0.4/0.2deg val_progress_mae=1.182m val_heading_mae=7.2deg val_capture=75.00% val_bank=75.00% val_acq_acc=100.00% score=7.406 best=6.724 patience=7/10
[temporal_1frame] temporal epoch=035/60 loss=2.73220 center_teacher=1.000 acq_teacher=1.000 capture=92.47% bank_capture=92.47% acq_acc=100.00% acq_conf=0.606 radius=0.0m pred_step=2.969 target_step=2.937 pred_v=2.910 target_v=2.937 val_mle=4.222m val_p90=8.547m val_speed_mae=0.569 heading=0.6/0.2deg val_progress_mae=1.237m val_heading_mae=6.8deg val_capture=75.00% val_bank=75.00% val_acq_acc=100.00% score=7.250 best=6.946 patience=2/10
[temporal_2frame] temporal epoch=035/60 loss=2.48866 center_teacher=1.000 acq_teacher=1.000 capture=92.39% bank_capture=92.39% acq_acc=100.00% acq_conf=0.606 radius=0.0m pred_step=2.896 target_step=2.937 pred_v=2.846 target_v=2.937 val_mle=4.802m val_p90=8.834m val_speed_mae=0.609 heading=0.1/0.2deg val_progress_mae=1.130m val_heading_mae=7.5deg val_capture=75.00% val_bank=75.00% val_acq_acc=100.00% score=7.916 best=6.724 patience=8/10
[temporal_1frame] temporal epoch=036/60 loss=2.67096 center_teacher=1.000 acq_teacher=1.000 capture=92.39% bank_capture=92.39% acq_acc=100.00% acq_conf=0.606 radius=0.0m pred_step=2.949 target_step=2.937 pred_v=2.873 target_v=2.937 val_mle=4.075m val_p90=8.417m val_speed_mae=0.615 heading=1.1/0.2deg val_progress_mae=1.175m val_heading_mae=6.9deg val_capture=75.00% val_bank=75.00% val_acq_acc=100.00% score=7.188 best=6.946 patience=3/10
[temporal_2frame] temporal epoch=036/60 loss=2.39405 center_teacher=1.000 acq_teacher=1.000 capture=92.39% bank_capture=92.39% acq_acc=100.00% acq_conf=0.607 radius=0.0m pred_step=2.898 target_step=2.937 pred_v=2.827 target_v=2.937 val_mle=4.527m val_p90=8.975m val_speed_mae=0.723 heading=-0.2/0.2deg val_progress_mae=1.170m val_heading_mae=7.5deg val_capture=75.00% val_bank=75.00% val_acq_acc=100.00% score=7.874 best=6.724 patience=9/10
[temporal_1frame] temporal epoch=037/60 loss=2.65673 center_teacher=1.000 acq_teacher=1.000 capture=92.39% bank_capture=92.39% acq_acc=100.00% acq_conf=0.606 radius=0.0m pred_step=2.936 target_step=2.937 pred_v=2.875 target_v=2.937 val_mle=3.986m val_p90=8.240m val_speed_mae=0.592 heading=0.9/0.2deg val_progress_mae=1.183m val_heading_mae=7.0deg val_capture=75.00% val_bank=75.00% val_acq_acc=100.00% score=7.057 best=6.946 patience=4/10
[temporal_2frame] temporal epoch=037/60 loss=2.37904 center_teacher=1.000 acq_teacher=1.000 capture=92.39% bank_capture=92.39% acq_acc=100.00% acq_conf=0.607 radius=0.0m pred_step=2.898 target_step=2.937 pred_v=2.848 target_v=2.937 val_mle=4.488m val_p90=9.027m val_speed_mae=0.731 heading=-0.1/0.2deg val_progress_mae=1.214m val_heading_mae=7.5deg val_capture=75.00% val_bank=75.00% val_acq_acc=100.00% score=7.858 best=6.724 patience=10/10
[temporal_2frame] EARLY STOP: controlled local-prior validation score did not improve by 0.050 for 10 epochs.
[temporal_2frame] best controlled-validation score=6.724
[temporal_2frame] route_B: reuse UAV backbone cache
[temporal_1frame] temporal epoch=038/60 loss=2.69223 center_teacher=1.000 acq_teacher=1.000 capture=92.31% bank_capture=92.31% acq_acc=100.00% acq_conf=0.606 radius=0.0m pred_step=2.976 target_step=2.937 pred_v=2.894 target_v=2.937 val_mle=4.470m val_p90=8.772m val_speed_mae=0.495 heading=0.8/0.2deg val_progress_mae=1.084m val_heading_mae=6.8deg val_capture=75.00% val_bank=75.00% val_acq_acc=100.00% score=7.326 best=6.946 patience=5/10
[temporal_2frame] route_B final MLE=2.075m P90=3.773m LSR@15=100.00% selected_capture=89.59% bank_capture=89.59% acq_acc=100.00% speed_mae=0.662m/frame progress_mae=3.528m heading_mae=11.8deg jump_rate=0.00% max_step=8.83m final_leg=14 gt_leg=14
[temporal_2frame] route_C: reuse UAV backbone cache
[temporal_1frame] temporal epoch=039/60 loss=2.58238 center_teacher=1.000 acq_teacher=1.000 capture=92.31% bank_capture=92.31% acq_acc=100.00% acq_conf=0.606 radius=0.0m pred_step=2.906 target_step=2.937 pred_v=2.883 target_v=2.937 val_mle=4.381m val_p90=8.752m val_speed_mae=0.498 heading=0.7/0.2deg val_progress_mae=1.051m val_heading_mae=6.8deg val_capture=75.00% val_bank=75.00% val_acq_acc=100.00% score=7.239 best=6.946 patience=6/10
[temporal_2frame] route_C final MLE=1.733m P90=3.625m LSR@15=100.00% selected_capture=91.73% bank_capture=91.73% acq_acc=100.00% speed_mae=1.204m/frame progress_mae=7.175m heading_mae=35.7deg jump_rate=0.00% max_step=8.85m final_leg=10 gt_leg=10
[temporal_2frame] summary: /yh/study/uav-sat/v39_DirectFinalMS/softms18_0913_all_20260919_190850/main_ablation/temporal_2frame/robust_tracker_summary.json
[DONE][temporal_2frame]
[temporal_1frame] temporal epoch=040/60 loss=2.63115 center_teacher=1.000 acq_teacher=1.000 capture=92.31% bank_capture=92.31% acq_acc=100.00% acq_conf=0.605 radius=0.0m pred_step=2.940 target_step=2.937 pred_v=2.923 target_v=2.937 val_mle=4.144m val_p90=8.653m val_speed_mae=0.528 heading=0.4/0.2deg val_progress_mae=0.982m val_heading_mae=6.8deg val_capture=75.00% val_bank=75.00% val_acq_acc=100.00% score=7.052 best=6.946 patience=7/10
[temporal_1frame] temporal epoch=041/60 loss=2.53506 center_teacher=1.000 acq_teacher=1.000 capture=92.39% bank_capture=92.39% acq_acc=100.00% acq_conf=0.606 radius=0.0m pred_step=2.867 target_step=2.937 pred_v=2.832 target_v=2.937 val_mle=3.884m val_p90=8.037m val_speed_mae=0.518 heading=0.3/0.2deg val_progress_mae=0.976m val_heading_mae=6.8deg val_capture=75.00% val_bank=75.00% val_acq_acc=100.00% score=6.771 best=6.771 patience=0/10
[temporal_1frame] temporal epoch=042/60 loss=2.59719 center_teacher=1.000 acq_teacher=1.000 capture=92.31% bank_capture=92.31% acq_acc=100.00% acq_conf=0.606 radius=0.0m pred_step=2.962 target_step=2.937 pred_v=2.944 target_v=2.937 val_mle=4.185m val_p90=8.599m val_speed_mae=0.542 heading=0.0/0.2deg val_progress_mae=1.058m val_heading_mae=7.2deg val_capture=75.00% val_bank=75.00% val_acq_acc=100.00% score=7.144 best=6.771 patience=1/10
[temporal_1frame] temporal epoch=043/60 loss=2.60347 center_teacher=1.000 acq_teacher=1.000 capture=92.31% bank_capture=92.31% acq_acc=100.00% acq_conf=0.606 radius=0.0m pred_step=2.888 target_step=2.937 pred_v=2.869 target_v=2.937 val_mle=4.289m val_p90=8.828m val_speed_mae=0.552 heading=-0.2/0.2deg val_progress_mae=1.034m val_heading_mae=7.3deg val_capture=75.00% val_bank=75.00% val_acq_acc=100.00% score=7.267 best=6.771 patience=2/10
[temporal_1frame] temporal epoch=044/60 loss=2.60084 center_teacher=1.000 acq_teacher=1.000 capture=92.39% bank_capture=92.39% acq_acc=100.00% acq_conf=0.605 radius=0.0m pred_step=2.931 target_step=2.937 pred_v=2.871 target_v=2.937 val_mle=4.580m val_p90=8.902m val_speed_mae=0.527 heading=-0.5/0.2deg val_progress_mae=1.110m val_heading_mae=7.3deg val_capture=75.00% val_bank=75.00% val_acq_acc=100.00% score=7.519 best=6.771 patience=3/10
[temporal_1frame] temporal epoch=045/60 loss=2.49048 center_teacher=1.000 acq_teacher=1.000 capture=92.39% bank_capture=92.39% acq_acc=100.00% acq_conf=0.608 radius=0.0m pred_step=2.885 target_step=2.937 pred_v=2.866 target_v=2.937 val_mle=4.400m val_p90=8.881m val_speed_mae=0.557 heading=-0.1/0.2deg val_progress_mae=1.097m val_heading_mae=7.0deg val_capture=75.00% val_bank=75.00% val_acq_acc=100.00% score=7.387 best=6.771 patience=4/10
[temporal_1frame] temporal epoch=046/60 loss=2.57448 center_teacher=1.000 acq_teacher=1.000 capture=92.31% bank_capture=92.31% acq_acc=100.00% acq_conf=0.606 radius=0.0m pred_step=2.914 target_step=2.937 pred_v=2.885 target_v=2.937 val_mle=4.089m val_p90=8.499m val_speed_mae=0.537 heading=0.1/0.2deg val_progress_mae=1.254m val_heading_mae=7.5deg val_capture=75.00% val_bank=75.00% val_acq_acc=100.00% score=7.075 best=6.771 patience=5/10
[temporal_1frame] temporal epoch=047/60 loss=2.52517 center_teacher=1.000 acq_teacher=1.000 capture=92.39% bank_capture=92.39% acq_acc=100.00% acq_conf=0.607 radius=0.0m pred_step=2.916 target_step=2.937 pred_v=2.876 target_v=2.937 val_mle=5.283m val_p90=8.881m val_speed_mae=0.533 heading=0.1/0.2deg val_progress_mae=1.063m val_heading_mae=7.1deg val_capture=75.00% val_bank=75.00% val_acq_acc=100.00% score=8.221 best=6.771 patience=6/10
[temporal_1frame] temporal epoch=048/60 loss=2.45174 center_teacher=1.000 acq_teacher=1.000 capture=92.31% bank_capture=92.31% acq_acc=100.00% acq_conf=0.607 radius=0.0m pred_step=2.878 target_step=2.937 pred_v=2.855 target_v=2.937 val_mle=3.905m val_p90=8.042m val_speed_mae=0.558 heading=0.4/0.2deg val_progress_mae=1.113m val_heading_mae=7.0deg val_capture=75.00% val_bank=75.00% val_acq_acc=100.00% score=6.900 best=6.771 patience=7/10
[temporal_1frame] temporal epoch=049/60 loss=2.45810 center_teacher=1.000 acq_teacher=1.000 capture=92.39% bank_capture=92.39% acq_acc=100.00% acq_conf=0.606 radius=0.0m pred_step=2.903 target_step=2.937 pred_v=2.874 target_v=2.937 val_mle=4.400m val_p90=8.780m val_speed_mae=0.612 heading=-0.3/0.2deg val_progress_mae=1.148m val_heading_mae=8.0deg val_capture=75.00% val_bank=75.00% val_acq_acc=100.00% score=7.537 best=6.771 patience=8/10
[temporal_1frame] temporal epoch=050/60 loss=2.48819 center_teacher=1.000 acq_teacher=1.000 capture=92.39% bank_capture=92.39% acq_acc=100.00% acq_conf=0.607 radius=0.0m pred_step=2.931 target_step=2.937 pred_v=2.889 target_v=2.937 val_mle=4.052m val_p90=8.365m val_speed_mae=0.514 heading=-0.7/0.2deg val_progress_mae=1.014m val_heading_mae=7.0deg val_capture=75.00% val_bank=75.00% val_acq_acc=100.00% score=6.942 best=6.771 patience=9/10
[temporal_1frame] temporal epoch=051/60 loss=2.43191 center_teacher=1.000 acq_teacher=1.000 capture=92.39% bank_capture=92.39% acq_acc=100.00% acq_conf=0.608 radius=0.0m pred_step=2.864 target_step=2.937 pred_v=2.882 target_v=2.937 val_mle=4.112m val_p90=8.436m val_speed_mae=0.514 heading=-0.3/0.2deg val_progress_mae=1.056m val_heading_mae=6.9deg val_capture=75.00% val_bank=75.00% val_acq_acc=100.00% score=7.004 best=6.771 patience=10/10
[temporal_1frame] EARLY STOP: controlled local-prior validation score did not improve by 0.050 for 10 epochs.
[temporal_1frame] best controlled-validation score=6.771
[temporal_1frame] route_B: reuse UAV backbone cache
[temporal_1frame] route_B final MLE=2.024m P90=3.696m LSR@15=100.00% selected_capture=89.63% bank_capture=89.63% acq_acc=100.00% speed_mae=0.611m/frame progress_mae=5.345m heading_mae=12.1deg jump_rate=0.00% max_step=8.83m final_leg=14 gt_leg=14
[temporal_1frame] route_C: reuse UAV backbone cache
[temporal_1frame] route_C final MLE=1.699m P90=3.566m LSR@15=100.00% selected_capture=91.73% bank_capture=91.73% acq_acc=100.00% speed_mae=1.230m/frame progress_mae=7.061m heading_mae=35.6deg jump_rate=0.00% max_step=8.85m final_leg=10 gt_leg=10
[temporal_1frame] summary: /yh/study/uav-sat/v39_DirectFinalMS/softms18_0913_all_20260919_190850/main_ablation/temporal_1frame/robust_tracker_summary.json
[DONE][temporal_1frame]
[OK] clean v39: Weighted Centroid -> original GRU -> original Kalman -> one final MS; pure MS timer enabled
[START][abl_ms_only][GPU0] frames=3 kalman=none gru=0 ms=0 grid=6 mode=eval
[abl_ms_only] ============================================================================================================
[abl_ms_only] V36_PreviousStateOnly_MobileNetV3_Forward3x6_PolynomialKalman
[abl_ms_only] device=cuda:0
[abl_ms_only] Protocol: CONTROLLED GT+smooth-jitter local prior; current-frame GT centres the local SAT search window.
[abl_ms_only] 3-frame recurrent state -> v/a + heading/turn-rate -> heading-aware second-order inertial polynomial -> weighted-centroid visual observation -> GRU -> robust constrained route-coordinate Kalman -> one final MeanShift -> final XY.
[abl_ms_only] Evaluation intentionally does not solve global acquisition/re-localization: every frame receives a bounded GT-centered local prior.
[abl_ms_only] Estimated position may be corrected backward after an over-prediction; physical forward intent is represented by non-negative route velocity.
[abl_ms_only] ============================================================================================================
[abl_ms_only] route_B: reuse UAV backbone cache
[abl_ms_only] route_B final MLE=5.271m P90=9.748m LSR@15=99.21% selected_capture=88.49% bank_capture=88.49% acq_acc=100.00% speed_mae=3.135m/frame progress_mae=13.511m heading_mae=14.8deg jump_rate=2.33% max_step=22.15m final_leg=14 gt_leg=14
[abl_ms_only] route_C: reuse UAV backbone cache
[abl_ms_only] route_C final MLE=4.525m P90=8.664m LSR@15=99.68% selected_capture=91.65% bank_capture=91.65% acq_acc=100.00% speed_mae=2.159m/frame progress_mae=6.020m heading_mae=31.9deg jump_rate=2.39% max_step=19.10m final_leg=10 gt_leg=10
[abl_ms_only] summary: /yh/study/uav-sat/v39_DirectFinalMS/softms18_0913_all_20260919_190850/main_ablation/abl_ms_only/robust_tracker_summary.json
[DONE][abl_ms_only]
[OK] clean v39: Weighted Centroid -> original GRU -> original Kalman -> one final MS; pure MS timer enabled
[START][abl_ms_gru][GPU0] frames=3 kalman=none gru=1 ms=0 grid=6 mode=eval
[abl_ms_gru] ============================================================================================================
[abl_ms_gru] V36_PreviousStateOnly_MobileNetV3_Forward3x6_PolynomialKalman
[abl_ms_gru] device=cuda:0
[abl_ms_gru] Protocol: CONTROLLED GT+smooth-jitter local prior; current-frame GT centres the local SAT search window.
[abl_ms_gru] 3-frame recurrent state -> v/a + heading/turn-rate -> heading-aware second-order inertial polynomial -> weighted-centroid visual observation -> GRU -> robust constrained route-coordinate Kalman -> one final MeanShift -> final XY.
[abl_ms_gru] Evaluation intentionally does not solve global acquisition/re-localization: every frame receives a bounded GT-centered local prior.
[abl_ms_gru] Estimated position may be corrected backward after an over-prediction; physical forward intent is represented by non-negative route velocity.
[abl_ms_gru] ============================================================================================================
[abl_ms_gru] route_B: reuse UAV backbone cache
[abl_ms_gru] route_B final MLE=5.529m P90=9.806m LSR@15=98.81% selected_capture=88.22% bank_capture=88.22% acq_acc=100.00% speed_mae=0.652m/frame progress_mae=14.525m heading_mae=15.7deg jump_rate=2.77% max_step=30.18m final_leg=14 gt_leg=14
[abl_ms_gru] route_C: reuse UAV backbone cache
[abl_ms_gru] route_C final MLE=4.977m P90=9.096m LSR@15=99.28% selected_capture=91.65% bank_capture=91.65% acq_acc=100.00% speed_mae=1.160m/frame progress_mae=7.232m heading_mae=33.0deg jump_rate=2.70% max_step=27.05m final_leg=10 gt_leg=10
[abl_ms_gru] summary: /yh/study/uav-sat/v39_DirectFinalMS/softms18_0913_all_20260919_190850/main_ablation/abl_ms_gru/robust_tracker_summary.json
[DONE][abl_ms_gru]
[OK] clean v39: Weighted Centroid -> original GRU -> original Kalman -> one final MS; pure MS timer enabled
[START][abl_ms_gru_kalman][GPU0] frames=3 kalman=fixed gru=1 ms=0 grid=6 mode=eval
[abl_ms_gru_kalman] ============================================================================================================
[abl_ms_gru_kalman] V36_PreviousStateOnly_MobileNetV3_Forward3x6_PolynomialKalman
[abl_ms_gru_kalman] device=cuda:0
[abl_ms_gru_kalman] Protocol: CONTROLLED GT+smooth-jitter local prior; current-frame GT centres the local SAT search window.
[abl_ms_gru_kalman] 3-frame recurrent state -> v/a + heading/turn-rate -> heading-aware second-order inertial polynomial -> weighted-centroid visual observation -> GRU -> robust constrained route-coordinate Kalman -> one final MeanShift -> final XY.
[abl_ms_gru_kalman] Evaluation intentionally does not solve global acquisition/re-localization: every frame receives a bounded GT-centered local prior.
[abl_ms_gru_kalman] Estimated position may be corrected backward after an over-prediction; physical forward intent is represented by non-negative route velocity.
[abl_ms_gru_kalman] ============================================================================================================
[abl_ms_gru_kalman] route_B: reuse UAV backbone cache
[abl_ms_gru_kalman] route_B final MLE=4.495m P90=8.017m LSR@15=100.00% selected_capture=89.54% bank_capture=89.54% acq_acc=100.00% speed_mae=0.652m/frame progress_mae=1.205m heading_mae=10.2deg jump_rate=0.04% max_step=11.11m final_leg=14 gt_leg=14
[abl_ms_gru_kalman] route_C: reuse UAV backbone cache
[abl_ms_gru_kalman] route_C final MLE=3.972m P90=7.929m LSR@15=100.00% selected_capture=91.73% bank_capture=91.73% acq_acc=100.00% speed_mae=1.160m/frame progress_mae=1.228m heading_mae=28.6deg jump_rate=0.00% max_step=7.00m final_leg=10 gt_leg=10
[abl_ms_gru_kalman] summary: /yh/study/uav-sat/v39_DirectFinalMS/softms18_0913_all_20260919_190850/main_ablation/abl_ms_gru_kalman/robust_tracker_summary.json
[DONE][abl_ms_gru_kalman]
[OK] clean v39: Weighted Centroid -> original GRU -> original Kalman -> one final MS; pure MS timer enabled
[START][sens_ms_grid4x4][GPU5] frames=3 kalman=fixed gru=1 ms=1 grid=4 mode=eval
[sens_ms_grid4x4] ============================================================================================================
[sens_ms_grid4x4] V36_PreviousStateOnly_MobileNetV3_Forward3x6_PolynomialKalman
[sens_ms_grid4x4] device=cuda:0
[sens_ms_grid4x4] Protocol: CONTROLLED GT+smooth-jitter local prior; current-frame GT centres the local SAT search window.
[sens_ms_grid4x4] 3-frame recurrent state -> v/a + heading/turn-rate -> heading-aware second-order inertial polynomial -> weighted-centroid visual observation -> GRU -> robust constrained route-coordinate Kalman -> one final MeanShift -> final XY.
[sens_ms_grid4x4] Evaluation intentionally does not solve global acquisition/re-localization: every frame receives a bounded GT-centered local prior.
[sens_ms_grid4x4] Estimated position may be corrected backward after an over-prediction; physical forward intent is represented by non-negative route velocity.
[sens_ms_grid4x4] ============================================================================================================
[sens_ms_grid4x4] route_B: reuse UAV backbone cache
[sens_ms_grid4x4] route_B final MLE=2.206m P90=4.170m LSR@15=100.00% selected_capture=89.54% bank_capture=89.54% acq_acc=100.00% speed_mae=0.652m/frame progress_mae=4.353m heading_mae=12.1deg jump_rate=0.00% max_step=8.83m final_leg=14 gt_leg=14
[sens_ms_grid4x4] route_C: reuse UAV backbone cache
[sens_ms_grid4x4] route_C final MLE=1.872m P90=4.104m LSR@15=100.00% selected_capture=91.73% bank_capture=91.73% acq_acc=100.00% speed_mae=1.160m/frame progress_mae=7.943m heading_mae=35.6deg jump_rate=0.00% max_step=8.86m final_leg=10 gt_leg=10
[sens_ms_grid4x4] summary: /yh/study/uav-sat/v39_DirectFinalMS/softms18_0913_all_20260919_190850/main_ablation/sens_ms_grid4x4/robust_tracker_summary.json
[DONE][sens_ms_grid4x4]
[OK] clean v39: Weighted Centroid -> original GRU -> original Kalman -> one final MS; pure MS timer enabled
[START][sens_ms_grid5x5][GPU5] frames=3 kalman=fixed gru=1 ms=1 grid=5 mode=eval
[sens_ms_grid5x5] ============================================================================================================
[sens_ms_grid5x5] V36_PreviousStateOnly_MobileNetV3_Forward3x6_PolynomialKalman
[sens_ms_grid5x5] device=cuda:0
[sens_ms_grid5x5] Protocol: CONTROLLED GT+smooth-jitter local prior; current-frame GT centres the local SAT search window.
[sens_ms_grid5x5] 3-frame recurrent state -> v/a + heading/turn-rate -> heading-aware second-order inertial polynomial -> weighted-centroid visual observation -> GRU -> robust constrained route-coordinate Kalman -> one final MeanShift -> final XY.
[sens_ms_grid5x5] Evaluation intentionally does not solve global acquisition/re-localization: every frame receives a bounded GT-centered local prior.
[sens_ms_grid5x5] Estimated position may be corrected backward after an over-prediction; physical forward intent is represented by non-negative route velocity.
[sens_ms_grid5x5] ============================================================================================================
[sens_ms_grid5x5] route_B: reuse UAV backbone cache
[sens_ms_grid5x5] route_B final MLE=2.071m P90=3.759m LSR@15=100.00% selected_capture=89.54% bank_capture=89.54% acq_acc=100.00% speed_mae=0.652m/frame progress_mae=4.324m heading_mae=12.1deg jump_rate=0.00% max_step=8.83m final_leg=14 gt_leg=14
[sens_ms_grid5x5] route_C: reuse UAV backbone cache
[sens_ms_grid5x5] route_C final MLE=1.736m P90=3.623m LSR@15=100.00% selected_capture=91.73% bank_capture=91.73% acq_acc=100.00% speed_mae=1.160m/frame progress_mae=7.941m heading_mae=35.9deg jump_rate=0.00% max_step=8.85m final_leg=10 gt_leg=10
[sens_ms_grid5x5] summary: /yh/study/uav-sat/v39_DirectFinalMS/softms18_0913_all_20260919_190850/main_ablation/sens_ms_grid5x5/robust_tracker_summary.json
[DONE][sens_ms_grid5x5]
[OK] clean v39: Weighted Centroid -> original GRU -> original Kalman -> one final MS; pure MS timer enabled
[START][sens_ms_grid6x6][GPU5] frames=3 kalman=fixed gru=1 ms=1 grid=6 mode=eval
[sens_ms_grid6x6] ============================================================================================================
[sens_ms_grid6x6] V36_PreviousStateOnly_MobileNetV3_Forward3x6_PolynomialKalman
[sens_ms_grid6x6] device=cuda:0
[sens_ms_grid6x6] Protocol: CONTROLLED GT+smooth-jitter local prior; current-frame GT centres the local SAT search window.
[sens_ms_grid6x6] 3-frame recurrent state -> v/a + heading/turn-rate -> heading-aware second-order inertial polynomial -> weighted-centroid visual observation -> GRU -> robust constrained route-coordinate Kalman -> one final MeanShift -> final XY.
[sens_ms_grid6x6] Evaluation intentionally does not solve global acquisition/re-localization: every frame receives a bounded GT-centered local prior.
[sens_ms_grid6x6] Estimated position may be corrected backward after an over-prediction; physical forward intent is represented by non-negative route velocity.
[sens_ms_grid6x6] ============================================================================================================
[sens_ms_grid6x6] route_B: reuse UAV backbone cache
[sens_ms_grid6x6] route_B final MLE=2.071m P90=3.762m LSR@15=100.00% selected_capture=89.54% bank_capture=89.54% acq_acc=100.00% speed_mae=0.652m/frame progress_mae=4.324m heading_mae=12.1deg jump_rate=0.00% max_step=8.83m final_leg=14 gt_leg=14
[sens_ms_grid6x6] route_C: reuse UAV backbone cache
[sens_ms_grid6x6] route_C final MLE=1.737m P90=3.625m LSR@15=100.00% selected_capture=91.73% bank_capture=91.73% acq_acc=100.00% speed_mae=1.160m/frame progress_mae=7.946m heading_mae=35.9deg jump_rate=0.00% max_step=8.85m final_leg=10 gt_leg=10
[sens_ms_grid6x6] summary: /yh/study/uav-sat/v39_DirectFinalMS/softms18_0913_all_20260919_190850/main_ablation/sens_ms_grid6x6/robust_tracker_summary.json
[DONE][sens_ms_grid6x6]
[OK] clean v39: Weighted Centroid -> original GRU -> original Kalman -> one final MS; pure MS timer enabled
[START][sens_ms_grid7x7][GPU5] frames=3 kalman=fixed gru=1 ms=1 grid=7 mode=eval
[sens_ms_grid7x7] ============================================================================================================
[sens_ms_grid7x7] V36_PreviousStateOnly_MobileNetV3_Forward3x6_PolynomialKalman
[sens_ms_grid7x7] device=cuda:0
[sens_ms_grid7x7] Protocol: CONTROLLED GT+smooth-jitter local prior; current-frame GT centres the local SAT search window.
[sens_ms_grid7x7] 3-frame recurrent state -> v/a + heading/turn-rate -> heading-aware second-order inertial polynomial -> weighted-centroid visual observation -> GRU -> robust constrained route-coordinate Kalman -> one final MeanShift -> final XY.
[sens_ms_grid7x7] Evaluation intentionally does not solve global acquisition/re-localization: every frame receives a bounded GT-centered local prior.
[sens_ms_grid7x7] Estimated position may be corrected backward after an over-prediction; physical forward intent is represented by non-negative route velocity.
[sens_ms_grid7x7] ============================================================================================================
[sens_ms_grid7x7] route_B: reuse UAV backbone cache
[sens_ms_grid7x7] route_B final MLE=2.070m P90=3.758m LSR@15=100.00% selected_capture=89.54% bank_capture=89.54% acq_acc=100.00% speed_mae=0.652m/frame progress_mae=4.323m heading_mae=12.1deg jump_rate=0.00% max_step=8.83m final_leg=14 gt_leg=14
[sens_ms_grid7x7] route_C: reuse UAV backbone cache
[sens_ms_grid7x7] route_C final MLE=1.735m P90=3.622m LSR@15=100.00% selected_capture=91.73% bank_capture=91.73% acq_acc=100.00% speed_mae=1.160m/frame progress_mae=7.941m heading_mae=35.9deg jump_rate=0.00% max_step=8.85m final_leg=10 gt_leg=10
[sens_ms_grid7x7] summary: /yh/study/uav-sat/v39_DirectFinalMS/softms18_0913_all_20260919_190850/main_ablation/sens_ms_grid7x7/robust_tracker_summary.json
[DONE][sens_ms_grid7x7]
[OK] clean v39: Weighted Centroid -> original GRU -> original Kalman -> one final MS; pure MS timer enabled
[START][sens_ms_grid8x8][GPU5] frames=3 kalman=fixed gru=1 ms=1 grid=8 mode=eval
[sens_ms_grid8x8] ============================================================================================================
[sens_ms_grid8x8] V36_PreviousStateOnly_MobileNetV3_Forward3x6_PolynomialKalman
[sens_ms_grid8x8] device=cuda:0
[sens_ms_grid8x8] Protocol: CONTROLLED GT+smooth-jitter local prior; current-frame GT centres the local SAT search window.
[sens_ms_grid8x8] 3-frame recurrent state -> v/a + heading/turn-rate -> heading-aware second-order inertial polynomial -> weighted-centroid visual observation -> GRU -> robust constrained route-coordinate Kalman -> one final MeanShift -> final XY.
[sens_ms_grid8x8] Evaluation intentionally does not solve global acquisition/re-localization: every frame receives a bounded GT-centered local prior.
[sens_ms_grid8x8] Estimated position may be corrected backward after an over-prediction; physical forward intent is represented by non-negative route velocity.
[sens_ms_grid8x8] ============================================================================================================
[sens_ms_grid8x8] route_B: reuse UAV backbone cache
[sens_ms_grid8x8] route_B final MLE=2.070m P90=3.761m LSR@15=100.00% selected_capture=89.54% bank_capture=89.54% acq_acc=100.00% speed_mae=0.652m/frame progress_mae=4.324m heading_mae=12.1deg jump_rate=0.00% max_step=8.83m final_leg=14 gt_leg=14
[sens_ms_grid8x8] route_C: reuse UAV backbone cache
[sens_ms_grid8x8] route_C final MLE=1.736m P90=3.623m LSR@15=100.00% selected_capture=91.73% bank_capture=91.73% acq_acc=100.00% speed_mae=1.160m/frame progress_mae=7.946m heading_mae=35.9deg jump_rate=0.00% max_step=8.85m final_leg=10 gt_leg=10
[sens_ms_grid8x8] summary: /yh/study/uav-sat/v39_DirectFinalMS/softms18_0913_all_20260919_190850/main_ablation/sens_ms_grid8x8/robust_tracker_summary.json
[DONE][sens_ms_grid8x8]
[OK] clean v39: Weighted Centroid -> original GRU -> original Kalman -> one final MS; pure MS timer enabled
[START][runtime_e2e][GPU6] frames=3 kalman=fixed gru=1 ms=1 grid=6 mode=eval
[runtime_e2e] ============================================================================================================
[runtime_e2e] V36_PreviousStateOnly_MobileNetV3_Forward3x6_PolynomialKalman
[runtime_e2e] device=cuda:0
[runtime_e2e] Protocol: CONTROLLED GT+smooth-jitter local prior; current-frame GT centres the local SAT search window.
[runtime_e2e] 3-frame recurrent state -> v/a + heading/turn-rate -> heading-aware second-order inertial polynomial -> weighted-centroid visual observation -> GRU -> robust constrained route-coordinate Kalman -> one final MeanShift -> final XY.
[runtime_e2e] Evaluation intentionally does not solve global acquisition/re-localization: every frame receives a bounded GT-centered local prior.
[runtime_e2e] Estimated position may be corrected backward after an over-prediction; physical forward intent is represented by non-negative route velocity.
[runtime_e2e] ============================================================================================================
[runtime_e2e] route_B: reuse UAV backbone cache
[runtime_e2e] route_B final MLE=2.071m P90=3.762m LSR@15=100.00% selected_capture=89.54% bank_capture=89.54% acq_acc=100.00% speed_mae=0.653m/frame progress_mae=4.324m heading_mae=12.1deg jump_rate=0.00% max_step=8.83m final_leg=14 gt_leg=14
[runtime_e2e] route_C: reuse UAV backbone cache
[runtime_e2e] route_C final MLE=1.737m P90=3.625m LSR@15=100.00% selected_capture=91.73% bank_capture=91.73% acq_acc=100.00% speed_mae=1.160m/frame progress_mae=8.164m heading_mae=36.1deg jump_rate=0.00% max_step=8.85m final_leg=10 gt_leg=10
[runtime_e2e] summary: /yh/study/uav-sat/v39_DirectFinalMS/softms18_0913_all_20260919_190850/main_ablation/runtime_e2e/robust_tracker_summary.json
[DONE][runtime_e2e]
AUDIT PASS
/yh/study/uav-sat/v39_DirectFinalMS/softms18_0913_all_20260919_190850/main_ablation/paper_tables.md
============================================================================================================
ALL NECESSARY ABLATIONS COMPLETED + AUDIT PASS
Results: /yh/study/uav-sat/v39_DirectFinalMS/softms18_0913_all_20260919_190850/main_ablation
Tables : /yh/study/uav-sat/v39_DirectFinalMS/softms18_0913_all_20260919_190850/main_ablation/paper_tables.md
Audit  : /yh/study/uav-sat/v39_DirectFinalMS/softms18_0913_all_20260919_190850/main_ablation/audit_report.json
============================================================================================================
