Python: /usr/bin/python3 3.8.10
RUN REVISION: v8r1
GRU ABLATION: no_temporal_mean
GRU ACTIVE GROUPS: ms_xy,first_difference,previous_motion
GRU INPUT DIM: 384
CPU THREAD LIMIT: 2
Python syntax preflight: OK
CONTROLLED v8r1 ablation=no_temporal_mean; CPU threads=2
================================================================================================
CONTROLLED v8r1 ablation=no_temporal_mean
Reference point opens MS1 local window only; it is not a GRU/Kalman/MS2/final input
Temporal training: Route-A ORIGINAL SPEED ONLY
Route-C validation; Route-B final untouched test
MS1 = STRICT FORWARD HALF 3x6 around reference-point coarse prior
Kalman = previous final state + MS1 visual measurement
GRU active groups = ms_xy,first_difference,previous_motion; input=384-d; previous hidden=256-d
GRU heads predict speed/acceleration/heading CHANGES; polynomial then forms Delta XY
MS2 = full centered 6x6; posterior = visual + Kalman Gaussian prior (sigma=12.0m, weight=1.00)
================================================================================================
Temporal training v4: Route-A ORIGINAL SPEED ONLY; C=validation; B=test
Route-A target step mean=2.868m median=3.231m p90=3.555m mean|a|=0.307
planned-start alignment: A=0.000m C=0.000m
MS1 v4 = center-adjacent forward 3x6; Kalman positional prior = previous final; frame0 = temporal warm-up
Cdiag-v8r1[no_temporal_mean]: refPrior=0.00m autoPrior=9.94m | MS1oracle=3.10m MS1cap=100.0% MS1miss=None | MS2oracle=2.27m MS2cap=99.4% MS2miss=624 | final20=430
epoch=001/60 A_loss=13.15816 [d=1.839 v=2.497 a=0.132 h=0.790] C: prevFinal=9.9 prior=0.0 MS1=7.8 KF=8.1 MS2=9.1m P90=16.2m fail20=430 best=9.068 patience=0/12
Cdiag-v8r1[no_temporal_mean]: refPrior=0.00m autoPrior=10.30m | MS1oracle=3.31m MS1cap=100.0% MS1miss=None | MS2oracle=2.27m MS2cap=99.4% MS2miss=624 | final20=430
epoch=002/60 A_loss=10.80314 [d=1.286 v=2.301 a=0.170 h=1.069] C: prevFinal=10.3 prior=0.0 MS1=8.2 KF=8.5 MS2=9.4m P90=16.2m fail20=430 best=9.068 patience=1/12
Cdiag-v8r1[no_temporal_mean]: refPrior=0.00m autoPrior=10.92m | MS1oracle=3.32m MS1cap=100.0% MS1miss=None | MS2oracle=2.34m MS2cap=99.4% MS2miss=624 | final20=431
epoch=003/60 A_loss=11.85459 [d=1.546 v=2.188 a=0.168 h=1.012] C: prevFinal=10.9 prior=0.0 MS1=8.6 KF=9.1 MS2=10.0m P90=16.2m fail20=431 best=9.068 patience=2/12
Cdiag-v8r1[no_temporal_mean]: refPrior=0.00m autoPrior=10.96m | MS1oracle=3.48m MS1cap=100.0% MS1miss=None | MS2oracle=2.38m MS2cap=99.3% MS2miss=246 | final20=247
epoch=004/60 A_loss=11.72918 [d=1.455 v=2.268 a=0.148 h=1.025] C: prevFinal=10.9 prior=0.0 MS1=8.8 KF=9.2 MS2=10.0m P90=18.9m fail20=247 best=9.068 patience=3/12
Cdiag-v8r1[no_temporal_mean]: refPrior=0.00m autoPrior=10.82m | MS1oracle=3.41m MS1cap=100.0% MS1miss=None | MS2oracle=2.32m MS2cap=99.6% MS2miss=1113 | final20=431
epoch=005/60 A_loss=16.68879 [d=2.111 v=3.321 a=0.312 h=1.174] C: prevFinal=10.8 prior=0.0 MS1=8.7 KF=9.1 MS2=10.1m P90=16.3m fail20=431 best=9.068 patience=4/12
Cdiag-v8r1[no_temporal_mean]: refPrior=0.00m autoPrior=10.64m | MS1oracle=3.39m MS1cap=100.0% MS1miss=None | MS2oracle=2.31m MS2cap=99.4% MS2miss=625 | final20=431
epoch=006/60 A_loss=10.80398 [d=1.271 v=2.318 a=0.276 h=1.116] C: prevFinal=10.7 prior=0.0 MS1=8.5 KF=8.7 MS2=9.9m P90=17.2m fail20=431 best=9.068 patience=5/12
Cdiag-v8r1[no_temporal_mean]: refPrior=0.00m autoPrior=10.57m | MS1oracle=3.38m MS1cap=100.0% MS1miss=None | MS2oracle=2.27m MS2cap=99.8% MS2miss=625 | final20=431
epoch=007/60 A_loss=15.49923 [d=2.138 v=2.973 a=0.137 h=1.003] C: prevFinal=10.6 prior=0.0 MS1=8.4 KF=8.5 MS2=9.7m P90=17.0m fail20=431 best=9.068 patience=6/12
Cdiag-v8r1[no_temporal_mean]: refPrior=0.00m autoPrior=10.79m | MS1oracle=3.43m MS1cap=100.0% MS1miss=None | MS2oracle=2.36m MS2cap=99.4% MS2miss=625 | final20=431
epoch=008/60 A_loss=10.53211 [d=1.283 v=2.306 a=0.133 h=0.962] C: prevFinal=10.8 prior=0.0 MS1=8.7 KF=9.0 MS2=10.0m P90=17.6m fail20=431 best=9.068 patience=7/12
Cdiag-v8r1[no_temporal_mean]: refPrior=0.00m autoPrior=10.58m | MS1oracle=3.42m MS1cap=100.0% MS1miss=None | MS2oracle=2.31m MS2cap=99.3% MS2miss=625 | final20=11
epoch=009/60 A_loss=10.54602 [d=1.280 v=2.298 a=0.133 h=0.956] C: prevFinal=10.5 prior=0.0 MS1=8.6 KF=8.7 MS2=9.7m P90=17.2m fail20=11 best=9.068 patience=8/12
Cdiag-v8r1[no_temporal_mean]: refPrior=0.00m autoPrior=10.59m | MS1oracle=3.41m MS1cap=100.0% MS1miss=None | MS2oracle=2.28m MS2cap=99.3% MS2miss=624 | final20=11
epoch=010/60 A_loss=20.68063 [d=2.904 v=3.997 a=0.133 h=0.948] C: prevFinal=10.6 prior=0.0 MS1=8.6 KF=8.7 MS2=9.8m P90=16.4m fail20=11 best=9.068 patience=9/12
Cdiag-v8r1[no_temporal_mean]: refPrior=0.00m autoPrior=15.65m | MS1oracle=3.41m MS1cap=100.0% MS1miss=None | MS2oracle=2.26m MS2cap=99.2% MS2miss=624 | final20=11
epoch=011/60 A_loss=10.54306 [d=1.284 v=2.304 a=0.136 h=0.941] C: prevFinal=10.3 prior=0.0 MS1=8.5 KF=8.6 MS2=9.5m P90=16.6m fail20=11 best=9.068 patience=10/12
Cdiag-v8r1[no_temporal_mean]: refPrior=0.00m autoPrior=10.71m | MS1oracle=3.45m MS1cap=100.0% MS1miss=None | MS2oracle=2.40m MS2cap=99.4% MS2miss=625 | final20=430
epoch=012/60 A_loss=10.65756 [d=1.392 v=1.741 a=0.130 h=1.014] C: prevFinal=10.7 prior=0.0 MS1=8.6 KF=8.9 MS2=9.8m P90=16.5m fail20=430 best=9.068 patience=11/12
Cdiag-v8r1[no_temporal_mean]: refPrior=0.00m autoPrior=10.48m | MS1oracle=3.39m MS1cap=100.0% MS1miss=None | MS2oracle=2.25m MS2cap=99.4% MS2miss=768 | final20=261
epoch=013/60 A_loss=10.68399 [d=1.287 v=2.302 a=0.142 h=1.042] C: prevFinal=10.5 prior=0.0 MS1=8.4 KF=8.7 MS2=9.7m P90=16.9m fail20=261 best=9.068 patience=12/12
Cdiag-v8r1[no_temporal_mean]: refPrior=0.00m autoPrior=10.92m | MS1oracle=3.40m MS1cap=100.0% MS1miss=None | MS2oracle=2.35m MS2cap=99.3% MS2miss=624 | final20=11
epoch=014/60 A_loss=10.75607 [d=1.306 v=2.300 a=0.152 h=0.927] C: prevFinal=10.7 prior=0.0 MS1=8.5 KF=8.7 MS2=9.9m P90=16.7m fail20=11 best=9.068 patience=13/12
Cdiag-v8r1[no_temporal_mean]: refPrior=0.00m autoPrior=10.50m | MS1oracle=3.39m MS1cap=100.0% MS1miss=None | MS2oracle=2.28m MS2cap=99.6% MS2miss=625 | final20=11
epoch=015/60 A_loss=13.42840 [d=1.769 v=2.466 a=0.135 h=0.997] C: prevFinal=10.5 prior=0.0 MS1=8.5 KF=8.7 MS2=9.7m P90=16.5m fail20=11 best=9.068 patience=14/12
best Route-C validation MLE=9.068m
route_C (validation, no_temporal_mean): refPrior=0.000m MS1=7.832m KF=8.085m MS2/final=9.068m P90=16.218m LSR@15=85.29%
route_B (test, no_temporal_mean): refPrior=0.000m MS1=8.582m KF=9.279m MS2/final=10.593m P90=16.899m LSR@15=83.39%
