Python: /usr/bin/python3 3.8.10
RUN REVISION: v8r1
GRU ABLATION: no_ms_xy
GRU ACTIVE GROUPS: temporal_mean,first_difference,previous_motion
GRU INPUT DIM: 384
CPU THREAD LIMIT: 2
Python syntax preflight: OK
CONTROLLED v8r1 ablation=no_ms_xy; CPU threads=2
================================================================================================
CONTROLLED v8r1 ablation=no_ms_xy
Reference point opens MS1 local window only; it is not a GRU/Kalman/MS2/final input
Temporal training: Route-A ORIGINAL SPEED ONLY
Route-C validation; Route-B final untouched test
MS1 = STRICT FORWARD HALF 3x6 around reference-point coarse prior
Kalman = previous final state + MS1 visual measurement
GRU active groups = temporal_mean,first_difference,previous_motion; input=384-d; previous hidden=256-d
GRU heads predict speed/acceleration/heading CHANGES; polynomial then forms Delta XY
MS2 = full centered 6x6; posterior = visual + Kalman Gaussian prior (sigma=12.0m, weight=1.00)
================================================================================================
Temporal training v4: Route-A ORIGINAL SPEED ONLY; C=validation; B=test
Route-A target step mean=2.868m median=3.231m p90=3.555m mean|a|=0.307
planned-start alignment: A=0.000m C=0.000m
MS1 v4 = center-adjacent forward 3x6; Kalman positional prior = previous final; frame0 = temporal warm-up
Cdiag-v8r1[no_ms_xy]: refPrior=0.00m autoPrior=8.43m | MS1oracle=2.39m MS1cap=100.0% MS1miss=None | MS2oracle=2.14m MS2cap=99.7% MS2miss=624 | final20=431
epoch=001/60 A_loss=20.19449 [d=3.025 v=3.842 a=0.128 h=0.758] C: prevFinal=8.4 prior=0.0 MS1=7.3 KF=7.2 MS2=8.1m P90=15.8m fail20=431 best=8.070 patience=0/12
Cdiag-v8r1[no_ms_xy]: refPrior=0.00m autoPrior=12.74m | MS1oracle=3.39m MS1cap=100.0% MS1miss=None | MS2oracle=2.20m MS2cap=99.1% MS2miss=246 | final20=10
epoch=002/60 A_loss=10.71798 [d=1.279 v=2.336 a=0.127 h=1.023] C: prevFinal=10.1 prior=0.0 MS1=8.4 KF=8.1 MS2=9.3m P90=16.3m fail20=10 best=8.070 patience=1/12
Cdiag-v8r1[no_ms_xy]: refPrior=0.00m autoPrior=9.76m | MS1oracle=3.36m MS1cap=100.0% MS1miss=None | MS2oracle=2.11m MS2cap=99.8% MS2miss=1113 | final20=430
epoch=003/60 A_loss=17.02142 [d=2.443 v=2.970 a=0.129 h=1.009] C: prevFinal=9.7 prior=0.0 MS1=8.5 KF=7.6 MS2=8.9m P90=15.9m fail20=430 best=8.070 patience=2/12
Cdiag-v8r1[no_ms_xy]: refPrior=0.00m autoPrior=9.98m | MS1oracle=3.41m MS1cap=100.0% MS1miss=None | MS2oracle=2.17m MS2cap=99.5% MS2miss=624 | final20=431
epoch=004/60 A_loss=12.22603 [d=1.608 v=2.165 a=0.133 h=0.997] C: prevFinal=10.0 prior=0.0 MS1=8.5 KF=7.9 MS2=9.1m P90=16.2m fail20=431 best=8.070 patience=3/12
Cdiag-v8r1[no_ms_xy]: refPrior=0.00m autoPrior=9.63m | MS1oracle=3.39m MS1cap=100.0% MS1miss=None | MS2oracle=2.09m MS2cap=99.6% MS2miss=625 | final20=431
epoch=005/60 A_loss=13.70053 [d=1.843 v=2.537 a=0.135 h=1.002] C: prevFinal=9.6 prior=0.0 MS1=8.5 KF=7.5 MS2=8.7m P90=15.9m fail20=431 best=8.070 patience=4/12
Cdiag-v8r1[no_ms_xy]: refPrior=0.00m autoPrior=10.00m | MS1oracle=3.34m MS1cap=100.0% MS1miss=None | MS2oracle=2.15m MS2cap=99.7% MS2miss=625 | final20=431
epoch=006/60 A_loss=13.90834 [d=1.879 v=2.464 a=0.141 h=1.000] C: prevFinal=10.0 prior=0.0 MS1=8.4 KF=7.9 MS2=9.1m P90=16.0m fail20=431 best=8.070 patience=5/12
Cdiag-v8r1[no_ms_xy]: refPrior=0.00m autoPrior=10.35m | MS1oracle=3.40m MS1cap=100.0% MS1miss=None | MS2oracle=2.18m MS2cap=99.8% MS2miss=625 | final20=10
epoch=007/60 A_loss=13.66213 [d=1.718 v=2.645 a=0.129 h=0.995] C: prevFinal=10.3 prior=0.0 MS1=8.4 KF=8.3 MS2=9.4m P90=16.3m fail20=10 best=8.070 patience=6/12
Cdiag-v8r1[no_ms_xy]: refPrior=0.00m autoPrior=10.52m | MS1oracle=3.37m MS1cap=100.0% MS1miss=None | MS2oracle=2.24m MS2cap=99.5% MS2miss=624 | final20=9
epoch=008/60 A_loss=11.24101 [d=1.383 v=2.272 a=0.128 h=0.982] C: prevFinal=10.5 prior=0.0 MS1=8.6 KF=8.5 MS2=9.6m P90=16.5m fail20=9 best=8.070 patience=7/12
Cdiag-v8r1[no_ms_xy]: refPrior=0.00m autoPrior=10.09m | MS1oracle=3.38m MS1cap=100.0% MS1miss=None | MS2oracle=2.15m MS2cap=99.5% MS2miss=625 | final20=10
epoch=009/60 A_loss=11.08002 [d=1.447 v=1.866 a=0.129 h=1.002] C: prevFinal=10.1 prior=0.0 MS1=8.5 KF=8.0 MS2=9.2m P90=16.3m fail20=10 best=8.070 patience=8/12
Cdiag-v8r1[no_ms_xy]: refPrior=0.00m autoPrior=10.48m | MS1oracle=3.40m MS1cap=100.0% MS1miss=None | MS2oracle=2.22m MS2cap=99.7% MS2miss=1137 | final20=9
epoch=010/60 A_loss=13.59758 [d=1.718 v=2.567 a=0.134 h=1.002] C: prevFinal=10.5 prior=0.0 MS1=8.5 KF=8.5 MS2=9.5m P90=16.4m fail20=9 best=8.070 patience=9/12
Cdiag-v8r1[no_ms_xy]: refPrior=0.00m autoPrior=10.97m | MS1oracle=3.37m MS1cap=100.0% MS1miss=None | MS2oracle=2.25m MS2cap=99.2% MS2miss=624 | final20=9
epoch=011/60 A_loss=12.30970 [d=1.530 v=2.378 a=0.132 h=1.009] C: prevFinal=10.5 prior=0.0 MS1=8.6 KF=8.5 MS2=9.6m P90=16.8m fail20=9 best=8.070 patience=10/12
Cdiag-v8r1[no_ms_xy]: refPrior=0.00m autoPrior=10.66m | MS1oracle=3.41m MS1cap=100.0% MS1miss=None | MS2oracle=2.26m MS2cap=99.6% MS2miss=1068 | final20=9
epoch=012/60 A_loss=10.88893 [d=1.429 v=1.793 a=0.137 h=1.006] C: prevFinal=10.7 prior=0.0 MS1=8.6 KF=8.7 MS2=9.8m P90=16.8m fail20=9 best=8.070 patience=11/12
Cdiag-v8r1[no_ms_xy]: refPrior=0.00m autoPrior=16.82m | MS1oracle=3.37m MS1cap=100.0% MS1miss=None | MS2oracle=2.18m MS2cap=99.4% MS2miss=625 | final20=10
epoch=013/60 A_loss=10.63309 [d=1.280 v=2.344 a=0.144 h=0.992] C: prevFinal=10.1 prior=0.0 MS1=8.5 KF=8.1 MS2=9.3m P90=16.2m fail20=10 best=8.070 patience=12/12
Cdiag-v8r1[no_ms_xy]: refPrior=0.00m autoPrior=10.39m | MS1oracle=3.44m MS1cap=100.0% MS1miss=None | MS2oracle=2.17m MS2cap=99.8% MS2miss=1113 | final20=10
epoch=014/60 A_loss=12.87258 [d=1.691 v=2.089 a=0.131 h=1.000] C: prevFinal=10.1 prior=0.0 MS1=8.6 KF=8.2 MS2=9.3m P90=16.2m fail20=10 best=8.070 patience=13/12
Cdiag-v8r1[no_ms_xy]: refPrior=0.00m autoPrior=10.05m | MS1oracle=3.39m MS1cap=100.0% MS1miss=None | MS2oracle=2.15m MS2cap=99.4% MS2miss=246 | final20=247
epoch=015/60 A_loss=10.73713 [d=1.399 v=1.823 a=0.130 h=1.000] C: prevFinal=10.0 prior=0.0 MS1=8.5 KF=7.9 MS2=9.1m P90=16.1m fail20=247 best=8.070 patience=14/12
best Route-C validation MLE=8.070m
route_C (validation, no_ms_xy): refPrior=0.000m MS1=7.310m KF=7.212m MS2/final=8.070m P90=15.790m LSR@15=88.47%
route_B (test, no_ms_xy): refPrior=0.000m MS1=7.502m KF=7.981m MS2/final=9.446m P90=15.558m LSR@15=88.40%
