Python: /usr/bin/python3 3.8.10
RUN REVISION: v8r1
GRU ABLATION: no_first_difference
GRU ACTIVE GROUPS: ms_xy,temporal_mean,previous_motion
GRU INPUT DIM: 384
CPU THREAD LIMIT: 2
Python syntax preflight: OK
CONTROLLED v8r1 ablation=no_first_difference; CPU threads=2
================================================================================================
CONTROLLED v8r1 ablation=no_first_difference
Reference point opens MS1 local window only; it is not a GRU/Kalman/MS2/final input
Temporal training: Route-A ORIGINAL SPEED ONLY
Route-C validation; Route-B final untouched test
MS1 = STRICT FORWARD HALF 3x6 around reference-point coarse prior
Kalman = previous final state + MS1 visual measurement
GRU active groups = ms_xy,temporal_mean,previous_motion; input=384-d; previous hidden=256-d
GRU heads predict speed/acceleration/heading CHANGES; polynomial then forms Delta XY
MS2 = full centered 6x6; posterior = visual + Kalman Gaussian prior (sigma=12.0m, weight=1.00)
================================================================================================
Temporal training v4: Route-A ORIGINAL SPEED ONLY; C=validation; B=test
Route-A target step mean=2.868m median=3.231m p90=3.555m mean|a|=0.307
planned-start alignment: A=0.000m C=0.000m
MS1 v4 = center-adjacent forward 3x6; Kalman positional prior = previous final; frame0 = temporal warm-up
Cdiag-v8r1[no_first_difference]: refPrior=0.00m autoPrior=15.47m | MS1oracle=3.55m MS1cap=100.0% MS1miss=None | MS2oracle=2.16m MS2cap=99.8% MS2miss=1067 | final20=506
epoch=001/60 A_loss=16.85763 [d=2.476 v=3.322 a=0.128 h=0.698] C: prevFinal=10.5 prior=0.0 MS1=8.6 KF=8.7 MS2=9.8m P90=15.5m fail20=506 best=9.839 patience=0/12
Cdiag-v8r1[no_first_difference]: refPrior=0.00m autoPrior=15.87m | MS1oracle=3.37m MS1cap=100.0% MS1miss=None | MS2oracle=2.24m MS2cap=99.5% MS2miss=1067 | final20=249
epoch=002/60 A_loss=11.86601 [d=1.418 v=2.351 a=0.136 h=1.078] C: prevFinal=10.6 prior=0.0 MS1=8.5 KF=8.7 MS2=9.8m P90=16.5m fail20=249 best=9.774 patience=0/12
Cdiag-v8r1[no_first_difference]: refPrior=0.00m autoPrior=10.85m | MS1oracle=3.36m MS1cap=100.0% MS1miss=None | MS2oracle=2.27m MS2cap=99.4% MS2miss=246 | final20=247
epoch=003/60 A_loss=10.48296 [d=1.283 v=2.227 a=0.146 h=0.971] C: prevFinal=10.8 prior=0.0 MS1=8.4 KF=8.8 MS2=9.9m P90=16.6m fail20=247 best=9.774 patience=1/12
Cdiag-v8r1[no_first_difference]: refPrior=0.00m autoPrior=10.60m | MS1oracle=3.35m MS1cap=100.0% MS1miss=None | MS2oracle=2.23m MS2cap=99.9% MS2miss=1137 | final20=431
epoch=004/60 A_loss=12.56573 [d=1.659 v=2.158 a=0.128 h=0.999] C: prevFinal=10.6 prior=0.0 MS1=8.4 KF=8.6 MS2=9.7m P90=17.3m fail20=431 best=9.695 patience=0/12
Cdiag-v8r1[no_first_difference]: refPrior=0.00m autoPrior=10.55m | MS1oracle=3.33m MS1cap=100.0% MS1miss=None | MS2oracle=2.25m MS2cap=99.4% MS2miss=625 | final20=431
epoch=005/60 A_loss=11.82076 [d=1.572 v=2.092 a=0.129 h=0.979] C: prevFinal=10.5 prior=0.0 MS1=8.4 KF=8.6 MS2=9.7m P90=16.3m fail20=431 best=9.674 patience=0/12
Cdiag-v8r1[no_first_difference]: refPrior=0.00m autoPrior=10.74m | MS1oracle=3.45m MS1cap=100.0% MS1miss=None | MS2oracle=2.32m MS2cap=99.5% MS2miss=625 | final20=431
epoch=006/60 A_loss=10.76886 [d=1.297 v=2.299 a=0.137 h=1.041] C: prevFinal=10.7 prior=0.0 MS1=8.6 KF=8.9 MS2=10.0m P90=16.4m fail20=431 best=9.674 patience=1/12
Cdiag-v8r1[no_first_difference]: refPrior=0.00m autoPrior=10.78m | MS1oracle=3.24m MS1cap=100.0% MS1miss=None | MS2oracle=2.24m MS2cap=99.1% MS2miss=246 | final20=247
epoch=007/60 A_loss=13.55354 [d=1.645 v=2.646 a=0.134 h=1.030] C: prevFinal=10.7 prior=0.0 MS1=8.0 KF=8.5 MS2=9.8m P90=16.9m fail20=247 best=9.674 patience=2/12
Cdiag-v8r1[no_first_difference]: refPrior=0.00m autoPrior=10.78m | MS1oracle=3.31m MS1cap=100.0% MS1miss=None | MS2oracle=2.32m MS2cap=99.3% MS2miss=625 | final20=261
epoch=008/60 A_loss=10.97020 [d=1.291 v=2.297 a=0.143 h=1.175] C: prevFinal=10.8 prior=0.0 MS1=8.5 KF=8.9 MS2=10.0m P90=16.7m fail20=261 best=9.674 patience=3/12
Cdiag-v8r1[no_first_difference]: refPrior=0.00m autoPrior=10.19m | MS1oracle=3.36m MS1cap=100.0% MS1miss=None | MS2oracle=2.28m MS2cap=99.4% MS2miss=625 | final20=622
epoch=009/60 A_loss=10.73470 [d=1.286 v=2.300 a=0.174 h=1.028] C: prevFinal=10.2 prior=0.0 MS1=8.4 KF=8.6 MS2=9.6m P90=16.3m fail20=622 best=9.566 patience=0/12
Cdiag-v8r1[no_first_difference]: refPrior=0.00m autoPrior=11.69m | MS1oracle=3.32m MS1cap=100.0% MS1miss=None | MS2oracle=2.36m MS2cap=99.4% MS2miss=624 | final20=261
epoch=010/60 A_loss=11.58246 [d=1.557 v=1.905 a=0.141 h=0.987] C: prevFinal=11.7 prior=0.0 MS1=8.4 KF=9.3 MS2=10.6m P90=16.5m fail20=261 best=9.566 patience=1/12
Cdiag-v8r1[no_first_difference]: refPrior=0.00m autoPrior=10.41m | MS1oracle=3.41m MS1cap=100.0% MS1miss=None | MS2oracle=2.26m MS2cap=99.7% MS2miss=1133 | final20=736
epoch=011/60 A_loss=10.57534 [d=1.286 v=2.295 a=0.131 h=0.992] C: prevFinal=10.4 prior=0.0 MS1=8.4 KF=8.5 MS2=9.5m P90=16.7m fail20=736 best=9.522 patience=0/12
Cdiag-v8r1[no_first_difference]: refPrior=0.00m autoPrior=9.82m | MS1oracle=3.38m MS1cap=100.0% MS1miss=None | MS2oracle=2.14m MS2cap=99.6% MS2miss=624 | final20=9
epoch=012/60 A_loss=12.51651 [d=1.683 v=2.191 a=0.131 h=0.989] C: prevFinal=9.8 prior=0.0 MS1=8.4 KF=7.7 MS2=8.9m P90=16.3m fail20=9 best=8.901 patience=0/12
Cdiag-v8r1[no_first_difference]: refPrior=0.00m autoPrior=51.93m | MS1oracle=3.37m MS1cap=100.0% MS1miss=None | MS2oracle=2.13m MS2cap=99.7% MS2miss=624 | final20=261
epoch=013/60 A_loss=18.06818 [d=2.453 v=3.702 a=0.135 h=0.995] C: prevFinal=9.7 prior=0.0 MS1=8.5 KF=7.5 MS2=8.8m P90=16.1m fail20=261 best=8.753 patience=0/12
Cdiag-v8r1[no_first_difference]: refPrior=0.00m autoPrior=10.05m | MS1oracle=3.33m MS1cap=100.0% MS1miss=None | MS2oracle=2.19m MS2cap=99.4% MS2miss=432 | final20=9
epoch=014/60 A_loss=15.55150 [d=2.086 v=2.670 a=0.135 h=1.004] C: prevFinal=10.0 prior=0.0 MS1=8.4 KF=8.0 MS2=9.2m P90=16.5m fail20=9 best=8.753 patience=1/12
Cdiag-v8r1[no_first_difference]: refPrior=0.00m autoPrior=9.72m | MS1oracle=3.35m MS1cap=100.0% MS1miss=None | MS2oracle=2.12m MS2cap=99.8% MS2miss=246 | final20=9
epoch=015/60 A_loss=15.45750 [d=2.142 v=2.882 a=0.139 h=0.991] C: prevFinal=9.7 prior=0.0 MS1=8.4 KF=7.6 MS2=8.8m P90=16.2m fail20=9 best=8.753 patience=2/12
Cdiag-v8r1[no_first_difference]: refPrior=0.00m autoPrior=9.65m | MS1oracle=3.33m MS1cap=100.0% MS1miss=None | MS2oracle=2.12m MS2cap=99.8% MS2miss=624 | final20=615
epoch=016/60 A_loss=16.97284 [d=2.386 v=3.111 a=0.139 h=0.998] C: prevFinal=9.6 prior=0.0 MS1=8.4 KF=7.5 MS2=8.7m P90=16.1m fail20=615 best=8.721 patience=0/12
Cdiag-v8r1[no_first_difference]: refPrior=0.00m autoPrior=10.20m | MS1oracle=3.31m MS1cap=100.0% MS1miss=None | MS2oracle=2.10m MS2cap=99.4% MS2miss=1067 | final20=627
epoch=017/60 A_loss=17.58278 [d=2.456 v=3.441 a=0.142 h=1.029] C: prevFinal=10.2 prior=0.0 MS1=8.2 KF=8.4 MS2=9.6m P90=15.8m fail20=627 best=8.721 patience=1/12
Cdiag-v8r1[no_first_difference]: refPrior=0.00m autoPrior=10.50m | MS1oracle=3.37m MS1cap=100.0% MS1miss=None | MS2oracle=2.29m MS2cap=99.4% MS2miss=624 | final20=261
epoch=018/60 A_loss=10.64955 [d=1.286 v=2.308 a=0.185 h=1.013] C: prevFinal=10.5 prior=0.0 MS1=8.6 KF=8.6 MS2=9.8m P90=16.8m fail20=261 best=8.721 patience=2/12
Cdiag-v8r1[no_first_difference]: refPrior=0.00m autoPrior=10.29m | MS1oracle=3.40m MS1cap=100.0% MS1miss=None | MS2oracle=2.27m MS2cap=99.1% MS2miss=624 | final20=431
epoch=019/60 A_loss=15.29924 [d=2.053 v=3.130 a=0.155 h=1.019] C: prevFinal=10.3 prior=0.0 MS1=8.5 KF=8.4 MS2=9.5m P90=16.7m fail20=431 best=8.721 patience=3/12
Cdiag-v8r1[no_first_difference]: refPrior=0.00m autoPrior=10.64m | MS1oracle=3.37m MS1cap=100.0% MS1miss=None | MS2oracle=2.26m MS2cap=99.4% MS2miss=432 | final20=430
epoch=020/60 A_loss=26.20460 [d=3.833 v=5.421 a=0.143 h=0.994] C: prevFinal=10.6 prior=0.0 MS1=8.5 KF=8.7 MS2=9.9m P90=16.7m fail20=430 best=8.721 patience=4/12
Cdiag-v8r1[no_first_difference]: refPrior=0.00m autoPrior=10.10m | MS1oracle=3.37m MS1cap=100.0% MS1miss=None | MS2oracle=2.16m MS2cap=99.4% MS2miss=624 | final20=10
epoch=021/60 A_loss=10.61677 [d=1.283 v=2.304 a=0.142 h=0.989] C: prevFinal=10.1 prior=0.0 MS1=8.4 KF=8.1 MS2=9.2m P90=16.2m fail20=10 best=8.721 patience=5/12
Cdiag-v8r1[no_first_difference]: refPrior=0.00m autoPrior=10.18m | MS1oracle=3.37m MS1cap=100.0% MS1miss=None | MS2oracle=2.19m MS2cap=99.4% MS2miss=624 | final20=10
epoch=022/60 A_loss=14.89167 [d=2.056 v=2.725 a=0.134 h=1.010] C: prevFinal=10.2 prior=0.0 MS1=8.4 KF=8.1 MS2=9.3m P90=16.6m fail20=10 best=8.721 patience=6/12
Cdiag-v8r1[no_first_difference]: refPrior=0.00m autoPrior=31.71m | MS1oracle=3.39m MS1cap=100.0% MS1miss=None | MS2oracle=2.17m MS2cap=99.5% MS2miss=624 | final20=9
epoch=023/60 A_loss=11.00304 [d=1.304 v=2.324 a=0.136 h=1.006] C: prevFinal=9.8 prior=0.0 MS1=8.5 KF=7.6 MS2=8.9m P90=16.3m fail20=9 best=8.721 patience=7/12
Cdiag-v8r1[no_first_difference]: refPrior=0.00m autoPrior=9.98m | MS1oracle=3.36m MS1cap=100.0% MS1miss=None | MS2oracle=2.20m MS2cap=99.4% MS2miss=624 | final20=11
epoch=024/60 A_loss=11.16373 [d=1.431 v=1.977 a=0.135 h=1.003] C: prevFinal=10.0 prior=0.0 MS1=8.4 KF=7.9 MS2=9.0m P90=16.5m fail20=11 best=8.721 patience=8/12
Cdiag-v8r1[no_first_difference]: refPrior=0.00m autoPrior=9.85m | MS1oracle=3.37m MS1cap=100.0% MS1miss=None | MS2oracle=2.16m MS2cap=99.8% MS2miss=432 | final20=9
epoch=025/60 A_loss=13.62897 [d=1.853 v=2.399 a=0.139 h=0.995] C: prevFinal=9.8 prior=0.0 MS1=8.4 KF=7.7 MS2=8.9m P90=16.3m fail20=9 best=8.721 patience=9/12
Cdiag-v8r1[no_first_difference]: refPrior=0.00m autoPrior=9.65m | MS1oracle=3.39m MS1cap=100.0% MS1miss=None | MS2oracle=2.08m MS2cap=99.8% MS2miss=625 | final20=622
epoch=026/60 A_loss=12.12403 [d=1.613 v=2.035 a=0.137 h=0.997] C: prevFinal=9.6 prior=0.0 MS1=8.4 KF=7.4 MS2=8.7m P90=15.9m fail20=622 best=8.702 patience=0/12
Cdiag-v8r1[no_first_difference]: refPrior=0.00m autoPrior=10.49m | MS1oracle=3.39m MS1cap=100.0% MS1miss=None | MS2oracle=2.24m MS2cap=99.7% MS2miss=625 | final20=249
epoch=027/60 A_loss=10.84464 [d=1.385 v=1.928 a=0.135 h=1.005] C: prevFinal=10.5 prior=0.0 MS1=8.5 KF=8.5 MS2=9.6m P90=16.5m fail20=249 best=8.702 patience=1/12
Cdiag-v8r1[no_first_difference]: refPrior=0.00m autoPrior=10.10m | MS1oracle=3.09m MS1cap=100.0% MS1miss=None | MS2oracle=2.37m MS2cap=99.3% MS2miss=772 | final20=734
epoch=028/60 A_loss=11.94259 [d=1.575 v=1.988 a=0.139 h=1.023] C: prevFinal=10.1 prior=0.0 MS1=8.0 KF=8.4 MS2=9.3m P90=16.4m fail20=734 best=8.702 patience=2/12
Cdiag-v8r1[no_first_difference]: refPrior=0.00m autoPrior=10.62m | MS1oracle=3.42m MS1cap=100.0% MS1miss=None | MS2oracle=2.33m MS2cap=99.4% MS2miss=624 | final20=431
epoch=029/60 A_loss=10.82685 [d=1.283 v=2.297 a=0.161 h=1.088] C: prevFinal=10.6 prior=0.0 MS1=8.5 KF=8.8 MS2=9.8m P90=17.5m fail20=431 best=8.702 patience=3/12
Cdiag-v8r1[no_first_difference]: refPrior=0.00m autoPrior=11.24m | MS1oracle=3.38m MS1cap=100.0% MS1miss=None | MS2oracle=2.21m MS2cap=99.8% MS2miss=1113 | final20=10
epoch=030/60 A_loss=12.33882 [d=1.519 v=2.436 a=0.162 h=0.998] C: prevFinal=10.2 prior=0.0 MS1=8.5 KF=8.3 MS2=9.4m P90=16.5m fail20=10 best=8.702 patience=4/12
Cdiag-v8r1[no_first_difference]: refPrior=0.00m autoPrior=10.61m | MS1oracle=3.44m MS1cap=100.0% MS1miss=None | MS2oracle=2.26m MS2cap=99.4% MS2miss=246 | final20=9
epoch=031/60 A_loss=10.62243 [d=1.291 v=2.234 a=0.153 h=0.995] C: prevFinal=10.5 prior=0.0 MS1=8.5 KF=8.5 MS2=9.7m P90=16.5m fail20=9 best=8.702 patience=5/12
Cdiag-v8r1[no_first_difference]: refPrior=0.00m autoPrior=10.40m | MS1oracle=3.43m MS1cap=100.0% MS1miss=None | MS2oracle=2.34m MS2cap=98.9% MS2miss=624 | final20=9
epoch=032/60 A_loss=11.72320 [d=1.547 v=2.028 a=0.157 h=1.014] C: prevFinal=10.4 prior=0.0 MS1=8.6 KF=8.6 MS2=9.6m P90=17.0m fail20=9 best=8.702 patience=6/12
Cdiag-v8r1[no_first_difference]: refPrior=0.00m autoPrior=10.50m | MS1oracle=3.43m MS1cap=100.0% MS1miss=None | MS2oracle=2.20m MS2cap=99.8% MS2miss=772 | final20=9
epoch=033/60 A_loss=10.94685 [d=1.397 v=1.990 a=0.146 h=1.012] C: prevFinal=10.3 prior=0.0 MS1=8.5 KF=8.4 MS2=9.5m P90=16.5m fail20=9 best=8.702 patience=7/12
Cdiag-v8r1[no_first_difference]: refPrior=0.00m autoPrior=10.56m | MS1oracle=3.44m MS1cap=100.0% MS1miss=None | MS2oracle=2.22m MS2cap=99.8% MS2miss=1068 | final20=11
epoch=034/60 A_loss=10.53013 [d=1.324 v=2.013 a=0.152 h=0.999] C: prevFinal=10.5 prior=0.0 MS1=8.5 KF=8.6 MS2=9.7m P90=16.5m fail20=11 best=8.702 patience=8/12
Cdiag-v8r1[no_first_difference]: refPrior=0.00m autoPrior=10.48m | MS1oracle=3.42m MS1cap=100.0% MS1miss=None | MS2oracle=2.26m MS2cap=99.7% MS2miss=769 | final20=9
epoch=035/60 A_loss=10.87012 [d=1.485 v=1.436 a=0.156 h=1.018] C: prevFinal=10.5 prior=0.0 MS1=8.5 KF=8.5 MS2=9.6m P90=16.9m fail20=9 best=8.702 patience=9/12
Cdiag-v8r1[no_first_difference]: refPrior=0.00m autoPrior=10.82m | MS1oracle=3.37m MS1cap=100.0% MS1miss=None | MS2oracle=2.25m MS2cap=99.7% MS2miss=625 | final20=9
epoch=036/60 A_loss=10.74315 [d=1.304 v=2.237 a=0.163 h=1.009] C: prevFinal=10.6 prior=0.0 MS1=8.6 KF=8.6 MS2=9.8m P90=16.5m fail20=9 best=8.702 patience=10/12
Cdiag-v8r1[no_first_difference]: refPrior=0.00m autoPrior=10.94m | MS1oracle=3.38m MS1cap=100.0% MS1miss=None | MS2oracle=2.28m MS2cap=99.2% MS2miss=624 | final20=9
epoch=037/60 A_loss=10.63351 [d=1.280 v=2.334 a=0.160 h=1.006] C: prevFinal=10.5 prior=0.0 MS1=8.5 KF=8.5 MS2=9.7m P90=16.7m fail20=9 best=8.702 patience=11/12
Cdiag-v8r1[no_first_difference]: refPrior=0.00m autoPrior=10.26m | MS1oracle=3.14m MS1cap=100.0% MS1miss=None | MS2oracle=2.15m MS2cap=99.4% MS2miss=246 | final20=247
epoch=038/60 A_loss=10.38140 [d=1.369 v=1.649 a=0.162 h=0.990] C: prevFinal=10.2 prior=0.0 MS1=8.0 KF=8.2 MS2=9.4m P90=16.1m fail20=247 best=8.702 patience=12/12
best Route-C validation MLE=8.702m
route_C (validation, no_first_difference): refPrior=0.000m MS1=8.409m KF=7.440m MS2/final=8.702m P90=15.949m LSR@15=87.52%
route_B (test, no_first_difference): refPrior=0.000m MS1=8.833m KF=7.729m MS2/final=9.352m P90=16.027m LSR@15=86.86%
