Normal FULL v8r1 checkpoint path is empty; searching v36_byTeacher...
Recovered compatible FULL v8r1 checkpoint:
  source: /yh/study/uav-sat/v36_byTeacher/output/mobilenet_v3_small/parameter_ablation/ms2_no_kf_prior/checkpoints/reference_prior_compact_gru_A_native_v8r1_full_mobilenet_v3_small_latest.pt
  target: /yh/study/uav-sat/v36_byTeacher/output/mobilenet_v3_small/checkpoints/reference_prior_compact_gru_A_native_v8r1_full_mobilenet_v3_small.pt

FULL checkpoint ready. Starting GPU6 method-level evaluation sweep...
  search geometry : MS1 forward depth/full support + MS2 grid size
  MeanShift       : bandwidth + mode-merge distance
  network weights : fixed FULL v8r1

METHOD ablation: EVAL ONLY; CPU threads=1

================================================================================================
METHOD ABLATION CASE: ms1_full_6x6
  mode                    = EVAL ONLY (reuse FULL v8r1 checkpoint)
  MS1 search mode         = full
  MS1 forward rows        = 3 (6 candidates per row when forward)
  MS2 grid                = 6x6
  MeanShift bandwidth     = 8.0 m
  MeanShift merge radius  = 2.0 m
  MeanShift iterations    = 3
================================================================================================
CPU THREAD LIMIT: 1
SOURCE CHECKPOINT KIND: best
SOURCE FULL CHECKPOINT: /yh/study/uav-sat/v36_byTeacher/output/mobilenet_v3_small/checkpoints/reference_prior_compact_gru_A_native_v8r1_full_mobilenet_v3_small.pt
ISOLATED CASE ROOT: /yh/study/uav-sat/v36_byTeacher/output/mobilenet_v3_small/method_ablation/ms1_full_6x6
GRU: FULL, weights unchanged
MS1 MODE: full
MS1 CANDIDATES: 36
MS2 GRID: 6x6
MS BANDWIDTH: 8.0
MS MERGE RADIUS: 2.0
MS ITERATIONS: 3
MODE: eval only
================================================================================================
CONTROLLED v8r1 ablation=full
Reference point opens MS1 local window only; it is not a GRU/Kalman/MS2/final input
Temporal training: Route-A ORIGINAL SPEED ONLY
Route-C validation; Route-B final untouched test
MS1 = STRICT FORWARD HALF 3x6 around reference-point coarse prior
Kalman = previous final state + MS1 visual measurement
GRU active groups = ms_xy,temporal_mean,first_difference,previous_motion; input=512-d; previous hidden=256-d
GRU heads predict speed/acceleration/heading CHANGES; polynomial then forms Delta XY
MS2 = full centered 6x6; posterior = visual + Kalman Gaussian prior (sigma=12.0m, weight=1.00)
================================================================================================
route_C (validation, full): refPrior=0.000m MS1=6.035m KF=7.081m MS2/final=8.532m P90=16.161m LSR@15=82.35%
route_B (test, full): refPrior=0.000m MS1=6.550m KF=7.719m MS2/final=9.573m P90=16.728m LSR@15=82.78%

================================================================================================
METHOD ABLATION CASE: ms1_forward_1x6
  mode                    = EVAL ONLY (reuse FULL v8r1 checkpoint)
  MS1 search mode         = forward
  MS1 forward rows        = 1 (6 candidates per row when forward)
  MS2 grid                = 6x6
  MeanShift bandwidth     = 8.0 m
  MeanShift merge radius  = 2.0 m
  MeanShift iterations    = 3
================================================================================================
CPU THREAD LIMIT: 1
SOURCE CHECKPOINT KIND: best
SOURCE FULL CHECKPOINT: /yh/study/uav-sat/v36_byTeacher/output/mobilenet_v3_small/checkpoints/reference_prior_compact_gru_A_native_v8r1_full_mobilenet_v3_small.pt
ISOLATED CASE ROOT: /yh/study/uav-sat/v36_byTeacher/output/mobilenet_v3_small/method_ablation/ms1_forward_1x6
GRU: FULL, weights unchanged
MS1 MODE: forward
MS1 CANDIDATES: 6
MS2 GRID: 6x6
MS BANDWIDTH: 8.0
MS MERGE RADIUS: 2.0
MS ITERATIONS: 3
MODE: eval only
================================================================================================
CONTROLLED v8r1 ablation=full
Reference point opens MS1 local window only; it is not a GRU/Kalman/MS2/final input
Temporal training: Route-A ORIGINAL SPEED ONLY
Route-C validation; Route-B final untouched test
MS1 = STRICT FORWARD HALF 3x6 around reference-point coarse prior
Kalman = previous final state + MS1 visual measurement
GRU active groups = ms_xy,temporal_mean,first_difference,previous_motion; input=512-d; previous hidden=256-d
GRU heads predict speed/acceleration/heading CHANGES; polynomial then forms Delta XY
MS2 = full centered 6x6; posterior = visual + Kalman Gaussian prior (sigma=12.0m, weight=1.00)
================================================================================================
route_C (validation, full): refPrior=0.000m MS1=5.745m KF=6.578m MS2/final=8.079m P90=14.754m LSR@15=90.54%
route_B (test, full): refPrior=0.000m MS1=5.843m KF=6.790m MS2/final=8.596m P90=15.179m LSR@15=89.59%

================================================================================================
METHOD ABLATION CASE: ms1_forward_2x6
  mode                    = EVAL ONLY (reuse FULL v8r1 checkpoint)
  MS1 search mode         = forward
  MS1 forward rows        = 2 (6 candidates per row when forward)
  MS2 grid                = 6x6
  MeanShift bandwidth     = 8.0 m
  MeanShift merge radius  = 2.0 m
  MeanShift iterations    = 3
================================================================================================
CPU THREAD LIMIT: 1
SOURCE CHECKPOINT KIND: best
SOURCE FULL CHECKPOINT: /yh/study/uav-sat/v36_byTeacher/output/mobilenet_v3_small/checkpoints/reference_prior_compact_gru_A_native_v8r1_full_mobilenet_v3_small.pt
ISOLATED CASE ROOT: /yh/study/uav-sat/v36_byTeacher/output/mobilenet_v3_small/method_ablation/ms1_forward_2x6
GRU: FULL, weights unchanged
MS1 MODE: forward
MS1 CANDIDATES: 12
MS2 GRID: 6x6
MS BANDWIDTH: 8.0
MS MERGE RADIUS: 2.0
MS ITERATIONS: 3
MODE: eval only
================================================================================================
CONTROLLED v8r1 ablation=full
Reference point opens MS1 local window only; it is not a GRU/Kalman/MS2/final input
Temporal training: Route-A ORIGINAL SPEED ONLY
Route-C validation; Route-B final untouched test
MS1 = STRICT FORWARD HALF 3x6 around reference-point coarse prior
Kalman = previous final state + MS1 visual measurement
GRU active groups = ms_xy,temporal_mean,first_difference,previous_motion; input=512-d; previous hidden=256-d
GRU heads predict speed/acceleration/heading CHANGES; polynomial then forms Delta XY
MS2 = full centered 6x6; posterior = visual + Kalman Gaussian prior (sigma=12.0m, weight=1.00)
================================================================================================
route_C (validation, full): refPrior=0.000m MS1=6.907m KF=7.483m MS2/final=8.789m P90=15.642m LSR@15=88.31%
route_B (test, full): refPrior=0.000m MS1=7.090m KF=7.806m MS2/final=9.418m P90=16.493m LSR@15=85.63%

================================================================================================
METHOD ABLATION CASE: ms2_grid_4x4
  mode                    = EVAL ONLY (reuse FULL v8r1 checkpoint)
  MS1 search mode         = forward
  MS1 forward rows        = 3 (6 candidates per row when forward)
  MS2 grid                = 4x4
  MeanShift bandwidth     = 8.0 m
  MeanShift merge radius  = 2.0 m
  MeanShift iterations    = 3
================================================================================================
CPU THREAD LIMIT: 1
SOURCE CHECKPOINT KIND: best
SOURCE FULL CHECKPOINT: /yh/study/uav-sat/v36_byTeacher/output/mobilenet_v3_small/checkpoints/reference_prior_compact_gru_A_native_v8r1_full_mobilenet_v3_small.pt
ISOLATED CASE ROOT: /yh/study/uav-sat/v36_byTeacher/output/mobilenet_v3_small/method_ablation/ms2_grid_4x4
GRU: FULL, weights unchanged
MS1 MODE: forward
MS1 CANDIDATES: 18
MS2 GRID: 4x4
MS BANDWIDTH: 8.0
MS MERGE RADIUS: 2.0
MS ITERATIONS: 3
MODE: eval only
================================================================================================
CONTROLLED v8r1 ablation=full
Reference point opens MS1 local window only; it is not a GRU/Kalman/MS2/final input
Temporal training: Route-A ORIGINAL SPEED ONLY
Route-C validation; Route-B final untouched test
MS1 = STRICT FORWARD HALF 3x6 around reference-point coarse prior
Kalman = previous final state + MS1 visual measurement
GRU active groups = ms_xy,temporal_mean,first_difference,previous_motion; input=512-d; previous hidden=256-d
GRU heads predict speed/acceleration/heading CHANGES; polynomial then forms Delta XY
MS2 = full centered 6x6; posterior = visual + Kalman Gaussian prior (sigma=12.0m, weight=1.00)
================================================================================================
route_C (validation, full): refPrior=0.000m MS1=8.544m KF=9.002m MS2/final=10.229m P90=16.461m LSR@15=83.31%
route_B (test, full): refPrior=0.000m MS1=8.819m KF=9.272m MS2/final=10.561m P90=17.579m LSR@15=78.87%

================================================================================================
METHOD ABLATION CASE: ms2_grid_8x8
  mode                    = EVAL ONLY (reuse FULL v8r1 checkpoint)
  MS1 search mode         = forward
  MS1 forward rows        = 3 (6 candidates per row when forward)
  MS2 grid                = 8x8
  MeanShift bandwidth     = 8.0 m
  MeanShift merge radius  = 2.0 m
  MeanShift iterations    = 3
================================================================================================
CPU THREAD LIMIT: 1
SOURCE CHECKPOINT KIND: best
SOURCE FULL CHECKPOINT: /yh/study/uav-sat/v36_byTeacher/output/mobilenet_v3_small/checkpoints/reference_prior_compact_gru_A_native_v8r1_full_mobilenet_v3_small.pt
ISOLATED CASE ROOT: /yh/study/uav-sat/v36_byTeacher/output/mobilenet_v3_small/method_ablation/ms2_grid_8x8
GRU: FULL, weights unchanged
MS1 MODE: forward
MS1 CANDIDATES: 18
MS2 GRID: 8x8
MS BANDWIDTH: 8.0
MS MERGE RADIUS: 2.0
MS ITERATIONS: 3
MODE: eval only
================================================================================================
CONTROLLED v8r1 ablation=full
Reference point opens MS1 local window only; it is not a GRU/Kalman/MS2/final input
Temporal training: Route-A ORIGINAL SPEED ONLY
Route-C validation; Route-B final untouched test
MS1 = STRICT FORWARD HALF 3x6 around reference-point coarse prior
Kalman = previous final state + MS1 visual measurement
GRU active groups = ms_xy,temporal_mean,first_difference,previous_motion; input=512-d; previous hidden=256-d
GRU heads predict speed/acceleration/heading CHANGES; polynomial then forms Delta XY
MS2 = full centered 6x6; posterior = visual + Kalman Gaussian prior (sigma=12.0m, weight=1.00)
================================================================================================
route_C (validation, full): refPrior=0.000m MS1=8.544m KF=8.816m MS2/final=9.916m P90=16.477m LSR@15=84.82%
route_B (test, full): refPrior=0.000m MS1=8.819m KF=9.309m MS2/final=10.765m P90=18.369m LSR@15=78.56%

================================================================================================
METHOD ABLATION CASE: ms_bandwidth_4m
  mode                    = EVAL ONLY (reuse FULL v8r1 checkpoint)
  MS1 search mode         = forward
  MS1 forward rows        = 3 (6 candidates per row when forward)
  MS2 grid                = 6x6
  MeanShift bandwidth     = 4.0 m
  MeanShift merge radius  = 2.0 m
  MeanShift iterations    = 3
================================================================================================
CPU THREAD LIMIT: 1
SOURCE CHECKPOINT KIND: best
SOURCE FULL CHECKPOINT: /yh/study/uav-sat/v36_byTeacher/output/mobilenet_v3_small/checkpoints/reference_prior_compact_gru_A_native_v8r1_full_mobilenet_v3_small.pt
ISOLATED CASE ROOT: /yh/study/uav-sat/v36_byTeacher/output/mobilenet_v3_small/method_ablation/ms_bandwidth_4m
GRU: FULL, weights unchanged
MS1 MODE: forward
MS1 CANDIDATES: 18
MS2 GRID: 6x6
MS BANDWIDTH: 4.0
MS MERGE RADIUS: 2.0
MS ITERATIONS: 3
MODE: eval only
================================================================================================
CONTROLLED v8r1 ablation=full
Reference point opens MS1 local window only; it is not a GRU/Kalman/MS2/final input
Temporal training: Route-A ORIGINAL SPEED ONLY
Route-C validation; Route-B final untouched test
MS1 = STRICT FORWARD HALF 3x6 around reference-point coarse prior
Kalman = previous final state + MS1 visual measurement
GRU active groups = ms_xy,temporal_mean,first_difference,previous_motion; input=512-d; previous hidden=256-d
GRU heads predict speed/acceleration/heading CHANGES; polynomial then forms Delta XY
MS2 = full centered 6x6; posterior = visual + Kalman Gaussian prior (sigma=12.0m, weight=1.00)
================================================================================================
route_C (validation, full): refPrior=0.000m MS1=8.739m KF=9.107m MS2/final=10.278m P90=16.862m LSR@15=82.83%
route_B (test, full): refPrior=0.000m MS1=9.166m KF=9.603m MS2/final=11.030m P90=18.703m LSR@15=77.02%

================================================================================================
METHOD ABLATION CASE: ms_bandwidth_12m
  mode                    = EVAL ONLY (reuse FULL v8r1 checkpoint)
  MS1 search mode         = forward
  MS1 forward rows        = 3 (6 candidates per row when forward)
  MS2 grid                = 6x6
  MeanShift bandwidth     = 12.0 m
  MeanShift merge radius  = 2.0 m
  MeanShift iterations    = 3
================================================================================================
CPU THREAD LIMIT: 1
SOURCE CHECKPOINT KIND: best
SOURCE FULL CHECKPOINT: /yh/study/uav-sat/v36_byTeacher/output/mobilenet_v3_small/checkpoints/reference_prior_compact_gru_A_native_v8r1_full_mobilenet_v3_small.pt
ISOLATED CASE ROOT: /yh/study/uav-sat/v36_byTeacher/output/mobilenet_v3_small/method_ablation/ms_bandwidth_12m
GRU: FULL, weights unchanged
MS1 MODE: forward
MS1 CANDIDATES: 18
MS2 GRID: 6x6
MS BANDWIDTH: 12.0
MS MERGE RADIUS: 2.0
MS ITERATIONS: 3
MODE: eval only
================================================================================================
CONTROLLED v8r1 ablation=full
Reference point opens MS1 local window only; it is not a GRU/Kalman/MS2/final input
Temporal training: Route-A ORIGINAL SPEED ONLY
Route-C validation; Route-B final untouched test
MS1 = STRICT FORWARD HALF 3x6 around reference-point coarse prior
Kalman = previous final state + MS1 visual measurement
GRU active groups = ms_xy,temporal_mean,first_difference,previous_motion; input=512-d; previous hidden=256-d
GRU heads predict speed/acceleration/heading CHANGES; polynomial then forms Delta XY
MS2 = full centered 6x6; posterior = visual + Kalman Gaussian prior (sigma=12.0m, weight=1.00)
================================================================================================
route_C (validation, full): refPrior=0.000m MS1=8.469m KF=8.779m MS2/final=9.855m P90=16.317m LSR@15=85.37%
route_B (test, full): refPrior=0.000m MS1=8.696m KF=9.188m MS2/final=10.552m P90=18.049m LSR@15=79.88%

================================================================================================
METHOD ABLATION CASE: ms_merge_radius_1m
  mode                    = EVAL ONLY (reuse FULL v8r1 checkpoint)
  MS1 search mode         = forward
  MS1 forward rows        = 3 (6 candidates per row when forward)
  MS2 grid                = 6x6
  MeanShift bandwidth     = 8.0 m
  MeanShift merge radius  = 1.0 m
  MeanShift iterations    = 3
================================================================================================
CPU THREAD LIMIT: 1
SOURCE CHECKPOINT KIND: best
SOURCE FULL CHECKPOINT: /yh/study/uav-sat/v36_byTeacher/output/mobilenet_v3_small/checkpoints/reference_prior_compact_gru_A_native_v8r1_full_mobilenet_v3_small.pt
ISOLATED CASE ROOT: /yh/study/uav-sat/v36_byTeacher/output/mobilenet_v3_small/method_ablation/ms_merge_radius_1m
GRU: FULL, weights unchanged
MS1 MODE: forward
MS1 CANDIDATES: 18
MS2 GRID: 6x6
MS BANDWIDTH: 8.0
MS MERGE RADIUS: 1.0
MS ITERATIONS: 3
MODE: eval only
================================================================================================
CONTROLLED v8r1 ablation=full
Reference point opens MS1 local window only; it is not a GRU/Kalman/MS2/final input
Temporal training: Route-A ORIGINAL SPEED ONLY
Route-C validation; Route-B final untouched test
MS1 = STRICT FORWARD HALF 3x6 around reference-point coarse prior
Kalman = previous final state + MS1 visual measurement
GRU active groups = ms_xy,temporal_mean,first_difference,previous_motion; input=512-d; previous hidden=256-d
GRU heads predict speed/acceleration/heading CHANGES; polynomial then forms Delta XY
MS2 = full centered 6x6; posterior = visual + Kalman Gaussian prior (sigma=12.0m, weight=1.00)
================================================================================================
route_C (validation, full): refPrior=0.000m MS1=8.544m KF=8.858m MS2/final=9.936m P90=16.376m LSR@15=84.90%
route_B (test, full): refPrior=0.000m MS1=8.819m KF=9.293m MS2/final=10.674m P90=18.173m LSR@15=79.13%

================================================================================================
METHOD ABLATION CASE: ms_merge_radius_4m
  mode                    = EVAL ONLY (reuse FULL v8r1 checkpoint)
  MS1 search mode         = forward
  MS1 forward rows        = 3 (6 candidates per row when forward)
  MS2 grid                = 6x6
  MeanShift bandwidth     = 8.0 m
  MeanShift merge radius  = 4.0 m
  MeanShift iterations    = 3
================================================================================================
CPU THREAD LIMIT: 1
SOURCE CHECKPOINT KIND: best
SOURCE FULL CHECKPOINT: /yh/study/uav-sat/v36_byTeacher/output/mobilenet_v3_small/checkpoints/reference_prior_compact_gru_A_native_v8r1_full_mobilenet_v3_small.pt
ISOLATED CASE ROOT: /yh/study/uav-sat/v36_byTeacher/output/mobilenet_v3_small/method_ablation/ms_merge_radius_4m
GRU: FULL, weights unchanged
MS1 MODE: forward
MS1 CANDIDATES: 18
MS2 GRID: 6x6
MS BANDWIDTH: 8.0
MS MERGE RADIUS: 4.0
MS ITERATIONS: 3
MODE: eval only
================================================================================================
CONTROLLED v8r1 ablation=full
Reference point opens MS1 local window only; it is not a GRU/Kalman/MS2/final input
Temporal training: Route-A ORIGINAL SPEED ONLY
Route-C validation; Route-B final untouched test
MS1 = STRICT FORWARD HALF 3x6 around reference-point coarse prior
Kalman = previous final state + MS1 visual measurement
GRU active groups = ms_xy,temporal_mean,first_difference,previous_motion; input=512-d; previous hidden=256-d
GRU heads predict speed/acceleration/heading CHANGES; polynomial then forms Delta XY
MS2 = full centered 6x6; posterior = visual + Kalman Gaussian prior (sigma=12.0m, weight=1.00)
================================================================================================
route_C (validation, full): refPrior=0.000m MS1=8.544m KF=8.858m MS2/final=9.936m P90=16.376m LSR@15=84.90%
route_B (test, full): refPrior=0.000m MS1=8.819m KF=9.293m MS2/final=10.674m P90=18.174m LSR@15=79.13%

All requested METHOD-level ablations completed.
