FORCE FULL RETRAIN enabled: removing normal FULL best/latest checkpoints.
No normal FULL v8r1 checkpoint exists.
Training ONE fresh FULL v8r1 baseline; sensitivity cases remain eval-only.
Python: /usr/bin/python3 3.8.10
RUN REVISION: v8r1
GRU ABLATION: full
GRU ACTIVE GROUPS: ms_xy,temporal_mean,first_difference,previous_motion
GRU INPUT DIM: 512
CPU THREAD LIMIT: 1
Python syntax preflight: OK
CONTROLLED v8r1 ablation=full; CPU threads=1
================================================================================================
CONTROLLED v8r1 ablation=full
Reference point opens MS1 local window only; it is not a GRU/Kalman/MS2/final input
Temporal training: Route-A ORIGINAL SPEED ONLY
Route-C validation; Route-B final untouched test
MS1 = STRICT FORWARD HALF 3x6 around reference-point coarse prior
Kalman = previous final state + MS1 visual measurement
GRU active groups = ms_xy,temporal_mean,first_difference,previous_motion; input=512-d; previous hidden=256-d
GRU heads predict speed/acceleration/heading CHANGES; polynomial then forms Delta XY
MS2 = full centered 6x6; posterior = visual + Kalman Gaussian prior (sigma=12.0m, weight=1.00)
================================================================================================
Temporal training v4: Route-A ORIGINAL SPEED ONLY; C=validation; B=test
Route-A target step mean=2.868m median=3.231m p90=3.555m mean|a|=0.307
planned-start alignment: A=0.000m C=0.000m
MS1 v4 = center-adjacent forward 3x6; Kalman positional prior = previous final; frame0 = temporal warm-up
Cdiag-v8r1[full]: refPrior=0.00m autoPrior=10.81m | MS1oracle=3.43m MS1cap=100.0% MS1miss=None | MS2oracle=2.28m MS2cap=99.3% MS2miss=768 | final20=687
epoch=001/60 A_loss=18.07587 [d=2.668 v=3.631 a=0.128 h=0.660] C: prevFinal=10.8 prior=0.0 MS1=8.5 KF=8.9 MS2=9.9m P90=16.4m fail20=687 best=9.936 patience=0/12
Cdiag-v8r1[full]: refPrior=0.00m autoPrior=9.99m | MS1oracle=3.42m MS1cap=100.0% MS1miss=None | MS2oracle=2.18m MS2cap=99.8% MS2miss=246 | final20=10
epoch=002/60 A_loss=17.08981 [d=2.223 v=3.329 a=0.131 h=1.059] C: prevFinal=10.0 prior=0.0 MS1=8.5 KF=8.1 MS2=9.2m P90=16.6m fail20=10 best=9.159 patience=0/12
