[PREPARED] PASS | city=cityd | step=4 m | selection=soft_sequence_v13_multicity_auto_train_fullroute | existing GT/routes unchanged
[CADENCE] source=experiment_route_stats_train_01 | mean=5.837601 m | p90=11.175116 m | p95=12.801230 m
[OK] clean v39 runtime: Forward-18 SoftMS -> GRU -> Kalman -> one final MeanShift
[OK] weighted-centroid decoder removed from generated runtime source
[PATCH OK] GRU = current + delta + delta2 + SAT + SoftMS position + visual displacement + previous state
[PATCH OK] V5 3-frame direct acceleration + next-step correction
[PATCH OK] training/validation/inference motion starts from current-city cadence
[PATCH OK] Kalman = smooth confidence-adaptive measurement-preserving residual fusion
[PATCH OK] step corridor = continuous confidence relaxation
[PATCH OK] no held-out navigation result is read by this patch
[V39-BEARING] final-MS route-centerline reference patch: PASS
[ARCH-AUDIT] forward_18: PASS
[ARCH-AUDIT] base_geometry_6x6: PASS
[ARCH-AUDIT] front_softms_source: PASS
[ARCH-AUDIT] one_final_ms_source: PASS
[ARCH-AUDIT] front_decoder_softms: PASS
[ARCH-AUDIT] simple_seven_block_gru: PASS
[ARCH-AUDIT] residual_motion_head: PASS
[ARCH-AUDIT] causal_visual_displacement: PASS
[ARCH-AUDIT] cadence_initialized_tracker: PASS
[ARCH-AUDIT] motion_training_inference_aligned: PASS
[ARCH-AUDIT] training_city_motion_scale_init: PASS
[ARCH-AUDIT] forward_origin_backshift_covers_jitter: PASS
[ARCH-AUDIT] protocol: PASS
[ARCH-AUDIT] controlled_gt_reference_enabled: PASS
[ARCH-AUDIT] frame_count: PASS
[ARCH-AUDIT] gru_flag: PASS
[ARCH-AUDIT] kalman_flag: PASS
satellite backbone cache: 256/47961
satellite backbone cache: 5376/47961
satellite backbone cache: 10496/47961
satellite backbone cache: 15616/47961
satellite backbone cache: 20736/47961
satellite backbone cache: 25856/47961
satellite backbone cache: 30976/47961
satellite backbone cache: 36096/47961
satellite backbone cache: 41216/47961
satellite backbone cache: 46336/47961
satellite backbone cache: 47961/47961
satellite gallery size=47961
Route A backbone cache: 195/195
Route A visual candidate capture=100.00%
visual epoch=001/30 loss=4.64702 val_softms_mle=9.230m val_p90=14.905m val_lsr10=60.00%
visual epoch=002/30 loss=4.40497 val_softms_mle=7.280m val_p90=12.453m val_lsr10=76.00%
visual epoch=003/30 loss=4.16256 val_softms_mle=6.138m val_p90=10.642m val_lsr10=88.00%
visual epoch=004/30 loss=4.06300 val_softms_mle=5.987m val_p90=9.556m val_lsr10=92.00%
visual epoch=005/30 loss=3.89043 val_softms_mle=6.496m val_p90=10.449m val_lsr10=84.00%
visual epoch=006/30 loss=3.86988 val_softms_mle=6.157m val_p90=10.597m val_lsr10=80.00%
visual epoch=007/30 loss=3.69670 val_softms_mle=5.829m val_p90=10.358m val_lsr10=88.00%
visual epoch=008/30 loss=3.70086 val_softms_mle=5.856m val_p90=10.559m val_lsr10=88.00%
visual epoch=009/30 loss=3.60534 val_softms_mle=5.907m val_p90=10.088m val_lsr10=88.00%
visual epoch=010/30 loss=3.39491 val_softms_mle=6.152m val_p90=10.101m val_lsr10=88.00%
visual epoch=011/30 loss=3.29493 val_softms_mle=6.670m val_p90=11.029m val_lsr10=80.00%
visual epoch=012/30 loss=3.22549 val_softms_mle=6.892m val_p90=11.850m val_lsr10=80.00%
visual epoch=013/30 loss=3.19644 val_softms_mle=7.320m val_p90=11.917m val_lsr10=76.00%
visual epoch=014/30 loss=2.99462 val_softms_mle=6.772m val_p90=11.029m val_lsr10=76.00%
visual epoch=015/30 loss=3.05770 val_softms_mle=6.749m val_p90=11.228m val_lsr10=72.00%
visual early stopping: Route A validation stopped improving
best Route A visual validation SoftMS MLE=5.829m
route_A backbone cache: 195/195
temporal split train=[0,134) val=[138,163) route_length=781.2m
City training-sequence mean forward step=5.875m/frame p90=11.282m/frame
temporal epoch=001/160 loss=11.35770 center_teacher=1.000 acq_teacher=1.000 capture=100.00% bank_capture=100.00% acq_acc=100.00% acq_conf=0.707 radius=0.0m pred_step=5.754 target_step=5.875 pred_v=5.764 target_v=5.875 val_mle=10.023m val_p90=12.910m val_speed_mae=3.359 heading=0.0/-0.9deg val_progress_mae=9.638m val_heading_mae=26.2deg val_capture=96.00% val_bank=96.00% val_acq_acc=100.00% score=10.612 best=10.612 patience=0/14
temporal epoch=002/160 loss=11.23687 center_teacher=1.000 acq_teacher=1.000 capture=100.00% bank_capture=100.00% acq_acc=100.00% acq_conf=0.707 radius=0.0m pred_step=5.323 target_step=5.875 pred_v=5.385 target_v=5.875 val_mle=9.998m val_p90=12.886m val_speed_mae=3.358 heading=-0.0/-0.9deg val_progress_mae=9.613m val_heading_mae=26.2deg val_capture=96.00% val_bank=96.00% val_acq_acc=100.00% score=10.587 best=10.587 patience=0/14
temporal epoch=003/160 loss=11.23211 center_teacher=1.000 acq_teacher=1.000 capture=100.00% bank_capture=100.00% acq_acc=100.00% acq_conf=0.707 radius=0.0m pred_step=5.008 target_step=5.875 pred_v=5.108 target_v=5.875 val_mle=9.965m val_p90=12.854m val_speed_mae=3.375 heading=-0.1/-0.9deg val_progress_mae=9.579m val_heading_mae=26.2deg val_capture=96.00% val_bank=96.00% val_acq_acc=100.00% score=10.554 best=10.554 patience=0/14
temporal epoch=004/160 loss=11.20174 center_teacher=1.000 acq_teacher=1.000 capture=100.00% bank_capture=100.00% acq_acc=100.00% acq_conf=0.707 radius=0.0m pred_step=4.945 target_step=5.875 pred_v=5.053 target_v=5.875 val_mle=9.923m val_p90=12.812m val_speed_mae=3.357 heading=-0.1/-0.9deg val_progress_mae=9.534m val_heading_mae=26.2deg val_capture=96.00% val_bank=96.00% val_acq_acc=100.00% score=10.509 best=10.509 patience=0/14
temporal epoch=005/160 loss=11.12569 center_teacher=1.000 acq_teacher=1.000 capture=100.00% bank_capture=100.00% acq_acc=100.00% acq_conf=0.707 radius=0.0m pred_step=5.075 target_step=5.875 pred_v=5.167 target_v=5.875 val_mle=9.871m val_p90=12.760m val_speed_mae=3.340 heading=-0.0/-0.9deg val_progress_mae=9.480m val_heading_mae=26.2deg val_capture=96.00% val_bank=96.00% val_acq_acc=100.00% score=10.455 best=10.455 patience=0/14
temporal epoch=006/160 loss=11.06282 center_teacher=1.000 acq_teacher=1.000 capture=100.00% bank_capture=100.00% acq_acc=100.00% acq_conf=0.707 radius=0.0m pred_step=5.243 target_step=5.875 pred_v=5.315 target_v=5.875 val_mle=9.810m val_p90=12.700m val_speed_mae=3.352 heading=-0.0/-0.9deg val_progress_mae=9.416m val_heading_mae=26.2deg val_capture=96.00% val_bank=96.00% val_acq_acc=100.00% score=10.393 best=10.393 patience=0/14
temporal epoch=007/160 loss=11.05726 center_teacher=1.000 acq_teacher=1.000 capture=100.00% bank_capture=100.00% acq_acc=100.00% acq_conf=0.707 radius=0.0m pred_step=5.374 target_step=5.875 pred_v=5.429 target_v=5.875 val_mle=9.742m val_p90=12.632m val_speed_mae=3.366 heading=0.0/-0.9deg val_progress_mae=9.344m val_heading_mae=26.2deg val_capture=96.00% val_bank=96.00% val_acq_acc=100.00% score=10.323 best=10.323 patience=0/14
temporal epoch=008/160 loss=10.98946 center_teacher=1.000 acq_teacher=1.000 capture=100.00% bank_capture=100.00% acq_acc=100.00% acq_conf=0.707 radius=0.0m pred_step=5.399 target_step=5.875 pred_v=5.452 target_v=5.875 val_mle=9.667m val_p90=12.558m val_speed_mae=3.362 heading=0.1/-0.9deg val_progress_mae=9.265m val_heading_mae=26.2deg val_capture=96.00% val_bank=96.00% val_acq_acc=100.00% score=10.245 best=10.245 patience=0/14
temporal epoch=009/160 loss=10.91166 center_teacher=1.000 acq_teacher=1.000 capture=100.00% bank_capture=100.00% acq_acc=100.00% acq_conf=0.707 radius=0.0m pred_step=5.367 target_step=5.875 pred_v=5.424 target_v=5.875 val_mle=9.588m val_p90=12.480m val_speed_mae=3.344 heading=0.1/-0.9deg val_progress_mae=9.181m val_heading_mae=26.2deg val_capture=96.00% val_bank=96.00% val_acq_acc=100.00% score=10.163 best=10.163 patience=0/14
temporal epoch=010/160 loss=10.83296 center_teacher=1.000 acq_teacher=1.000 capture=100.00% bank_capture=100.00% acq_acc=100.00% acq_conf=0.707 radius=0.0m pred_step=5.290 target_step=5.875 pred_v=5.356 target_v=5.875 val_mle=9.508m val_p90=12.402m val_speed_mae=3.337 heading=0.1/-0.9deg val_progress_mae=9.096m val_heading_mae=26.2deg val_capture=96.00% val_bank=96.00% val_acq_acc=100.00% score=10.080 best=10.080 patience=0/14
temporal epoch=011/160 loss=10.74202 center_teacher=1.000 acq_teacher=1.000 capture=100.00% bank_capture=100.00% acq_acc=100.00% acq_conf=0.707 radius=0.0m pred_step=5.212 target_step=5.875 pred_v=5.287 target_v=5.875 val_mle=9.429m val_p90=12.325m val_speed_mae=3.341 heading=0.1/-0.9deg val_progress_mae=9.013m val_heading_mae=26.2deg val_capture=96.00% val_bank=96.00% val_acq_acc=100.00% score=9.999 best=9.999 patience=0/14
temporal epoch=012/160 loss=10.66721 center_teacher=1.000 acq_teacher=1.000 capture=100.00% bank_capture=100.00% acq_acc=100.00% acq_conf=0.707 radius=0.0m pred_step=5.150 target_step=5.875 pred_v=5.233 target_v=5.875 val_mle=9.356m val_p90=12.256m val_speed_mae=3.342 heading=0.1/-0.9deg val_progress_mae=8.935m val_heading_mae=26.2deg val_capture=96.00% val_bank=96.00% val_acq_acc=100.00% score=9.923 best=9.923 patience=0/14
temporal epoch=013/160 loss=10.57737 center_teacher=1.000 acq_teacher=1.000 capture=100.00% bank_capture=100.00% acq_acc=100.00% acq_conf=0.707 radius=0.0m pred_step=5.135 target_step=5.875 pred_v=5.220 target_v=5.875 val_mle=9.292m val_p90=12.197m val_speed_mae=3.339 heading=0.1/-0.9deg val_progress_mae=8.866m val_heading_mae=26.1deg val_capture=96.00% val_bank=96.00% val_acq_acc=100.00% score=9.857 best=9.857 patience=0/14
temporal epoch=014/160 loss=10.48320 center_teacher=1.000 acq_teacher=1.000 capture=100.00% bank_capture=100.00% acq_acc=100.00% acq_conf=0.705 radius=0.0m pred_step=5.171 target_step=5.875 pred_v=5.251 target_v=5.875 val_mle=9.244m val_p90=12.157m val_speed_mae=3.336 heading=0.2/-0.9deg val_progress_mae=8.814m val_heading_mae=26.1deg val_capture=96.00% val_bank=96.00% val_acq_acc=100.00% score=9.807 best=9.807 patience=0/14
temporal epoch=015/160 loss=10.39268 center_teacher=1.000 acq_teacher=1.000 capture=100.00% bank_capture=100.00% acq_acc=100.00% acq_conf=0.705 radius=0.0m pred_step=5.211 target_step=5.875 pred_v=5.286 target_v=5.875 val_mle=9.218m val_p90=12.141m val_speed_mae=3.339 heading=0.2/-0.9deg val_progress_mae=8.784m val_heading_mae=26.1deg val_capture=96.00% val_bank=96.00% val_acq_acc=100.00% score=9.780 best=9.780 patience=0/14
temporal epoch=016/160 loss=10.28336 center_teacher=1.000 acq_teacher=1.000 capture=100.00% bank_capture=100.00% acq_acc=100.00% acq_conf=0.705 radius=0.0m pred_step=5.258 target_step=5.875 pred_v=5.328 target_v=5.875 val_mle=9.217m val_p90=12.154m val_speed_mae=3.341 heading=0.2/-0.9deg val_progress_mae=8.781m val_heading_mae=26.1deg val_capture=96.00% val_bank=96.00% val_acq_acc=100.00% score=9.779 best=9.780 patience=1/14
temporal epoch=017/160 loss=10.18501 center_teacher=1.000 acq_teacher=1.000 capture=100.00% bank_capture=100.00% acq_acc=100.00% acq_conf=0.705 radius=0.0m pred_step=5.272 target_step=5.875 pred_v=5.339 target_v=5.875 val_mle=9.244m val_p90=12.198m val_speed_mae=3.342 heading=0.2/-0.9deg val_progress_mae=8.807m val_heading_mae=26.1deg val_capture=96.00% val_bank=96.00% val_acq_acc=100.00% score=9.808 best=9.780 patience=2/14
temporal epoch=018/160 loss=10.08394 center_teacher=1.000 acq_teacher=1.000 capture=100.00% bank_capture=100.00% acq_acc=100.00% acq_conf=0.705 radius=0.0m pred_step=5.280 target_step=5.875 pred_v=5.347 target_v=5.875 val_mle=9.303m val_p90=12.268m val_speed_mae=3.341 heading=0.3/-0.9deg val_progress_mae=8.876m val_heading_mae=26.1deg val_capture=96.00% val_bank=96.00% val_acq_acc=100.00% score=9.868 best=9.780 patience=3/14
temporal epoch=019/160 loss=9.97175 center_teacher=1.000 acq_teacher=1.000 capture=100.00% bank_capture=100.00% acq_acc=100.00% acq_conf=0.705 radius=0.0m pred_step=5.234 target_step=5.875 pred_v=5.306 target_v=5.875 val_mle=9.366m val_p90=12.353m val_speed_mae=3.340 heading=0.3/-0.9deg val_progress_mae=8.939m val_heading_mae=26.1deg val_capture=96.00% val_bank=96.00% val_acq_acc=100.00% score=9.933 best=9.780 patience=4/14
temporal epoch=020/160 loss=9.87222 center_teacher=1.000 acq_teacher=1.000 capture=100.00% bank_capture=100.00% acq_acc=100.00% acq_conf=0.705 radius=0.0m pred_step=5.209 target_step=5.875 pred_v=5.284 target_v=5.875 val_mle=9.425m val_p90=12.437m val_speed_mae=3.340 heading=0.4/-0.9deg val_progress_mae=8.999m val_heading_mae=26.1deg val_capture=96.00% val_bank=96.00% val_acq_acc=100.00% score=9.994 best=9.780 patience=5/14
temporal epoch=021/160 loss=9.73092 center_teacher=1.000 acq_teacher=1.000 capture=100.00% bank_capture=100.00% acq_acc=100.00% acq_conf=0.706 radius=0.0m pred_step=5.207 target_step=5.875 pred_v=5.282 target_v=5.875 val_mle=9.453m val_p90=12.493m val_speed_mae=3.344 heading=0.4/-0.9deg val_progress_mae=9.024m val_heading_mae=26.0deg val_capture=96.00% val_bank=96.00% val_acq_acc=100.00% score=10.023 best=9.780 patience=6/14
temporal epoch=022/160 loss=9.62607 center_teacher=1.000 acq_teacher=1.000 capture=100.00% bank_capture=100.00% acq_acc=100.00% acq_conf=0.706 radius=0.0m pred_step=5.206 target_step=5.875 pred_v=5.281 target_v=5.875 val_mle=9.438m val_p90=12.510m val_speed_mae=3.344 heading=0.5/-0.9deg val_progress_mae=9.004m val_heading_mae=26.0deg val_capture=96.00% val_bank=96.00% val_acq_acc=100.00% score=10.008 best=9.780 patience=7/14
temporal epoch=023/160 loss=9.49760 center_teacher=1.000 acq_teacher=1.000 capture=100.00% bank_capture=100.00% acq_acc=100.00% acq_conf=0.706 radius=0.0m pred_step=5.194 target_step=5.875 pred_v=5.271 target_v=5.875 val_mle=9.371m val_p90=12.475m val_speed_mae=3.338 heading=0.5/-0.9deg val_progress_mae=8.926m val_heading_mae=26.0deg val_capture=96.00% val_bank=96.00% val_acq_acc=100.00% score=9.938 best=9.780 patience=8/14
temporal epoch=024/160 loss=9.38993 center_teacher=1.000 acq_teacher=1.000 capture=100.00% bank_capture=100.00% acq_acc=100.00% acq_conf=0.706 radius=0.0m pred_step=5.176 target_step=5.875 pred_v=5.255 target_v=5.875 val_mle=9.222m val_p90=12.349m val_speed_mae=3.329 heading=0.5/-0.9deg val_progress_mae=8.760m val_heading_mae=26.0deg val_capture=96.00% val_bank=96.00% val_acq_acc=100.00% score=9.783 best=9.780 patience=9/14
temporal epoch=025/160 loss=9.29624 center_teacher=1.000 acq_teacher=1.000 capture=100.00% bank_capture=100.00% acq_acc=100.00% acq_conf=0.706 radius=0.0m pred_step=5.080 target_step=5.875 pred_v=5.170 target_v=5.875 val_mle=9.019m val_p90=12.153m val_speed_mae=3.328 heading=0.6/-0.9deg val_progress_mae=8.536m val_heading_mae=26.0deg val_capture=96.00% val_bank=96.00% val_acq_acc=100.00% score=9.573 best=9.573 patience=0/14
temporal epoch=026/160 loss=9.19111 center_teacher=1.000 acq_teacher=1.000 capture=100.00% bank_capture=100.00% acq_acc=100.00% acq_conf=0.706 radius=0.0m pred_step=5.040 target_step=5.875 pred_v=5.135 target_v=5.875 val_mle=8.875m val_p90=12.015m val_speed_mae=3.351 heading=0.7/-0.9deg val_progress_mae=8.375m val_heading_mae=26.0deg val_capture=96.00% val_bank=96.00% val_acq_acc=100.00% score=9.426 best=9.426 patience=0/14
temporal epoch=027/160 loss=9.11134 center_teacher=1.000 acq_teacher=1.000 capture=100.00% bank_capture=100.00% acq_acc=100.00% acq_conf=0.706 radius=0.0m pred_step=5.300 target_step=5.875 pred_v=5.364 target_v=5.875 val_mle=8.796m val_p90=11.943m val_speed_mae=3.373 heading=0.8/-0.9deg val_progress_mae=8.284m val_heading_mae=26.0deg val_capture=96.00% val_bank=96.00% val_acq_acc=100.00% score=9.345 best=9.345 patience=0/14
temporal epoch=028/160 loss=9.04041 center_teacher=1.000 acq_teacher=1.000 capture=100.00% bank_capture=100.00% acq_acc=100.00% acq_conf=0.706 radius=0.0m pred_step=5.269 target_step=5.875 pred_v=5.338 target_v=5.875 val_mle=8.695m val_p90=11.910m val_speed_mae=3.363 heading=0.8/-0.9deg val_progress_mae=8.235m val_heading_mae=26.0deg val_capture=96.00% val_bank=96.00% val_acq_acc=100.00% score=9.243 best=9.243 patience=0/14
temporal epoch=029/160 loss=8.98156 center_teacher=1.000 acq_teacher=1.000 capture=100.00% bank_capture=100.00% acq_acc=100.00% acq_conf=0.706 radius=0.0m pred_step=5.174 target_step=5.875 pred_v=5.254 target_v=5.875 val_mle=8.679m val_p90=11.830m val_speed_mae=3.338 heading=0.8/-0.9deg val_progress_mae=8.150m val_heading_mae=26.0deg val_capture=96.00% val_bank=96.00% val_acq_acc=100.00% score=9.223 best=9.223 patience=0/14
temporal epoch=030/160 loss=8.92692 center_teacher=1.000 acq_teacher=1.000 capture=100.00% bank_capture=100.00% acq_acc=100.00% acq_conf=0.706 radius=0.0m pred_step=5.064 target_step=5.875 pred_v=5.157 target_v=5.875 val_mle=8.570m val_p90=11.707m val_speed_mae=3.329 heading=0.8/-0.9deg val_progress_mae=8.030m val_heading_mae=26.0deg val_capture=96.00% val_bank=96.00% val_acq_acc=100.00% score=9.110 best=9.110 patience=0/14
temporal epoch=031/160 loss=8.87327 center_teacher=1.000 acq_teacher=1.000 capture=100.00% bank_capture=100.00% acq_acc=100.00% acq_conf=0.706 radius=0.0m pred_step=5.119 target_step=5.875 pred_v=5.205 target_v=5.875 val_mle=8.546m val_p90=11.677m val_speed_mae=3.357 heading=0.8/-0.9deg val_progress_mae=8.002m val_heading_mae=26.0deg val_capture=96.00% val_bank=96.00% val_acq_acc=100.00% score=9.086 best=9.086 patience=0/14
temporal epoch=032/160 loss=8.85247 center_teacher=1.000 acq_teacher=1.000 capture=100.00% bank_capture=100.00% acq_acc=100.00% acq_conf=0.706 radius=0.0m pred_step=5.193 target_step=5.875 pred_v=5.271 target_v=5.875 val_mle=8.488m val_p90=11.608m val_speed_mae=3.352 heading=0.8/-0.9deg val_progress_mae=7.938m val_heading_mae=26.0deg val_capture=96.00% val_bank=96.00% val_acq_acc=100.00% score=9.026 best=9.026 patience=0/14
temporal epoch=033/160 loss=8.80234 center_teacher=1.000 acq_teacher=1.000 capture=100.00% bank_capture=100.00% acq_acc=100.00% acq_conf=0.706 radius=0.0m pred_step=5.140 target_step=5.875 pred_v=5.224 target_v=5.875 val_mle=8.570m val_p90=11.695m val_speed_mae=3.337 heading=0.7/-0.9deg val_progress_mae=8.025m val_heading_mae=26.0deg val_capture=96.00% val_bank=96.00% val_acq_acc=100.00% score=9.110 best=9.026 patience=1/14
temporal epoch=034/160 loss=8.73056 center_teacher=1.000 acq_teacher=1.000 capture=100.00% bank_capture=100.00% acq_acc=100.00% acq_conf=0.706 radius=0.0m pred_step=5.094 target_step=5.875 pred_v=5.184 target_v=5.875 val_mle=8.387m val_p90=11.480m val_speed_mae=3.308 heading=0.7/-0.9deg val_progress_mae=7.824m val_heading_mae=26.0deg val_capture=96.00% val_bank=96.00% val_acq_acc=100.00% score=8.919 best=8.919 patience=0/14
temporal epoch=035/160 loss=8.69861 center_teacher=1.000 acq_teacher=1.000 capture=100.00% bank_capture=100.00% acq_acc=100.00% acq_conf=0.706 radius=0.0m pred_step=4.776 target_step=5.875 pred_v=4.903 target_v=5.875 val_mle=8.589m val_p90=11.703m val_speed_mae=3.445 heading=0.7/-0.9deg val_progress_mae=8.043m val_heading_mae=26.0deg val_capture=96.00% val_bank=96.00% val_acq_acc=100.00% score=9.135 best=8.919 patience=1/14
temporal epoch=036/160 loss=8.86665 center_teacher=1.000 acq_teacher=1.000 capture=100.00% bank_capture=100.00% acq_acc=100.00% acq_conf=0.706 radius=0.0m pred_step=5.628 target_step=5.875 pred_v=5.655 target_v=5.875 val_mle=8.411m val_p90=11.490m val_speed_mae=3.310 heading=0.7/-0.9deg val_progress_mae=7.847m val_heading_mae=26.1deg val_capture=96.00% val_bank=96.00% val_acq_acc=100.00% score=8.944 best=8.919 patience=2/14
temporal epoch=037/160 loss=8.67006 center_teacher=1.000 acq_teacher=1.000 capture=100.00% bank_capture=100.00% acq_acc=100.00% acq_conf=0.706 radius=0.0m pred_step=4.666 target_step=5.875 pred_v=4.807 target_v=5.875 val_mle=8.432m val_p90=11.507m val_speed_mae=3.348 heading=0.6/-0.9deg val_progress_mae=7.868m val_heading_mae=26.1deg val_capture=96.00% val_bank=96.00% val_acq_acc=100.00% score=8.968 best=8.919 patience=3/14
temporal epoch=038/160 loss=8.60149 center_teacher=1.000 acq_teacher=1.000 capture=100.00% bank_capture=100.00% acq_acc=100.00% acq_conf=0.706 radius=0.0m pred_step=4.824 target_step=5.875 pred_v=4.946 target_v=5.875 val_mle=8.539m val_p90=11.630m val_speed_mae=3.417 heading=0.6/-0.9deg val_progress_mae=7.984m val_heading_mae=26.1deg val_capture=96.00% val_bank=96.00% val_acq_acc=100.00% score=9.082 best=8.919 patience=4/14
temporal epoch=039/160 loss=8.73208 center_teacher=1.000 acq_teacher=1.000 capture=100.00% bank_capture=100.00% acq_acc=100.00% acq_conf=0.706 radius=0.0m pred_step=5.586 target_step=5.875 pred_v=5.619 target_v=5.875 val_mle=8.413m val_p90=11.490m val_speed_mae=3.317 heading=0.7/-0.9deg val_progress_mae=7.844m val_heading_mae=26.1deg val_capture=96.00% val_bank=96.00% val_acq_acc=100.00% score=8.947 best=8.919 patience=5/14
temporal epoch=040/160 loss=8.51688 center_teacher=1.000 acq_teacher=1.000 capture=100.00% bank_capture=100.00% acq_acc=100.00% acq_conf=0.706 radius=0.0m pred_step=5.063 target_step=5.875 pred_v=5.157 target_v=5.875 val_mle=8.557m val_p90=11.676m val_speed_mae=3.429 heading=0.5/-0.9deg val_progress_mae=7.999m val_heading_mae=26.1deg val_capture=96.00% val_bank=96.00% val_acq_acc=100.00% score=9.100 best=8.919 patience=6/14
temporal epoch=041/160 loss=8.61735 center_teacher=1.000 acq_teacher=1.000 capture=100.00% bank_capture=100.00% acq_acc=100.00% acq_conf=0.706 radius=0.0m pred_step=4.511 target_step=5.875 pred_v=4.671 target_v=5.875 val_mle=8.257m val_p90=11.369m val_speed_mae=3.350 heading=0.5/-0.9deg val_progress_mae=7.670m val_heading_mae=26.1deg val_capture=96.00% val_bank=96.00% val_acq_acc=100.00% score=8.787 best=8.787 patience=0/14
temporal epoch=042/160 loss=8.49291 center_teacher=1.000 acq_teacher=1.000 capture=100.00% bank_capture=100.00% acq_acc=100.00% acq_conf=0.706 radius=0.0m pred_step=5.060 target_step=5.875 pred_v=5.155 target_v=5.875 val_mle=8.424m val_p90=11.561m val_speed_mae=3.754 heading=0.5/-0.9deg val_progress_mae=7.854m val_heading_mae=26.1deg val_capture=96.00% val_bank=96.00% val_acq_acc=100.00% score=8.980 best=8.787 patience=1/14
temporal epoch=043/160 loss=9.11724 center_teacher=1.000 acq_teacher=1.000 capture=100.00% bank_capture=100.00% acq_acc=100.00% acq_conf=0.706 radius=0.0m pred_step=6.366 target_step=5.875 pred_v=6.309 target_v=5.875 val_mle=8.471m val_p90=11.635m val_speed_mae=3.503 heading=0.6/-0.9deg val_progress_mae=7.904m val_heading_mae=26.2deg val_capture=96.00% val_bank=96.00% val_acq_acc=100.00% score=9.016 best=8.787 patience=2/14
temporal epoch=044/160 loss=9.34632 center_teacher=1.000 acq_teacher=1.000 capture=100.00% bank_capture=100.00% acq_acc=100.00% acq_conf=0.707 radius=0.0m pred_step=3.768 target_step=5.875 pred_v=4.019 target_v=5.875 val_mle=8.412m val_p90=11.599m val_speed_mae=3.767 heading=0.2/-0.9deg val_progress_mae=7.830m val_heading_mae=26.3deg val_capture=96.00% val_bank=96.00% val_acq_acc=100.00% score=8.968 best=8.787 patience=3/14
temporal epoch=045/160 loss=8.43013 center_teacher=1.000 acq_teacher=1.000 capture=100.00% bank_capture=100.00% acq_acc=100.00% acq_conf=0.707 radius=0.0m pred_step=4.608 target_step=5.875 pred_v=4.758 target_v=5.875 val_mle=8.514m val_p90=11.734m val_speed_mae=4.454 heading=0.1/-0.9deg val_progress_mae=7.941m val_heading_mae=26.3deg val_capture=96.00% val_bank=96.00% val_acq_acc=100.00% score=9.107 best=8.787 patience=4/14
temporal epoch=046/160 loss=10.59824 center_teacher=1.000 acq_teacher=1.000 capture=100.00% bank_capture=100.00% acq_acc=100.00% acq_conf=0.707 radius=0.0m pred_step=7.660 target_step=5.875 pred_v=7.447 target_v=5.875 val_mle=8.304m val_p90=11.519m val_speed_mae=3.656 heading=0.2/-0.9deg val_progress_mae=7.708m val_heading_mae=26.4deg val_capture=96.00% val_bank=96.00% val_acq_acc=100.00% score=8.851 best=8.787 patience=5/14
temporal epoch=047/160 loss=8.32794 center_teacher=1.000 acq_teacher=1.000 capture=100.00% bank_capture=100.00% acq_acc=100.00% acq_conf=0.709 radius=0.0m pred_step=5.512 target_step=5.875 pred_v=5.555 target_v=5.875 val_mle=8.556m val_p90=11.827m val_speed_mae=5.084 heading=-0.4/-0.9deg val_progress_mae=7.983m val_heading_mae=26.5deg val_capture=96.00% val_bank=96.00% val_acq_acc=100.00% score=9.183 best=8.787 patience=6/14
temporal epoch=048/160 loss=10.39513 center_teacher=1.000 acq_teacher=1.000 capture=100.00% bank_capture=100.00% acq_acc=100.00% acq_conf=0.710 radius=0.0m pred_step=2.771 target_step=5.875 pred_v=3.149 target_v=5.875 val_mle=8.499m val_p90=11.784m val_speed_mae=3.900 heading=-0.8/-0.9deg val_progress_mae=7.918m val_heading_mae=26.6deg val_capture=96.00% val_bank=96.00% val_acq_acc=100.00% score=9.065 best=8.787 patience=7/14
temporal epoch=049/160 loss=8.35783 center_teacher=1.000 acq_teacher=1.000 capture=100.00% bank_capture=100.00% acq_acc=100.00% acq_conf=0.710 radius=0.0m pred_step=4.709 target_step=5.875 pred_v=4.851 target_v=5.875 val_mle=8.232m val_p90=11.473m val_speed_mae=4.175 heading=-0.8/-0.9deg val_progress_mae=7.624m val_heading_mae=26.6deg val_capture=96.00% val_bank=96.00% val_acq_acc=100.00% score=8.803 best=8.787 patience=8/14
temporal epoch=050/160 loss=10.72002 center_teacher=1.000 acq_teacher=1.000 capture=100.00% bank_capture=100.00% acq_acc=100.00% acq_conf=0.710 radius=0.0m pred_step=7.722 target_step=5.875 pred_v=7.492 target_v=5.875 val_mle=8.613m val_p90=12.185m val_speed_mae=4.536 heading=-0.7/-0.9deg val_progress_mae=8.031m val_heading_mae=26.7deg val_capture=92.00% val_bank=92.00% val_acq_acc=100.00% score=9.294 best=8.787 patience=9/14
temporal epoch=051/160 loss=9.51991 center_teacher=1.000 acq_teacher=1.000 capture=100.00% bank_capture=100.00% acq_acc=100.00% acq_conf=0.710 radius=0.0m pred_step=7.185 target_step=5.875 pred_v=7.018 target_v=5.875 val_mle=8.475m val_p90=12.078m val_speed_mae=5.279 heading=-1.2/-0.9deg val_progress_mae=7.867m val_heading_mae=27.0deg val_capture=92.00% val_bank=92.00% val_acq_acc=100.00% score=9.189 best=8.787 patience=10/14
temporal epoch=052/160 loss=11.20945 center_teacher=1.000 acq_teacher=1.000 capture=100.00% bank_capture=100.00% acq_acc=100.00% acq_conf=0.708 radius=0.0m pred_step=1.967 target_step=5.875 pred_v=2.305 target_v=5.875 val_mle=8.490m val_p90=12.026m val_speed_mae=5.342 heading=-2.0/-0.9deg val_progress_mae=7.887m val_heading_mae=27.3deg val_capture=92.00% val_bank=92.00% val_acq_acc=100.00% score=9.209 best=8.787 patience=11/14
temporal epoch=053/160 loss=11.69672 center_teacher=1.000 acq_teacher=1.000 capture=100.00% bank_capture=100.00% acq_acc=100.00% acq_conf=0.709 radius=0.0m pred_step=1.434 target_step=5.875 pred_v=1.878 target_v=5.875 val_mle=8.527m val_p90=12.175m val_speed_mae=3.625 heading=-2.2/-0.9deg val_progress_mae=7.920m val_heading_mae=27.3deg val_capture=92.00% val_bank=92.00% val_acq_acc=100.00% score=9.160 best=8.787 patience=12/14
temporal epoch=054/160 loss=9.04986 center_teacher=1.000 acq_teacher=1.000 capture=100.00% bank_capture=100.00% acq_acc=100.00% acq_conf=0.708 radius=0.0m pred_step=4.928 target_step=5.875 pred_v=5.032 target_v=5.875 val_mle=8.101m val_p90=11.530m val_speed_mae=3.635 heading=-2.1/-0.9deg val_progress_mae=7.456m val_heading_mae=27.5deg val_capture=92.00% val_bank=92.00% val_acq_acc=100.00% score=8.722 best=8.722 patience=0/14
temporal epoch=055/160 loss=9.55431 center_teacher=1.000 acq_teacher=1.000 capture=100.00% bank_capture=100.00% acq_acc=100.00% acq_conf=0.709 radius=0.0m pred_step=6.394 target_step=5.875 pred_v=6.308 target_v=5.875 val_mle=8.193m val_p90=11.657m val_speed_mae=3.636 heading=-2.5/-0.9deg val_progress_mae=7.547m val_heading_mae=27.8deg val_capture=92.00% val_bank=92.00% val_acq_acc=100.00% score=8.817 best=8.722 patience=1/14
temporal epoch=056/160 loss=8.99816 center_teacher=1.000 acq_teacher=1.000 capture=100.00% bank_capture=100.00% acq_acc=100.00% acq_conf=0.705 radius=0.0m pred_step=6.075 target_step=5.875 pred_v=6.037 target_v=5.875 val_mle=8.758m val_p90=12.532m val_speed_mae=3.425 heading=-3.0/-0.9deg val_progress_mae=8.171m val_heading_mae=28.0deg val_capture=92.00% val_bank=92.00% val_acq_acc=100.00% score=9.390 best=8.722 patience=2/14
temporal epoch=057/160 loss=9.04566 center_teacher=1.000 acq_teacher=1.000 capture=100.00% bank_capture=100.00% acq_acc=100.00% acq_conf=0.708 radius=0.0m pred_step=3.733 target_step=5.875 pred_v=4.014 target_v=5.875 val_mle=8.664m val_p90=12.374m val_speed_mae=5.157 heading=-3.3/-0.9deg val_progress_mae=8.068m val_heading_mae=28.1deg val_capture=92.00% val_bank=92.00% val_acq_acc=100.00% score=9.381 best=8.722 patience=3/14
temporal epoch=058/160 loss=9.99826 center_teacher=1.000 acq_teacher=1.000 capture=100.00% bank_capture=100.00% acq_acc=100.00% acq_conf=0.708 radius=0.0m pred_step=2.605 target_step=5.875 pred_v=3.041 target_v=5.875 val_mle=8.372m val_p90=12.080m val_speed_mae=3.273 heading=-3.7/-0.9deg val_progress_mae=7.739m val_heading_mae=28.2deg val_capture=92.00% val_bank=92.00% val_acq_acc=100.00% score=8.984 best=8.722 patience=4/14
temporal epoch=059/160 loss=9.27460 center_teacher=1.000 acq_teacher=1.000 capture=100.00% bank_capture=100.00% acq_acc=100.00% acq_conf=0.708 radius=0.0m pred_step=6.355 target_step=5.875 pred_v=6.288 target_v=5.875 val_mle=8.396m val_p90=11.948m val_speed_mae=3.996 heading=-3.6/-0.9deg val_progress_mae=7.767m val_heading_mae=28.3deg val_capture=92.00% val_bank=92.00% val_acq_acc=100.00% score=9.046 best=8.722 patience=5/14
temporal epoch=060/160 loss=9.42570 center_teacher=1.000 acq_teacher=1.000 capture=100.00% bank_capture=100.00% acq_acc=100.00% acq_conf=0.708 radius=0.0m pred_step=7.332 target_step=5.875 pred_v=7.129 target_v=5.875 val_mle=8.386m val_p90=12.123m val_speed_mae=3.509 heading=-3.7/-0.9deg val_progress_mae=7.754m val_heading_mae=28.3deg val_capture=92.00% val_bank=92.00% val_acq_acc=100.00% score=9.011 best=8.722 patience=6/14
temporal epoch=061/160 loss=8.82860 center_teacher=1.000 acq_teacher=1.000 capture=100.00% bank_capture=100.00% acq_acc=100.00% acq_conf=0.708 radius=0.0m pred_step=4.155 target_step=5.875 pred_v=4.373 target_v=5.875 val_mle=8.580m val_p90=12.326m val_speed_mae=4.442 heading=-3.9/-0.9deg val_progress_mae=7.917m val_heading_mae=28.3deg val_capture=92.00% val_bank=92.00% val_acq_acc=100.00% score=9.256 best=8.722 patience=7/14
temporal epoch=062/160 loss=8.64362 center_teacher=1.000 acq_teacher=1.000 capture=100.00% bank_capture=100.00% acq_acc=100.00% acq_conf=0.708 radius=0.0m pred_step=3.882 target_step=5.875 pred_v=4.130 target_v=5.875 val_mle=8.251m val_p90=11.202m val_speed_mae=3.437 heading=-4.0/-0.9deg val_progress_mae=7.661m val_heading_mae=28.5deg val_capture=92.00% val_bank=92.00% val_acq_acc=100.00% score=8.869 best=8.722 patience=8/14
temporal epoch=063/160 loss=8.39607 center_teacher=1.000 acq_teacher=1.000 capture=100.00% bank_capture=100.00% acq_acc=100.00% acq_conf=0.708 radius=0.0m pred_step=6.075 target_step=5.875 pred_v=6.036 target_v=5.875 val_mle=8.418m val_p90=11.323m val_speed_mae=3.456 heading=-4.1/-0.9deg val_progress_mae=7.652m val_heading_mae=28.7deg val_capture=92.00% val_bank=92.00% val_acq_acc=100.00% score=9.038 best=8.722 patience=9/14
temporal epoch=064/160 loss=8.81324 center_teacher=1.000 acq_teacher=1.000 capture=100.00% bank_capture=100.00% acq_acc=100.00% acq_conf=0.708 radius=0.0m pred_step=6.983 target_step=5.875 pred_v=6.823 target_v=5.875 val_mle=8.326m val_p90=11.210m val_speed_mae=3.555 heading=-4.3/-0.9deg val_progress_mae=7.544m val_heading_mae=28.9deg val_capture=92.00% val_bank=92.00% val_acq_acc=100.00% score=8.948 best=8.722 patience=10/14
temporal epoch=065/160 loss=8.53892 center_teacher=1.000 acq_teacher=1.000 capture=100.00% bank_capture=100.00% acq_acc=100.00% acq_conf=0.708 radius=0.0m pred_step=4.452 target_step=5.875 pred_v=4.650 target_v=5.875 val_mle=8.422m val_p90=11.394m val_speed_mae=3.800 heading=-4.7/-0.9deg val_progress_mae=7.648m val_heading_mae=28.9deg val_capture=92.00% val_bank=92.00% val_acq_acc=100.00% score=9.059 best=8.722 patience=11/14
temporal epoch=066/160 loss=8.14278 center_teacher=1.000 acq_teacher=1.000 capture=100.00% bank_capture=100.00% acq_acc=100.00% acq_conf=0.708 radius=0.0m pred_step=4.775 target_step=5.875 pred_v=4.904 target_v=5.875 val_mle=8.179m val_p90=11.132m val_speed_mae=3.468 heading=-4.5/-0.9deg val_progress_mae=7.342m val_heading_mae=29.1deg val_capture=92.00% val_bank=92.00% val_acq_acc=100.00% score=8.791 best=8.722 patience=12/14
temporal epoch=067/160 loss=8.18601 center_teacher=1.000 acq_teacher=1.000 capture=100.00% bank_capture=100.00% acq_acc=100.00% acq_conf=0.708 radius=0.0m pred_step=5.670 target_step=5.875 pred_v=5.677 target_v=5.875 val_mle=8.201m val_p90=11.265m val_speed_mae=3.283 heading=-4.8/-0.9deg val_progress_mae=7.371m val_heading_mae=29.3deg val_capture=92.00% val_bank=92.00% val_acq_acc=100.00% score=8.805 best=8.722 patience=13/14
temporal epoch=068/160 loss=8.33399 center_teacher=1.000 acq_teacher=1.000 capture=100.00% bank_capture=100.00% acq_acc=100.00% acq_conf=0.708 radius=0.0m pred_step=6.267 target_step=5.875 pred_v=6.197 target_v=5.875 val_mle=8.221m val_p90=11.289m val_speed_mae=3.647 heading=-4.9/-0.9deg val_progress_mae=7.391m val_heading_mae=29.5deg val_capture=92.00% val_bank=92.00% val_acq_acc=100.00% score=8.844 best=8.722 patience=14/14
EARLY STOP: controlled local-prior validation score did not improve by 0.003 for 14 epochs.
