[PREPARED] PASS | city=cityd | step=4 m | selection=soft_sequence_v13_multicity_auto_train_fullroute | existing GT/routes unchanged
[CADENCE] source=experiment_route_stats_train_01 | mean=5.837601 m | p90=11.175116 m | p95=12.801230 m
[OK] clean v39 runtime: Forward-18 SoftMS -> GRU -> Kalman -> one final MeanShift
[OK] weighted-centroid decoder removed from generated runtime source
[PATCH OK] GRU = current + delta + delta2 + SAT + SoftMS position + visual displacement + previous state
[PATCH OK] V5 3-frame direct acceleration + next-step correction
[PATCH OK] training/validation/inference motion starts from current-city cadence
[PATCH OK] Kalman = smooth confidence-adaptive measurement-preserving residual fusion
[PATCH OK] step corridor = continuous confidence relaxation
[PATCH OK] no held-out navigation result is read by this patch
[V39-BEARING] final-MS route-centerline reference patch: PASS
[ARCH-AUDIT] forward_18: PASS
[ARCH-AUDIT] base_geometry_6x6: PASS
[ARCH-AUDIT] front_softms_source: PASS
[ARCH-AUDIT] one_final_ms_source: PASS
[ARCH-AUDIT] front_decoder_softms: PASS
[ARCH-AUDIT] simple_seven_block_gru: PASS
[ARCH-AUDIT] residual_motion_head: PASS
[ARCH-AUDIT] causal_visual_displacement: PASS
[ARCH-AUDIT] cadence_initialized_tracker: PASS
[ARCH-AUDIT] motion_training_inference_aligned: PASS
[ARCH-AUDIT] training_city_motion_scale_init: PASS
[ARCH-AUDIT] forward_origin_backshift_covers_jitter: PASS
[ARCH-AUDIT] protocol: PASS
[ARCH-AUDIT] controlled_gt_reference_enabled: PASS
[ARCH-AUDIT] frame_count: PASS
[ARCH-AUDIT] gru_flag: PASS
[ARCH-AUDIT] kalman_flag: PASS
[TRAIN] reuse visual checkpoint /yh/study/uav-sat/v39_otherdata/output/cityd_full3f_tuned_20260922_001910/cityd/train_frames3/checkpoints/visual_retrieval_A_only.pt
route_A: reuse UAV backbone cache
temporal split train=[0,134) val=[138,163) route_length=781.2m
City training-sequence mean forward step=5.875m/frame p90=11.282m/frame
temporal epoch=001/160 loss=11.31210 center_teacher=1.000 acq_teacher=1.000 capture=100.00% bank_capture=100.00% acq_acc=100.00% acq_conf=0.707 radius=0.0m pred_step=5.694 target_step=5.875 pred_v=5.715 target_v=5.875 val_mle=10.022m val_p90=12.909m val_speed_mae=3.346 heading=-0.0/-0.9deg val_progress_mae=9.638m val_heading_mae=26.2deg val_capture=96.00% val_bank=96.00% val_acq_acc=100.00% score=10.611 best=10.611 patience=0/14
temporal epoch=002/160 loss=11.26756 center_teacher=1.000 acq_teacher=1.000 capture=100.00% bank_capture=100.00% acq_acc=100.00% acq_conf=0.707 radius=0.0m pred_step=5.021 target_step=5.875 pred_v=5.138 target_v=5.875 val_mle=9.997m val_p90=12.884m val_speed_mae=3.395 heading=-0.1/-0.9deg val_progress_mae=9.612m val_heading_mae=26.2deg val_capture=96.00% val_bank=96.00% val_acq_acc=100.00% score=10.588 best=10.588 patience=0/14
temporal epoch=003/160 loss=11.27711 center_teacher=1.000 acq_teacher=1.000 capture=100.00% bank_capture=100.00% acq_acc=100.00% acq_conf=0.707 radius=0.0m pred_step=4.796 target_step=5.875 pred_v=4.945 target_v=5.875 val_mle=9.964m val_p90=12.851m val_speed_mae=3.363 heading=-0.1/-0.9deg val_progress_mae=9.577m val_heading_mae=26.2deg val_capture=96.00% val_bank=96.00% val_acq_acc=100.00% score=10.552 best=10.552 patience=0/14
temporal epoch=004/160 loss=11.17404 center_teacher=1.000 acq_teacher=1.000 capture=100.00% bank_capture=100.00% acq_acc=100.00% acq_conf=0.707 radius=0.0m pred_step=4.968 target_step=5.875 pred_v=5.093 target_v=5.875 val_mle=9.921m val_p90=12.808m val_speed_mae=3.339 heading=-0.1/-0.9deg val_progress_mae=9.532m val_heading_mae=26.2deg val_capture=96.00% val_bank=96.00% val_acq_acc=100.00% score=10.506 best=10.506 patience=0/14
temporal epoch=005/160 loss=11.09445 center_teacher=1.000 acq_teacher=1.000 capture=100.00% bank_capture=100.00% acq_acc=100.00% acq_conf=0.707 radius=0.0m pred_step=5.205 target_step=5.875 pred_v=5.296 target_v=5.875 val_mle=9.868m val_p90=12.755m val_speed_mae=3.358 heading=-0.1/-0.9deg val_progress_mae=9.477m val_heading_mae=26.2deg val_capture=96.00% val_bank=96.00% val_acq_acc=100.00% score=10.452 best=10.452 patience=0/14
temporal epoch=006/160 loss=11.03943 center_teacher=1.000 acq_teacher=1.000 capture=100.00% bank_capture=100.00% acq_acc=100.00% acq_conf=0.707 radius=0.0m pred_step=5.365 target_step=5.875 pred_v=5.433 target_v=5.875 val_mle=9.805m val_p90=12.693m val_speed_mae=3.369 heading=-0.1/-0.9deg val_progress_mae=9.412m val_heading_mae=26.2deg val_capture=96.00% val_bank=96.00% val_acq_acc=100.00% score=10.389 best=10.389 patience=0/14
temporal epoch=007/160 loss=10.97284 center_teacher=1.000 acq_teacher=1.000 capture=100.00% bank_capture=100.00% acq_acc=100.00% acq_conf=0.707 radius=0.0m pred_step=5.369 target_step=5.875 pred_v=5.436 target_v=5.875 val_mle=9.736m val_p90=12.624m val_speed_mae=3.356 heading=-0.1/-0.9deg val_progress_mae=9.338m val_heading_mae=26.2deg val_capture=96.00% val_bank=96.00% val_acq_acc=100.00% score=10.316 best=10.316 patience=0/14
temporal epoch=008/160 loss=10.90142 center_teacher=1.000 acq_teacher=1.000 capture=100.00% bank_capture=100.00% acq_acc=100.00% acq_conf=0.707 radius=0.0m pred_step=5.303 target_step=5.875 pred_v=5.378 target_v=5.875 val_mle=9.661m val_p90=12.549m val_speed_mae=3.338 heading=-0.1/-0.9deg val_progress_mae=9.260m val_heading_mae=26.2deg val_capture=96.00% val_bank=96.00% val_acq_acc=100.00% score=10.238 best=10.238 patience=0/14
temporal epoch=009/160 loss=10.82077 center_teacher=1.000 acq_teacher=1.000 capture=100.00% bank_capture=100.00% acq_acc=100.00% acq_conf=0.707 radius=0.0m pred_step=5.184 target_step=5.875 pred_v=5.276 target_v=5.875 val_mle=9.584m val_p90=12.473m val_speed_mae=3.339 heading=-0.1/-0.9deg val_progress_mae=9.178m val_heading_mae=26.2deg val_capture=96.00% val_bank=96.00% val_acq_acc=100.00% score=10.158 best=10.158 patience=0/14
temporal epoch=010/160 loss=10.75159 center_teacher=1.000 acq_teacher=1.000 capture=100.00% bank_capture=100.00% acq_acc=100.00% acq_conf=0.707 radius=0.0m pred_step=5.071 target_step=5.875 pred_v=5.178 target_v=5.875 val_mle=9.506m val_p90=12.397m val_speed_mae=3.340 heading=-0.1/-0.9deg val_progress_mae=9.096m val_heading_mae=26.2deg val_capture=96.00% val_bank=96.00% val_acq_acc=100.00% score=10.079 best=10.079 patience=0/14
temporal epoch=011/160 loss=10.65305 center_teacher=1.000 acq_teacher=1.000 capture=100.00% bank_capture=100.00% acq_acc=100.00% acq_conf=0.707 radius=0.0m pred_step=5.067 target_step=5.875 pred_v=5.175 target_v=5.875 val_mle=9.431m val_p90=12.325m val_speed_mae=3.335 heading=-0.1/-0.9deg val_progress_mae=9.016m val_heading_mae=26.2deg val_capture=96.00% val_bank=96.00% val_acq_acc=100.00% score=10.001 best=10.001 patience=0/14
temporal epoch=012/160 loss=10.56969 center_teacher=1.000 acq_teacher=1.000 capture=100.00% bank_capture=100.00% acq_acc=100.00% acq_conf=0.707 radius=0.0m pred_step=5.171 target_step=5.875 pred_v=5.266 target_v=5.875 val_mle=9.361m val_p90=12.261m val_speed_mae=3.349 heading=-0.1/-0.9deg val_progress_mae=8.941m val_heading_mae=26.2deg val_capture=96.00% val_bank=96.00% val_acq_acc=100.00% score=9.929 best=9.929 patience=0/14
temporal epoch=013/160 loss=10.46183 center_teacher=1.000 acq_teacher=1.000 capture=100.00% bank_capture=100.00% acq_acc=100.00% acq_conf=0.706 radius=0.0m pred_step=5.267 target_step=5.875 pred_v=5.350 target_v=5.875 val_mle=9.302m val_p90=12.209m val_speed_mae=3.363 heading=-0.0/-0.9deg val_progress_mae=8.877m val_heading_mae=26.2deg val_capture=96.00% val_bank=96.00% val_acq_acc=100.00% score=9.869 best=9.869 patience=0/14
temporal epoch=014/160 loss=10.36094 center_teacher=1.000 acq_teacher=1.000 capture=100.00% bank_capture=100.00% acq_acc=100.00% acq_conf=0.707 radius=0.0m pred_step=5.296 target_step=5.875 pred_v=5.376 target_v=5.875 val_mle=9.258m val_p90=12.175m val_speed_mae=3.361 heading=-0.0/-0.9deg val_progress_mae=8.829m val_heading_mae=26.2deg val_capture=96.00% val_bank=96.00% val_acq_acc=100.00% score=9.823 best=9.823 patience=0/14
temporal epoch=015/160 loss=10.29511 center_teacher=1.000 acq_teacher=1.000 capture=100.00% bank_capture=100.00% acq_acc=100.00% acq_conf=0.706 radius=0.0m pred_step=5.267 target_step=5.875 pred_v=5.353 target_v=5.875 val_mle=9.235m val_p90=12.166m val_speed_mae=3.347 heading=-0.0/-0.9deg val_progress_mae=8.803m val_heading_mae=26.2deg val_capture=96.00% val_bank=96.00% val_acq_acc=100.00% score=9.799 best=9.799 patience=0/14
temporal epoch=016/160 loss=10.17589 center_teacher=1.000 acq_teacher=1.000 capture=100.00% bank_capture=100.00% acq_acc=100.00% acq_conf=0.706 radius=0.0m pred_step=5.175 target_step=5.875 pred_v=5.274 target_v=5.875 val_mle=9.237m val_p90=12.185m val_speed_mae=3.335 heading=-0.0/-0.9deg val_progress_mae=8.802m val_heading_mae=26.2deg val_capture=96.00% val_bank=96.00% val_acq_acc=100.00% score=9.800 best=9.799 patience=1/14
temporal epoch=017/160 loss=10.04871 center_teacher=1.000 acq_teacher=1.000 capture=100.00% bank_capture=100.00% acq_acc=100.00% acq_conf=0.706 radius=0.0m pred_step=5.116 target_step=5.875 pred_v=5.225 target_v=5.875 val_mle=9.264m val_p90=12.234m val_speed_mae=3.336 heading=0.0/-0.9deg val_progress_mae=8.828m val_heading_mae=26.2deg val_capture=96.00% val_bank=96.00% val_acq_acc=100.00% score=9.828 best=9.799 patience=2/14
temporal epoch=018/160 loss=9.95014 center_teacher=1.000 acq_teacher=1.000 capture=100.00% bank_capture=100.00% acq_acc=100.00% acq_conf=0.706 radius=0.0m pred_step=5.074 target_step=5.875 pred_v=5.189 target_v=5.875 val_mle=9.312m val_p90=12.306m val_speed_mae=3.357 heading=0.0/-0.9deg val_progress_mae=8.876m val_heading_mae=26.2deg val_capture=96.00% val_bank=96.00% val_acq_acc=100.00% score=9.878 best=9.799 patience=3/14
temporal epoch=019/160 loss=9.83898 center_teacher=1.000 acq_teacher=1.000 capture=100.00% bank_capture=100.00% acq_acc=100.00% acq_conf=0.706 radius=0.0m pred_step=5.153 target_step=5.875 pred_v=5.259 target_v=5.875 val_mle=9.362m val_p90=12.385m val_speed_mae=3.374 heading=0.1/-0.9deg val_progress_mae=8.926m val_heading_mae=26.2deg val_capture=96.00% val_bank=96.00% val_acq_acc=100.00% score=9.931 best=9.799 patience=4/14
temporal epoch=020/160 loss=9.71092 center_teacher=1.000 acq_teacher=1.000 capture=100.00% bank_capture=100.00% acq_acc=100.00% acq_conf=0.706 radius=0.0m pred_step=5.165 target_step=5.875 pred_v=5.272 target_v=5.875 val_mle=9.393m val_p90=12.448m val_speed_mae=3.371 heading=0.1/-0.9deg val_progress_mae=8.955m val_heading_mae=26.2deg val_capture=96.00% val_bank=96.00% val_acq_acc=100.00% score=9.962 best=9.799 patience=5/14
temporal epoch=021/160 loss=9.57314 center_teacher=1.000 acq_teacher=1.000 capture=100.00% bank_capture=100.00% acq_acc=100.00% acq_conf=0.706 radius=0.0m pred_step=5.081 target_step=5.875 pred_v=5.200 target_v=5.875 val_mle=9.388m val_p90=12.479m val_speed_mae=3.359 heading=0.1/-0.9deg val_progress_mae=8.944m val_heading_mae=26.2deg val_capture=96.00% val_bank=96.00% val_acq_acc=100.00% score=9.956 best=9.799 patience=6/14
temporal epoch=022/160 loss=9.43751 center_teacher=1.000 acq_teacher=1.000 capture=100.00% bank_capture=100.00% acq_acc=100.00% acq_conf=0.706 radius=0.0m pred_step=4.991 target_step=5.875 pred_v=5.123 target_v=5.875 val_mle=9.332m val_p90=12.462m val_speed_mae=3.362 heading=0.1/-0.9deg val_progress_mae=8.879m val_heading_mae=26.2deg val_capture=96.00% val_bank=96.00% val_acq_acc=100.00% score=9.899 best=9.799 patience=7/14
temporal epoch=023/160 loss=9.30439 center_teacher=1.000 acq_teacher=1.000 capture=100.00% bank_capture=100.00% acq_acc=100.00% acq_conf=0.706 radius=0.0m pred_step=5.066 target_step=5.875 pred_v=5.190 target_v=5.875 val_mle=9.204m val_p90=12.368m val_speed_mae=3.372 heading=0.1/-0.9deg val_progress_mae=8.735m val_heading_mae=26.2deg val_capture=96.00% val_bank=96.00% val_acq_acc=100.00% score=9.767 best=9.767 patience=0/14
temporal epoch=024/160 loss=9.19507 center_teacher=1.000 acq_teacher=1.000 capture=100.00% bank_capture=100.00% acq_acc=100.00% acq_conf=0.707 radius=0.0m pred_step=5.074 target_step=5.875 pred_v=5.199 target_v=5.875 val_mle=9.068m val_p90=12.259m val_speed_mae=3.406 heading=0.1/-0.9deg val_progress_mae=8.582m val_heading_mae=26.2deg val_capture=96.00% val_bank=96.00% val_acq_acc=100.00% score=9.628 best=9.628 patience=0/14
temporal epoch=025/160 loss=9.10278 center_teacher=1.000 acq_teacher=1.000 capture=100.00% bank_capture=100.00% acq_acc=100.00% acq_conf=0.707 radius=0.0m pred_step=5.142 target_step=5.875 pred_v=5.261 target_v=5.875 val_mle=9.008m val_p90=12.228m val_speed_mae=3.462 heading=0.1/-0.9deg val_progress_mae=8.511m val_heading_mae=26.2deg val_capture=96.00% val_bank=96.00% val_acq_acc=100.00% score=9.568 best=9.568 patience=0/14
temporal epoch=026/160 loss=9.03444 center_teacher=1.000 acq_teacher=1.000 capture=100.00% bank_capture=100.00% acq_acc=100.00% acq_conf=0.707 radius=0.0m pred_step=5.344 target_step=5.875 pred_v=5.440 target_v=5.875 val_mle=9.023m val_p90=12.275m val_speed_mae=3.424 heading=0.1/-0.9deg val_progress_mae=8.522m val_heading_mae=26.2deg val_capture=96.00% val_bank=96.00% val_acq_acc=100.00% score=9.582 best=9.568 patience=1/14
temporal epoch=027/160 loss=8.94239 center_teacher=1.000 acq_teacher=1.000 capture=100.00% bank_capture=100.00% acq_acc=100.00% acq_conf=0.707 radius=0.0m pred_step=5.082 target_step=5.875 pred_v=5.217 target_v=5.875 val_mle=9.042m val_p90=12.319m val_speed_mae=3.353 heading=0.1/-0.9deg val_progress_mae=8.538m val_heading_mae=26.3deg val_capture=96.00% val_bank=96.00% val_acq_acc=100.00% score=9.599 best=9.568 patience=2/14
temporal epoch=028/160 loss=8.82774 center_teacher=1.000 acq_teacher=1.000 capture=100.00% bank_capture=100.00% acq_acc=100.00% acq_conf=0.707 radius=0.0m pred_step=4.951 target_step=5.875 pred_v=5.108 target_v=5.875 val_mle=9.000m val_p90=12.287m val_speed_mae=3.367 heading=-0.0/-0.9deg val_progress_mae=8.488m val_heading_mae=26.3deg val_capture=96.00% val_bank=96.00% val_acq_acc=100.00% score=9.555 best=9.555 patience=0/14
temporal epoch=029/160 loss=8.75068 center_teacher=1.000 acq_teacher=1.000 capture=100.00% bank_capture=100.00% acq_acc=100.00% acq_conf=0.710 radius=0.0m pred_step=5.016 target_step=5.875 pred_v=5.168 target_v=5.875 val_mle=8.985m val_p90=12.283m val_speed_mae=3.499 heading=-0.1/-0.9deg val_progress_mae=8.469m val_heading_mae=26.3deg val_capture=96.00% val_bank=96.00% val_acq_acc=100.00% score=9.547 best=9.547 patience=0/14
temporal epoch=030/160 loss=8.80290 center_teacher=1.000 acq_teacher=1.000 capture=100.00% bank_capture=100.00% acq_acc=100.00% acq_conf=0.711 radius=0.0m pred_step=5.361 target_step=5.875 pred_v=5.474 target_v=5.875 val_mle=8.986m val_p90=12.289m val_speed_mae=3.418 heading=-0.1/-0.9deg val_progress_mae=8.467m val_heading_mae=26.3deg val_capture=96.00% val_bank=96.00% val_acq_acc=100.00% score=9.544 best=9.544 patience=0/14
temporal epoch=031/160 loss=8.70279 center_teacher=1.000 acq_teacher=1.000 capture=100.00% bank_capture=100.00% acq_acc=100.00% acq_conf=0.711 radius=0.0m pred_step=4.938 target_step=5.875 pred_v=5.109 target_v=5.875 val_mle=8.967m val_p90=12.270m val_speed_mae=3.324 heading=-0.1/-0.9deg val_progress_mae=8.444m val_heading_mae=26.3deg val_capture=96.00% val_bank=96.00% val_acq_acc=100.00% score=9.519 best=9.519 patience=0/14
temporal epoch=032/160 loss=8.62648 center_teacher=1.000 acq_teacher=1.000 capture=100.00% bank_capture=100.00% acq_acc=100.00% acq_conf=0.711 radius=0.0m pred_step=4.737 target_step=5.875 pred_v=4.940 target_v=5.875 val_mle=8.992m val_p90=12.310m val_speed_mae=3.545 heading=-0.1/-0.9deg val_progress_mae=8.470m val_heading_mae=26.3deg val_capture=96.00% val_bank=96.00% val_acq_acc=100.00% score=9.556 best=9.519 patience=1/14
temporal epoch=033/160 loss=8.67580 center_teacher=1.000 acq_teacher=1.000 capture=100.00% bank_capture=100.00% acq_acc=100.00% acq_conf=0.711 radius=0.0m pred_step=5.407 target_step=5.875 pred_v=5.529 target_v=5.875 val_mle=8.983m val_p90=12.307m val_speed_mae=3.585 heading=-0.1/-0.9deg val_progress_mae=8.458m val_heading_mae=26.4deg val_capture=96.00% val_bank=96.00% val_acq_acc=100.00% score=9.549 best=9.519 patience=2/14
temporal epoch=034/160 loss=8.52973 center_teacher=1.000 acq_teacher=1.000 capture=100.00% bank_capture=100.00% acq_acc=100.00% acq_conf=0.711 radius=0.0m pred_step=5.245 target_step=5.875 pred_v=5.394 target_v=5.875 val_mle=8.914m val_p90=12.226m val_speed_mae=3.308 heading=-0.2/-0.9deg val_progress_mae=8.382m val_heading_mae=26.4deg val_capture=96.00% val_bank=96.00% val_acq_acc=100.00% score=9.464 best=9.464 patience=0/14
temporal epoch=035/160 loss=8.57898 center_teacher=1.000 acq_teacher=1.000 capture=100.00% bank_capture=100.00% acq_acc=100.00% acq_conf=0.711 radius=0.0m pred_step=4.319 target_step=5.875 pred_v=4.594 target_v=5.875 val_mle=9.068m val_p90=12.426m val_speed_mae=3.493 heading=-0.4/-0.9deg val_progress_mae=8.548m val_heading_mae=26.4deg val_capture=96.00% val_bank=96.00% val_acq_acc=100.00% score=9.632 best=9.464 patience=1/14
temporal epoch=036/160 loss=8.71611 center_teacher=1.000 acq_teacher=1.000 capture=100.00% bank_capture=100.00% acq_acc=100.00% acq_conf=0.711 radius=0.0m pred_step=5.597 target_step=5.875 pred_v=5.717 target_v=5.875 val_mle=8.889m val_p90=12.217m val_speed_mae=3.687 heading=-0.3/-0.9deg val_progress_mae=8.351m val_heading_mae=26.4deg val_capture=96.00% val_bank=96.00% val_acq_acc=100.00% score=9.456 best=9.456 patience=0/14
temporal epoch=037/160 loss=8.34596 center_teacher=1.000 acq_teacher=1.000 capture=100.00% bank_capture=100.00% acq_acc=100.00% acq_conf=0.710 radius=0.0m pred_step=5.236 target_step=5.875 pred_v=5.409 target_v=5.875 val_mle=8.992m val_p90=12.339m val_speed_mae=3.323 heading=-0.6/-0.9deg val_progress_mae=8.465m val_heading_mae=26.5deg val_capture=96.00% val_bank=96.00% val_acq_acc=100.00% score=9.545 best=9.456 patience=1/14
temporal epoch=038/160 loss=8.56152 center_teacher=1.000 acq_teacher=1.000 capture=100.00% bank_capture=100.00% acq_acc=100.00% acq_conf=0.710 radius=0.0m pred_step=4.162 target_step=5.875 pred_v=4.479 target_v=5.875 val_mle=9.061m val_p90=12.445m val_speed_mae=3.680 heading=-0.8/-0.9deg val_progress_mae=8.539m val_heading_mae=26.6deg val_capture=96.00% val_bank=96.00% val_acq_acc=100.00% score=9.634 best=9.456 patience=2/14
temporal epoch=039/160 loss=8.90518 center_teacher=1.000 acq_teacher=1.000 capture=100.00% bank_capture=100.00% acq_acc=100.00% acq_conf=0.707 radius=0.0m pred_step=6.150 target_step=5.875 pred_v=6.223 target_v=5.875 val_mle=8.879m val_p90=12.234m val_speed_mae=3.654 heading=-0.9/-0.9deg val_progress_mae=8.338m val_heading_mae=26.7deg val_capture=96.00% val_bank=96.00% val_acq_acc=100.00% score=9.445 best=9.445 patience=0/14
temporal epoch=040/160 loss=8.22190 center_teacher=1.000 acq_teacher=1.000 capture=100.00% bank_capture=100.00% acq_acc=100.00% acq_conf=0.708 radius=0.0m pred_step=4.990 target_step=5.875 pred_v=5.218 target_v=5.875 val_mle=9.179m val_p90=12.856m val_speed_mae=3.629 heading=-1.2/-0.9deg val_progress_mae=8.657m val_heading_mae=26.8deg val_capture=92.00% val_bank=92.00% val_acq_acc=100.00% score=9.834 best=9.445 patience=1/14
temporal epoch=041/160 loss=8.87734 center_teacher=1.000 acq_teacher=1.000 capture=100.00% bank_capture=100.00% acq_acc=100.00% acq_conf=0.709 radius=0.0m pred_step=3.788 target_step=5.875 pred_v=4.180 target_v=5.875 val_mle=9.000m val_p90=12.724m val_speed_mae=3.857 heading=-1.3/-0.9deg val_progress_mae=8.451m val_heading_mae=26.9deg val_capture=92.00% val_bank=92.00% val_acq_acc=100.00% score=9.660 best=9.445 patience=2/14
temporal epoch=042/160 loss=9.61830 center_teacher=1.000 acq_teacher=1.000 capture=100.00% bank_capture=100.00% acq_acc=100.00% acq_conf=0.709 radius=0.0m pred_step=6.879 target_step=5.875 pred_v=6.875 target_v=5.875 val_mle=9.061m val_p90=12.538m val_speed_mae=5.056 heading=-1.5/-0.9deg val_progress_mae=8.516m val_heading_mae=27.0deg val_capture=92.00% val_bank=92.00% val_acq_acc=100.00% score=9.783 best=9.445 patience=3/14
temporal epoch=043/160 loss=8.74132 center_teacher=1.000 acq_teacher=1.000 capture=100.00% bank_capture=100.00% acq_acc=100.00% acq_conf=0.708 radius=0.0m pred_step=6.689 target_step=5.875 pred_v=6.723 target_v=5.875 val_mle=8.918m val_p90=12.508m val_speed_mae=5.394 heading=-1.8/-0.9deg val_progress_mae=8.361m val_heading_mae=27.3deg val_capture=92.00% val_bank=92.00% val_acq_acc=100.00% score=9.654 best=9.445 patience=4/14
temporal epoch=044/160 loss=11.35308 center_teacher=1.000 acq_teacher=1.000 capture=100.00% bank_capture=100.00% acq_acc=100.00% acq_conf=0.706 radius=0.0m pred_step=1.729 target_step=5.875 pred_v=2.160 target_v=5.875 val_mle=9.280m val_p90=12.966m val_speed_mae=5.404 heading=-2.5/-0.9deg val_progress_mae=8.758m val_heading_mae=27.4deg val_capture=92.00% val_bank=92.00% val_acq_acc=100.00% score=10.027 best=9.445 patience=5/14
temporal epoch=045/160 loss=12.07779 center_teacher=1.000 acq_teacher=1.000 capture=100.00% bank_capture=100.00% acq_acc=100.00% acq_conf=0.709 radius=0.0m pred_step=1.047 target_step=5.875 pred_v=1.470 target_v=5.875 val_mle=9.047m val_p90=12.660m val_speed_mae=5.384 heading=-2.4/-0.9deg val_progress_mae=8.499m val_heading_mae=27.4deg val_capture=92.00% val_bank=92.00% val_acq_acc=100.00% score=9.786 best=9.445 patience=6/14
temporal epoch=046/160 loss=11.48730 center_teacher=1.000 acq_teacher=1.000 capture=100.00% bank_capture=100.00% acq_acc=100.00% acq_conf=0.705 radius=0.0m pred_step=1.649 target_step=5.875 pred_v=2.208 target_v=5.875 val_mle=8.943m val_p90=12.604m val_speed_mae=3.654 heading=-2.6/-0.9deg val_progress_mae=8.377m val_heading_mae=27.5deg val_capture=92.00% val_bank=92.00% val_acq_acc=100.00% score=9.592 best=9.445 patience=7/14
temporal epoch=047/160 loss=9.72484 center_teacher=1.000 acq_teacher=1.000 capture=100.00% bank_capture=100.00% acq_acc=100.00% acq_conf=0.706 radius=0.0m pred_step=6.644 target_step=5.875 pred_v=6.662 target_v=5.875 val_mle=9.051m val_p90=12.601m val_speed_mae=5.465 heading=-2.5/-0.9deg val_progress_mae=8.501m val_heading_mae=27.6deg val_capture=92.00% val_bank=92.00% val_acq_acc=100.00% score=9.794 best=9.445 patience=8/14
temporal epoch=048/160 loss=9.36015 center_teacher=1.000 acq_teacher=1.000 capture=100.00% bank_capture=100.00% acq_acc=100.00% acq_conf=0.705 radius=0.0m pred_step=7.118 target_step=5.875 pred_v=7.111 target_v=5.875 val_mle=9.087m val_p90=12.884m val_speed_mae=3.706 heading=-3.1/-0.9deg val_progress_mae=8.534m val_heading_mae=27.9deg val_capture=92.00% val_bank=92.00% val_acq_acc=100.00% score=9.744 best=9.445 patience=9/14
temporal epoch=049/160 loss=10.18485 center_teacher=1.000 acq_teacher=1.000 capture=100.00% bank_capture=100.00% acq_acc=100.00% acq_conf=0.708 radius=0.0m pred_step=2.578 target_step=5.875 pred_v=3.123 target_v=5.875 val_mle=9.192m val_p90=12.988m val_speed_mae=5.258 heading=-3.4/-0.9deg val_progress_mae=8.651m val_heading_mae=27.8deg val_capture=92.00% val_bank=92.00% val_acq_acc=100.00% score=9.930 best=9.445 patience=10/14
temporal epoch=050/160 loss=9.72400 center_teacher=1.000 acq_teacher=1.000 capture=100.00% bank_capture=100.00% acq_acc=100.00% acq_conf=0.708 radius=0.0m pred_step=2.836 target_step=5.875 pred_v=3.349 target_v=5.875 val_mle=8.978m val_p90=12.581m val_speed_mae=4.448 heading=-3.1/-0.9deg val_progress_mae=8.410m val_heading_mae=27.7deg val_capture=92.00% val_bank=92.00% val_acq_acc=100.00% score=9.668 best=9.445 patience=11/14
temporal epoch=051/160 loss=12.28466 center_teacher=1.000 acq_teacher=1.000 capture=100.00% bank_capture=100.00% acq_acc=100.00% acq_conf=0.705 radius=0.0m pred_step=8.240 target_step=5.875 pred_v=8.015 target_v=5.875 val_mle=8.969m val_p90=12.593m val_speed_mae=7.933 heading=-2.9/-0.9deg val_progress_mae=8.401m val_heading_mae=27.9deg val_capture=92.00% val_bank=92.00% val_acq_acc=100.00% score=9.834 best=9.445 patience=12/14
temporal epoch=052/160 loss=11.65139 center_teacher=1.000 acq_teacher=1.000 capture=100.00% bank_capture=100.00% acq_acc=100.00% acq_conf=0.708 radius=0.0m pred_step=9.061 target_step=5.875 pred_v=8.764 target_v=5.875 val_mle=9.098m val_p90=12.859m val_speed_mae=3.490 heading=-3.5/-0.9deg val_progress_mae=8.476m val_heading_mae=28.4deg val_capture=92.00% val_bank=92.00% val_acq_acc=100.00% score=9.744 best=9.445 patience=13/14
temporal epoch=053/160 loss=8.61589 center_teacher=1.000 acq_teacher=1.000 capture=100.00% bank_capture=100.00% acq_acc=100.00% acq_conf=0.707 radius=0.0m pred_step=4.269 target_step=5.875 pred_v=4.654 target_v=5.875 val_mle=9.120m val_p90=12.976m val_speed_mae=5.239 heading=-4.3/-0.9deg val_progress_mae=8.592m val_heading_mae=28.5deg val_capture=92.00% val_bank=92.00% val_acq_acc=100.00% score=9.857 best=9.445 patience=14/14
EARLY STOP: controlled local-prior validation score did not improve by 0.003 for 14 epochs.
[TRAIN-ONLY V5 CALIBRATION] {"confidence_power": 1.0, "delta2_scale": 0.5, "fixed_variance_m2": 9.0, "objective": 9.936738454159096, "prior_blend_base": 0.05, "prior_blend_cutoff": 0.7, "prior_blend_lowconf_gain": 0.3, "prior_blend_max": 0.3, "q_cross": 0.30000000000000004, "q_progress": 1.125, "q_velocity": 0.75, "stage": "filter", "step_relax_confidence": 0.0, "step_relax_width": 0.05, "step_visual_slack_m": 10.0, "temporal_3frame_scale": 0.75, "val_mle_m": 8.793907238094093, "val_p90_m": 12.170624682769569, "val_progress_mae": 8.189621014492568, "val_speed_mae": 4.364251564925616}
[TRAIN-ONLY V5 NO-KALMAN DIAGNOSTIC] {"mle_m": 8.905417007908733, "p90_m": 12.178496831765328}
