[PREPARED] PASS | city=citya | step=4 m | selection=soft_sequence_v13_multicity_auto_train_fullroute | existing GT/routes unchanged
[CADENCE] source=experiment_route_stats_train_01 | mean=5.603307 m | p90=10.304821 m | p95=11.938275 m
[OK] clean v39 runtime: Forward-18 SoftMS -> GRU -> Kalman -> one final MeanShift
[OK] weighted-centroid decoder removed from generated runtime source
[PATCH OK] GRU = current + delta + delta2 + SAT + SoftMS position + visual displacement + previous state
[PATCH OK] 3-frame has a unique second-difference temporal residual path; 1-frame adapter is zero
[PATCH OK] training/validation/inference motion starts from current-city cadence
[PATCH OK] Kalman is measurement-preserving residual fusion
[PATCH OK] high-confidence visual measurements relax the final step corridor
[PATCH OK] no held-out navigation result is read by this patch
[V39-BEARING] final-MS route-centerline reference patch: PASS
[ARCH-AUDIT] forward_18: PASS
[ARCH-AUDIT] base_geometry_6x6: PASS
[ARCH-AUDIT] front_softms_source: PASS
[ARCH-AUDIT] one_final_ms_source: PASS
[ARCH-AUDIT] front_decoder_softms: PASS
[ARCH-AUDIT] simple_seven_block_gru: PASS
[ARCH-AUDIT] residual_motion_head: PASS
[ARCH-AUDIT] causal_visual_displacement: PASS
[ARCH-AUDIT] cadence_initialized_tracker: PASS
[ARCH-AUDIT] motion_training_inference_aligned: PASS
[ARCH-AUDIT] training_city_motion_scale_init: PASS
[ARCH-AUDIT] forward_origin_backshift_covers_jitter: PASS
[ARCH-AUDIT] protocol: PASS
[ARCH-AUDIT] controlled_gt_reference_enabled: PASS
[ARCH-AUDIT] frame_count: PASS
[ARCH-AUDIT] gru_flag: PASS
[ARCH-AUDIT] kalman_flag: PASS
satellite backbone cache: 256/47961
satellite backbone cache: 5376/47961
satellite backbone cache: 10496/47961
satellite backbone cache: 15616/47961
satellite backbone cache: 20736/47961
satellite backbone cache: 25856/47961
satellite backbone cache: 30976/47961
satellite backbone cache: 36096/47961
satellite backbone cache: 41216/47961
satellite backbone cache: 46336/47961
satellite backbone cache: 47961/47961
satellite gallery size=47961
Route A backbone cache: 197/197
Route A visual candidate capture=100.00%
visual epoch=001/30 loss=4.39271 val_softms_mle=9.776m val_p90=14.516m val_lsr10=46.15%
visual epoch=002/30 loss=4.17336 val_softms_mle=9.555m val_p90=14.985m val_lsr10=50.00%
visual epoch=003/30 loss=4.08229 val_softms_mle=8.049m val_p90=12.222m val_lsr10=65.38%
visual epoch=004/30 loss=3.73398 val_softms_mle=8.033m val_p90=12.216m val_lsr10=65.38%
visual epoch=005/30 loss=3.72741 val_softms_mle=7.891m val_p90=11.909m val_lsr10=61.54%
visual epoch=006/30 loss=3.56674 val_softms_mle=8.267m val_p90=12.812m val_lsr10=57.69%
visual epoch=007/30 loss=3.47017 val_softms_mle=9.295m val_p90=14.326m val_lsr10=53.85%
visual epoch=008/30 loss=3.47041 val_softms_mle=9.615m val_p90=14.219m val_lsr10=57.69%
visual epoch=009/30 loss=3.54842 val_softms_mle=10.044m val_p90=14.519m val_lsr10=46.15%
visual epoch=010/30 loss=3.42043 val_softms_mle=10.555m val_p90=15.023m val_lsr10=38.46%
visual epoch=011/30 loss=3.08881 val_softms_mle=11.510m val_p90=15.487m val_lsr10=26.92%
visual epoch=012/30 loss=3.07146 val_softms_mle=12.297m val_p90=16.400m val_lsr10=23.08%
visual epoch=013/30 loss=3.04806 val_softms_mle=12.260m val_p90=16.805m val_lsr10=30.77%
visual early stopping: Route A validation stopped improving
best Route A visual validation SoftMS MLE=7.891m
route_A backbone cache: 197/197
temporal split train=[0,135) val=[139,165) route_length=789.4m
City training-sequence mean forward step=5.543m/frame p90=10.326m/frame
temporal epoch=001/100 loss=10.77245 center_teacher=1.000 acq_teacher=1.000 capture=100.00% bank_capture=100.00% acq_acc=100.00% acq_conf=0.719 radius=0.0m pred_step=5.586 target_step=5.543 pred_v=5.588 target_v=5.543 val_mle=11.553m val_p90=13.692m val_speed_mae=3.036 heading=-0.1/-1.7deg val_progress_mae=10.782m val_heading_mae=39.8deg val_capture=96.15% val_bank=96.15% val_acq_acc=100.00% score=12.185 best=12.185 patience=0/14
temporal epoch=002/100 loss=10.79071 center_teacher=1.000 acq_teacher=1.000 capture=100.00% bank_capture=100.00% acq_acc=100.00% acq_conf=0.720 radius=0.0m pred_step=4.959 target_step=5.543 pred_v=5.037 target_v=5.543 val_mle=11.499m val_p90=13.625m val_speed_mae=3.259 heading=-0.5/-1.7deg val_progress_mae=10.714m val_heading_mae=39.8deg val_capture=96.15% val_bank=96.15% val_acq_acc=100.00% score=12.139 best=12.139 patience=0/14
temporal epoch=003/100 loss=10.72913 center_teacher=1.000 acq_teacher=1.000 capture=100.00% bank_capture=100.00% acq_acc=100.00% acq_conf=0.720 radius=0.0m pred_step=4.837 target_step=5.543 pred_v=4.922 target_v=5.543 val_mle=11.384m val_p90=13.527m val_speed_mae=3.006 heading=-0.4/-1.7deg val_progress_mae=10.601m val_heading_mae=39.8deg val_capture=96.15% val_bank=96.15% val_acq_acc=100.00% score=12.009 best=12.009 patience=0/14
temporal epoch=004/100 loss=10.58330 center_teacher=1.000 acq_teacher=1.000 capture=100.00% bank_capture=100.00% acq_acc=100.00% acq_conf=0.718 radius=0.0m pred_step=5.162 target_step=5.543 pred_v=5.201 target_v=5.543 val_mle=11.253m val_p90=13.406m val_speed_mae=2.893 heading=-0.2/-1.7deg val_progress_mae=10.464m val_heading_mae=39.7deg val_capture=96.15% val_bank=96.15% val_acq_acc=100.00% score=11.868 best=11.868 patience=0/14
temporal epoch=005/100 loss=10.47811 center_teacher=1.000 acq_teacher=1.000 capture=100.00% bank_capture=100.00% acq_acc=100.00% acq_conf=0.719 radius=0.0m pred_step=5.460 target_step=5.543 pred_v=5.455 target_v=5.543 val_mle=11.113m val_p90=13.262m val_speed_mae=2.889 heading=-0.1/-1.7deg val_progress_mae=10.306m val_heading_mae=39.7deg val_capture=96.15% val_bank=96.15% val_acq_acc=100.00% score=11.723 best=11.723 patience=0/14
temporal epoch=006/100 loss=10.36479 center_teacher=1.000 acq_teacher=1.000 capture=100.00% bank_capture=100.00% acq_acc=100.00% acq_conf=0.719 radius=0.0m pred_step=5.375 target_step=5.543 pred_v=5.375 target_v=5.543 val_mle=10.966m val_p90=13.099m val_speed_mae=3.003 heading=-0.1/-1.7deg val_progress_mae=10.131m val_heading_mae=39.7deg val_capture=96.15% val_bank=96.15% val_acq_acc=100.00% score=11.577 best=11.577 patience=0/14
temporal epoch=007/100 loss=10.30856 center_teacher=1.000 acq_teacher=1.000 capture=100.00% bank_capture=100.00% acq_acc=100.00% acq_conf=0.719 radius=0.0m pred_step=4.955 target_step=5.543 pred_v=5.001 target_v=5.543 val_mle=10.817m val_p90=12.930m val_speed_mae=3.301 heading=-0.2/-1.7deg val_progress_mae=9.946m val_heading_mae=39.7deg val_capture=96.15% val_bank=96.15% val_acq_acc=100.00% score=11.437 best=11.437 patience=0/14
temporal epoch=008/100 loss=10.31299 center_teacher=1.000 acq_teacher=1.000 capture=100.00% bank_capture=100.00% acq_acc=100.00% acq_conf=0.718 radius=0.0m pred_step=4.661 target_step=5.543 pred_v=4.733 target_v=5.543 val_mle=10.637m val_p90=12.776m val_speed_mae=3.242 heading=-0.3/-1.7deg val_progress_mae=9.736m val_heading_mae=39.7deg val_capture=96.15% val_bank=96.15% val_acq_acc=100.00% score=11.248 best=11.248 patience=0/14
temporal epoch=009/100 loss=10.13785 center_teacher=1.000 acq_teacher=1.000 capture=100.00% bank_capture=100.00% acq_acc=100.00% acq_conf=0.718 radius=0.0m pred_step=4.794 target_step=5.543 pred_v=4.833 target_v=5.543 val_mle=10.458m val_p90=12.629m val_speed_mae=2.939 heading=-0.2/-1.7deg val_progress_mae=9.542m val_heading_mae=39.7deg val_capture=96.15% val_bank=96.15% val_acq_acc=100.00% score=11.048 best=11.048 patience=0/14
temporal epoch=010/100 loss=9.93931 center_teacher=1.000 acq_teacher=1.000 capture=100.00% bank_capture=100.00% acq_acc=100.00% acq_conf=0.719 radius=0.0m pred_step=5.180 target_step=5.543 pred_v=5.148 target_v=5.543 val_mle=10.303m val_p90=12.509m val_speed_mae=2.910 heading=-0.2/-1.7deg val_progress_mae=9.378m val_heading_mae=39.7deg val_capture=96.15% val_bank=96.15% val_acq_acc=100.00% score=10.886 best=10.886 patience=0/14
temporal epoch=011/100 loss=9.85957 center_teacher=1.000 acq_teacher=1.000 capture=100.00% bank_capture=100.00% acq_acc=100.00% acq_conf=0.719 radius=0.0m pred_step=5.137 target_step=5.543 pred_v=5.088 target_v=5.543 val_mle=10.201m val_p90=12.432m val_speed_mae=2.961 heading=-0.1/-1.7deg val_progress_mae=9.266m val_heading_mae=39.7deg val_capture=96.15% val_bank=96.15% val_acq_acc=100.00% score=10.783 best=10.783 patience=0/14
temporal epoch=012/100 loss=9.82985 center_teacher=1.000 acq_teacher=1.000 capture=100.00% bank_capture=100.00% acq_acc=100.00% acq_conf=0.719 radius=0.0m pred_step=4.882 target_step=5.543 pred_v=4.840 target_v=5.543 val_mle=10.144m val_p90=12.397m val_speed_mae=2.869 heading=-0.1/-1.7deg val_progress_mae=9.196m val_heading_mae=39.7deg val_capture=96.15% val_bank=96.15% val_acq_acc=100.00% score=10.720 best=10.720 patience=0/14
temporal epoch=013/100 loss=9.86817 center_teacher=1.000 acq_teacher=1.000 capture=100.00% bank_capture=100.00% acq_acc=100.00% acq_conf=0.719 radius=0.0m pred_step=5.381 target_step=5.543 pred_v=5.257 target_v=5.543 val_mle=10.119m val_p90=12.387m val_speed_mae=3.026 heading=-0.2/-1.7deg val_progress_mae=9.166m val_heading_mae=39.7deg val_capture=96.15% val_bank=96.15% val_acq_acc=100.00% score=10.702 best=10.702 patience=0/14
temporal epoch=014/100 loss=9.91324 center_teacher=1.000 acq_teacher=1.000 capture=100.00% bank_capture=100.00% acq_acc=100.00% acq_conf=0.719 radius=0.0m pred_step=5.590 target_step=5.543 pred_v=5.428 target_v=5.543 val_mle=10.092m val_p90=12.370m val_speed_mae=2.865 heading=-0.1/-1.7deg val_progress_mae=9.141m val_heading_mae=39.7deg val_capture=96.15% val_bank=96.15% val_acq_acc=100.00% score=10.666 best=10.666 patience=0/14
temporal epoch=015/100 loss=9.69766 center_teacher=1.000 acq_teacher=1.000 capture=100.00% bank_capture=100.00% acq_acc=100.00% acq_conf=0.719 radius=0.0m pred_step=4.887 target_step=5.543 pred_v=4.806 target_v=5.543 val_mle=10.070m val_p90=12.346m val_speed_mae=2.873 heading=-0.0/-1.7deg val_progress_mae=9.118m val_heading_mae=39.7deg val_capture=96.15% val_bank=96.15% val_acq_acc=100.00% score=10.643 best=10.643 patience=0/14
temporal epoch=016/100 loss=9.78493 center_teacher=1.000 acq_teacher=1.000 capture=100.00% bank_capture=100.00% acq_acc=100.00% acq_conf=0.719 radius=0.0m pred_step=5.199 target_step=5.543 pred_v=5.074 target_v=5.543 val_mle=10.080m val_p90=12.343m val_speed_mae=3.462 heading=0.0/-1.7deg val_progress_mae=9.121m val_heading_mae=39.7deg val_capture=96.15% val_bank=96.15% val_acq_acc=100.00% score=10.683 best=10.643 patience=1/14
temporal epoch=017/100 loss=10.19333 center_teacher=1.000 acq_teacher=1.000 capture=100.00% bank_capture=100.00% acq_acc=100.00% acq_conf=0.719 radius=0.0m pred_step=6.220 target_step=5.543 pred_v=5.967 target_v=5.543 val_mle=10.075m val_p90=12.319m val_speed_mae=2.855 heading=0.0/-1.7deg val_progress_mae=9.109m val_heading_mae=39.7deg val_capture=96.15% val_bank=96.15% val_acq_acc=100.00% score=10.647 best=10.643 patience=2/14
temporal epoch=018/100 loss=9.53727 center_teacher=1.000 acq_teacher=1.000 capture=100.00% bank_capture=100.00% acq_acc=100.00% acq_conf=0.719 radius=0.0m pred_step=4.645 target_step=5.543 pred_v=4.593 target_v=5.543 val_mle=10.105m val_p90=12.338m val_speed_mae=2.851 heading=0.0/-1.7deg val_progress_mae=9.140m val_heading_mae=39.6deg val_capture=96.15% val_bank=96.15% val_acq_acc=100.00% score=10.678 best=10.643 patience=3/14
temporal epoch=019/100 loss=9.85377 center_teacher=1.000 acq_teacher=1.000 capture=100.00% bank_capture=100.00% acq_acc=100.00% acq_conf=0.719 radius=0.0m pred_step=5.687 target_step=5.543 pred_v=5.513 target_v=5.543 val_mle=10.164m val_p90=12.389m val_speed_mae=3.358 heading=0.1/-1.7deg val_progress_mae=9.209m val_heading_mae=39.6deg val_capture=96.15% val_bank=96.15% val_acq_acc=100.00% score=10.764 best=10.643 patience=4/14
temporal epoch=020/100 loss=9.96897 center_teacher=1.000 acq_teacher=1.000 capture=100.00% bank_capture=100.00% acq_acc=100.00% acq_conf=0.719 radius=0.0m pred_step=6.582 target_step=5.543 pred_v=6.304 target_v=5.543 val_mle=10.279m val_p90=12.493m val_speed_mae=6.340 heading=0.2/-1.7deg val_progress_mae=9.368m val_heading_mae=39.6deg val_capture=96.15% val_bank=96.15% val_acq_acc=100.00% score=11.034 best=10.643 patience=5/14
temporal epoch=021/100 loss=11.29483 center_teacher=1.000 acq_teacher=1.000 capture=100.00% bank_capture=100.00% acq_acc=100.00% acq_conf=0.719 radius=0.0m pred_step=2.558 target_step=5.543 pred_v=2.785 target_v=5.543 val_mle=10.216m val_p90=12.405m val_speed_mae=3.469 heading=0.3/-1.7deg val_progress_mae=9.274m val_heading_mae=39.6deg val_capture=96.15% val_bank=96.15% val_acq_acc=100.00% score=10.824 best=10.643 patience=6/14
temporal epoch=022/100 loss=10.11382 center_teacher=1.000 acq_teacher=1.000 capture=100.00% bank_capture=100.00% acq_acc=100.00% acq_conf=0.719 radius=0.0m pred_step=6.613 target_step=5.543 pred_v=6.342 target_v=5.543 val_mle=9.967m val_p90=12.189m val_speed_mae=2.941 heading=0.2/-1.7deg val_progress_mae=8.992m val_heading_mae=39.5deg val_capture=96.15% val_bank=96.15% val_acq_acc=100.00% score=10.539 best=10.539 patience=0/14
temporal epoch=023/100 loss=9.32752 center_teacher=1.000 acq_teacher=1.000 capture=100.00% bank_capture=100.00% acq_acc=100.00% acq_conf=0.719 radius=0.0m pred_step=6.019 target_step=5.543 pred_v=5.824 target_v=5.543 val_mle=9.723m val_p90=12.025m val_speed_mae=6.398 heading=0.4/-1.7deg val_progress_mae=8.771m val_heading_mae=39.4deg val_capture=96.15% val_bank=96.15% val_acq_acc=100.00% score=10.462 best=10.462 patience=0/14
temporal epoch=024/100 loss=11.11469 center_teacher=1.000 acq_teacher=1.000 capture=100.00% bank_capture=100.00% acq_acc=100.00% acq_conf=0.719 radius=0.0m pred_step=2.328 target_step=5.543 pred_v=2.548 target_v=5.543 val_mle=9.642m val_p90=11.917m val_speed_mae=6.290 heading=0.8/-1.7deg val_progress_mae=8.724m val_heading_mae=39.4deg val_capture=96.15% val_bank=96.15% val_acq_acc=100.00% score=10.374 best=10.374 patience=0/14
temporal epoch=025/100 loss=9.15489 center_teacher=1.000 acq_teacher=1.000 capture=100.00% bank_capture=100.00% acq_acc=100.00% acq_conf=0.719 radius=0.0m pred_step=5.593 target_step=5.543 pred_v=5.458 target_v=5.543 val_mle=9.123m val_p90=11.457m val_speed_mae=6.362 heading=0.8/-1.7deg val_progress_mae=8.105m val_heading_mae=39.3deg val_capture=96.15% val_bank=96.15% val_acq_acc=100.00% score=9.840 best=9.840 patience=0/14
temporal epoch=026/100 loss=9.39948 center_teacher=1.000 acq_teacher=1.000 capture=100.00% bank_capture=100.00% acq_acc=100.00% acq_conf=0.719 radius=0.0m pred_step=4.488 target_step=5.543 pred_v=4.485 target_v=5.543 val_mle=8.915m val_p90=11.608m val_speed_mae=4.736 heading=0.9/-1.7deg val_progress_mae=8.052m val_heading_mae=39.3deg val_capture=96.15% val_bank=96.15% val_acq_acc=100.00% score=9.549 best=9.549 patience=0/14
temporal epoch=027/100 loss=9.14764 center_teacher=1.000 acq_teacher=1.000 capture=100.00% bank_capture=100.00% acq_acc=100.00% acq_conf=0.719 radius=0.0m pred_step=6.860 target_step=5.543 pred_v=6.567 target_v=5.543 val_mle=7.974m val_p90=10.415m val_speed_mae=6.407 heading=0.9/-1.7deg val_progress_mae=7.208m val_heading_mae=39.2deg val_capture=96.15% val_bank=96.15% val_acq_acc=100.00% score=8.666 best=8.666 patience=0/14
temporal epoch=028/100 loss=10.51910 center_teacher=1.000 acq_teacher=1.000 capture=100.00% bank_capture=100.00% acq_acc=100.00% acq_conf=0.719 radius=0.0m pred_step=2.644 target_step=5.543 pred_v=2.804 target_v=5.543 val_mle=7.916m val_p90=10.761m val_speed_mae=6.405 heading=1.5/-1.7deg val_progress_mae=7.197m val_heading_mae=39.1deg val_capture=96.15% val_bank=96.15% val_acq_acc=100.00% score=8.607 best=8.607 patience=0/14
temporal epoch=029/100 loss=9.52510 center_teacher=1.000 acq_teacher=1.000 capture=100.00% bank_capture=100.00% acq_acc=100.00% acq_conf=0.719 radius=0.0m pred_step=3.729 target_step=5.543 pred_v=3.836 target_v=5.543 val_mle=7.692m val_p90=10.442m val_speed_mae=4.643 heading=1.5/-1.7deg val_progress_mae=6.820m val_heading_mae=39.1deg val_capture=96.15% val_bank=96.15% val_acq_acc=100.00% score=8.284 best=8.284 patience=0/14
temporal epoch=030/100 loss=8.66408 center_teacher=1.000 acq_teacher=1.000 capture=100.00% bank_capture=100.00% acq_acc=100.00% acq_conf=0.719 radius=0.0m pred_step=6.623 target_step=5.543 pred_v=6.350 target_v=5.543 val_mle=7.827m val_p90=10.957m val_speed_mae=2.855 heading=1.3/-1.7deg val_progress_mae=6.950m val_heading_mae=39.0deg val_capture=96.15% val_bank=96.15% val_acq_acc=100.00% score=8.333 best=8.284 patience=1/14
temporal epoch=031/100 loss=9.29493 center_teacher=1.000 acq_teacher=1.000 capture=100.00% bank_capture=100.00% acq_acc=100.00% acq_conf=0.719 radius=0.0m pred_step=7.765 target_step=5.543 pred_v=7.354 target_v=5.543 val_mle=7.472m val_p90=10.117m val_speed_mae=6.316 heading=1.8/-1.7deg val_progress_mae=6.423m val_heading_mae=38.6deg val_capture=96.15% val_bank=96.15% val_acq_acc=100.00% score=8.135 best=8.135 patience=0/14
temporal epoch=032/100 loss=10.60319 center_teacher=1.000 acq_teacher=1.000 capture=100.00% bank_capture=100.00% acq_acc=100.00% acq_conf=0.719 radius=0.0m pred_step=2.378 target_step=5.543 pred_v=2.594 target_v=5.543 val_mle=7.715m val_p90=10.658m val_speed_mae=6.305 heading=3.2/-1.7deg val_progress_mae=6.727m val_heading_mae=38.5deg val_capture=96.15% val_bank=96.15% val_acq_acc=100.00% score=8.386 best=8.135 patience=1/14
temporal epoch=033/100 loss=9.32625 center_teacher=1.000 acq_teacher=1.000 capture=100.00% bank_capture=100.00% acq_acc=100.00% acq_conf=0.719 radius=0.0m pred_step=3.276 target_step=5.543 pred_v=3.493 target_v=5.543 val_mle=7.190m val_p90=9.413m val_speed_mae=3.092 heading=3.7/-1.7deg val_progress_mae=5.979m val_heading_mae=38.4deg val_capture=96.15% val_bank=96.15% val_acq_acc=100.00% score=7.678 best=7.678 patience=0/14
temporal epoch=034/100 loss=9.66535 center_teacher=1.000 acq_teacher=1.000 capture=100.00% bank_capture=100.00% acq_acc=100.00% acq_conf=0.718 radius=0.0m pred_step=7.682 target_step=5.543 pred_v=7.283 target_v=5.543 val_mle=7.722m val_p90=10.360m val_speed_mae=4.358 heading=3.8/-1.7deg val_progress_mae=6.582m val_heading_mae=38.4deg val_capture=96.15% val_bank=96.15% val_acq_acc=100.00% score=8.291 best=7.678 patience=1/14
temporal epoch=035/100 loss=12.48660 center_teacher=1.000 acq_teacher=1.000 capture=100.00% bank_capture=100.00% acq_acc=100.00% acq_conf=0.721 radius=0.0m pred_step=10.509 target_step=5.543 pred_v=9.728 target_v=5.543 val_mle=8.256m val_p90=11.357m val_speed_mae=2.885 heading=3.0/-1.7deg val_progress_mae=7.197m val_heading_mae=38.4deg val_capture=96.15% val_bank=96.15% val_acq_acc=100.00% score=8.770 best=7.678 patience=2/14
temporal epoch=036/100 loss=8.67751 center_teacher=1.000 acq_teacher=1.000 capture=100.00% bank_capture=100.00% acq_acc=100.00% acq_conf=0.718 radius=0.0m pred_step=5.418 target_step=5.543 pred_v=5.288 target_v=5.543 val_mle=8.104m val_p90=10.972m val_speed_mae=6.011 heading=4.0/-1.7deg val_progress_mae=6.868m val_heading_mae=38.2deg val_capture=96.15% val_bank=96.15% val_acq_acc=100.00% score=8.764 best=7.678 patience=3/14
temporal epoch=037/100 loss=9.32215 center_teacher=1.000 acq_teacher=1.000 capture=100.00% bank_capture=100.00% acq_acc=100.00% acq_conf=0.714 radius=0.0m pred_step=2.686 target_step=5.543 pred_v=2.972 target_v=5.543 val_mle=7.560m val_p90=10.501m val_speed_mae=3.030 heading=6.0/-1.7deg val_progress_mae=6.229m val_heading_mae=38.2deg val_capture=96.15% val_bank=96.15% val_acq_acc=100.00% score=8.052 best=7.678 patience=4/14
temporal epoch=038/100 loss=8.57592 center_teacher=1.000 acq_teacher=1.000 capture=100.00% bank_capture=100.00% acq_acc=100.00% acq_conf=0.715 radius=0.0m pred_step=6.255 target_step=5.543 pred_v=6.164 target_v=5.543 val_mle=8.108m val_p90=11.051m val_speed_mae=2.957 heading=7.3/-1.7deg val_progress_mae=6.897m val_heading_mae=38.2deg val_capture=96.15% val_bank=96.15% val_acq_acc=100.00% score=8.617 best=7.678 patience=5/14
temporal epoch=039/100 loss=8.33372 center_teacher=1.000 acq_teacher=1.000 capture=100.00% bank_capture=100.00% acq_acc=100.00% acq_conf=0.714 radius=0.0m pred_step=6.715 target_step=5.543 pred_v=6.475 target_v=5.543 val_mle=7.898m val_p90=10.799m val_speed_mae=3.078 heading=5.3/-1.7deg val_progress_mae=6.605m val_heading_mae=38.3deg val_capture=96.15% val_bank=96.15% val_acq_acc=100.00% score=8.403 best=7.678 patience=6/14
temporal epoch=040/100 loss=8.34853 center_teacher=1.000 acq_teacher=1.000 capture=100.00% bank_capture=100.00% acq_acc=100.00% acq_conf=0.718 radius=0.0m pred_step=4.171 target_step=5.543 pred_v=4.197 target_v=5.543 val_mle=7.284m val_p90=9.996m val_speed_mae=3.126 heading=4.1/-1.7deg val_progress_mae=5.872m val_heading_mae=38.3deg val_capture=96.15% val_bank=96.15% val_acq_acc=100.00% score=7.770 best=7.678 patience=7/14
temporal epoch=041/100 loss=7.78664 center_teacher=1.000 acq_teacher=1.000 capture=100.00% bank_capture=100.00% acq_acc=100.00% acq_conf=0.718 radius=0.0m pred_step=5.138 target_step=5.543 pred_v=5.072 target_v=5.543 val_mle=8.115m val_p90=11.065m val_speed_mae=2.903 heading=4.7/-1.7deg val_progress_mae=6.973m val_heading_mae=38.3deg val_capture=96.15% val_bank=96.15% val_acq_acc=100.00% score=8.623 best=7.678 patience=8/14
temporal epoch=042/100 loss=8.34989 center_teacher=1.000 acq_teacher=1.000 capture=100.00% bank_capture=100.00% acq_acc=100.00% acq_conf=0.715 radius=0.0m pred_step=6.819 target_step=5.543 pred_v=6.626 target_v=5.543 val_mle=8.148m val_p90=11.032m val_speed_mae=2.788 heading=5.3/-1.7deg val_progress_mae=7.042m val_heading_mae=38.3deg val_capture=96.15% val_bank=96.15% val_acq_acc=100.00% score=8.652 best=7.678 patience=9/14
temporal epoch=043/100 loss=7.74527 center_teacher=1.000 acq_teacher=1.000 capture=100.00% bank_capture=100.00% acq_acc=100.00% acq_conf=0.715 radius=0.0m pred_step=5.321 target_step=5.543 pred_v=5.338 target_v=5.543 val_mle=7.280m val_p90=9.746m val_speed_mae=3.240 heading=5.0/-1.7deg val_progress_mae=6.141m val_heading_mae=38.3deg val_capture=96.15% val_bank=96.15% val_acq_acc=100.00% score=7.780 best=7.678 patience=10/14
temporal epoch=044/100 loss=7.84744 center_teacher=1.000 acq_teacher=1.000 capture=100.00% bank_capture=100.00% acq_acc=100.00% acq_conf=0.721 radius=0.0m pred_step=4.267 target_step=5.543 pred_v=4.340 target_v=5.543 val_mle=8.034m val_p90=11.004m val_speed_mae=2.894 heading=3.6/-1.7deg val_progress_mae=6.958m val_heading_mae=38.4deg val_capture=96.15% val_bank=96.15% val_acq_acc=100.00% score=8.541 best=7.678 patience=11/14
temporal epoch=045/100 loss=7.92831 center_teacher=1.000 acq_teacher=1.000 capture=100.00% bank_capture=100.00% acq_acc=100.00% acq_conf=0.720 radius=0.0m pred_step=5.563 target_step=5.543 pred_v=5.455 target_v=5.543 val_mle=7.359m val_p90=9.823m val_speed_mae=2.705 heading=2.9/-1.7deg val_progress_mae=6.190m val_heading_mae=38.4deg val_capture=96.15% val_bank=96.15% val_acq_acc=100.00% score=7.834 best=7.678 patience=12/14
temporal epoch=046/100 loss=7.45328 center_teacher=1.000 acq_teacher=1.000 capture=100.00% bank_capture=100.00% acq_acc=100.00% acq_conf=0.718 radius=0.0m pred_step=5.900 target_step=5.543 pred_v=5.797 target_v=5.543 val_mle=8.064m val_p90=10.975m val_speed_mae=2.722 heading=3.8/-1.7deg val_progress_mae=7.155m val_heading_mae=38.4deg val_capture=96.15% val_bank=96.15% val_acq_acc=100.00% score=8.568 best=7.678 patience=13/14
temporal epoch=047/100 loss=7.67361 center_teacher=1.000 acq_teacher=1.000 capture=100.00% bank_capture=100.00% acq_acc=100.00% acq_conf=0.718 radius=0.0m pred_step=5.566 target_step=5.543 pred_v=5.568 target_v=5.543 val_mle=8.058m val_p90=10.923m val_speed_mae=2.825 heading=4.0/-1.7deg val_progress_mae=7.168m val_heading_mae=38.4deg val_capture=96.15% val_bank=96.15% val_acq_acc=100.00% score=8.568 best=7.678 patience=14/14
EARLY STOP: controlled local-prior validation score did not improve by 0.003 for 14 epochs.
