[PREPARED] PASS | city=citya | step=4 m | selection=soft_sequence_v13_multicity_auto_train_fullroute | existing GT/routes unchanged
[CADENCE] source=experiment_route_stats_train_01 | mean=5.603307 m | p90=10.304821 m | p95=11.938275 m
[OK] clean v39 runtime: Forward-18 SoftMS -> GRU -> Kalman -> one final MeanShift
[OK] weighted-centroid decoder removed from generated runtime source
[PATCH OK] GRU = current + delta + delta2 + SAT + SoftMS position + visual displacement + previous state
[PATCH OK] 3-frame has a unique second-difference temporal residual path; 1-frame adapter is zero
[PATCH OK] training/validation/inference motion starts from current-city cadence
[PATCH OK] Kalman is measurement-preserving residual fusion
[PATCH OK] high-confidence visual measurements relax the final step corridor
[PATCH OK] no held-out navigation result is read by this patch
[V39-BEARING] final-MS route-centerline reference patch: PASS
[ARCH-AUDIT] forward_18: PASS
[ARCH-AUDIT] base_geometry_6x6: PASS
[ARCH-AUDIT] front_softms_source: PASS
[ARCH-AUDIT] one_final_ms_source: PASS
[ARCH-AUDIT] front_decoder_softms: PASS
[ARCH-AUDIT] simple_seven_block_gru: PASS
[ARCH-AUDIT] residual_motion_head: PASS
[ARCH-AUDIT] causal_visual_displacement: PASS
[ARCH-AUDIT] cadence_initialized_tracker: PASS
[ARCH-AUDIT] motion_training_inference_aligned: PASS
[ARCH-AUDIT] training_city_motion_scale_init: PASS
[ARCH-AUDIT] forward_origin_backshift_covers_jitter: PASS
[ARCH-AUDIT] protocol: PASS
[ARCH-AUDIT] controlled_gt_reference_enabled: PASS
[ARCH-AUDIT] frame_count: PASS
[ARCH-AUDIT] gru_flag: PASS
[ARCH-AUDIT] kalman_flag: PASS
[TRAIN] reuse visual checkpoint /yh/study/uav-sat/v39_otherdata/iclr_bearing_citya_ablation_v3_20260920_115030/citya/train_frames3/checkpoints/visual_retrieval_A_only.pt
route_A: reuse UAV backbone cache
temporal split train=[0,135) val=[139,165) route_length=789.4m
City training-sequence mean forward step=5.543m/frame p90=10.326m/frame
temporal epoch=001/100 loss=10.78072 center_teacher=1.000 acq_teacher=1.000 capture=100.00% bank_capture=100.00% acq_acc=100.00% acq_conf=0.719 radius=0.0m pred_step=5.449 target_step=5.543 pred_v=5.468 target_v=5.543 val_mle=11.577m val_p90=13.700m val_speed_mae=3.642 heading=-0.1/-1.7deg val_progress_mae=10.787m val_heading_mae=39.8deg val_capture=96.15% val_bank=96.15% val_acq_acc=100.00% score=12.239 best=12.239 patience=0/14
temporal epoch=002/100 loss=11.21119 center_teacher=1.000 acq_teacher=1.000 capture=100.00% bank_capture=100.00% acq_acc=100.00% acq_conf=0.720 radius=0.0m pred_step=4.319 target_step=5.543 pred_v=4.468 target_v=5.543 val_mle=11.497m val_p90=13.623m val_speed_mae=3.322 heading=-0.3/-1.7deg val_progress_mae=10.712m val_heading_mae=39.7deg val_capture=96.15% val_bank=96.15% val_acq_acc=100.00% score=12.140 best=12.140 patience=0/14
temporal epoch=003/100 loss=10.67659 center_teacher=1.000 acq_teacher=1.000 capture=100.00% bank_capture=100.00% acq_acc=100.00% acq_conf=0.719 radius=0.0m pred_step=4.940 target_step=5.543 pred_v=4.997 target_v=5.543 val_mle=11.356m val_p90=13.512m val_speed_mae=2.908 heading=-0.1/-1.7deg val_progress_mae=10.585m val_heading_mae=39.7deg val_capture=96.15% val_bank=96.15% val_acq_acc=100.00% score=11.976 best=11.976 patience=0/14
temporal epoch=004/100 loss=10.71499 center_teacher=1.000 acq_teacher=1.000 capture=100.00% bank_capture=100.00% acq_acc=100.00% acq_conf=0.719 radius=0.0m pred_step=5.965 target_step=5.543 pred_v=5.890 target_v=5.543 val_mle=11.224m val_p90=13.374m val_speed_mae=3.000 heading=0.0/-1.7deg val_progress_mae=10.438m val_heading_mae=39.7deg val_capture=96.15% val_bank=96.15% val_acq_acc=100.00% score=11.843 best=11.843 patience=0/14
temporal epoch=005/100 loss=10.56413 center_teacher=1.000 acq_teacher=1.000 capture=100.00% bank_capture=100.00% acq_acc=100.00% acq_conf=0.719 radius=0.0m pred_step=5.890 target_step=5.543 pred_v=5.819 target_v=5.543 val_mle=11.095m val_p90=13.235m val_speed_mae=2.960 heading=-0.0/-1.7deg val_progress_mae=10.279m val_heading_mae=39.7deg val_capture=96.15% val_bank=96.15% val_acq_acc=100.00% score=11.708 best=11.708 patience=0/14
temporal epoch=006/100 loss=10.41986 center_teacher=1.000 acq_teacher=1.000 capture=100.00% bank_capture=100.00% acq_acc=100.00% acq_conf=0.719 radius=0.0m pred_step=4.884 target_step=5.543 pred_v=4.931 target_v=5.543 val_mle=10.964m val_p90=13.060m val_speed_mae=3.786 heading=-0.2/-1.7deg val_progress_mae=10.102m val_heading_mae=39.8deg val_capture=96.15% val_bank=96.15% val_acq_acc=100.00% score=11.612 best=11.612 patience=0/14
temporal epoch=007/100 loss=10.66188 center_teacher=1.000 acq_teacher=1.000 capture=100.00% bank_capture=100.00% acq_acc=100.00% acq_conf=0.720 radius=0.0m pred_step=4.139 target_step=5.543 pred_v=4.271 target_v=5.543 val_mle=10.780m val_p90=12.881m val_speed_mae=3.424 heading=-0.4/-1.7deg val_progress_mae=9.885m val_heading_mae=39.8deg val_capture=96.15% val_bank=96.15% val_acq_acc=100.00% score=11.404 best=11.404 patience=0/14
temporal epoch=008/100 loss=10.21138 center_teacher=1.000 acq_teacher=1.000 capture=100.00% bank_capture=100.00% acq_acc=100.00% acq_conf=0.720 radius=0.0m pred_step=4.679 target_step=5.543 pred_v=4.735 target_v=5.543 val_mle=10.571m val_p90=12.714m val_speed_mae=2.895 heading=-0.4/-1.7deg val_progress_mae=9.666m val_heading_mae=39.8deg val_capture=96.15% val_bank=96.15% val_acq_acc=100.00% score=11.163 best=11.163 patience=0/14
temporal epoch=009/100 loss=10.11728 center_teacher=1.000 acq_teacher=1.000 capture=100.00% bank_capture=100.00% acq_acc=100.00% acq_conf=0.718 radius=0.0m pred_step=5.804 target_step=5.543 pred_v=5.707 target_v=5.543 val_mle=10.378m val_p90=12.565m val_speed_mae=2.872 heading=-0.2/-1.7deg val_progress_mae=9.476m val_heading_mae=39.7deg val_capture=96.15% val_bank=96.15% val_acq_acc=100.00% score=10.962 best=10.962 patience=0/14
temporal epoch=010/100 loss=9.90310 center_teacher=1.000 acq_teacher=1.000 capture=100.00% bank_capture=100.00% acq_acc=100.00% acq_conf=0.719 radius=0.0m pred_step=5.263 target_step=5.543 pred_v=5.218 target_v=5.543 val_mle=10.236m val_p90=12.426m val_speed_mae=3.706 heading=-0.1/-1.7deg val_progress_mae=9.323m val_heading_mae=39.7deg val_capture=96.15% val_bank=96.15% val_acq_acc=100.00% score=10.857 best=10.857 patience=0/14
temporal epoch=011/100 loss=10.28759 center_teacher=1.000 acq_teacher=1.000 capture=100.00% bank_capture=100.00% acq_acc=100.00% acq_conf=0.719 radius=0.0m pred_step=4.015 target_step=5.543 pred_v=4.107 target_v=5.543 val_mle=10.145m val_p90=12.348m val_speed_mae=3.158 heading=-0.1/-1.7deg val_progress_mae=9.188m val_heading_mae=39.8deg val_capture=96.15% val_bank=96.15% val_acq_acc=100.00% score=10.735 best=10.735 patience=0/14
temporal epoch=012/100 loss=9.81310 center_teacher=1.000 acq_teacher=1.000 capture=100.00% bank_capture=100.00% acq_acc=100.00% acq_conf=0.718 radius=0.0m pred_step=4.899 target_step=5.543 pred_v=4.867 target_v=5.543 val_mle=10.089m val_p90=12.295m val_speed_mae=3.344 heading=-0.3/-1.7deg val_progress_mae=9.109m val_heading_mae=39.8deg val_capture=96.15% val_bank=96.15% val_acq_acc=100.00% score=10.686 best=10.686 patience=0/14
temporal epoch=013/100 loss=10.26298 center_teacher=1.000 acq_teacher=1.000 capture=100.00% bank_capture=100.00% acq_acc=100.00% acq_conf=0.720 radius=0.0m pred_step=6.346 target_step=5.543 pred_v=6.122 target_v=5.543 val_mle=10.000m val_p90=12.249m val_speed_mae=2.895 heading=-0.4/-1.7deg val_progress_mae=9.039m val_heading_mae=39.7deg val_capture=96.15% val_bank=96.15% val_acq_acc=100.00% score=10.573 best=10.573 patience=0/14
temporal epoch=014/100 loss=9.61595 center_teacher=1.000 acq_teacher=1.000 capture=100.00% bank_capture=100.00% acq_acc=100.00% acq_conf=0.719 radius=0.0m pred_step=4.924 target_step=5.543 pred_v=4.864 target_v=5.543 val_mle=9.945m val_p90=12.212m val_speed_mae=3.769 heading=-0.2/-1.7deg val_progress_mae=9.022m val_heading_mae=39.7deg val_capture=96.15% val_bank=96.15% val_acq_acc=100.00% score=10.561 best=10.561 patience=0/14
temporal epoch=015/100 loss=10.10485 center_teacher=1.000 acq_teacher=1.000 capture=100.00% bank_capture=100.00% acq_acc=100.00% acq_conf=0.719 radius=0.0m pred_step=3.771 target_step=5.543 pred_v=3.846 target_v=5.543 val_mle=9.935m val_p90=12.176m val_speed_mae=3.211 heading=-0.1/-1.7deg val_progress_mae=8.969m val_heading_mae=39.7deg val_capture=96.15% val_bank=96.15% val_acq_acc=100.00% score=10.521 best=10.521 patience=0/14
temporal epoch=016/100 loss=10.33704 center_teacher=1.000 acq_teacher=1.000 capture=100.00% bank_capture=100.00% acq_acc=100.00% acq_conf=0.719 radius=0.0m pred_step=6.421 target_step=5.543 pred_v=6.163 target_v=5.543 val_mle=9.959m val_p90=12.154m val_speed_mae=3.837 heading=-0.2/-1.7deg val_progress_mae=8.966m val_heading_mae=39.7deg val_capture=96.15% val_bank=96.15% val_acq_acc=100.00% score=10.576 best=10.521 patience=1/14
temporal epoch=017/100 loss=9.90192 center_teacher=1.000 acq_teacher=1.000 capture=100.00% bank_capture=100.00% acq_acc=100.00% acq_conf=0.718 radius=0.0m pred_step=6.312 target_step=5.543 pred_v=6.068 target_v=5.543 val_mle=9.969m val_p90=12.128m val_speed_mae=4.846 heading=-0.2/-1.7deg val_progress_mae=9.004m val_heading_mae=39.7deg val_capture=96.15% val_bank=96.15% val_acq_acc=100.00% score=10.638 best=10.521 patience=2/14
temporal epoch=018/100 loss=11.44182 center_teacher=1.000 acq_teacher=1.000 capture=100.00% bank_capture=100.00% acq_acc=100.00% acq_conf=0.719 radius=0.0m pred_step=2.359 target_step=5.543 pred_v=2.601 target_v=5.543 val_mle=9.954m val_p90=12.109m val_speed_mae=3.021 heading=-0.1/-1.7deg val_progress_mae=8.996m val_heading_mae=39.7deg val_capture=96.15% val_bank=96.15% val_acq_acc=100.00% score=10.531 best=10.521 patience=3/14
temporal epoch=019/100 loss=9.81828 center_teacher=1.000 acq_teacher=1.000 capture=100.00% bank_capture=100.00% acq_acc=100.00% acq_conf=0.719 radius=0.0m pred_step=5.481 target_step=5.543 pred_v=5.335 target_v=5.543 val_mle=10.036m val_p90=12.144m val_speed_mae=7.019 heading=0.0/-1.7deg val_progress_mae=9.057m val_heading_mae=39.7deg val_capture=96.15% val_bank=96.15% val_acq_acc=100.00% score=10.815 best=10.521 patience=4/14
temporal epoch=020/100 loss=13.12646 center_teacher=1.000 acq_teacher=1.000 capture=100.00% bank_capture=100.00% acq_acc=100.00% acq_conf=0.719 radius=0.0m pred_step=9.261 target_step=5.543 pred_v=8.649 target_v=5.543 val_mle=10.016m val_p90=12.107m val_speed_mae=2.996 heading=0.0/-1.7deg val_progress_mae=9.062m val_heading_mae=39.6deg val_capture=96.15% val_bank=96.15% val_acq_acc=100.00% score=10.594 best=10.521 patience=5/14
temporal epoch=021/100 loss=9.14016 center_teacher=1.000 acq_teacher=1.000 capture=100.00% bank_capture=100.00% acq_acc=100.00% acq_conf=0.719 radius=0.0m pred_step=4.532 target_step=5.543 pred_v=4.512 target_v=5.543 val_mle=10.168m val_p90=12.214m val_speed_mae=4.961 heading=0.3/-1.7deg val_progress_mae=9.273m val_heading_mae=39.6deg val_capture=96.15% val_bank=96.15% val_acq_acc=100.00% score=10.850 best=10.521 patience=6/14
temporal epoch=022/100 loss=9.79591 center_teacher=1.000 acq_teacher=1.000 capture=100.00% bank_capture=100.00% acq_acc=100.00% acq_conf=0.719 radius=0.0m pred_step=3.126 target_step=5.543 pred_v=3.282 target_v=5.543 val_mle=10.139m val_p90=12.092m val_speed_mae=4.044 heading=0.4/-1.7deg val_progress_mae=9.160m val_heading_mae=39.6deg val_capture=96.15% val_bank=96.15% val_acq_acc=100.00% score=10.772 best=10.521 patience=7/14
temporal epoch=023/100 loss=12.14930 center_teacher=1.000 acq_teacher=1.000 capture=100.00% bank_capture=100.00% acq_acc=100.00% acq_conf=0.719 radius=0.0m pred_step=8.283 target_step=5.543 pred_v=7.789 target_v=5.543 val_mle=9.897m val_p90=11.843m val_speed_mae=3.580 heading=0.4/-1.7deg val_progress_mae=8.905m val_heading_mae=39.5deg val_capture=96.15% val_bank=96.15% val_acq_acc=100.00% score=10.499 best=10.499 patience=0/14
temporal epoch=024/100 loss=8.70785 center_teacher=1.000 acq_teacher=1.000 capture=100.00% bank_capture=100.00% acq_acc=100.00% acq_conf=0.719 radius=0.0m pred_step=6.179 target_step=5.543 pred_v=5.959 target_v=5.543 val_mle=9.776m val_p90=11.825m val_speed_mae=6.132 heading=0.9/-1.7deg val_progress_mae=8.893m val_heading_mae=39.4deg val_capture=96.15% val_bank=96.15% val_acq_acc=100.00% score=10.506 best=10.499 patience=1/14
temporal epoch=025/100 loss=11.84230 center_teacher=1.000 acq_teacher=1.000 capture=100.00% bank_capture=100.00% acq_acc=100.00% acq_conf=0.719 radius=0.0m pred_step=1.591 target_step=5.543 pred_v=1.912 target_v=5.543 val_mle=9.675m val_p90=11.681m val_speed_mae=6.023 heading=1.1/-1.7deg val_progress_mae=8.680m val_heading_mae=39.4deg val_capture=96.15% val_bank=96.15% val_acq_acc=100.00% score=10.392 best=10.392 patience=0/14
temporal epoch=026/100 loss=8.72122 center_teacher=1.000 acq_teacher=1.000 capture=100.00% bank_capture=100.00% acq_acc=100.00% acq_conf=0.719 radius=0.0m pred_step=4.156 target_step=5.543 pred_v=4.186 target_v=5.543 val_mle=9.124m val_p90=11.068m val_speed_mae=3.785 heading=1.2/-1.7deg val_progress_mae=7.960m val_heading_mae=39.3deg val_capture=96.15% val_bank=96.15% val_acq_acc=100.00% score=9.708 best=9.708 patience=0/14
temporal epoch=027/100 loss=12.89904 center_teacher=1.000 acq_teacher=1.000 capture=100.00% bank_capture=100.00% acq_acc=100.00% acq_conf=0.719 radius=0.0m pred_step=9.515 target_step=5.543 pred_v=8.881 target_v=5.543 val_mle=8.191m val_p90=10.194m val_speed_mae=3.226 heading=1.5/-1.7deg val_progress_mae=7.471m val_heading_mae=39.1deg val_capture=96.15% val_bank=96.15% val_acq_acc=100.00% score=8.731 best=8.731 patience=0/14
temporal epoch=028/100 loss=8.82506 center_teacher=1.000 acq_teacher=1.000 capture=100.00% bank_capture=100.00% acq_acc=100.00% acq_conf=0.720 radius=0.0m pred_step=7.083 target_step=5.543 pred_v=6.799 target_v=5.543 val_mle=8.061m val_p90=10.128m val_speed_mae=6.153 heading=2.6/-1.7deg val_progress_mae=7.430m val_heading_mae=39.0deg val_capture=96.15% val_bank=96.15% val_acq_acc=100.00% score=8.746 best=8.731 patience=1/14
temporal epoch=029/100 loss=11.71520 center_teacher=1.000 acq_teacher=1.000 capture=100.00% bank_capture=100.00% acq_acc=100.00% acq_conf=0.720 radius=0.0m pred_step=1.466 target_step=5.543 pred_v=1.834 target_v=5.543 val_mle=8.062m val_p90=10.131m val_speed_mae=6.111 heading=2.6/-1.7deg val_progress_mae=7.268m val_heading_mae=39.0deg val_capture=96.15% val_bank=96.15% val_acq_acc=100.00% score=8.741 best=8.731 patience=2/14
temporal epoch=030/100 loss=9.26214 center_teacher=1.000 acq_teacher=1.000 capture=100.00% bank_capture=100.00% acq_acc=100.00% acq_conf=0.720 radius=0.0m pred_step=3.867 target_step=5.543 pred_v=3.933 target_v=5.543 val_mle=7.747m val_p90=9.604m val_speed_mae=2.955 heading=2.3/-1.7deg val_progress_mae=6.808m val_heading_mae=38.9deg val_capture=96.15% val_bank=96.15% val_acq_acc=100.00% score=8.254 best=8.254 patience=0/14
temporal epoch=031/100 loss=11.70472 center_teacher=1.000 acq_teacher=1.000 capture=100.00% bank_capture=100.00% acq_acc=100.00% acq_conf=0.720 radius=0.0m pred_step=9.052 target_step=5.543 pred_v=8.420 target_v=5.543 val_mle=7.983m val_p90=10.146m val_speed_mae=3.422 heading=3.0/-1.7deg val_progress_mae=7.062m val_heading_mae=38.6deg val_capture=96.15% val_bank=96.15% val_acq_acc=100.00% score=8.521 best=8.254 patience=1/14
temporal epoch=032/100 loss=11.23505 center_teacher=1.000 acq_teacher=1.000 capture=100.00% bank_capture=100.00% acq_acc=100.00% acq_conf=0.720 radius=0.0m pred_step=9.821 target_step=5.543 pred_v=9.254 target_v=5.543 val_mle=7.235m val_p90=9.207m val_speed_mae=6.061 heading=4.1/-1.7deg val_progress_mae=6.307m val_heading_mae=38.6deg val_capture=96.15% val_bank=96.15% val_acq_acc=100.00% score=7.881 best=7.881 patience=0/14
temporal epoch=033/100 loss=11.56427 center_teacher=1.000 acq_teacher=1.000 capture=100.00% bank_capture=100.00% acq_acc=100.00% acq_conf=0.720 radius=0.0m pred_step=2.420 target_step=5.543 pred_v=2.736 target_v=5.543 val_mle=8.410m val_p90=11.064m val_speed_mae=6.025 heading=4.4/-1.7deg val_progress_mae=7.615m val_heading_mae=38.7deg val_capture=96.15% val_bank=96.15% val_acq_acc=100.00% score=9.094 best=7.881 patience=1/14
temporal epoch=034/100 loss=9.39415 center_teacher=1.000 acq_teacher=1.000 capture=100.00% bank_capture=100.00% acq_acc=100.00% acq_conf=0.721 radius=0.0m pred_step=3.304 target_step=5.543 pred_v=3.482 target_v=5.543 val_mle=8.365m val_p90=10.593m val_speed_mae=5.979 heading=3.2/-1.7deg val_progress_mae=7.299m val_heading_mae=38.7deg val_capture=96.15% val_bank=96.15% val_acq_acc=100.00% score=9.038 best=7.881 patience=2/14
temporal epoch=035/100 loss=11.02481 center_teacher=1.000 acq_teacher=1.000 capture=100.00% bank_capture=100.00% acq_acc=100.00% acq_conf=0.721 radius=0.0m pred_step=4.099 target_step=5.543 pred_v=4.038 target_v=5.543 val_mle=8.152m val_p90=10.272m val_speed_mae=3.559 heading=3.5/-1.7deg val_progress_mae=7.045m val_heading_mae=38.6deg val_capture=96.15% val_bank=96.15% val_acq_acc=100.00% score=8.695 best=7.881 patience=3/14
temporal epoch=036/100 loss=11.07236 center_teacher=1.000 acq_teacher=1.000 capture=100.00% bank_capture=100.00% acq_acc=100.00% acq_conf=0.720 radius=0.0m pred_step=8.971 target_step=5.543 pred_v=8.304 target_v=5.543 val_mle=8.467m val_p90=11.045m val_speed_mae=3.045 heading=4.2/-1.7deg val_progress_mae=7.636m val_heading_mae=38.5deg val_capture=96.15% val_bank=96.15% val_acq_acc=100.00% score=9.002 best=7.881 patience=4/14
temporal epoch=037/100 loss=10.56548 center_teacher=1.000 acq_teacher=1.000 capture=100.00% bank_capture=100.00% acq_acc=100.00% acq_conf=0.716 radius=0.0m pred_step=9.308 target_step=5.543 pred_v=8.830 target_v=5.543 val_mle=8.135m val_p90=10.606m val_speed_mae=4.655 heading=5.2/-1.7deg val_progress_mae=7.392m val_heading_mae=38.5deg val_capture=96.15% val_bank=96.15% val_acq_acc=100.00% score=8.743 best=7.881 patience=5/14
temporal epoch=038/100 loss=10.40411 center_teacher=1.000 acq_teacher=1.000 capture=100.00% bank_capture=100.00% acq_acc=100.00% acq_conf=0.714 radius=0.0m pred_step=4.510 target_step=5.543 pred_v=4.685 target_v=5.543 val_mle=8.261m val_p90=10.771m val_speed_mae=5.718 heading=5.2/-1.7deg val_progress_mae=7.436m val_heading_mae=38.6deg val_capture=96.15% val_bank=96.15% val_acq_acc=100.00% score=8.924 best=7.881 patience=6/14
temporal epoch=039/100 loss=8.82926 center_teacher=1.000 acq_teacher=1.000 capture=100.00% bank_capture=100.00% acq_acc=100.00% acq_conf=0.717 radius=0.0m pred_step=3.195 target_step=5.543 pred_v=3.398 target_v=5.543 val_mle=8.361m val_p90=10.591m val_speed_mae=4.673 heading=4.1/-1.7deg val_progress_mae=7.330m val_heading_mae=38.6deg val_capture=96.15% val_bank=96.15% val_acq_acc=100.00% score=8.969 best=7.881 patience=7/14
temporal epoch=040/100 loss=9.42113 center_teacher=1.000 acq_teacher=1.000 capture=100.00% bank_capture=100.00% acq_acc=100.00% acq_conf=0.720 radius=0.0m pred_step=5.793 target_step=5.543 pred_v=5.531 target_v=5.543 val_mle=8.559m val_p90=10.851m val_speed_mae=2.915 heading=4.2/-1.7deg val_progress_mae=7.587m val_heading_mae=38.5deg val_capture=96.15% val_bank=96.15% val_acq_acc=100.00% score=9.086 best=7.881 patience=8/14
temporal epoch=041/100 loss=8.44253 center_teacher=1.000 acq_teacher=1.000 capture=100.00% bank_capture=100.00% acq_acc=100.00% acq_conf=0.720 radius=0.0m pred_step=7.640 target_step=5.543 pred_v=7.243 target_v=5.543 val_mle=7.844m val_p90=10.069m val_speed_mae=2.901 heading=4.4/-1.7deg val_progress_mae=7.004m val_heading_mae=38.5deg val_capture=96.15% val_bank=96.15% val_acq_acc=100.00% score=8.353 best=7.881 patience=9/14
temporal epoch=042/100 loss=8.66127 center_teacher=1.000 acq_teacher=1.000 capture=100.00% bank_capture=100.00% acq_acc=100.00% acq_conf=0.714 radius=0.0m pred_step=5.561 target_step=5.543 pred_v=5.661 target_v=5.543 val_mle=8.241m val_p90=10.632m val_speed_mae=3.313 heading=5.4/-1.7deg val_progress_mae=7.554m val_heading_mae=38.5deg val_capture=96.15% val_bank=96.15% val_acq_acc=100.00% score=8.788 best=7.881 patience=10/14
temporal epoch=043/100 loss=8.98378 center_teacher=1.000 acq_teacher=1.000 capture=100.00% bank_capture=100.00% acq_acc=100.00% acq_conf=0.715 radius=0.0m pred_step=4.317 target_step=5.543 pred_v=4.587 target_v=5.543 val_mle=8.042m val_p90=10.277m val_speed_mae=3.054 heading=4.8/-1.7deg val_progress_mae=7.170m val_heading_mae=38.5deg val_capture=96.15% val_bank=96.15% val_acq_acc=100.00% score=8.563 best=7.881 patience=11/14
temporal epoch=044/100 loss=6.86330 center_teacher=1.000 acq_teacher=1.000 capture=100.00% bank_capture=100.00% acq_acc=100.00% acq_conf=0.715 radius=0.0m pred_step=5.048 target_step=5.543 pred_v=5.056 target_v=5.543 val_mle=9.210m val_p90=11.665m val_speed_mae=2.886 heading=4.6/-1.7deg val_progress_mae=8.369m val_heading_mae=38.6deg val_capture=96.15% val_bank=96.15% val_acq_acc=100.00% score=9.760 best=7.881 patience=12/14
temporal epoch=045/100 loss=8.52448 center_teacher=1.000 acq_teacher=1.000 capture=100.00% bank_capture=100.00% acq_acc=100.00% acq_conf=0.723 radius=0.0m pred_step=6.087 target_step=5.543 pred_v=5.870 target_v=5.543 val_mle=8.716m val_p90=11.137m val_speed_mae=2.893 heading=3.8/-1.7deg val_progress_mae=7.830m val_heading_mae=38.5deg val_capture=96.15% val_bank=96.15% val_acq_acc=100.00% score=9.249 best=7.881 patience=13/14
temporal epoch=046/100 loss=6.59747 center_teacher=1.000 acq_teacher=1.000 capture=100.00% bank_capture=100.00% acq_acc=100.00% acq_conf=0.716 radius=0.0m pred_step=5.525 target_step=5.543 pred_v=5.432 target_v=5.543 val_mle=8.161m val_p90=10.656m val_speed_mae=2.927 heading=4.5/-1.7deg val_progress_mae=7.421m val_heading_mae=38.6deg val_capture=96.15% val_bank=96.15% val_acq_acc=100.00% score=8.684 best=7.881 patience=14/14
EARLY STOP: controlled local-prior validation score did not improve by 0.003 for 14 epochs.
[TRAIN-ONLY KALMAN CALIBRATION] {"confidence_power": 1.0, "fixed_variance_m2": 9.0, "objective": 9.026636949738993, "q_cross": 0.30000000000000004, "q_progress": 1.125, "q_velocity": 0.75, "val_mle_m": 7.189635538453244, "val_p90_m": 9.185007056428748}
