[PREPARED] PASS | city=citya | step=4 m | selection=soft_sequence_v13_multicity_auto_train_fullroute | existing GT/routes unchanged
[CADENCE] source=experiment_route_stats_train_01 | mean=5.603307 m | p90=10.304821 m | p95=11.938275 m
[OK] clean v39 runtime: Forward-18 SoftMS -> GRU -> Kalman -> one final MeanShift
[OK] weighted-centroid decoder removed from generated runtime source
[PATCH OK] GRU = current + delta + delta2 + SAT + SoftMS position + visual displacement + previous state
[PATCH OK] 3-frame has a unique second-difference temporal residual path; 1-frame adapter is zero
[PATCH OK] training/validation/inference motion starts from current-city cadence
[PATCH OK] Kalman is measurement-preserving residual fusion
[PATCH OK] high-confidence visual measurements relax the final step corridor
[PATCH OK] no held-out navigation result is read by this patch
[V39-BEARING] final-MS route-centerline reference patch: PASS
[ARCH-AUDIT] forward_18: PASS
[ARCH-AUDIT] base_geometry_6x6: PASS
[ARCH-AUDIT] front_softms_source: PASS
[ARCH-AUDIT] one_final_ms_source: PASS
[ARCH-AUDIT] front_decoder_softms: PASS
[ARCH-AUDIT] simple_seven_block_gru: PASS
[ARCH-AUDIT] residual_motion_head: PASS
[ARCH-AUDIT] causal_visual_displacement: PASS
[ARCH-AUDIT] cadence_initialized_tracker: PASS
[ARCH-AUDIT] motion_training_inference_aligned: PASS
[ARCH-AUDIT] training_city_motion_scale_init: PASS
[ARCH-AUDIT] forward_origin_backshift_covers_jitter: PASS
[ARCH-AUDIT] protocol: PASS
[ARCH-AUDIT] controlled_gt_reference_enabled: PASS
[ARCH-AUDIT] frame_count: PASS
[ARCH-AUDIT] gru_flag: PASS
[ARCH-AUDIT] kalman_flag: PASS
route_B: reuse UAV backbone cache

=== citya frames2: nav50 ===
route_B final MLE=3.688m P90=6.650m LSR@15=100.00% selected_capture=100.00% bank_capture=100.00% acq_acc=100.00% speed_mae=3.001m/frame progress_mae=1.388m heading_mae=36.5deg jump_rate=0.00% max_step=16.54m final_leg=11 gt_leg=11
route_C: reuse UAV backbone cache

=== citya frames2: nav51 ===
route_C final MLE=3.751m P90=6.649m LSR@15=100.00% selected_capture=98.54% bank_capture=98.54% acq_acc=100.00% speed_mae=3.694m/frame progress_mae=2.101m heading_mae=33.1deg jump_rate=0.98% max_step=17.61m final_leg=8 gt_leg=8
[DONE] /yh/study/uav-sat/v39_otherdata/iclr_bearing_citya_ablation_v3_20260920_115030/citya/variants/frames2/bearing_v39_summary.json
