[PREPARED] PASS | city=citya | step=4 m | selection=soft_sequence_v13_multicity_auto_train_fullroute | existing GT/routes unchanged
[CADENCE] source=experiment_route_stats_train_01 | mean=5.603307 m | p90=10.304821 m | p95=11.938275 m
[OK] clean v39 runtime: Forward-18 SoftMS -> GRU -> Kalman -> one final MeanShift
[OK] weighted-centroid decoder removed from generated runtime source
[PATCH OK] GRU = current + delta + delta2 + SAT + SoftMS position + visual displacement + previous state
[PATCH OK] 3-frame has a unique second-difference temporal residual path; 1-frame adapter is zero
[PATCH OK] training/validation/inference motion starts from current-city cadence
[PATCH OK] Kalman is measurement-preserving residual fusion
[PATCH OK] high-confidence visual measurements relax the final step corridor
[PATCH OK] no held-out navigation result is read by this patch
[V39-BEARING] final-MS route-centerline reference patch: PASS
[ARCH-AUDIT] forward_18: PASS
[ARCH-AUDIT] base_geometry_6x6: PASS
[ARCH-AUDIT] front_softms_source: PASS
[ARCH-AUDIT] one_final_ms_source: PASS
[ARCH-AUDIT] front_decoder_softms: PASS
[ARCH-AUDIT] simple_seven_block_gru: PASS
[ARCH-AUDIT] residual_motion_head: PASS
[ARCH-AUDIT] causal_visual_displacement: PASS
[ARCH-AUDIT] cadence_initialized_tracker: PASS
[ARCH-AUDIT] motion_training_inference_aligned: PASS
[ARCH-AUDIT] training_city_motion_scale_init: PASS
[ARCH-AUDIT] forward_origin_backshift_covers_jitter: PASS
[ARCH-AUDIT] protocol: PASS
[ARCH-AUDIT] controlled_gt_reference_enabled: PASS
[ARCH-AUDIT] frame_count: PASS
[ARCH-AUDIT] gru_flag: PASS
[ARCH-AUDIT] kalman_flag: PASS
[TRAIN] reuse visual checkpoint /yh/study/uav-sat/v39_otherdata/iclr_bearing_citya_ablation_v3_20260920_115030/citya/train_frames2/checkpoints/visual_retrieval_A_only.pt
route_A: reuse UAV backbone cache
temporal split train=[0,135) val=[139,165) route_length=789.4m
City training-sequence mean forward step=5.543m/frame p90=10.326m/frame
temporal epoch=001/100 loss=10.76986 center_teacher=1.000 acq_teacher=1.000 capture=100.00% bank_capture=100.00% acq_acc=100.00% acq_conf=0.719 radius=0.0m pred_step=5.509 target_step=5.543 pred_v=5.522 target_v=5.543 val_mle=11.564m val_p90=13.687m val_speed_mae=3.405 heading=-0.1/-1.7deg val_progress_mae=10.780m val_heading_mae=39.8deg val_capture=96.15% val_bank=96.15% val_acq_acc=100.00% score=12.214 best=12.214 patience=0/14
temporal epoch=002/100 loss=11.04429 center_teacher=1.000 acq_teacher=1.000 capture=100.00% bank_capture=100.00% acq_acc=100.00% acq_conf=0.720 radius=0.0m pred_step=4.502 target_step=5.543 pred_v=4.636 target_v=5.543 val_mle=11.489m val_p90=13.612m val_speed_mae=3.423 heading=-0.4/-1.7deg val_progress_mae=10.702m val_heading_mae=39.8deg val_capture=96.15% val_bank=96.15% val_acq_acc=100.00% score=12.138 best=12.138 patience=0/14
temporal epoch=003/100 loss=10.77497 center_teacher=1.000 acq_teacher=1.000 capture=100.00% bank_capture=100.00% acq_acc=100.00% acq_conf=0.718 radius=0.0m pred_step=4.738 target_step=5.543 pred_v=4.833 target_v=5.543 val_mle=11.365m val_p90=13.513m val_speed_mae=2.917 heading=-0.3/-1.7deg val_progress_mae=10.586m val_heading_mae=39.7deg val_capture=96.15% val_bank=96.15% val_acq_acc=100.00% score=11.984 best=11.984 patience=0/14
temporal epoch=004/100 loss=10.55051 center_teacher=1.000 acq_teacher=1.000 capture=100.00% bank_capture=100.00% acq_acc=100.00% acq_conf=0.719 radius=0.0m pred_step=5.415 target_step=5.543 pred_v=5.419 target_v=5.543 val_mle=11.240m val_p90=13.394m val_speed_mae=2.877 heading=-0.1/-1.7deg val_progress_mae=10.453m val_heading_mae=39.7deg val_capture=96.15% val_bank=96.15% val_acq_acc=100.00% score=11.854 best=11.854 patience=0/14
temporal epoch=005/100 loss=10.50784 center_teacher=1.000 acq_teacher=1.000 capture=100.00% bank_capture=100.00% acq_acc=100.00% acq_conf=0.719 radius=0.0m pred_step=5.655 target_step=5.543 pred_v=5.624 target_v=5.543 val_mle=11.115m val_p90=13.255m val_speed_mae=2.892 heading=-0.1/-1.7deg val_progress_mae=10.303m val_heading_mae=39.7deg val_capture=96.15% val_bank=96.15% val_acq_acc=100.00% score=11.725 best=11.725 patience=0/14
temporal epoch=006/100 loss=10.36933 center_teacher=1.000 acq_teacher=1.000 capture=100.00% bank_capture=100.00% acq_acc=100.00% acq_conf=0.719 radius=0.0m pred_step=5.365 target_step=5.543 pred_v=5.364 target_v=5.543 val_mle=10.988m val_p90=13.095m val_speed_mae=3.108 heading=-0.2/-1.7deg val_progress_mae=10.141m val_heading_mae=39.8deg val_capture=96.15% val_bank=96.15% val_acq_acc=100.00% score=11.604 best=11.604 patience=0/14
temporal epoch=007/100 loss=10.37200 center_teacher=1.000 acq_teacher=1.000 capture=100.00% bank_capture=100.00% acq_acc=100.00% acq_conf=0.718 radius=0.0m pred_step=4.849 target_step=5.543 pred_v=4.905 target_v=5.543 val_mle=10.827m val_p90=12.940m val_speed_mae=3.471 heading=-0.3/-1.7deg val_progress_mae=9.947m val_heading_mae=39.8deg val_capture=96.15% val_bank=96.15% val_acq_acc=100.00% score=11.456 best=11.456 patience=0/14
temporal epoch=008/100 loss=10.34788 center_teacher=1.000 acq_teacher=1.000 capture=100.00% bank_capture=100.00% acq_acc=100.00% acq_conf=0.720 radius=0.0m pred_step=4.533 target_step=5.543 pred_v=4.619 target_v=5.543 val_mle=10.649m val_p90=12.789m val_speed_mae=3.408 heading=-0.4/-1.7deg val_progress_mae=9.750m val_heading_mae=39.8deg val_capture=96.15% val_bank=96.15% val_acq_acc=100.00% score=11.268 best=11.268 patience=0/14
temporal epoch=009/100 loss=10.16120 center_teacher=1.000 acq_teacher=1.000 capture=100.00% bank_capture=100.00% acq_acc=100.00% acq_conf=0.720 radius=0.0m pred_step=4.667 target_step=5.543 pred_v=4.722 target_v=5.543 val_mle=10.467m val_p90=12.647m val_speed_mae=3.128 heading=-0.3/-1.7deg val_progress_mae=9.561m val_heading_mae=39.7deg val_capture=96.15% val_bank=96.15% val_acq_acc=100.00% score=11.067 best=11.067 patience=0/14
temporal epoch=010/100 loss=9.98139 center_teacher=1.000 acq_teacher=1.000 capture=100.00% bank_capture=100.00% acq_acc=100.00% acq_conf=0.719 radius=0.0m pred_step=4.982 target_step=5.543 pred_v=4.978 target_v=5.543 val_mle=10.310m val_p90=12.532m val_speed_mae=3.077 heading=-0.2/-1.7deg val_progress_mae=9.398m val_heading_mae=39.7deg val_capture=96.15% val_bank=96.15% val_acq_acc=100.00% score=10.902 best=10.902 patience=0/14
temporal epoch=011/100 loss=9.89613 center_teacher=1.000 acq_teacher=1.000 capture=100.00% bank_capture=100.00% acq_acc=100.00% acq_conf=0.719 radius=0.0m pred_step=4.987 target_step=5.543 pred_v=4.959 target_v=5.543 val_mle=10.226m val_p90=12.465m val_speed_mae=3.154 heading=-0.2/-1.7deg val_progress_mae=9.302m val_heading_mae=39.7deg val_capture=96.15% val_bank=96.15% val_acq_acc=100.00% score=10.819 best=10.819 patience=0/14
temporal epoch=012/100 loss=9.87039 center_teacher=1.000 acq_teacher=1.000 capture=100.00% bank_capture=100.00% acq_acc=100.00% acq_conf=0.718 radius=0.0m pred_step=4.878 target_step=5.543 pred_v=4.840 target_v=5.543 val_mle=10.195m val_p90=12.454m val_speed_mae=3.105 heading=-0.3/-1.7deg val_progress_mae=9.263m val_heading_mae=39.8deg val_capture=96.15% val_bank=96.15% val_acq_acc=100.00% score=10.784 best=10.784 patience=0/14
temporal epoch=013/100 loss=9.77104 center_teacher=1.000 acq_teacher=1.000 capture=100.00% bank_capture=100.00% acq_acc=100.00% acq_conf=0.720 radius=0.0m pred_step=4.941 target_step=5.543 pred_v=4.876 target_v=5.543 val_mle=10.202m val_p90=12.484m val_speed_mae=2.909 heading=-0.4/-1.7deg val_progress_mae=9.271m val_heading_mae=39.8deg val_capture=96.15% val_bank=96.15% val_acq_acc=100.00% score=10.782 best=10.784 patience=1/14
temporal epoch=014/100 loss=9.70719 center_teacher=1.000 acq_teacher=1.000 capture=100.00% bank_capture=100.00% acq_acc=100.00% acq_conf=0.720 radius=0.0m pred_step=5.192 target_step=5.543 pred_v=5.080 target_v=5.543 val_mle=10.225m val_p90=12.519m val_speed_mae=2.872 heading=-0.3/-1.7deg val_progress_mae=9.305m val_heading_mae=39.7deg val_capture=96.15% val_bank=96.15% val_acq_acc=100.00% score=10.805 best=10.784 patience=2/14
temporal epoch=015/100 loss=9.74301 center_teacher=1.000 acq_teacher=1.000 capture=100.00% bank_capture=100.00% acq_acc=100.00% acq_conf=0.718 radius=0.0m pred_step=5.384 target_step=5.543 pred_v=5.239 target_v=5.543 val_mle=10.289m val_p90=12.567m val_speed_mae=2.874 heading=-0.2/-1.7deg val_progress_mae=9.382m val_heading_mae=39.7deg val_capture=96.15% val_bank=96.15% val_acq_acc=100.00% score=10.871 best=10.784 patience=3/14
temporal epoch=016/100 loss=9.64523 center_teacher=1.000 acq_teacher=1.000 capture=100.00% bank_capture=100.00% acq_acc=100.00% acq_conf=0.719 radius=0.0m pred_step=5.086 target_step=5.543 pred_v=4.972 target_v=5.543 val_mle=10.373m val_p90=12.629m val_speed_mae=2.868 heading=-0.2/-1.7deg val_progress_mae=9.468m val_heading_mae=39.7deg val_capture=96.15% val_bank=96.15% val_acq_acc=100.00% score=10.957 best=10.784 patience=4/14
temporal epoch=017/100 loss=9.69357 center_teacher=1.000 acq_teacher=1.000 capture=100.00% bank_capture=100.00% acq_acc=100.00% acq_conf=0.719 radius=0.0m pred_step=5.192 target_step=5.543 pred_v=5.060 target_v=5.543 val_mle=10.475m val_p90=12.708m val_speed_mae=3.032 heading=-0.2/-1.7deg val_progress_mae=9.573m val_heading_mae=39.7deg val_capture=96.15% val_bank=96.15% val_acq_acc=100.00% score=11.070 best=10.784 patience=5/14
temporal epoch=018/100 loss=9.87009 center_teacher=1.000 acq_teacher=1.000 capture=100.00% bank_capture=100.00% acq_acc=100.00% acq_conf=0.719 radius=0.0m pred_step=5.690 target_step=5.543 pred_v=5.497 target_v=5.543 val_mle=10.538m val_p90=12.763m val_speed_mae=2.881 heading=-0.2/-1.7deg val_progress_mae=9.654m val_heading_mae=39.7deg val_capture=96.15% val_bank=96.15% val_acq_acc=100.00% score=11.128 best=10.784 patience=6/14
temporal epoch=019/100 loss=9.54050 center_teacher=1.000 acq_teacher=1.000 capture=100.00% bank_capture=100.00% acq_acc=100.00% acq_conf=0.719 radius=0.0m pred_step=5.138 target_step=5.543 pred_v=5.007 target_v=5.543 val_mle=10.539m val_p90=12.749m val_speed_mae=2.857 heading=-0.1/-1.7deg val_progress_mae=9.656m val_heading_mae=39.6deg val_capture=96.15% val_bank=96.15% val_acq_acc=100.00% score=11.127 best=10.784 patience=7/14
temporal epoch=020/100 loss=9.47946 center_teacher=1.000 acq_teacher=1.000 capture=100.00% bank_capture=100.00% acq_acc=100.00% acq_conf=0.719 radius=0.0m pred_step=5.252 target_step=5.543 pred_v=5.109 target_v=5.543 val_mle=10.391m val_p90=12.596m val_speed_mae=2.877 heading=-0.1/-1.7deg val_progress_mae=9.474m val_heading_mae=39.6deg val_capture=96.15% val_bank=96.15% val_acq_acc=100.00% score=10.975 best=10.784 patience=8/14
temporal epoch=021/100 loss=9.36404 center_teacher=1.000 acq_teacher=1.000 capture=100.00% bank_capture=100.00% acq_acc=100.00% acq_conf=0.719 radius=0.0m pred_step=5.752 target_step=5.543 pred_v=5.548 target_v=5.543 val_mle=10.186m val_p90=12.410m val_speed_mae=4.592 heading=-0.1/-1.7deg val_progress_mae=9.265m val_heading_mae=39.6deg val_capture=96.15% val_bank=96.15% val_acq_acc=100.00% score=10.850 best=10.784 patience=9/14
temporal epoch=022/100 loss=9.43544 center_teacher=1.000 acq_teacher=1.000 capture=100.00% bank_capture=100.00% acq_acc=100.00% acq_conf=0.719 radius=0.0m pred_step=3.887 target_step=5.543 pred_v=3.913 target_v=5.543 val_mle=9.860m val_p90=12.140m val_speed_mae=2.842 heading=0.2/-1.7deg val_progress_mae=8.897m val_heading_mae=39.5deg val_capture=96.15% val_bank=96.15% val_acq_acc=100.00% score=10.425 best=10.425 patience=0/14
temporal epoch=023/100 loss=9.94506 center_teacher=1.000 acq_teacher=1.000 capture=100.00% bank_capture=100.00% acq_acc=100.00% acq_conf=0.719 radius=0.0m pred_step=7.196 target_step=5.543 pred_v=6.820 target_v=5.543 val_mle=9.689m val_p90=11.961m val_speed_mae=3.993 heading=0.2/-1.7deg val_progress_mae=8.694m val_heading_mae=39.5deg val_capture=96.15% val_bank=96.15% val_acq_acc=100.00% score=10.305 best=10.305 patience=0/14
temporal epoch=024/100 loss=9.25680 center_teacher=1.000 acq_teacher=1.000 capture=100.00% bank_capture=100.00% acq_acc=100.00% acq_conf=0.719 radius=0.0m pred_step=4.705 target_step=5.543 pred_v=4.641 target_v=5.543 val_mle=9.676m val_p90=12.019m val_speed_mae=6.398 heading=0.1/-1.7deg val_progress_mae=8.680m val_heading_mae=39.5deg val_capture=96.15% val_bank=96.15% val_acq_acc=100.00% score=10.413 best=10.305 patience=1/14
temporal epoch=025/100 loss=10.11661 center_teacher=1.000 acq_teacher=1.000 capture=100.00% bank_capture=100.00% acq_acc=100.00% acq_conf=0.719 radius=0.0m pred_step=3.086 target_step=5.543 pred_v=3.213 target_v=5.543 val_mle=9.117m val_p90=11.550m val_speed_mae=3.873 heading=-0.1/-1.7deg val_progress_mae=8.003m val_heading_mae=39.5deg val_capture=96.15% val_bank=96.15% val_acq_acc=100.00% score=9.707 best=9.707 patience=0/14
temporal epoch=026/100 loss=9.23094 center_teacher=1.000 acq_teacher=1.000 capture=100.00% bank_capture=100.00% acq_acc=100.00% acq_conf=0.719 radius=0.0m pred_step=7.172 target_step=5.543 pred_v=6.805 target_v=5.543 val_mle=9.045m val_p90=11.579m val_speed_mae=2.981 heading=0.0/-1.7deg val_progress_mae=7.967m val_heading_mae=39.4deg val_capture=96.15% val_bank=96.15% val_acq_acc=100.00% score=9.588 best=9.588 patience=0/14
temporal epoch=027/100 loss=9.07534 center_teacher=1.000 acq_teacher=1.000 capture=100.00% bank_capture=100.00% acq_acc=100.00% acq_conf=0.719 radius=0.0m pred_step=6.533 target_step=5.543 pred_v=6.262 target_v=5.543 val_mle=8.586m val_p90=11.145m val_speed_mae=6.423 heading=0.4/-1.7deg val_progress_mae=7.422m val_heading_mae=39.5deg val_capture=96.15% val_bank=96.15% val_acq_acc=100.00% score=9.286 best=9.286 patience=0/14
temporal epoch=028/100 loss=11.55447 center_teacher=1.000 acq_teacher=1.000 capture=100.00% bank_capture=100.00% acq_acc=100.00% acq_conf=0.718 radius=0.0m pred_step=1.077 target_step=5.543 pred_v=1.327 target_v=5.543 val_mle=8.667m val_p90=11.122m val_speed_mae=6.423 heading=-0.4/-1.7deg val_progress_mae=7.338m val_heading_mae=39.7deg val_capture=96.15% val_bank=96.15% val_acq_acc=100.00% score=9.365 best=9.286 patience=1/14
temporal epoch=029/100 loss=10.94140 center_teacher=1.000 acq_teacher=1.000 capture=100.00% bank_capture=100.00% acq_acc=100.00% acq_conf=0.719 radius=0.0m pred_step=2.213 target_step=5.543 pred_v=2.438 target_v=5.543 val_mle=8.518m val_p90=11.079m val_speed_mae=4.849 heading=-1.1/-1.7deg val_progress_mae=7.240m val_heading_mae=39.6deg val_capture=96.15% val_bank=96.15% val_acq_acc=100.00% score=9.134 best=9.134 patience=0/14
temporal epoch=030/100 loss=9.16974 center_teacher=1.000 acq_teacher=1.000 capture=100.00% bank_capture=100.00% acq_acc=100.00% acq_conf=0.721 radius=0.0m pred_step=7.518 target_step=5.543 pred_v=7.116 target_v=5.543 val_mle=8.326m val_p90=11.017m val_speed_mae=3.779 heading=-0.3/-1.7deg val_progress_mae=7.209m val_heading_mae=39.6deg val_capture=96.15% val_bank=96.15% val_acq_acc=100.00% score=8.887 best=8.887 patience=0/14
temporal epoch=031/100 loss=9.99336 center_teacher=1.000 acq_teacher=1.000 capture=100.00% bank_capture=100.00% acq_acc=100.00% acq_conf=0.720 radius=0.0m pred_step=6.839 target_step=5.543 pred_v=6.489 target_v=5.543 val_mle=8.475m val_p90=11.350m val_speed_mae=6.320 heading=-0.9/-1.7deg val_progress_mae=7.438m val_heading_mae=40.2deg val_capture=96.15% val_bank=96.15% val_acq_acc=100.00% score=9.171 best=8.887 patience=1/14
temporal epoch=032/100 loss=9.56371 center_teacher=1.000 acq_teacher=1.000 capture=100.00% bank_capture=100.00% acq_acc=100.00% acq_conf=0.721 radius=0.0m pred_step=3.716 target_step=5.543 pred_v=3.768 target_v=5.543 val_mle=8.811m val_p90=11.229m val_speed_mae=6.313 heading=-3.4/-1.7deg val_progress_mae=7.518m val_heading_mae=40.8deg val_capture=96.15% val_bank=96.15% val_acq_acc=100.00% score=9.511 best=8.887 patience=2/14
temporal epoch=033/100 loss=11.48636 center_teacher=1.000 acq_teacher=1.000 capture=100.00% bank_capture=100.00% acq_acc=100.00% acq_conf=0.718 radius=0.0m pred_step=4.268 target_step=5.543 pred_v=4.464 target_v=5.543 val_mle=8.910m val_p90=11.262m val_speed_mae=5.731 heading=-5.4/-1.7deg val_progress_mae=7.611m val_heading_mae=40.9deg val_capture=96.15% val_bank=96.15% val_acq_acc=100.00% score=9.583 best=8.887 patience=3/14
temporal epoch=034/100 loss=8.96743 center_teacher=1.000 acq_teacher=1.000 capture=100.00% bank_capture=100.00% acq_acc=100.00% acq_conf=0.716 radius=0.0m pred_step=5.319 target_step=5.543 pred_v=5.310 target_v=5.543 val_mle=8.885m val_p90=11.850m val_speed_mae=3.912 heading=-4.9/-1.7deg val_progress_mae=8.151m val_heading_mae=40.5deg val_capture=96.15% val_bank=96.15% val_acq_acc=100.00% score=9.483 best=8.887 patience=4/14
temporal epoch=035/100 loss=9.21263 center_teacher=1.000 acq_teacher=1.000 capture=100.00% bank_capture=100.00% acq_acc=100.00% acq_conf=0.716 radius=0.0m pred_step=5.903 target_step=5.543 pred_v=5.658 target_v=5.543 val_mle=7.738m val_p90=10.397m val_speed_mae=4.033 heading=-2.7/-1.7deg val_progress_mae=6.846m val_heading_mae=40.5deg val_capture=96.15% val_bank=96.15% val_acq_acc=100.00% score=8.303 best=8.303 patience=0/14
temporal epoch=036/100 loss=10.78560 center_teacher=1.000 acq_teacher=1.000 capture=100.00% bank_capture=100.00% acq_acc=100.00% acq_conf=0.721 radius=0.0m pred_step=4.579 target_step=5.543 pred_v=4.408 target_v=5.543 val_mle=8.084m val_p90=10.602m val_speed_mae=2.954 heading=-3.5/-1.7deg val_progress_mae=6.968m val_heading_mae=40.7deg val_capture=96.15% val_bank=96.15% val_acq_acc=100.00% score=8.599 best=8.303 patience=1/14
temporal epoch=037/100 loss=9.24790 center_teacher=1.000 acq_teacher=1.000 capture=100.00% bank_capture=100.00% acq_acc=100.00% acq_conf=0.716 radius=0.0m pred_step=7.491 target_step=5.543 pred_v=7.083 target_v=5.543 val_mle=9.787m val_p90=12.426m val_speed_mae=3.501 heading=-4.4/-1.7deg val_progress_mae=8.771m val_heading_mae=40.9deg val_capture=96.15% val_bank=96.15% val_acq_acc=100.00% score=10.384 best=8.303 patience=2/14
temporal epoch=038/100 loss=9.64425 center_teacher=1.000 acq_teacher=1.000 capture=100.00% bank_capture=100.00% acq_acc=100.00% acq_conf=0.717 radius=0.0m pred_step=6.977 target_step=5.543 pred_v=6.821 target_v=5.543 val_mle=9.876m val_p90=12.597m val_speed_mae=4.418 heading=-4.6/-1.7deg val_progress_mae=8.907m val_heading_mae=40.8deg val_capture=96.15% val_bank=96.15% val_acq_acc=100.00% score=10.522 best=8.303 patience=3/14
temporal epoch=039/100 loss=11.03142 center_teacher=1.000 acq_teacher=1.000 capture=100.00% bank_capture=100.00% acq_acc=100.00% acq_conf=0.718 radius=0.0m pred_step=2.329 target_step=5.543 pred_v=2.683 target_v=5.543 val_mle=8.297m val_p90=10.876m val_speed_mae=5.665 heading=-4.7/-1.7deg val_progress_mae=7.117m val_heading_mae=40.9deg val_capture=96.15% val_bank=96.15% val_acq_acc=100.00% score=8.952 best=8.303 patience=4/14
temporal epoch=040/100 loss=9.79139 center_teacher=1.000 acq_teacher=1.000 capture=100.00% bank_capture=100.00% acq_acc=100.00% acq_conf=0.719 radius=0.0m pred_step=2.610 target_step=5.543 pred_v=2.856 target_v=5.543 val_mle=7.569m val_p90=9.505m val_speed_mae=2.873 heading=-5.2/-1.7deg val_progress_mae=6.434m val_heading_mae=40.9deg val_capture=100.00% val_bank=100.00% val_acq_acc=100.00% score=7.987 best=7.987 patience=0/14
temporal epoch=041/100 loss=10.21667 center_teacher=1.000 acq_teacher=1.000 capture=100.00% bank_capture=100.00% acq_acc=100.00% acq_conf=0.716 radius=0.0m pred_step=7.389 target_step=5.543 pred_v=6.984 target_v=5.543 val_mle=9.125m val_p90=11.892m val_speed_mae=4.910 heading=-4.3/-1.7deg val_progress_mae=8.271m val_heading_mae=40.5deg val_capture=96.15% val_bank=96.15% val_acq_acc=100.00% score=9.776 best=7.987 patience=1/14
temporal epoch=042/100 loss=10.93538 center_teacher=1.000 acq_teacher=1.000 capture=100.00% bank_capture=100.00% acq_acc=100.00% acq_conf=0.715 radius=0.0m pred_step=9.220 target_step=5.543 pred_v=8.654 target_v=5.543 val_mle=10.272m val_p90=12.969m val_speed_mae=2.799 heading=-3.4/-1.7deg val_progress_mae=9.417m val_heading_mae=40.7deg val_capture=96.15% val_bank=96.15% val_acq_acc=100.00% score=10.852 best=7.987 patience=2/14
temporal epoch=043/100 loss=8.00776 center_teacher=1.000 acq_teacher=1.000 capture=100.00% bank_capture=100.00% acq_acc=100.00% acq_conf=0.716 radius=0.0m pred_step=4.613 target_step=5.543 pred_v=4.713 target_v=5.543 val_mle=8.567m val_p90=10.690m val_speed_mae=3.594 heading=-5.1/-1.7deg val_progress_mae=7.325m val_heading_mae=41.2deg val_capture=100.00% val_bank=100.00% val_acq_acc=100.00% score=9.049 best=7.987 patience=3/14
temporal epoch=044/100 loss=9.68705 center_teacher=1.000 acq_teacher=1.000 capture=100.00% bank_capture=100.00% acq_acc=100.00% acq_conf=0.719 radius=0.0m pred_step=3.719 target_step=5.543 pred_v=4.112 target_v=5.543 val_mle=7.961m val_p90=9.970m val_speed_mae=2.844 heading=-7.4/-1.7deg val_progress_mae=6.550m val_heading_mae=41.3deg val_capture=100.00% val_bank=100.00% val_acq_acc=100.00% score=8.382 best=7.987 patience=4/14
temporal epoch=045/100 loss=8.51706 center_teacher=1.000 acq_teacher=1.000 capture=100.00% bank_capture=100.00% acq_acc=100.00% acq_conf=0.720 radius=0.0m pred_step=5.973 target_step=5.543 pred_v=6.007 target_v=5.543 val_mle=9.799m val_p90=12.510m val_speed_mae=3.019 heading=-6.3/-1.7deg val_progress_mae=8.911m val_heading_mae=40.7deg val_capture=96.15% val_bank=96.15% val_acq_acc=100.00% score=10.375 best=7.987 patience=5/14
temporal epoch=046/100 loss=8.42310 center_teacher=1.000 acq_teacher=1.000 capture=100.00% bank_capture=100.00% acq_acc=100.00% acq_conf=0.717 radius=0.0m pred_step=6.590 target_step=5.543 pred_v=6.398 target_v=5.543 val_mle=10.123m val_p90=12.479m val_speed_mae=2.943 heading=-3.7/-1.7deg val_progress_mae=9.473m val_heading_mae=40.5deg val_capture=96.15% val_bank=96.15% val_acq_acc=100.00% score=10.712 best=7.987 patience=6/14
temporal epoch=047/100 loss=9.39334 center_teacher=1.000 acq_teacher=1.000 capture=100.00% bank_capture=100.00% acq_acc=100.00% acq_conf=0.720 radius=0.0m pred_step=4.348 target_step=5.543 pred_v=4.368 target_v=5.543 val_mle=8.430m val_p90=11.440m val_speed_mae=3.252 heading=-3.4/-1.7deg val_progress_mae=7.485m val_heading_mae=40.6deg val_capture=96.15% val_bank=96.15% val_acq_acc=100.00% score=8.975 best=7.987 patience=7/14
temporal epoch=048/100 loss=8.08821 center_teacher=1.000 acq_teacher=1.000 capture=100.00% bank_capture=100.00% acq_acc=100.00% acq_conf=0.721 radius=0.0m pred_step=4.557 target_step=5.543 pred_v=4.619 target_v=5.543 val_mle=8.006m val_p90=10.699m val_speed_mae=2.923 heading=-4.6/-1.7deg val_progress_mae=6.678m val_heading_mae=40.6deg val_capture=96.15% val_bank=96.15% val_acq_acc=100.00% score=8.511 best=7.987 patience=8/14
temporal epoch=049/100 loss=9.24107 center_teacher=1.000 acq_teacher=1.000 capture=100.00% bank_capture=100.00% acq_acc=100.00% acq_conf=0.718 radius=0.0m pred_step=6.261 target_step=5.543 pred_v=6.327 target_v=5.543 val_mle=9.489m val_p90=11.966m val_speed_mae=3.025 heading=-5.3/-1.7deg val_progress_mae=8.414m val_heading_mae=40.4deg val_capture=96.15% val_bank=96.15% val_acq_acc=100.00% score=10.051 best=7.987 patience=9/14
temporal epoch=050/100 loss=9.20714 center_teacher=1.000 acq_teacher=1.000 capture=100.00% bank_capture=100.00% acq_acc=100.00% acq_conf=0.723 radius=0.0m pred_step=6.233 target_step=5.543 pred_v=6.309 target_v=5.543 val_mle=10.613m val_p90=12.928m val_speed_mae=3.003 heading=-4.3/-1.7deg val_progress_mae=9.796m val_heading_mae=40.3deg val_capture=96.15% val_bank=96.15% val_acq_acc=100.00% score=11.215 best=7.987 patience=10/14
temporal epoch=051/100 loss=7.86889 center_teacher=1.000 acq_teacher=1.000 capture=100.00% bank_capture=100.00% acq_acc=100.00% acq_conf=0.721 radius=0.0m pred_step=4.126 target_step=5.543 pred_v=4.304 target_v=5.543 val_mle=8.866m val_p90=11.622m val_speed_mae=3.695 heading=-3.2/-1.7deg val_progress_mae=7.902m val_heading_mae=40.4deg val_capture=96.15% val_bank=96.15% val_acq_acc=100.00% score=9.446 best=7.987 patience=11/14
temporal epoch=052/100 loss=8.70891 center_teacher=1.000 acq_teacher=1.000 capture=100.00% bank_capture=100.00% acq_acc=100.00% acq_conf=0.721 radius=0.0m pred_step=4.031 target_step=5.543 pred_v=4.131 target_v=5.543 val_mle=7.560m val_p90=10.477m val_speed_mae=2.947 heading=-3.4/-1.7deg val_progress_mae=6.404m val_heading_mae=40.5deg val_capture=96.15% val_bank=96.15% val_acq_acc=100.00% score=8.058 best=7.987 patience=12/14
temporal epoch=053/100 loss=8.03047 center_teacher=1.000 acq_teacher=1.000 capture=100.00% bank_capture=100.00% acq_acc=100.00% acq_conf=0.722 radius=0.0m pred_step=6.445 target_step=5.543 pred_v=6.318 target_v=5.543 val_mle=8.636m val_p90=11.240m val_speed_mae=3.042 heading=-3.8/-1.7deg val_progress_mae=7.393m val_heading_mae=40.3deg val_capture=96.15% val_bank=96.15% val_acq_acc=100.00% score=9.167 best=7.987 patience=13/14
temporal epoch=054/100 loss=8.18745 center_teacher=1.000 acq_teacher=1.000 capture=100.00% bank_capture=100.00% acq_acc=100.00% acq_conf=0.722 radius=0.0m pred_step=6.701 target_step=5.543 pred_v=6.670 target_v=5.543 val_mle=10.363m val_p90=12.507m val_speed_mae=2.960 heading=-3.8/-1.7deg val_progress_mae=9.393m val_heading_mae=40.1deg val_capture=96.15% val_bank=96.15% val_acq_acc=100.00% score=10.950 best=7.987 patience=14/14
EARLY STOP: controlled local-prior validation score did not improve by 0.003 for 14 epochs.
