[PREPARED] PASS | city=cityc | step=4 m | selection=soft_sequence_v13_multicity_auto_train_fullroute | existing GT/routes unchanged
[CADENCE] source=experiment_route_stats_train_01 | mean=5.515042 m | p90=10.181094 m | p95=11.000646 m
[OK] clean v39 runtime: Forward-18 SoftMS -> GRU -> Kalman -> one final MeanShift
[OK] weighted-centroid decoder removed from generated runtime source
[PATCH OK] GRU = current + delta + delta2 + SAT + SoftMS position + visual displacement + previous state
[PATCH OK] V5 3-frame direct acceleration + next-step correction
[PATCH OK] training/validation/inference motion starts from current-city cadence
[PATCH OK] Kalman = smooth confidence-adaptive measurement-preserving residual fusion
[PATCH OK] step corridor = continuous confidence relaxation
[PATCH OK] no held-out navigation result is read by this patch
[V39-BEARING] final-MS route-centerline reference patch: PASS
[ARCH-AUDIT] forward_18: PASS
[ARCH-AUDIT] base_geometry_6x6: PASS
[ARCH-AUDIT] front_softms_source: PASS
[ARCH-AUDIT] one_final_ms_source: PASS
[ARCH-AUDIT] front_decoder_softms: PASS
[ARCH-AUDIT] simple_seven_block_gru: PASS
[ARCH-AUDIT] residual_motion_head: PASS
[ARCH-AUDIT] causal_visual_displacement: PASS
[ARCH-AUDIT] cadence_initialized_tracker: PASS
[ARCH-AUDIT] motion_training_inference_aligned: PASS
[ARCH-AUDIT] training_city_motion_scale_init: PASS
[ARCH-AUDIT] forward_origin_backshift_covers_jitter: PASS
[ARCH-AUDIT] protocol: PASS
[ARCH-AUDIT] controlled_gt_reference_enabled: PASS
[ARCH-AUDIT] frame_count: PASS
[ARCH-AUDIT] gru_flag: PASS
[ARCH-AUDIT] kalman_flag: PASS
[TRAIN] reuse visual checkpoint /yh/study/uav-sat/v39_otherdata/output/cityc_full3f_tuned_20260922_001910/cityc/train_frames3/checkpoints/visual_retrieval_A_only.pt
route_A: reuse UAV backbone cache
temporal split train=[0,135) val=[139,164) route_length=781.2m
City training-sequence mean forward step=5.375m/frame p90=10.217m/frame
temporal epoch=001/160 loss=10.46987 center_teacher=1.000 acq_teacher=1.000 capture=100.00% bank_capture=100.00% acq_acc=100.00% acq_conf=0.711 radius=0.0m pred_step=5.378 target_step=5.375 pred_v=5.397 target_v=5.375 val_mle=11.044m val_p90=13.026m val_speed_mae=2.538 heading=0.0/-0.6deg val_progress_mae=10.369m val_heading_mae=29.2deg val_capture=92.00% val_bank=92.00% val_acq_acc=100.00% score=11.700 best=11.700 patience=0/14
temporal epoch=002/160 loss=10.33490 center_teacher=1.000 acq_teacher=1.000 capture=100.00% bank_capture=100.00% acq_acc=100.00% acq_conf=0.711 radius=0.0m pred_step=4.753 target_step=5.375 pred_v=4.858 target_v=5.375 val_mle=10.998m val_p90=12.977m val_speed_mae=2.818 heading=-0.1/-0.6deg val_progress_mae=10.320m val_heading_mae=29.2deg val_capture=92.00% val_bank=92.00% val_acq_acc=100.00% score=11.667 best=11.667 patience=0/14
temporal epoch=003/160 loss=10.36889 center_teacher=1.000 acq_teacher=1.000 capture=100.00% bank_capture=100.00% acq_acc=100.00% acq_conf=0.711 radius=0.0m pred_step=4.385 target_step=5.375 pred_v=4.541 target_v=5.375 val_mle=10.936m val_p90=12.912m val_speed_mae=2.828 heading=-0.1/-0.6deg val_progress_mae=10.255m val_heading_mae=29.2deg val_capture=92.00% val_bank=92.00% val_acq_acc=100.00% score=11.603 best=11.603 patience=0/14
temporal epoch=004/160 loss=10.27993 center_teacher=1.000 acq_teacher=1.000 capture=100.00% bank_capture=100.00% acq_acc=100.00% acq_conf=0.711 radius=0.0m pred_step=4.453 target_step=5.375 pred_v=4.601 target_v=5.375 val_mle=10.860m val_p90=12.833m val_speed_mae=2.650 heading=-0.1/-0.6deg val_progress_mae=10.176m val_heading_mae=29.2deg val_capture=92.00% val_bank=92.00% val_acq_acc=100.00% score=11.516 best=11.516 patience=0/14
temporal epoch=005/160 loss=10.16860 center_teacher=1.000 acq_teacher=1.000 capture=100.00% bank_capture=100.00% acq_acc=100.00% acq_conf=0.711 radius=0.0m pred_step=4.719 target_step=5.375 pred_v=4.831 target_v=5.375 val_mle=10.776m val_p90=12.746m val_speed_mae=2.505 heading=-0.1/-0.6deg val_progress_mae=10.088m val_heading_mae=29.2deg val_capture=92.00% val_bank=92.00% val_acq_acc=100.00% score=11.422 best=11.422 patience=0/14
temporal epoch=006/160 loss=10.11297 center_teacher=1.000 acq_teacher=1.000 capture=100.00% bank_capture=100.00% acq_acc=100.00% acq_conf=0.711 radius=0.0m pred_step=4.954 target_step=5.375 pred_v=5.035 target_v=5.375 val_mle=10.685m val_p90=12.651m val_speed_mae=2.467 heading=-0.0/-0.6deg val_progress_mae=9.995m val_heading_mae=29.2deg val_capture=92.00% val_bank=92.00% val_acq_acc=100.00% score=11.327 best=11.327 patience=0/14
temporal epoch=007/160 loss=10.04870 center_teacher=1.000 acq_teacher=1.000 capture=100.00% bank_capture=100.00% acq_acc=100.00% acq_conf=0.711 radius=0.0m pred_step=5.006 target_step=5.375 pred_v=5.081 target_v=5.375 val_mle=10.589m val_p90=12.547m val_speed_mae=2.500 heading=-0.1/-0.6deg val_progress_mae=9.894m val_heading_mae=29.2deg val_capture=92.00% val_bank=92.00% val_acq_acc=100.00% score=11.229 best=11.229 patience=0/14
temporal epoch=008/160 loss=9.97074 center_teacher=1.000 acq_teacher=1.000 capture=100.00% bank_capture=100.00% acq_acc=100.00% acq_conf=0.711 radius=0.0m pred_step=4.891 target_step=5.375 pred_v=4.981 target_v=5.375 val_mle=10.485m val_p90=12.435m val_speed_mae=2.609 heading=-0.1/-0.6deg val_progress_mae=9.786m val_heading_mae=29.2deg val_capture=92.00% val_bank=92.00% val_acq_acc=100.00% score=11.128 best=11.128 patience=0/14
temporal epoch=009/160 loss=9.90624 center_teacher=1.000 acq_teacher=1.000 capture=100.00% bank_capture=100.00% acq_acc=100.00% acq_conf=0.711 radius=0.0m pred_step=4.657 target_step=5.375 pred_v=4.778 target_v=5.375 val_mle=10.376m val_p90=12.316m val_speed_mae=2.747 heading=-0.1/-0.6deg val_progress_mae=9.672m val_heading_mae=29.2deg val_capture=92.00% val_bank=92.00% val_acq_acc=100.00% score=11.022 best=11.022 patience=0/14
temporal epoch=010/160 loss=9.87221 center_teacher=1.000 acq_teacher=1.000 capture=100.00% bank_capture=100.00% acq_acc=100.00% acq_conf=0.711 radius=0.0m pred_step=4.484 target_step=5.375 pred_v=4.627 target_v=5.375 val_mle=10.262m val_p90=12.192m val_speed_mae=2.787 heading=-0.2/-0.6deg val_progress_mae=9.553m val_heading_mae=29.2deg val_capture=92.00% val_bank=92.00% val_acq_acc=100.00% score=10.907 best=10.907 patience=0/14
temporal epoch=011/160 loss=9.79450 center_teacher=1.000 acq_teacher=1.000 capture=100.00% bank_capture=100.00% acq_acc=100.00% acq_conf=0.711 radius=0.0m pred_step=4.456 target_step=5.375 pred_v=4.603 target_v=5.375 val_mle=10.144m val_p90=12.065m val_speed_mae=2.700 heading=-0.2/-0.6deg val_progress_mae=9.429m val_heading_mae=29.2deg val_capture=92.00% val_bank=92.00% val_acq_acc=100.00% score=10.780 best=10.780 patience=0/14
temporal epoch=012/160 loss=9.69565 center_teacher=1.000 acq_teacher=1.000 capture=100.00% bank_capture=100.00% acq_acc=100.00% acq_conf=0.711 radius=0.0m pred_step=4.588 target_step=5.375 pred_v=4.718 target_v=5.375 val_mle=10.024m val_p90=11.935m val_speed_mae=2.580 heading=-0.2/-0.6deg val_progress_mae=9.302m val_heading_mae=29.2deg val_capture=92.00% val_bank=92.00% val_acq_acc=100.00% score=10.650 best=10.650 patience=0/14
temporal epoch=013/160 loss=9.61183 center_teacher=1.000 acq_teacher=1.000 capture=100.00% bank_capture=100.00% acq_acc=100.00% acq_conf=0.711 radius=0.0m pred_step=4.793 target_step=5.375 pred_v=4.898 target_v=5.375 val_mle=9.903m val_p90=11.803m val_speed_mae=2.553 heading=-0.2/-0.6deg val_progress_mae=9.174m val_heading_mae=29.2deg val_capture=92.00% val_bank=92.00% val_acq_acc=100.00% score=10.525 best=10.525 patience=0/14
temporal epoch=014/160 loss=9.54221 center_teacher=1.000 acq_teacher=1.000 capture=100.00% bank_capture=100.00% acq_acc=100.00% acq_conf=0.711 radius=0.0m pred_step=4.791 target_step=5.375 pred_v=4.897 target_v=5.375 val_mle=9.786m val_p90=11.671m val_speed_mae=2.632 heading=-0.2/-0.6deg val_progress_mae=9.048m val_heading_mae=29.2deg val_capture=92.00% val_bank=92.00% val_acq_acc=100.00% score=10.407 best=10.407 patience=0/14
temporal epoch=015/160 loss=9.50007 center_teacher=1.000 acq_teacher=1.000 capture=100.00% bank_capture=100.00% acq_acc=100.00% acq_conf=0.711 radius=0.0m pred_step=4.608 target_step=5.375 pred_v=4.738 target_v=5.375 val_mle=9.676m val_p90=11.546m val_speed_mae=2.747 heading=-0.2/-0.6deg val_progress_mae=8.928m val_heading_mae=29.2deg val_capture=92.00% val_bank=92.00% val_acq_acc=100.00% score=10.300 best=10.300 patience=0/14
temporal epoch=016/160 loss=9.47822 center_teacher=1.000 acq_teacher=1.000 capture=100.00% bank_capture=100.00% acq_acc=100.00% acq_conf=0.711 radius=0.0m pred_step=4.449 target_step=5.375 pred_v=4.600 target_v=5.375 val_mle=9.587m val_p90=11.441m val_speed_mae=2.714 heading=-0.2/-0.6deg val_progress_mae=8.830m val_heading_mae=29.2deg val_capture=92.00% val_bank=92.00% val_acq_acc=100.00% score=10.206 best=10.206 patience=0/14
temporal epoch=017/160 loss=9.39751 center_teacher=1.000 acq_teacher=1.000 capture=100.00% bank_capture=100.00% acq_acc=100.00% acq_conf=0.711 radius=0.0m pred_step=4.516 target_step=5.375 pred_v=4.659 target_v=5.375 val_mle=9.521m val_p90=11.359m val_speed_mae=2.560 heading=-0.2/-0.6deg val_progress_mae=8.754m val_heading_mae=29.2deg val_capture=92.00% val_bank=92.00% val_acq_acc=100.00% score=10.130 best=10.130 patience=0/14
temporal epoch=018/160 loss=9.33657 center_teacher=1.000 acq_teacher=1.000 capture=100.00% bank_capture=100.00% acq_acc=100.00% acq_conf=0.711 radius=0.0m pred_step=4.787 target_step=5.375 pred_v=4.898 target_v=5.375 val_mle=9.474m val_p90=11.295m val_speed_mae=2.506 heading=-0.2/-0.6deg val_progress_mae=8.701m val_heading_mae=29.2deg val_capture=92.00% val_bank=92.00% val_acq_acc=100.00% score=10.079 best=10.079 patience=0/14
temporal epoch=019/160 loss=9.29282 center_teacher=1.000 acq_teacher=1.000 capture=100.00% bank_capture=100.00% acq_acc=100.00% acq_conf=0.711 radius=0.0m pred_step=4.796 target_step=5.375 pred_v=4.907 target_v=5.375 val_mle=9.449m val_p90=11.250m val_speed_mae=2.594 heading=-0.3/-0.6deg val_progress_mae=8.670m val_heading_mae=29.2deg val_capture=92.00% val_bank=92.00% val_acq_acc=100.00% score=10.057 best=10.057 patience=0/14
temporal epoch=020/160 loss=9.25967 center_teacher=1.000 acq_teacher=1.000 capture=100.00% bank_capture=100.00% acq_acc=100.00% acq_conf=0.711 radius=0.0m pred_step=4.606 target_step=5.375 pred_v=4.743 target_v=5.375 val_mle=9.441m val_p90=11.221m val_speed_mae=2.651 heading=-0.3/-0.6deg val_progress_mae=8.658m val_heading_mae=29.2deg val_capture=92.00% val_bank=92.00% val_acq_acc=100.00% score=10.052 best=10.052 patience=0/14
temporal epoch=021/160 loss=9.22495 center_teacher=1.000 acq_teacher=1.000 capture=100.00% bank_capture=100.00% acq_acc=100.00% acq_conf=0.711 radius=0.0m pred_step=4.538 target_step=5.375 pred_v=4.687 target_v=5.375 val_mle=9.436m val_p90=11.186m val_speed_mae=2.539 heading=-0.3/-0.6deg val_progress_mae=8.650m val_heading_mae=29.2deg val_capture=92.00% val_bank=92.00% val_acq_acc=100.00% score=10.041 best=10.041 patience=0/14
temporal epoch=022/160 loss=9.15894 center_teacher=1.000 acq_teacher=1.000 capture=100.00% bank_capture=100.00% acq_acc=100.00% acq_conf=0.711 radius=0.0m pred_step=4.727 target_step=5.375 pred_v=4.855 target_v=5.375 val_mle=9.412m val_p90=11.129m val_speed_mae=2.464 heading=-0.4/-0.6deg val_progress_mae=8.623m val_heading_mae=29.2deg val_capture=92.00% val_bank=92.00% val_acq_acc=100.00% score=10.013 best=10.013 patience=0/14
temporal epoch=023/160 loss=9.10765 center_teacher=1.000 acq_teacher=1.000 capture=100.00% bank_capture=100.00% acq_acc=100.00% acq_conf=0.709 radius=0.0m pred_step=4.816 target_step=5.375 pred_v=4.934 target_v=5.375 val_mle=9.317m val_p90=11.058m val_speed_mae=2.575 heading=-0.4/-0.6deg val_progress_mae=8.554m val_heading_mae=29.2deg val_capture=92.00% val_bank=92.00% val_acq_acc=100.00% score=9.921 best=9.921 patience=0/14
temporal epoch=024/160 loss=9.03838 center_teacher=1.000 acq_teacher=1.000 capture=100.00% bank_capture=100.00% acq_acc=100.00% acq_conf=0.709 radius=0.0m pred_step=4.581 target_step=5.375 pred_v=4.731 target_v=5.375 val_mle=9.273m val_p90=10.977m val_speed_mae=2.603 heading=-0.4/-0.6deg val_progress_mae=8.507m val_heading_mae=29.2deg val_capture=92.00% val_bank=92.00% val_acq_acc=100.00% score=9.877 best=9.877 patience=0/14
temporal epoch=025/160 loss=8.98902 center_teacher=1.000 acq_teacher=1.000 capture=100.00% bank_capture=100.00% acq_acc=100.00% acq_conf=0.709 radius=0.0m pred_step=4.513 target_step=5.375 pred_v=4.673 target_v=5.375 val_mle=9.216m val_p90=10.841m val_speed_mae=2.356 heading=-0.4/-0.6deg val_progress_mae=8.444m val_heading_mae=29.2deg val_capture=92.00% val_bank=92.00% val_acq_acc=100.00% score=9.806 best=9.806 patience=0/14
temporal epoch=026/160 loss=9.04492 center_teacher=1.000 acq_teacher=1.000 capture=100.00% bank_capture=100.00% acq_acc=100.00% acq_conf=0.709 radius=0.0m pred_step=5.173 target_step=5.375 pred_v=5.252 target_v=5.375 val_mle=9.146m val_p90=10.768m val_speed_mae=2.366 heading=-0.5/-0.6deg val_progress_mae=8.370m val_heading_mae=29.2deg val_capture=92.00% val_bank=92.00% val_acq_acc=100.00% score=9.734 best=9.734 patience=0/14
temporal epoch=027/160 loss=8.83257 center_teacher=1.000 acq_teacher=1.000 capture=100.00% bank_capture=100.00% acq_acc=100.00% acq_conf=0.709 radius=0.0m pred_step=4.797 target_step=5.375 pred_v=4.925 target_v=5.375 val_mle=9.062m val_p90=10.648m val_speed_mae=2.676 heading=-0.5/-0.6deg val_progress_mae=8.280m val_heading_mae=29.2deg val_capture=92.00% val_bank=92.00% val_acq_acc=100.00% score=9.663 best=9.663 patience=0/14
temporal epoch=028/160 loss=8.81003 center_teacher=1.000 acq_teacher=1.000 capture=100.00% bank_capture=100.00% acq_acc=100.00% acq_conf=0.708 radius=0.0m pred_step=4.304 target_step=5.375 pred_v=4.492 target_v=5.375 val_mle=8.983m val_p90=10.479m val_speed_mae=2.325 heading=-0.5/-0.6deg val_progress_mae=8.193m val_heading_mae=29.2deg val_capture=92.00% val_bank=92.00% val_acq_acc=100.00% score=9.564 best=9.564 patience=0/14
temporal epoch=029/160 loss=9.09867 center_teacher=1.000 acq_teacher=1.000 capture=100.00% bank_capture=100.00% acq_acc=100.00% acq_conf=0.708 radius=0.0m pred_step=5.523 target_step=5.375 pred_v=5.560 target_v=5.375 val_mle=8.877m val_p90=10.342m val_speed_mae=2.320 heading=-0.5/-0.6deg val_progress_mae=8.079m val_heading_mae=29.2deg val_capture=92.00% val_bank=92.00% val_acq_acc=100.00% score=9.454 best=9.454 patience=0/14
temporal epoch=030/160 loss=8.74305 center_teacher=1.000 acq_teacher=1.000 capture=100.00% bank_capture=100.00% acq_acc=100.00% acq_conf=0.708 radius=0.0m pred_step=4.963 target_step=5.375 pred_v=5.071 target_v=5.375 val_mle=8.746m val_p90=10.238m val_speed_mae=2.671 heading=-0.5/-0.6deg val_progress_mae=7.938m val_heading_mae=29.2deg val_capture=92.00% val_bank=92.00% val_acq_acc=100.00% score=9.336 best=9.336 patience=0/14
temporal epoch=031/160 loss=8.60362 center_teacher=1.000 acq_teacher=1.000 capture=100.00% bank_capture=100.00% acq_acc=100.00% acq_conf=0.708 radius=0.0m pred_step=4.221 target_step=5.375 pred_v=4.421 target_v=5.375 val_mle=8.604m val_p90=10.030m val_speed_mae=2.309 heading=-0.6/-0.6deg val_progress_mae=7.782m val_heading_mae=29.2deg val_capture=92.00% val_bank=92.00% val_acq_acc=100.00% score=9.171 best=9.171 patience=0/14
temporal epoch=032/160 loss=9.14441 center_teacher=1.000 acq_teacher=1.000 capture=100.00% bank_capture=100.00% acq_acc=100.00% acq_conf=0.708 radius=0.0m pred_step=5.701 target_step=5.375 pred_v=5.716 target_v=5.375 val_mle=8.429m val_p90=9.855m val_speed_mae=2.308 heading=-0.7/-0.6deg val_progress_mae=7.590m val_heading_mae=29.2deg val_capture=92.00% val_bank=92.00% val_acq_acc=100.00% score=8.991 best=8.991 patience=0/14
temporal epoch=033/160 loss=8.47046 center_teacher=1.000 acq_teacher=1.000 capture=100.00% bank_capture=100.00% acq_acc=100.00% acq_conf=0.708 radius=0.0m pred_step=4.869 target_step=5.375 pred_v=4.989 target_v=5.375 val_mle=8.288m val_p90=9.758m val_speed_mae=2.783 heading=-0.7/-0.6deg val_progress_mae=7.437m val_heading_mae=29.2deg val_capture=92.00% val_bank=92.00% val_acq_acc=100.00% score=8.869 best=8.869 patience=0/14
temporal epoch=034/160 loss=8.40142 center_teacher=1.000 acq_teacher=1.000 capture=100.00% bank_capture=100.00% acq_acc=100.00% acq_conf=0.708 radius=0.0m pred_step=4.121 target_step=5.375 pred_v=4.333 target_v=5.375 val_mle=8.157m val_p90=9.560m val_speed_mae=2.363 heading=-0.8/-0.6deg val_progress_mae=7.292m val_heading_mae=29.2deg val_capture=92.00% val_bank=92.00% val_acq_acc=100.00% score=8.712 best=8.712 patience=0/14
temporal epoch=035/160 loss=9.05345 center_teacher=1.000 acq_teacher=1.000 capture=100.00% bank_capture=100.00% acq_acc=100.00% acq_conf=0.708 radius=0.0m pred_step=5.827 target_step=5.375 pred_v=5.826 target_v=5.375 val_mle=8.043m val_p90=9.418m val_speed_mae=2.268 heading=-0.9/-0.6deg val_progress_mae=7.159m val_heading_mae=29.2deg val_capture=92.00% val_bank=92.00% val_acq_acc=100.00% score=8.589 best=8.589 patience=0/14
temporal epoch=036/160 loss=8.14060 center_teacher=1.000 acq_teacher=1.000 capture=100.00% bank_capture=100.00% acq_acc=100.00% acq_conf=0.708 radius=0.0m pred_step=4.799 target_step=5.375 pred_v=4.927 target_v=5.375 val_mle=8.038m val_p90=9.449m val_speed_mae=3.761 heading=-1.0/-0.6deg val_progress_mae=7.158m val_heading_mae=29.2deg val_capture=92.00% val_bank=92.00% val_acq_acc=100.00% score=8.659 best=8.589 patience=1/14
temporal epoch=037/160 loss=8.59530 center_teacher=1.000 acq_teacher=1.000 capture=100.00% bank_capture=100.00% acq_acc=100.00% acq_conf=0.709 radius=0.0m pred_step=3.248 target_step=5.375 pred_v=3.572 target_v=5.375 val_mle=7.925m val_p90=9.218m val_speed_mae=3.134 heading=-1.1/-0.6deg val_progress_mae=7.038m val_heading_mae=29.2deg val_capture=92.00% val_bank=92.00% val_acq_acc=100.00% score=8.511 best=8.511 patience=0/14
temporal epoch=038/160 loss=11.05900 center_teacher=1.000 acq_teacher=1.000 capture=100.00% bank_capture=100.00% acq_acc=100.00% acq_conf=0.708 radius=0.0m pred_step=7.948 target_step=5.375 pred_v=7.683 target_v=5.375 val_mle=7.855m val_p90=9.165m val_speed_mae=3.845 heading=-1.0/-0.6deg val_progress_mae=6.967m val_heading_mae=29.2deg val_capture=92.00% val_bank=92.00% val_acq_acc=100.00% score=8.475 best=8.475 patience=0/14
temporal epoch=039/160 loss=8.35576 center_teacher=1.000 acq_teacher=1.000 capture=100.00% bank_capture=100.00% acq_acc=100.00% acq_conf=0.709 radius=0.0m pred_step=6.242 target_step=5.375 pred_v=6.197 target_v=5.375 val_mle=7.998m val_p90=9.380m val_speed_mae=4.879 heading=-1.2/-0.6deg val_progress_mae=7.124m val_heading_mae=29.3deg val_capture=92.00% val_bank=92.00% val_acq_acc=100.00% score=8.674 best=8.475 patience=1/14
temporal epoch=040/160 loss=10.88119 center_teacher=1.000 acq_teacher=1.000 capture=100.00% bank_capture=100.00% acq_acc=100.00% acq_conf=0.711 radius=0.0m pred_step=1.235 target_step=5.375 pred_v=1.644 target_v=5.375 val_mle=8.009m val_p90=9.366m val_speed_mae=4.890 heading=-1.5/-0.6deg val_progress_mae=7.076m val_heading_mae=29.3deg val_capture=92.00% val_bank=92.00% val_acq_acc=100.00% score=8.685 best=8.475 patience=2/14
temporal epoch=041/160 loss=10.37997 center_teacher=1.000 acq_teacher=1.000 capture=100.00% bank_capture=100.00% acq_acc=100.00% acq_conf=0.713 radius=0.0m pred_step=1.576 target_step=5.375 pred_v=2.108 target_v=5.375 val_mle=7.810m val_p90=9.183m val_speed_mae=2.438 heading=-1.7/-0.6deg val_progress_mae=6.853m val_heading_mae=29.3deg val_capture=92.00% val_bank=92.00% val_acq_acc=100.00% score=8.356 best=8.356 patience=0/14
temporal epoch=042/160 loss=10.97264 center_teacher=1.000 acq_teacher=1.000 capture=100.00% bank_capture=100.00% acq_acc=100.00% acq_conf=0.711 radius=0.0m pred_step=8.117 target_step=5.375 pred_v=7.834 target_v=5.375 val_mle=7.808m val_p90=9.229m val_speed_mae=5.361 heading=-1.7/-0.6deg val_progress_mae=6.857m val_heading_mae=29.3deg val_capture=92.00% val_bank=92.00% val_acq_acc=100.00% score=8.501 best=8.356 patience=1/14
temporal epoch=043/160 loss=9.84926 center_teacher=1.000 acq_teacher=1.000 capture=100.00% bank_capture=100.00% acq_acc=100.00% acq_conf=0.709 radius=0.0m pred_step=8.134 target_step=5.375 pred_v=7.855 target_v=5.375 val_mle=8.018m val_p90=9.478m val_speed_mae=3.340 heading=-2.1/-0.6deg val_progress_mae=7.091m val_heading_mae=29.4deg val_capture=92.00% val_bank=92.00% val_acq_acc=100.00% score=8.617 best=8.356 patience=2/14
temporal epoch=044/160 loss=9.48192 center_teacher=1.000 acq_teacher=1.000 capture=100.00% bank_capture=100.00% acq_acc=100.00% acq_conf=0.708 radius=0.0m pred_step=2.492 target_step=5.375 pred_v=2.905 target_v=5.375 val_mle=7.980m val_p90=9.451m val_speed_mae=4.670 heading=-2.6/-0.6deg val_progress_mae=7.050m val_heading_mae=29.5deg val_capture=92.00% val_bank=92.00% val_acq_acc=100.00% score=8.644 best=8.356 patience=3/14
temporal epoch=045/160 loss=9.69740 center_teacher=1.000 acq_teacher=1.000 capture=100.00% bank_capture=100.00% acq_acc=100.00% acq_conf=0.708 radius=0.0m pred_step=2.000 target_step=5.375 pred_v=2.503 target_v=5.375 val_mle=7.912m val_p90=9.339m val_speed_mae=2.225 heading=-2.9/-0.6deg val_progress_mae=6.901m val_heading_mae=29.5deg val_capture=92.00% val_bank=92.00% val_acq_acc=100.00% score=8.449 best=8.356 patience=4/14
temporal epoch=046/160 loss=9.82341 center_teacher=1.000 acq_teacher=1.000 capture=100.00% bank_capture=100.00% acq_acc=100.00% acq_conf=0.708 radius=0.0m pred_step=7.370 target_step=5.375 pred_v=7.173 target_v=5.375 val_mle=7.908m val_p90=9.326m val_speed_mae=4.559 heading=-3.0/-0.6deg val_progress_mae=6.903m val_heading_mae=29.6deg val_capture=92.00% val_bank=92.00% val_acq_acc=100.00% score=8.563 best=8.356 patience=5/14
temporal epoch=047/160 loss=9.69933 center_teacher=1.000 acq_teacher=1.000 capture=100.00% bank_capture=100.00% acq_acc=100.00% acq_conf=0.706 radius=0.0m pred_step=8.291 target_step=5.375 pred_v=7.984 target_v=5.375 val_mle=8.118m val_p90=9.576m val_speed_mae=2.743 heading=-3.5/-0.6deg val_progress_mae=7.138m val_heading_mae=29.8deg val_capture=92.00% val_bank=92.00% val_acq_acc=100.00% score=8.689 best=8.356 patience=6/14
temporal epoch=048/160 loss=8.83144 center_teacher=1.000 acq_teacher=1.000 capture=100.00% bank_capture=100.00% acq_acc=100.00% acq_conf=0.706 radius=0.0m pred_step=3.419 target_step=5.375 pred_v=3.757 target_v=5.375 val_mle=8.419m val_p90=10.320m val_speed_mae=4.307 heading=-4.0/-0.6deg val_progress_mae=7.467m val_heading_mae=30.0deg val_capture=92.00% val_bank=92.00% val_acq_acc=100.00% score=9.078 best=8.356 patience=7/14
temporal epoch=049/160 loss=9.32561 center_teacher=1.000 acq_teacher=1.000 capture=100.00% bank_capture=100.00% acq_acc=100.00% acq_conf=0.706 radius=0.0m pred_step=2.215 target_step=5.375 pred_v=2.700 target_v=5.375 val_mle=8.121m val_p90=10.082m val_speed_mae=2.498 heading=-4.2/-0.6deg val_progress_mae=7.213m val_heading_mae=30.1deg val_capture=92.00% val_bank=92.00% val_acq_acc=100.00% score=8.682 best=8.356 patience=8/14
temporal epoch=050/160 loss=8.14688 center_teacher=1.000 acq_teacher=1.000 capture=100.00% bank_capture=100.00% acq_acc=100.00% acq_conf=0.706 radius=0.0m pred_step=6.052 target_step=5.375 pred_v=6.022 target_v=5.375 val_mle=8.121m val_p90=10.074m val_speed_mae=2.820 heading=-4.3/-0.6deg val_progress_mae=7.217m val_heading_mae=30.2deg val_capture=92.00% val_bank=92.00% val_acq_acc=100.00% score=8.699 best=8.356 patience=9/14
temporal epoch=051/160 loss=8.22975 center_teacher=1.000 acq_teacher=1.000 capture=100.00% bank_capture=100.00% acq_acc=100.00% acq_conf=0.706 radius=0.0m pred_step=6.963 target_step=5.375 pred_v=6.808 target_v=5.375 val_mle=8.240m val_p90=10.215m val_speed_mae=2.520 heading=-4.5/-0.6deg val_progress_mae=7.354m val_heading_mae=30.1deg val_capture=92.00% val_bank=92.00% val_acq_acc=100.00% score=8.807 best=8.356 patience=10/14
temporal epoch=052/160 loss=8.20036 center_teacher=1.000 acq_teacher=1.000 capture=100.00% bank_capture=100.00% acq_acc=100.00% acq_conf=0.705 radius=0.0m pred_step=3.758 target_step=5.375 pred_v=4.045 target_v=5.375 val_mle=8.203m val_p90=10.228m val_speed_mae=3.294 heading=-4.5/-0.6deg val_progress_mae=7.248m val_heading_mae=30.0deg val_capture=92.00% val_bank=92.00% val_acq_acc=100.00% score=8.805 best=8.356 patience=11/14
temporal epoch=053/160 loss=8.47608 center_teacher=1.000 acq_teacher=1.000 capture=100.00% bank_capture=100.00% acq_acc=100.00% acq_conf=0.706 radius=0.0m pred_step=2.748 target_step=5.375 pred_v=3.175 target_v=5.375 val_mle=8.281m val_p90=10.158m val_speed_mae=2.136 heading=-4.3/-0.6deg val_progress_mae=7.338m val_heading_mae=30.0deg val_capture=92.00% val_bank=92.00% val_acq_acc=100.00% score=8.828 best=8.356 patience=12/14
temporal epoch=054/160 loss=7.92456 center_teacher=1.000 acq_teacher=1.000 capture=100.00% bank_capture=100.00% acq_acc=100.00% acq_conf=0.706 radius=0.0m pred_step=6.391 target_step=5.375 pred_v=6.331 target_v=5.375 val_mle=8.103m val_p90=9.439m val_speed_mae=2.851 heading=-4.1/-0.6deg val_progress_mae=7.151m val_heading_mae=29.8deg val_capture=92.00% val_bank=92.00% val_acq_acc=100.00% score=8.680 best=8.356 patience=13/14
temporal epoch=055/160 loss=7.67511 center_teacher=1.000 acq_teacher=1.000 capture=100.00% bank_capture=100.00% acq_acc=100.00% acq_conf=0.706 radius=0.0m pred_step=6.636 target_step=5.375 pred_v=6.532 target_v=5.375 val_mle=8.178m val_p90=9.535m val_speed_mae=2.322 heading=-3.9/-0.6deg val_progress_mae=7.236m val_heading_mae=29.6deg val_capture=92.00% val_bank=92.00% val_acq_acc=100.00% score=8.731 best=8.356 patience=14/14
EARLY STOP: controlled local-prior validation score did not improve by 0.003 for 14 epochs.
[TRAIN-ONLY V5 CALIBRATION] {"confidence_power": 1.0, "delta2_scale": 0.0, "fixed_variance_m2": 9.0, "objective": 8.473750605485641, "prior_blend_base": 0.05, "prior_blend_cutoff": 0.7, "prior_blend_lowconf_gain": 0.3, "prior_blend_max": 0.3, "q_cross": 0.30000000000000004, "q_progress": 1.125, "q_velocity": 0.75, "stage": "filter", "step_relax_confidence": 0.0, "step_relax_width": 0.05, "step_visual_slack_m": 10.0, "temporal_3frame_scale": 0.0, "val_mle_m": 7.630186295653012, "val_p90_m": 9.087781645911186, "val_progress_mae": 6.6383443886226905, "val_speed_mae": 2.5079167136753555}
[TRAIN-ONLY V5 NO-KALMAN DIAGNOSTIC] {"mle_m": 7.749361893366444, "p90_m": 9.218213397791882}
