[PREPARED] PASS | city=cityc | step=4 m | selection=soft_sequence_v13_multicity_auto_train_fullroute | existing GT/routes unchanged
[CADENCE] source=experiment_route_stats_train_01 | mean=5.515042 m | p90=10.181094 m | p95=11.000646 m
[OK] clean v39 runtime: Forward-18 SoftMS -> GRU -> Kalman -> one final MeanShift
[OK] weighted-centroid decoder removed from generated runtime source
[PATCH OK] GRU = current + delta + delta2 + SAT + SoftMS position + visual displacement + previous state
[PATCH OK] V5 3-frame direct acceleration + next-step correction
[PATCH OK] training/validation/inference motion starts from current-city cadence
[PATCH OK] Kalman = smooth confidence-adaptive measurement-preserving residual fusion
[PATCH OK] step corridor = continuous confidence relaxation
[PATCH OK] no held-out navigation result is read by this patch
[V39-BEARING] final-MS route-centerline reference patch: PASS
[ARCH-AUDIT] forward_18: PASS
[ARCH-AUDIT] base_geometry_6x6: PASS
[ARCH-AUDIT] front_softms_source: PASS
[ARCH-AUDIT] one_final_ms_source: PASS
[ARCH-AUDIT] front_decoder_softms: PASS
[ARCH-AUDIT] simple_seven_block_gru: PASS
[ARCH-AUDIT] residual_motion_head: PASS
[ARCH-AUDIT] causal_visual_displacement: PASS
[ARCH-AUDIT] cadence_initialized_tracker: PASS
[ARCH-AUDIT] motion_training_inference_aligned: PASS
[ARCH-AUDIT] training_city_motion_scale_init: PASS
[ARCH-AUDIT] forward_origin_backshift_covers_jitter: PASS
[ARCH-AUDIT] protocol: PASS
[ARCH-AUDIT] controlled_gt_reference_enabled: PASS
[ARCH-AUDIT] frame_count: PASS
[ARCH-AUDIT] gru_flag: PASS
[ARCH-AUDIT] kalman_flag: PASS
satellite backbone cache: 256/47961
satellite backbone cache: 5376/47961
satellite backbone cache: 10496/47961
satellite backbone cache: 15616/47961
satellite backbone cache: 20736/47961
satellite backbone cache: 25856/47961
satellite backbone cache: 30976/47961
satellite backbone cache: 36096/47961
satellite backbone cache: 41216/47961
satellite backbone cache: 46336/47961
satellite backbone cache: 47961/47961
satellite gallery size=47961
Route A backbone cache: 196/196
Route A visual candidate capture=100.00%
visual epoch=001/30 loss=4.49473 val_softms_mle=10.609m val_p90=15.749m val_lsr10=56.00%
visual epoch=002/30 loss=4.06409 val_softms_mle=9.002m val_p90=15.541m val_lsr10=68.00%
visual epoch=003/30 loss=3.96566 val_softms_mle=8.666m val_p90=16.431m val_lsr10=72.00%
visual epoch=004/30 loss=3.82187 val_softms_mle=8.419m val_p90=14.957m val_lsr10=76.00%
visual epoch=005/30 loss=3.84893 val_softms_mle=8.224m val_p90=14.311m val_lsr10=76.00%
visual epoch=006/30 loss=3.61525 val_softms_mle=7.834m val_p90=15.231m val_lsr10=80.00%
visual epoch=007/30 loss=3.37300 val_softms_mle=8.169m val_p90=16.086m val_lsr10=80.00%
visual epoch=008/30 loss=3.26676 val_softms_mle=8.754m val_p90=15.906m val_lsr10=76.00%
visual epoch=009/30 loss=3.41158 val_softms_mle=9.042m val_p90=15.336m val_lsr10=76.00%
visual epoch=010/30 loss=3.13480 val_softms_mle=8.968m val_p90=14.691m val_lsr10=68.00%
visual epoch=011/30 loss=2.90669 val_softms_mle=9.258m val_p90=14.176m val_lsr10=68.00%
visual epoch=012/30 loss=2.88463 val_softms_mle=9.888m val_p90=14.595m val_lsr10=68.00%
visual epoch=013/30 loss=2.59655 val_softms_mle=10.492m val_p90=15.763m val_lsr10=56.00%
visual epoch=014/30 loss=2.60027 val_softms_mle=10.262m val_p90=15.425m val_lsr10=52.00%
visual early stopping: Route A validation stopped improving
best Route A visual validation SoftMS MLE=7.834m
route_A backbone cache: 196/196
temporal split train=[0,135) val=[139,164) route_length=781.2m
City training-sequence mean forward step=5.375m/frame p90=10.217m/frame
temporal epoch=001/160 loss=10.49077 center_teacher=1.000 acq_teacher=1.000 capture=100.00% bank_capture=100.00% acq_acc=100.00% acq_conf=0.711 radius=0.0m pred_step=5.427 target_step=5.375 pred_v=5.438 target_v=5.375 val_mle=11.048m val_p90=13.031m val_speed_mae=2.463 heading=-0.0/-0.6deg val_progress_mae=10.374m val_heading_mae=29.2deg val_capture=92.00% val_bank=92.00% val_acq_acc=100.00% score=11.701 best=11.701 patience=0/14
temporal epoch=002/160 loss=10.34060 center_teacher=1.000 acq_teacher=1.000 capture=100.00% bank_capture=100.00% acq_acc=100.00% acq_conf=0.711 radius=0.0m pred_step=4.973 target_step=5.375 pred_v=5.039 target_v=5.375 val_mle=11.008m val_p90=12.987m val_speed_mae=2.695 heading=-0.1/-0.6deg val_progress_mae=10.331m val_heading_mae=29.2deg val_capture=92.00% val_bank=92.00% val_acq_acc=100.00% score=11.671 best=11.671 patience=0/14
temporal epoch=003/160 loss=10.33020 center_teacher=1.000 acq_teacher=1.000 capture=100.00% bank_capture=100.00% acq_acc=100.00% acq_conf=0.711 radius=0.0m pred_step=4.566 target_step=5.375 pred_v=4.681 target_v=5.375 val_mle=10.950m val_p90=12.926m val_speed_mae=2.830 heading=-0.1/-0.6deg val_progress_mae=10.270m val_heading_mae=29.2deg val_capture=92.00% val_bank=92.00% val_acq_acc=100.00% score=11.618 best=11.618 patience=0/14
temporal epoch=004/160 loss=10.30464 center_teacher=1.000 acq_teacher=1.000 capture=100.00% bank_capture=100.00% acq_acc=100.00% acq_conf=0.711 radius=0.0m pred_step=4.441 target_step=5.375 pred_v=4.571 target_v=5.375 val_mle=10.879m val_p90=12.852m val_speed_mae=2.748 heading=-0.2/-0.6deg val_progress_mae=10.196m val_heading_mae=29.2deg val_capture=92.00% val_bank=92.00% val_acq_acc=100.00% score=11.540 best=11.540 patience=0/14
temporal epoch=005/160 loss=10.20704 center_teacher=1.000 acq_teacher=1.000 capture=100.00% bank_capture=100.00% acq_acc=100.00% acq_conf=0.711 radius=0.0m pred_step=4.596 target_step=5.375 pred_v=4.707 target_v=5.375 val_mle=10.801m val_p90=12.771m val_speed_mae=2.591 heading=-0.1/-0.6deg val_progress_mae=10.115m val_heading_mae=29.2deg val_capture=92.00% val_bank=92.00% val_acq_acc=100.00% score=11.452 best=11.452 patience=0/14
temporal epoch=006/160 loss=10.13148 center_teacher=1.000 acq_teacher=1.000 capture=100.00% bank_capture=100.00% acq_acc=100.00% acq_conf=0.711 radius=0.0m pred_step=4.816 target_step=5.375 pred_v=4.900 target_v=5.375 val_mle=10.719m val_p90=12.686m val_speed_mae=2.498 heading=-0.1/-0.6deg val_progress_mae=10.030m val_heading_mae=29.2deg val_capture=92.00% val_bank=92.00% val_acq_acc=100.00% score=11.363 best=11.363 patience=0/14
temporal epoch=007/160 loss=10.08261 center_teacher=1.000 acq_teacher=1.000 capture=100.00% bank_capture=100.00% acq_acc=100.00% acq_conf=0.711 radius=0.0m pred_step=4.975 target_step=5.375 pred_v=5.040 target_v=5.375 val_mle=10.633m val_p90=12.594m val_speed_mae=2.474 heading=-0.1/-0.6deg val_progress_mae=9.941m val_heading_mae=29.2deg val_capture=92.00% val_bank=92.00% val_acq_acc=100.00% score=11.273 best=11.273 patience=0/14
temporal epoch=008/160 loss=10.02408 center_teacher=1.000 acq_teacher=1.000 capture=100.00% bank_capture=100.00% acq_acc=100.00% acq_conf=0.711 radius=0.0m pred_step=5.007 target_step=5.375 pred_v=5.069 target_v=5.375 val_mle=10.542m val_p90=12.497m val_speed_mae=2.497 heading=-0.1/-0.6deg val_progress_mae=9.847m val_heading_mae=29.2deg val_capture=92.00% val_bank=92.00% val_acq_acc=100.00% score=11.181 best=11.181 patience=0/14
temporal epoch=009/160 loss=9.95311 center_teacher=1.000 acq_teacher=1.000 capture=100.00% bank_capture=100.00% acq_acc=100.00% acq_conf=0.711 radius=0.0m pred_step=4.940 target_step=5.375 pred_v=5.009 target_v=5.375 val_mle=10.448m val_p90=12.395m val_speed_mae=2.564 heading=-0.1/-0.6deg val_progress_mae=9.748m val_heading_mae=29.2deg val_capture=92.00% val_bank=92.00% val_acq_acc=100.00% score=11.087 best=11.087 patience=0/14
temporal epoch=010/160 loss=9.88722 center_teacher=1.000 acq_teacher=1.000 capture=100.00% bank_capture=100.00% acq_acc=100.00% acq_conf=0.711 radius=0.0m pred_step=4.770 target_step=5.375 pred_v=4.860 target_v=5.375 val_mle=10.349m val_p90=12.288m val_speed_mae=2.652 heading=-0.1/-0.6deg val_progress_mae=9.645m val_heading_mae=29.2deg val_capture=92.00% val_bank=92.00% val_acq_acc=100.00% score=10.990 best=10.990 patience=0/14
temporal epoch=011/160 loss=9.83497 center_teacher=1.000 acq_teacher=1.000 capture=100.00% bank_capture=100.00% acq_acc=100.00% acq_conf=0.711 radius=0.0m pred_step=4.641 target_step=5.375 pred_v=4.747 target_v=5.375 val_mle=10.247m val_p90=12.177m val_speed_mae=2.717 heading=-0.1/-0.6deg val_progress_mae=9.538m val_heading_mae=29.2deg val_capture=92.00% val_bank=92.00% val_acq_acc=100.00% score=10.887 best=10.887 patience=0/14
temporal epoch=012/160 loss=9.79304 center_teacher=1.000 acq_teacher=1.000 capture=100.00% bank_capture=100.00% acq_acc=100.00% acq_conf=0.711 radius=0.0m pred_step=4.545 target_step=5.375 pred_v=4.662 target_v=5.375 val_mle=10.141m val_p90=12.065m val_speed_mae=2.696 heading=-0.2/-0.6deg val_progress_mae=9.427m val_heading_mae=29.2deg val_capture=92.00% val_bank=92.00% val_acq_acc=100.00% score=10.777 best=10.777 patience=0/14
temporal epoch=013/160 loss=9.72099 center_teacher=1.000 acq_teacher=1.000 capture=100.00% bank_capture=100.00% acq_acc=100.00% acq_conf=0.711 radius=0.0m pred_step=4.636 target_step=5.375 pred_v=4.743 target_v=5.375 val_mle=10.035m val_p90=11.951m val_speed_mae=2.624 heading=-0.1/-0.6deg val_progress_mae=9.315m val_heading_mae=29.2deg val_capture=92.00% val_bank=92.00% val_acq_acc=100.00% score=10.664 best=10.664 patience=0/14
temporal epoch=014/160 loss=9.64755 center_teacher=1.000 acq_teacher=1.000 capture=100.00% bank_capture=100.00% acq_acc=100.00% acq_conf=0.711 radius=0.0m pred_step=4.743 target_step=5.375 pred_v=4.836 target_v=5.375 val_mle=9.928m val_p90=11.836m val_speed_mae=2.584 heading=-0.1/-0.6deg val_progress_mae=9.201m val_heading_mae=29.2deg val_capture=92.00% val_bank=92.00% val_acq_acc=100.00% score=10.551 best=10.551 patience=0/14
temporal epoch=015/160 loss=9.57175 center_teacher=1.000 acq_teacher=1.000 capture=100.00% bank_capture=100.00% acq_acc=100.00% acq_conf=0.711 radius=0.0m pred_step=4.762 target_step=5.375 pred_v=4.853 target_v=5.375 val_mle=9.822m val_p90=11.721m val_speed_mae=2.603 heading=-0.1/-0.6deg val_progress_mae=9.088m val_heading_mae=29.2deg val_capture=92.00% val_bank=92.00% val_acq_acc=100.00% score=10.443 best=10.443 patience=0/14
temporal epoch=016/160 loss=9.52560 center_teacher=1.000 acq_teacher=1.000 capture=100.00% bank_capture=100.00% acq_acc=100.00% acq_conf=0.711 radius=0.0m pred_step=4.695 target_step=5.375 pred_v=4.794 target_v=5.375 val_mle=9.721m val_p90=11.609m val_speed_mae=2.671 heading=-0.1/-0.6deg val_progress_mae=8.979m val_heading_mae=29.2deg val_capture=92.00% val_bank=92.00% val_acq_acc=100.00% score=10.343 best=10.343 patience=0/14
temporal epoch=017/160 loss=9.49679 center_teacher=1.000 acq_teacher=1.000 capture=100.00% bank_capture=100.00% acq_acc=100.00% acq_conf=0.711 radius=0.0m pred_step=4.596 target_step=5.375 pred_v=4.707 target_v=5.375 val_mle=9.635m val_p90=11.510m val_speed_mae=2.683 heading=-0.1/-0.6deg val_progress_mae=8.883m val_heading_mae=29.2deg val_capture=92.00% val_bank=92.00% val_acq_acc=100.00% score=10.254 best=10.254 patience=0/14
temporal epoch=018/160 loss=9.44648 center_teacher=1.000 acq_teacher=1.000 capture=100.00% bank_capture=100.00% acq_acc=100.00% acq_conf=0.711 radius=0.0m pred_step=4.579 target_step=5.375 pred_v=4.692 target_v=5.375 val_mle=9.564m val_p90=11.431m val_speed_mae=2.586 heading=-0.1/-0.6deg val_progress_mae=8.804m val_heading_mae=29.2deg val_capture=92.00% val_bank=92.00% val_acq_acc=100.00% score=10.176 best=10.176 patience=0/14
temporal epoch=019/160 loss=9.40323 center_teacher=1.000 acq_teacher=1.000 capture=100.00% bank_capture=100.00% acq_acc=100.00% acq_conf=0.711 radius=0.0m pred_step=4.747 target_step=5.375 pred_v=4.840 target_v=5.375 val_mle=9.513m val_p90=11.371m val_speed_mae=2.484 heading=-0.1/-0.6deg val_progress_mae=8.745m val_heading_mae=29.2deg val_capture=92.00% val_bank=92.00% val_acq_acc=100.00% score=10.118 best=10.118 patience=0/14
temporal epoch=020/160 loss=9.37156 center_teacher=1.000 acq_teacher=1.000 capture=100.00% bank_capture=100.00% acq_acc=100.00% acq_conf=0.711 radius=0.0m pred_step=4.857 target_step=5.375 pred_v=4.937 target_v=5.375 val_mle=9.481m val_p90=11.331m val_speed_mae=2.484 heading=-0.1/-0.6deg val_progress_mae=8.708m val_heading_mae=29.2deg val_capture=92.00% val_bank=92.00% val_acq_acc=100.00% score=10.085 best=10.085 patience=0/14
temporal epoch=021/160 loss=9.34027 center_teacher=1.000 acq_teacher=1.000 capture=100.00% bank_capture=100.00% acq_acc=100.00% acq_conf=0.711 radius=0.0m pred_step=4.743 target_step=5.375 pred_v=4.836 target_v=5.375 val_mle=9.465m val_p90=11.306m val_speed_mae=2.520 heading=-0.0/-0.6deg val_progress_mae=8.688m val_heading_mae=29.2deg val_capture=92.00% val_bank=92.00% val_acq_acc=100.00% score=10.070 best=10.070 patience=0/14
temporal epoch=022/160 loss=9.31497 center_teacher=1.000 acq_teacher=1.000 capture=100.00% bank_capture=100.00% acq_acc=100.00% acq_conf=0.711 radius=0.0m pred_step=4.760 target_step=5.375 pred_v=4.851 target_v=5.375 val_mle=9.457m val_p90=11.281m val_speed_mae=2.537 heading=-0.0/-0.6deg val_progress_mae=8.676m val_heading_mae=29.2deg val_capture=92.00% val_bank=92.00% val_acq_acc=100.00% score=10.062 best=10.062 patience=0/14
temporal epoch=023/160 loss=9.27858 center_teacher=1.000 acq_teacher=1.000 capture=100.00% bank_capture=100.00% acq_acc=100.00% acq_conf=0.711 radius=0.0m pred_step=4.704 target_step=5.375 pred_v=4.802 target_v=5.375 val_mle=9.446m val_p90=11.243m val_speed_mae=2.539 heading=-0.0/-0.6deg val_progress_mae=8.661m val_heading_mae=29.2deg val_capture=92.00% val_bank=92.00% val_acq_acc=100.00% score=10.051 best=10.051 patience=0/14
temporal epoch=024/160 loss=9.24558 center_teacher=1.000 acq_teacher=1.000 capture=100.00% bank_capture=100.00% acq_acc=100.00% acq_conf=0.711 radius=0.0m pred_step=4.685 target_step=5.375 pred_v=4.785 target_v=5.375 val_mle=9.440m val_p90=11.204m val_speed_mae=2.451 heading=-0.0/-0.6deg val_progress_mae=8.653m val_heading_mae=29.2deg val_capture=92.00% val_bank=92.00% val_acq_acc=100.00% score=10.040 best=10.040 patience=0/14
temporal epoch=025/160 loss=9.23841 center_teacher=1.000 acq_teacher=1.000 capture=100.00% bank_capture=100.00% acq_acc=100.00% acq_conf=0.711 radius=0.0m pred_step=4.798 target_step=5.375 pred_v=4.884 target_v=5.375 val_mle=9.423m val_p90=11.149m val_speed_mae=2.440 heading=-0.0/-0.6deg val_progress_mae=8.633m val_heading_mae=29.2deg val_capture=92.00% val_bank=92.00% val_acq_acc=100.00% score=10.022 best=10.022 patience=0/14
temporal epoch=026/160 loss=9.16951 center_teacher=1.000 acq_teacher=1.000 capture=100.00% bank_capture=100.00% acq_acc=100.00% acq_conf=0.711 radius=0.0m pred_step=4.680 target_step=5.375 pred_v=4.780 target_v=5.375 val_mle=9.390m val_p90=11.076m val_speed_mae=2.464 heading=-0.1/-0.6deg val_progress_mae=8.595m val_heading_mae=29.2deg val_capture=92.00% val_bank=92.00% val_acq_acc=100.00% score=9.989 best=9.989 patience=0/14
temporal epoch=027/160 loss=9.11010 center_teacher=1.000 acq_teacher=1.000 capture=100.00% bank_capture=100.00% acq_acc=100.00% acq_conf=0.711 radius=0.0m pred_step=4.731 target_step=5.375 pred_v=4.825 target_v=5.375 val_mle=9.355m val_p90=10.998m val_speed_mae=2.373 heading=-0.0/-0.6deg val_progress_mae=8.556m val_heading_mae=29.2deg val_capture=92.00% val_bank=92.00% val_acq_acc=100.00% score=9.948 best=9.948 patience=0/14
temporal epoch=028/160 loss=9.13157 center_teacher=1.000 acq_teacher=1.000 capture=100.00% bank_capture=100.00% acq_acc=100.00% acq_conf=0.711 radius=0.0m pred_step=4.816 target_step=5.375 pred_v=4.899 target_v=5.375 val_mle=9.318m val_p90=10.876m val_speed_mae=2.327 heading=-0.0/-0.6deg val_progress_mae=8.514m val_heading_mae=29.2deg val_capture=92.00% val_bank=92.00% val_acq_acc=100.00% score=9.908 best=9.908 patience=0/14
temporal epoch=029/160 loss=9.13842 center_teacher=1.000 acq_teacher=1.000 capture=100.00% bank_capture=100.00% acq_acc=100.00% acq_conf=0.711 radius=0.0m pred_step=5.108 target_step=5.375 pred_v=5.157 target_v=5.375 val_mle=9.263m val_p90=10.813m val_speed_mae=2.502 heading=-0.0/-0.6deg val_progress_mae=8.455m val_heading_mae=29.2deg val_capture=92.00% val_bank=92.00% val_acq_acc=100.00% score=9.860 best=9.860 patience=0/14
temporal epoch=030/160 loss=8.93956 center_teacher=1.000 acq_teacher=1.000 capture=100.00% bank_capture=100.00% acq_acc=100.00% acq_conf=0.711 radius=0.0m pred_step=4.485 target_step=5.375 pred_v=4.609 target_v=5.375 val_mle=9.207m val_p90=10.686m val_speed_mae=2.323 heading=0.0/-0.6deg val_progress_mae=8.392m val_heading_mae=29.2deg val_capture=92.00% val_bank=92.00% val_acq_acc=100.00% score=9.794 best=9.794 patience=0/14
temporal epoch=031/160 loss=9.20923 center_teacher=1.000 acq_teacher=1.000 capture=100.00% bank_capture=100.00% acq_acc=100.00% acq_conf=0.711 radius=0.0m pred_step=5.170 target_step=5.375 pred_v=5.211 target_v=5.375 val_mle=9.148m val_p90=10.565m val_speed_mae=2.492 heading=0.0/-0.6deg val_progress_mae=8.326m val_heading_mae=29.2deg val_capture=92.00% val_bank=92.00% val_acq_acc=100.00% score=9.741 best=9.741 patience=0/14
temporal epoch=032/160 loss=9.23765 center_teacher=1.000 acq_teacher=1.000 capture=100.00% bank_capture=100.00% acq_acc=100.00% acq_conf=0.711 radius=0.0m pred_step=5.560 target_step=5.375 pred_v=5.554 target_v=5.375 val_mle=9.060m val_p90=10.499m val_speed_mae=2.771 heading=0.0/-0.6deg val_progress_mae=8.230m val_heading_mae=29.2deg val_capture=92.00% val_bank=92.00% val_acq_acc=100.00% score=9.663 best=9.663 patience=0/14
temporal epoch=033/160 loss=8.90496 center_teacher=1.000 acq_teacher=1.000 capture=100.00% bank_capture=100.00% acq_acc=100.00% acq_conf=0.711 radius=0.0m pred_step=3.883 target_step=5.375 pred_v=4.079 target_v=5.375 val_mle=8.993m val_p90=10.396m val_speed_mae=2.280 heading=-0.0/-0.6deg val_progress_mae=8.156m val_heading_mae=29.2deg val_capture=92.00% val_bank=92.00% val_acq_acc=100.00% score=9.570 best=9.570 patience=0/14
temporal epoch=034/160 loss=9.71905 center_teacher=1.000 acq_teacher=1.000 capture=100.00% bank_capture=100.00% acq_acc=100.00% acq_conf=0.711 radius=0.0m pred_step=5.836 target_step=5.375 pred_v=5.796 target_v=5.375 val_mle=8.873m val_p90=10.262m val_speed_mae=2.759 heading=0.0/-0.6deg val_progress_mae=8.024m val_heading_mae=29.2deg val_capture=92.00% val_bank=92.00% val_acq_acc=100.00% score=9.470 best=9.470 patience=0/14
temporal epoch=035/160 loss=9.12666 center_teacher=1.000 acq_teacher=1.000 capture=100.00% bank_capture=100.00% acq_acc=100.00% acq_conf=0.711 radius=0.0m pred_step=5.715 target_step=5.375 pred_v=5.691 target_v=5.375 val_mle=8.756m val_p90=10.172m val_speed_mae=4.230 heading=0.0/-0.6deg val_progress_mae=7.895m val_heading_mae=29.2deg val_capture=92.00% val_bank=92.00% val_acq_acc=100.00% score=9.423 best=9.423 patience=0/14
temporal epoch=036/160 loss=9.61283 center_teacher=1.000 acq_teacher=1.000 capture=100.00% bank_capture=100.00% acq_acc=100.00% acq_conf=0.711 radius=0.0m pred_step=2.780 target_step=5.375 pred_v=3.110 target_v=5.375 val_mle=8.670m val_p90=10.043m val_speed_mae=2.263 heading=-0.1/-0.6deg val_progress_mae=7.797m val_heading_mae=29.2deg val_capture=92.00% val_bank=92.00% val_acq_acc=100.00% score=9.236 best=9.236 patience=0/14
temporal epoch=037/160 loss=10.37520 center_teacher=1.000 acq_teacher=1.000 capture=100.00% bank_capture=100.00% acq_acc=100.00% acq_conf=0.711 radius=0.0m pred_step=6.670 target_step=5.375 pred_v=6.530 target_v=5.375 val_mle=8.499m val_p90=9.887m val_speed_mae=3.429 heading=0.0/-0.6deg val_progress_mae=7.613m val_heading_mae=29.2deg val_capture=92.00% val_bank=92.00% val_acq_acc=100.00% score=9.117 best=9.117 patience=0/14
temporal epoch=038/160 loss=9.10591 center_teacher=1.000 acq_teacher=1.000 capture=100.00% bank_capture=100.00% acq_acc=100.00% acq_conf=0.711 radius=0.0m pred_step=6.258 target_step=5.375 pred_v=6.170 target_v=5.375 val_mle=8.451m val_p90=9.869m val_speed_mae=5.164 heading=0.0/-0.6deg val_progress_mae=7.551m val_heading_mae=29.2deg val_capture=92.00% val_bank=92.00% val_acq_acc=100.00% score=9.154 best=9.117 patience=1/14
temporal epoch=039/160 loss=10.62955 center_teacher=1.000 acq_teacher=1.000 capture=100.00% bank_capture=100.00% acq_acc=100.00% acq_conf=0.711 radius=0.0m pred_step=1.813 target_step=5.375 pred_v=2.203 target_v=5.375 val_mle=8.435m val_p90=9.840m val_speed_mae=4.014 heading=-0.1/-0.6deg val_progress_mae=7.533m val_heading_mae=29.2deg val_capture=92.00% val_bank=92.00% val_acq_acc=100.00% score=9.080 best=9.080 patience=0/14
temporal epoch=040/160 loss=8.57063 center_teacher=1.000 acq_teacher=1.000 capture=100.00% bank_capture=100.00% acq_acc=100.00% acq_conf=0.711 radius=0.0m pred_step=4.465 target_step=5.375 pred_v=4.591 target_v=5.375 val_mle=8.212m val_p90=9.581m val_speed_mae=3.430 heading=0.0/-0.6deg val_progress_mae=7.288m val_heading_mae=29.2deg val_capture=92.00% val_bank=92.00% val_acq_acc=100.00% score=8.820 best=8.820 patience=0/14
temporal epoch=041/160 loss=10.67228 center_teacher=1.000 acq_teacher=1.000 capture=100.00% bank_capture=100.00% acq_acc=100.00% acq_conf=0.711 radius=0.0m pred_step=7.708 target_step=5.375 pred_v=7.445 target_v=5.375 val_mle=8.152m val_p90=9.501m val_speed_mae=2.225 heading=0.2/-0.6deg val_progress_mae=7.212m val_heading_mae=29.2deg val_capture=92.00% val_bank=92.00% val_acq_acc=100.00% score=8.698 best=8.698 patience=0/14
temporal epoch=042/160 loss=8.27898 center_teacher=1.000 acq_teacher=1.000 capture=100.00% bank_capture=100.00% acq_acc=100.00% acq_conf=0.711 radius=0.0m pred_step=5.019 target_step=5.375 pred_v=5.081 target_v=5.375 val_mle=8.317m val_p90=9.700m val_speed_mae=4.690 heading=0.0/-0.6deg val_progress_mae=7.400m val_heading_mae=29.2deg val_capture=92.00% val_bank=92.00% val_acq_acc=100.00% score=8.992 best=8.698 patience=1/14
temporal epoch=043/160 loss=8.92227 center_teacher=1.000 acq_teacher=1.000 capture=100.00% bank_capture=100.00% acq_acc=100.00% acq_conf=0.711 radius=0.0m pred_step=3.139 target_step=5.375 pred_v=3.427 target_v=5.375 val_mle=8.228m val_p90=9.600m val_speed_mae=2.253 heading=-0.1/-0.6deg val_progress_mae=7.300m val_heading_mae=29.2deg val_capture=92.00% val_bank=92.00% val_acq_acc=100.00% score=8.778 best=8.698 patience=2/14
temporal epoch=044/160 loss=9.15674 center_teacher=1.000 acq_teacher=1.000 capture=100.00% bank_capture=100.00% acq_acc=100.00% acq_conf=0.711 radius=0.0m pred_step=6.453 target_step=5.375 pred_v=6.340 target_v=5.375 val_mle=8.063m val_p90=9.415m val_speed_mae=2.184 heading=0.1/-0.6deg val_progress_mae=7.113m val_heading_mae=29.2deg val_capture=92.00% val_bank=92.00% val_acq_acc=100.00% score=8.604 best=8.604 patience=0/14
temporal epoch=045/160 loss=8.18778 center_teacher=1.000 acq_teacher=1.000 capture=100.00% bank_capture=100.00% acq_acc=100.00% acq_conf=0.711 radius=0.0m pred_step=5.327 target_step=5.375 pred_v=5.352 target_v=5.375 val_mle=8.215m val_p90=9.592m val_speed_mae=3.149 heading=0.2/-0.6deg val_progress_mae=7.287m val_heading_mae=29.2deg val_capture=92.00% val_bank=92.00% val_acq_acc=100.00% score=8.810 best=8.604 patience=1/14
temporal epoch=046/160 loss=8.22280 center_teacher=1.000 acq_teacher=1.000 capture=100.00% bank_capture=100.00% acq_acc=100.00% acq_conf=0.711 radius=0.0m pred_step=4.186 target_step=5.375 pred_v=4.347 target_v=5.375 val_mle=8.182m val_p90=9.559m val_speed_mae=3.048 heading=0.1/-0.6deg val_progress_mae=7.250m val_heading_mae=29.2deg val_capture=92.00% val_bank=92.00% val_acq_acc=100.00% score=8.770 best=8.604 patience=2/14
temporal epoch=047/160 loss=8.06025 center_teacher=1.000 acq_teacher=1.000 capture=100.00% bank_capture=100.00% acq_acc=100.00% acq_conf=0.711 radius=0.0m pred_step=4.539 target_step=5.375 pred_v=4.656 target_v=5.375 val_mle=8.082m val_p90=9.443m val_speed_mae=2.148 heading=0.2/-0.6deg val_progress_mae=7.136m val_heading_mae=29.2deg val_capture=92.00% val_bank=92.00% val_acq_acc=100.00% score=8.622 best=8.604 patience=3/14
temporal epoch=048/160 loss=8.83417 center_teacher=1.000 acq_teacher=1.000 capture=100.00% bank_capture=100.00% acq_acc=100.00% acq_conf=0.711 radius=0.0m pred_step=6.862 target_step=5.375 pred_v=6.702 target_v=5.375 val_mle=8.099m val_p90=9.474m val_speed_mae=2.712 heading=0.4/-0.6deg val_progress_mae=7.158m val_heading_mae=29.2deg val_capture=92.00% val_bank=92.00% val_acq_acc=100.00% score=8.668 best=8.604 patience=4/14
temporal epoch=049/160 loss=8.78882 center_teacher=1.000 acq_teacher=1.000 capture=100.00% bank_capture=100.00% acq_acc=100.00% acq_conf=0.711 radius=0.0m pred_step=3.507 target_step=5.375 pred_v=3.748 target_v=5.375 val_mle=8.155m val_p90=9.554m val_speed_mae=2.832 heading=0.3/-0.6deg val_progress_mae=7.221m val_heading_mae=29.2deg val_capture=92.00% val_bank=92.00% val_acq_acc=100.00% score=8.732 best=8.604 patience=5/14
temporal epoch=050/160 loss=8.02806 center_teacher=1.000 acq_teacher=1.000 capture=100.00% bank_capture=100.00% acq_acc=100.00% acq_conf=0.711 radius=0.0m pred_step=4.951 target_step=5.375 pred_v=5.017 target_v=5.375 val_mle=7.910m val_p90=9.313m val_speed_mae=2.173 heading=0.6/-0.6deg val_progress_mae=6.946m val_heading_mae=29.2deg val_capture=92.00% val_bank=92.00% val_acq_acc=100.00% score=8.446 best=8.446 patience=0/14
temporal epoch=051/160 loss=7.86223 center_teacher=1.000 acq_teacher=1.000 capture=100.00% bank_capture=100.00% acq_acc=100.00% acq_conf=0.711 radius=0.0m pred_step=5.200 target_step=5.375 pred_v=5.236 target_v=5.375 val_mle=8.079m val_p90=9.529m val_speed_mae=2.077 heading=0.8/-0.6deg val_progress_mae=7.139m val_heading_mae=29.2deg val_capture=92.00% val_bank=92.00% val_acq_acc=100.00% score=8.616 best=8.446 patience=1/14
temporal epoch=052/160 loss=7.91644 center_teacher=1.000 acq_teacher=1.000 capture=100.00% bank_capture=100.00% acq_acc=100.00% acq_conf=0.711 radius=0.0m pred_step=5.551 target_step=5.375 pred_v=5.545 target_v=5.375 val_mle=8.020m val_p90=9.481m val_speed_mae=3.148 heading=0.9/-0.6deg val_progress_mae=7.074m val_heading_mae=29.2deg val_capture=92.00% val_bank=92.00% val_acq_acc=100.00% score=8.608 best=8.446 patience=2/14
temporal epoch=053/160 loss=8.65141 center_teacher=1.000 acq_teacher=1.000 capture=100.00% bank_capture=100.00% acq_acc=100.00% acq_conf=0.711 radius=0.0m pred_step=3.009 target_step=5.375 pred_v=3.302 target_v=5.375 val_mle=7.700m val_p90=9.396m val_speed_mae=2.050 heading=0.9/-0.6deg val_progress_mae=6.860m val_heading_mae=29.2deg val_capture=96.00% val_bank=96.00% val_acq_acc=100.00% score=8.147 best=8.147 patience=0/14
temporal epoch=054/160 loss=8.73500 center_teacher=1.000 acq_teacher=1.000 capture=100.00% bank_capture=100.00% acq_acc=100.00% acq_conf=0.713 radius=0.0m pred_step=6.577 target_step=5.375 pred_v=6.444 target_v=5.375 val_mle=8.020m val_p90=10.424m val_speed_mae=2.084 heading=1.3/-0.6deg val_progress_mae=7.051m val_heading_mae=29.2deg val_capture=96.00% val_bank=96.00% val_acq_acc=100.00% score=8.475 best=8.147 patience=1/14
temporal epoch=055/160 loss=7.71425 center_teacher=1.000 acq_teacher=1.000 capture=100.00% bank_capture=100.00% acq_acc=100.00% acq_conf=0.713 radius=0.0m pred_step=5.427 target_step=5.375 pred_v=5.433 target_v=5.375 val_mle=7.968m val_p90=10.493m val_speed_mae=2.645 heading=1.4/-0.6deg val_progress_mae=6.972m val_heading_mae=29.2deg val_capture=100.00% val_bank=100.00% val_acq_acc=100.00% score=8.368 best=8.147 patience=2/14
temporal epoch=056/160 loss=8.24001 center_teacher=1.000 acq_teacher=1.000 capture=100.00% bank_capture=100.00% acq_acc=100.00% acq_conf=0.713 radius=0.0m pred_step=3.322 target_step=5.375 pred_v=3.576 target_v=5.375 val_mle=8.058m val_p90=10.571m val_speed_mae=1.948 heading=1.5/-0.6deg val_progress_mae=7.047m val_heading_mae=29.2deg val_capture=100.00% val_bank=100.00% val_acq_acc=100.00% score=8.425 best=8.147 patience=3/14
temporal epoch=057/160 loss=8.30239 center_teacher=1.000 acq_teacher=1.000 capture=100.00% bank_capture=100.00% acq_acc=100.00% acq_conf=0.712 radius=0.0m pred_step=6.239 target_step=5.375 pred_v=6.146 target_v=5.375 val_mle=7.917m val_p90=10.440m val_speed_mae=2.108 heading=1.8/-0.6deg val_progress_mae=6.893m val_heading_mae=29.2deg val_capture=100.00% val_bank=100.00% val_acq_acc=100.00% score=8.288 best=8.147 patience=4/14
temporal epoch=058/160 loss=7.59434 center_teacher=1.000 acq_teacher=1.000 capture=100.00% bank_capture=100.00% acq_acc=100.00% acq_conf=0.712 radius=0.0m pred_step=5.200 target_step=5.375 pred_v=5.227 target_v=5.375 val_mle=8.134m val_p90=10.679m val_speed_mae=2.042 heading=1.7/-0.6deg val_progress_mae=7.140m val_heading_mae=29.2deg val_capture=100.00% val_bank=100.00% val_acq_acc=100.00% score=8.509 best=8.147 patience=5/14
temporal epoch=059/160 loss=7.78795 center_teacher=1.000 acq_teacher=1.000 capture=100.00% bank_capture=100.00% acq_acc=100.00% acq_conf=0.712 radius=0.0m pred_step=4.147 target_step=5.375 pred_v=4.300 target_v=5.375 val_mle=7.998m val_p90=10.477m val_speed_mae=2.195 heading=1.7/-0.6deg val_progress_mae=6.941m val_heading_mae=29.2deg val_capture=100.00% val_bank=100.00% val_acq_acc=100.00% score=8.374 best=8.147 patience=6/14
temporal epoch=060/160 loss=7.75802 center_teacher=1.000 acq_teacher=1.000 capture=100.00% bank_capture=100.00% acq_acc=100.00% acq_conf=0.714 radius=0.0m pred_step=4.577 target_step=5.375 pred_v=4.682 target_v=5.375 val_mle=8.165m val_p90=10.665m val_speed_mae=2.219 heading=2.0/-0.6deg val_progress_mae=7.101m val_heading_mae=29.2deg val_capture=100.00% val_bank=100.00% val_acq_acc=100.00% score=8.547 best=8.147 patience=7/14
temporal epoch=061/160 loss=8.01578 center_teacher=1.000 acq_teacher=1.000 capture=100.00% bank_capture=100.00% acq_acc=100.00% acq_conf=0.714 radius=0.0m pred_step=6.492 target_step=5.375 pred_v=6.373 target_v=5.375 val_mle=8.213m val_p90=10.750m val_speed_mae=2.001 heading=2.2/-0.6deg val_progress_mae=7.163m val_heading_mae=29.2deg val_capture=100.00% val_bank=100.00% val_acq_acc=100.00% score=8.587 best=8.147 patience=8/14
temporal epoch=062/160 loss=7.99787 center_teacher=1.000 acq_teacher=1.000 capture=100.00% bank_capture=100.00% acq_acc=100.00% acq_conf=0.714 radius=0.0m pred_step=3.843 target_step=5.375 pred_v=4.029 target_v=5.375 val_mle=7.881m val_p90=10.467m val_speed_mae=2.433 heading=2.0/-0.6deg val_progress_mae=6.872m val_heading_mae=29.2deg val_capture=100.00% val_bank=100.00% val_acq_acc=100.00% score=8.267 best=8.147 patience=9/14
temporal epoch=063/160 loss=7.72434 center_teacher=1.000 acq_teacher=1.000 capture=100.00% bank_capture=100.00% acq_acc=100.00% acq_conf=0.714 radius=0.0m pred_step=4.093 target_step=5.375 pred_v=4.250 target_v=5.375 val_mle=8.154m val_p90=10.677m val_speed_mae=2.036 heading=2.1/-0.6deg val_progress_mae=7.099m val_heading_mae=29.2deg val_capture=100.00% val_bank=100.00% val_acq_acc=100.00% score=8.527 best=8.147 patience=10/14
temporal epoch=064/160 loss=8.08099 center_teacher=1.000 acq_teacher=1.000 capture=100.00% bank_capture=100.00% acq_acc=100.00% acq_conf=0.715 radius=0.0m pred_step=6.656 target_step=5.375 pred_v=6.514 target_v=5.375 val_mle=8.122m val_p90=10.647m val_speed_mae=1.837 heading=2.4/-0.6deg val_progress_mae=7.067m val_heading_mae=29.2deg val_capture=100.00% val_bank=100.00% val_acq_acc=100.00% score=8.484 best=8.147 patience=11/14
temporal epoch=065/160 loss=7.54634 center_teacher=1.000 acq_teacher=1.000 capture=100.00% bank_capture=100.00% acq_acc=100.00% acq_conf=0.715 radius=0.0m pred_step=4.869 target_step=5.375 pred_v=4.936 target_v=5.375 val_mle=7.854m val_p90=10.434m val_speed_mae=2.236 heading=2.2/-0.6deg val_progress_mae=6.857m val_heading_mae=29.2deg val_capture=100.00% val_bank=100.00% val_acq_acc=100.00% score=8.230 best=8.147 patience=12/14
temporal epoch=066/160 loss=7.60385 center_teacher=1.000 acq_teacher=1.000 capture=100.00% bank_capture=100.00% acq_acc=100.00% acq_conf=0.714 radius=0.0m pred_step=3.983 target_step=5.375 pred_v=4.152 target_v=5.375 val_mle=8.135m val_p90=10.654m val_speed_mae=1.835 heading=2.1/-0.6deg val_progress_mae=7.139m val_heading_mae=29.2deg val_capture=100.00% val_bank=100.00% val_acq_acc=100.00% score=8.499 best=8.147 patience=13/14
temporal epoch=067/160 loss=7.63279 center_teacher=1.000 acq_teacher=1.000 capture=100.00% bank_capture=100.00% acq_acc=100.00% acq_conf=0.715 radius=0.0m pred_step=6.106 target_step=5.375 pred_v=6.031 target_v=5.375 val_mle=8.086m val_p90=10.591m val_speed_mae=1.977 heading=2.3/-0.6deg val_progress_mae=7.088m val_heading_mae=29.2deg val_capture=100.00% val_bank=100.00% val_acq_acc=100.00% score=8.455 best=8.147 patience=14/14
EARLY STOP: controlled local-prior validation score did not improve by 0.003 for 14 epochs.
