[PREPARED] PASS | city=cityc | step=4 m | selection=soft_sequence_v13_multicity_auto_train_fullroute | existing GT/routes unchanged
[CADENCE] source=experiment_route_stats_train_01 | mean=5.807527 m | p90=11.516146 m | p95=13.307293 m
[OK] clean v39 runtime: Forward-18 SoftMS -> GRU -> Kalman -> one final MeanShift
[OK] weighted-centroid decoder removed from generated runtime source
[PATCH OK] temporal GRU = mean + delta + delta2 + SAT + SoftMS position + visual displacement + previous state
[PATCH OK] motion head = bounded residual around previous stable motion
[PATCH OK] training/validation/inference motion states all start from current-city cadence
[PATCH OK] acceleration supervision and measurement-trusting Kalman knobs enabled
[PATCH OK] no split/dual/inference gate; no prediction-position innovation
[V39-BEARING] final-MS route-centerline reference patch: PASS
[ARCH-AUDIT] forward_18: PASS
[ARCH-AUDIT] base_geometry_6x6: PASS
[ARCH-AUDIT] front_softms_source: PASS
[ARCH-AUDIT] one_final_ms_source: PASS
[ARCH-AUDIT] front_decoder_softms: PASS
[ARCH-AUDIT] simple_seven_block_gru: PASS
[ARCH-AUDIT] residual_motion_head: PASS
[ARCH-AUDIT] causal_visual_displacement: PASS
[ARCH-AUDIT] cadence_initialized_tracker: PASS
[ARCH-AUDIT] motion_training_inference_aligned: PASS
[ARCH-AUDIT] training_city_motion_scale_init: PASS
[ARCH-AUDIT] forward_origin_backshift_covers_jitter: PASS
[ARCH-AUDIT] protocol: PASS
[ARCH-AUDIT] controlled_gt_reference_enabled: PASS
[ARCH-AUDIT] frame_count: PASS
[ARCH-AUDIT] gru_flag: PASS
[ARCH-AUDIT] kalman_flag: PASS
[TRAIN] reuse visual checkpoint /yh/study/uav-sat/v39_otherdata/iclr_bearing_4city_residual_20260920_065525/cityc/train_frames3/checkpoints/visual_retrieval_A_only.pt
route_A: reuse UAV backbone cache
temporal split train=[0,133) val=[137,162) route_length=789.4m
City training-sequence mean forward step=5.556m/frame p90=11.289m/frame
temporal epoch=001/80 loss=11.90593 center_teacher=1.000 acq_teacher=1.000 capture=100.00% bank_capture=100.00% acq_acc=100.00% acq_conf=0.648 radius=0.0m pred_step=5.633 target_step=5.556 pred_v=5.654 target_v=5.556 val_mle=9.959m val_p90=13.070m val_speed_mae=3.347 heading=-0.1/-0.0deg val_progress_mae=9.024m val_heading_mae=37.6deg val_capture=88.00% val_bank=88.00% val_acq_acc=100.00% score=11.173 best=11.173 patience=0/10
temporal epoch=002/80 loss=11.87639 center_teacher=1.000 acq_teacher=1.000 capture=100.00% bank_capture=100.00% acq_acc=100.00% acq_conf=0.648 radius=0.0m pred_step=4.723 target_step=5.556 pred_v=4.857 target_v=5.556 val_mle=11.573m val_p90=14.549m val_speed_mae=3.588 heading=-0.1/-0.0deg val_progress_mae=8.989m val_heading_mae=37.6deg val_capture=88.00% val_bank=88.00% val_acq_acc=100.00% score=12.810 best=11.173 patience=1/10
temporal epoch=003/80 loss=11.60759 center_teacher=1.000 acq_teacher=1.000 capture=100.00% bank_capture=100.00% acq_acc=100.00% acq_conf=0.648 radius=0.0m pred_step=4.547 target_step=5.556 pred_v=4.680 target_v=5.556 val_mle=12.439m val_p90=16.045m val_speed_mae=3.295 heading=0.2/-0.0deg val_progress_mae=8.581m val_heading_mae=37.6deg val_capture=88.00% val_bank=88.00% val_acq_acc=100.00% score=13.625 best=11.173 patience=2/10
temporal epoch=004/80 loss=11.26244 center_teacher=1.000 acq_teacher=1.000 capture=100.00% bank_capture=100.00% acq_acc=100.00% acq_conf=0.648 radius=0.0m pred_step=5.163 target_step=5.556 pred_v=5.194 target_v=5.556 val_mle=11.944m val_p90=15.405m val_speed_mae=3.130 heading=0.3/-0.0deg val_progress_mae=8.312m val_heading_mae=37.6deg val_capture=88.00% val_bank=88.00% val_acq_acc=100.00% score=13.101 best=11.173 patience=3/10
temporal epoch=005/80 loss=11.10106 center_teacher=1.000 acq_teacher=1.000 capture=100.00% bank_capture=100.00% acq_acc=100.00% acq_conf=0.648 radius=0.0m pred_step=5.478 target_step=5.556 pred_v=5.448 target_v=5.556 val_mle=11.087m val_p90=14.094m val_speed_mae=3.227 heading=0.2/-0.0deg val_progress_mae=8.055m val_heading_mae=37.6deg val_capture=88.00% val_bank=88.00% val_acq_acc=100.00% score=12.240 best=11.173 patience=4/10
temporal epoch=006/80 loss=10.96889 center_teacher=1.000 acq_teacher=1.000 capture=100.00% bank_capture=100.00% acq_acc=100.00% acq_conf=0.648 radius=0.0m pred_step=5.125 target_step=5.556 pred_v=5.121 target_v=5.556 val_mle=10.411m val_p90=13.332m val_speed_mae=3.542 heading=0.0/-0.0deg val_progress_mae=7.814m val_heading_mae=37.6deg val_capture=88.00% val_bank=88.00% val_acq_acc=100.00% score=11.584 best=11.173 patience=5/10
temporal epoch=007/80 loss=10.99079 center_teacher=1.000 acq_teacher=1.000 capture=100.00% bank_capture=100.00% acq_acc=100.00% acq_conf=0.648 radius=0.0m pred_step=4.553 target_step=5.556 pred_v=4.605 target_v=5.556 val_mle=10.025m val_p90=12.987m val_speed_mae=3.554 heading=-0.1/-0.0deg val_progress_mae=7.509m val_heading_mae=37.6deg val_capture=88.00% val_bank=88.00% val_acq_acc=100.00% score=11.184 best=11.173 patience=6/10
temporal epoch=008/80 loss=10.72867 center_teacher=1.000 acq_teacher=1.000 capture=100.00% bank_capture=100.00% acq_acc=100.00% acq_conf=0.648 radius=0.0m pred_step=4.779 target_step=5.556 pred_v=4.788 target_v=5.556 val_mle=9.680m val_p90=12.539m val_speed_mae=3.136 heading=-0.1/-0.0deg val_progress_mae=7.291m val_heading_mae=37.6deg val_capture=88.00% val_bank=88.00% val_acq_acc=100.00% score=10.786 best=10.786 patience=0/10
temporal epoch=009/80 loss=10.60319 center_teacher=1.000 acq_teacher=1.000 capture=100.00% bank_capture=100.00% acq_acc=100.00% acq_conf=0.648 radius=0.0m pred_step=5.576 target_step=5.556 pred_v=5.473 target_v=5.556 val_mle=9.837m val_p90=12.764m val_speed_mae=3.113 heading=-0.1/-0.0deg val_progress_mae=7.062m val_heading_mae=37.6deg val_capture=88.00% val_bank=88.00% val_acq_acc=100.00% score=10.930 best=10.786 patience=1/10
temporal epoch=010/80 loss=10.49373 center_teacher=1.000 acq_teacher=1.000 capture=100.00% bank_capture=100.00% acq_acc=100.00% acq_conf=0.648 radius=0.0m pred_step=5.355 target_step=5.556 pred_v=5.270 target_v=5.556 val_mle=10.437m val_p90=13.694m val_speed_mae=3.873 heading=0.0/-0.0deg val_progress_mae=6.901m val_heading_mae=37.6deg val_capture=88.00% val_bank=88.00% val_acq_acc=100.00% score=11.598 best=10.786 patience=2/10
temporal epoch=011/80 loss=10.97223 center_teacher=1.000 acq_teacher=1.000 capture=100.00% bank_capture=100.00% acq_acc=100.00% acq_conf=0.648 radius=0.0m pred_step=4.021 target_step=5.556 pred_v=4.101 target_v=5.556 val_mle=10.751m val_p90=14.118m val_speed_mae=3.328 heading=0.2/-0.0deg val_progress_mae=6.771m val_heading_mae=37.6deg val_capture=88.00% val_bank=88.00% val_acq_acc=100.00% score=11.850 best=10.786 patience=3/10
temporal epoch=012/80 loss=10.29930 center_teacher=1.000 acq_teacher=1.000 capture=100.00% bank_capture=100.00% acq_acc=100.00% acq_conf=0.648 radius=0.0m pred_step=5.490 target_step=5.556 pred_v=5.379 target_v=5.556 val_mle=10.515m val_p90=13.751m val_speed_mae=3.294 heading=0.3/-0.0deg val_progress_mae=6.710m val_heading_mae=37.6deg val_capture=88.00% val_bank=88.00% val_acq_acc=100.00% score=11.608 best=10.786 patience=4/10
temporal epoch=013/80 loss=10.44553 center_teacher=1.000 acq_teacher=1.000 capture=100.00% bank_capture=100.00% acq_acc=100.00% acq_conf=0.648 radius=0.0m pred_step=6.326 target_step=5.556 pred_v=6.110 target_v=5.556 val_mle=10.106m val_p90=13.288m val_speed_mae=3.382 heading=0.3/-0.0deg val_progress_mae=6.788m val_heading_mae=37.6deg val_capture=88.00% val_bank=88.00% val_acq_acc=100.00% score=11.211 best=10.786 patience=5/10
temporal epoch=014/80 loss=10.72775 center_teacher=1.000 acq_teacher=1.000 capture=100.00% bank_capture=100.00% acq_acc=100.00% acq_conf=0.648 radius=0.0m pred_step=4.161 target_step=5.556 pred_v=4.227 target_v=5.556 val_mle=9.972m val_p90=13.137m val_speed_mae=3.709 heading=0.2/-0.0deg val_progress_mae=6.860m val_heading_mae=37.6deg val_capture=88.00% val_bank=88.00% val_acq_acc=100.00% score=11.114 best=10.786 patience=6/10
temporal epoch=015/80 loss=10.13001 center_teacher=1.000 acq_teacher=1.000 capture=100.00% bank_capture=100.00% acq_acc=100.00% acq_conf=0.648 radius=0.0m pred_step=4.723 target_step=5.556 pred_v=4.716 target_v=5.556 val_mle=10.158m val_p90=13.303m val_speed_mae=3.913 heading=0.2/-0.0deg val_progress_mae=6.716m val_heading_mae=37.6deg val_capture=88.00% val_bank=88.00% val_acq_acc=100.00% score=11.313 best=10.786 patience=7/10
temporal epoch=016/80 loss=10.79262 center_teacher=1.000 acq_teacher=1.000 capture=100.00% bank_capture=100.00% acq_acc=100.00% acq_conf=0.648 radius=0.0m pred_step=7.245 target_step=5.556 pred_v=6.915 target_v=5.556 val_mle=9.535m val_p90=12.569m val_speed_mae=3.417 heading=0.2/-0.0deg val_progress_mae=6.792m val_heading_mae=37.6deg val_capture=88.00% val_bank=88.00% val_acq_acc=100.00% score=10.645 best=10.645 patience=0/10
temporal epoch=017/80 loss=10.66576 center_teacher=1.000 acq_teacher=1.000 capture=100.00% bank_capture=100.00% acq_acc=100.00% acq_conf=0.648 radius=0.0m pred_step=3.709 target_step=5.556 pred_v=3.845 target_v=5.556 val_mle=9.139m val_p90=11.896m val_speed_mae=3.191 heading=0.1/-0.0deg val_progress_mae=6.640m val_heading_mae=37.6deg val_capture=88.00% val_bank=88.00% val_acq_acc=100.00% score=10.218 best=10.218 patience=0/10
temporal epoch=018/80 loss=9.67863 center_teacher=1.000 acq_teacher=1.000 capture=100.00% bank_capture=100.00% acq_acc=100.00% acq_conf=0.648 radius=0.0m pred_step=5.599 target_step=5.556 pred_v=5.491 target_v=5.556 val_mle=9.189m val_p90=12.103m val_speed_mae=4.122 heading=0.1/-0.0deg val_progress_mae=6.234m val_heading_mae=37.6deg val_capture=88.00% val_bank=88.00% val_acq_acc=100.00% score=10.341 best=10.218 patience=1/10
temporal epoch=019/80 loss=9.81675 center_teacher=1.000 acq_teacher=1.000 capture=100.00% bank_capture=100.00% acq_acc=100.00% acq_conf=0.647 radius=0.0m pred_step=6.879 target_step=5.556 pred_v=6.609 target_v=5.556 val_mle=7.087m val_p90=9.376m val_speed_mae=6.334 heading=0.1/-0.0deg val_progress_mae=5.894m val_heading_mae=37.6deg val_capture=88.00% val_bank=88.00% val_acq_acc=100.00% score=8.443 best=8.443 patience=0/10
temporal epoch=020/80 loss=12.37754 center_teacher=1.000 acq_teacher=1.000 capture=100.00% bank_capture=100.00% acq_acc=100.00% acq_conf=0.652 radius=0.0m pred_step=1.392 target_step=5.556 pred_v=1.556 target_v=5.556 val_mle=7.333m val_p90=10.152m val_speed_mae=6.363 heading=-0.2/-0.0deg val_progress_mae=5.842m val_heading_mae=37.6deg val_capture=88.00% val_bank=88.00% val_acq_acc=100.00% score=8.690 best=8.443 patience=1/10
temporal epoch=021/80 loss=12.37300 center_teacher=1.000 acq_teacher=1.000 capture=100.00% bank_capture=100.00% acq_acc=100.00% acq_conf=0.651 radius=0.0m pred_step=0.850 target_step=5.556 pred_v=0.975 target_v=5.556 val_mle=11.185m val_p90=15.578m val_speed_mae=6.350 heading=0.3/-0.0deg val_progress_mae=5.546m val_heading_mae=37.6deg val_capture=88.00% val_bank=88.00% val_acq_acc=100.00% score=12.525 best=8.443 patience=2/10
temporal epoch=022/80 loss=11.98932 center_teacher=1.000 acq_teacher=1.000 capture=100.00% bank_capture=100.00% acq_acc=100.00% acq_conf=0.644 radius=0.0m pred_step=0.951 target_step=5.556 pred_v=1.103 target_v=5.556 val_mle=11.795m val_p90=17.223m val_speed_mae=6.241 heading=0.6/-0.0deg val_progress_mae=5.362m val_heading_mae=37.6deg val_capture=88.00% val_bank=88.00% val_acq_acc=100.00% score=13.115 best=8.443 patience=3/10
temporal epoch=023/80 loss=10.57364 center_teacher=1.000 acq_teacher=1.000 capture=100.00% bank_capture=100.00% acq_acc=100.00% acq_conf=0.646 radius=0.0m pred_step=2.100 target_step=5.556 pred_v=2.388 target_v=5.556 val_mle=10.445m val_p90=14.582m val_speed_mae=7.846 heading=1.0/-0.0deg val_progress_mae=4.727m val_heading_mae=37.6deg val_capture=88.00% val_bank=88.00% val_acq_acc=100.00% score=11.894 best=8.443 patience=4/10
temporal epoch=024/80 loss=14.04002 center_teacher=1.000 acq_teacher=1.000 capture=100.00% bank_capture=100.00% acq_acc=100.00% acq_conf=0.651 radius=0.0m pred_step=11.916 target_step=5.556 pred_v=11.247 target_v=5.556 val_mle=9.132m val_p90=12.777m val_speed_mae=8.921 heading=0.5/-0.0deg val_progress_mae=4.903m val_heading_mae=37.7deg val_capture=88.00% val_bank=88.00% val_acq_acc=100.00% score=10.698 best=8.443 patience=5/10
temporal epoch=025/80 loss=15.37300 center_teacher=1.000 acq_teacher=1.000 capture=100.00% bank_capture=100.00% acq_acc=100.00% acq_conf=0.652 radius=0.0m pred_step=13.354 target_step=5.556 pred_v=12.885 target_v=5.556 val_mle=6.738m val_p90=9.997m val_speed_mae=8.576 heading=-0.2/-0.0deg val_progress_mae=4.358m val_heading_mae=37.8deg val_capture=92.00% val_bank=92.00% val_acq_acc=100.00% score=8.163 best=8.163 patience=0/10
temporal epoch=026/80 loss=12.06899 center_teacher=1.000 acq_teacher=1.000 capture=100.00% bank_capture=100.00% acq_acc=100.00% acq_conf=0.653 radius=0.0m pred_step=9.754 target_step=5.556 pred_v=9.119 target_v=5.556 val_mle=9.711m val_p90=15.819m val_speed_mae=3.002 heading=-1.3/-0.0deg val_progress_mae=4.774m val_heading_mae=37.7deg val_capture=88.00% val_bank=88.00% val_acq_acc=100.00% score=10.678 best=8.163 patience=1/10
temporal epoch=027/80 loss=10.11176 center_teacher=1.000 acq_teacher=1.000 capture=100.00% bank_capture=100.00% acq_acc=100.00% acq_conf=0.650 radius=0.0m pred_step=3.495 target_step=5.556 pred_v=3.668 target_v=5.556 val_mle=6.987m val_p90=11.476m val_speed_mae=4.910 heading=-0.5/-0.0deg val_progress_mae=4.509m val_heading_mae=37.7deg val_capture=88.00% val_bank=88.00% val_acq_acc=100.00% score=8.132 best=8.132 patience=0/10
temporal epoch=028/80 loss=9.93637 center_teacher=1.000 acq_teacher=1.000 capture=100.00% bank_capture=100.00% acq_acc=100.00% acq_conf=0.652 radius=0.0m pred_step=2.465 target_step=5.556 pred_v=2.759 target_v=5.556 val_mle=11.030m val_p90=16.161m val_speed_mae=3.131 heading=0.2/-0.0deg val_progress_mae=4.267m val_heading_mae=37.6deg val_capture=88.00% val_bank=88.00% val_acq_acc=100.00% score=11.984 best=8.132 patience=1/10
temporal epoch=029/80 loss=8.89130 center_teacher=1.000 acq_teacher=1.000 capture=100.00% bank_capture=100.00% acq_acc=100.00% acq_conf=0.646 radius=0.0m pred_step=6.831 target_step=5.556 pred_v=6.582 target_v=5.556 val_mle=11.304m val_p90=16.673m val_speed_mae=3.968 heading=1.1/-0.0deg val_progress_mae=4.605m val_heading_mae=37.5deg val_capture=88.00% val_bank=88.00% val_acq_acc=100.00% score=12.359 best=8.132 patience=2/10
temporal epoch=030/80 loss=8.34300 center_teacher=1.000 acq_teacher=1.000 capture=100.00% bank_capture=100.00% acq_acc=100.00% acq_conf=0.646 radius=0.0m pred_step=6.346 target_step=5.556 pred_v=6.161 target_v=5.556 val_mle=8.647m val_p90=12.447m val_speed_mae=3.279 heading=0.9/-0.0deg val_progress_mae=4.333m val_heading_mae=37.6deg val_capture=88.00% val_bank=88.00% val_acq_acc=100.00% score=9.619 best=8.132 patience=3/10
temporal epoch=031/80 loss=8.87184 center_teacher=1.000 acq_teacher=1.000 capture=100.00% bank_capture=100.00% acq_acc=100.00% acq_conf=0.644 radius=0.0m pred_step=3.294 target_step=5.556 pred_v=3.488 target_v=5.556 val_mle=6.347m val_p90=9.266m val_speed_mae=2.934 heading=0.2/-0.0deg val_progress_mae=4.332m val_heading_mae=37.6deg val_capture=88.00% val_bank=88.00% val_acq_acc=100.00% score=7.285 best=7.285 patience=0/10
temporal epoch=032/80 loss=8.24232 center_teacher=1.000 acq_teacher=1.000 capture=100.00% bank_capture=100.00% acq_acc=100.00% acq_conf=0.649 radius=0.0m pred_step=5.748 target_step=5.556 pred_v=5.621 target_v=5.556 val_mle=8.207m val_p90=11.811m val_speed_mae=3.594 heading=0.1/-0.0deg val_progress_mae=4.329m val_heading_mae=37.6deg val_capture=88.00% val_bank=88.00% val_acq_acc=100.00% score=9.211 best=7.285 patience=1/10
temporal epoch=033/80 loss=8.06359 center_teacher=1.000 acq_teacher=1.000 capture=100.00% bank_capture=100.00% acq_acc=100.00% acq_conf=0.644 radius=0.0m pred_step=6.418 target_step=5.556 pred_v=6.199 target_v=5.556 val_mle=9.178m val_p90=13.079m val_speed_mae=3.239 heading=0.3/-0.0deg val_progress_mae=4.463m val_heading_mae=37.5deg val_capture=88.00% val_bank=88.00% val_acq_acc=100.00% score=10.153 best=7.285 patience=2/10
temporal epoch=034/80 loss=8.23389 center_teacher=1.000 acq_teacher=1.000 capture=100.00% bank_capture=100.00% acq_acc=100.00% acq_conf=0.643 radius=0.0m pred_step=3.351 target_step=5.556 pred_v=3.524 target_v=5.556 val_mle=10.234m val_p90=14.818m val_speed_mae=3.003 heading=0.6/-0.0deg val_progress_mae=4.055m val_heading_mae=37.5deg val_capture=88.00% val_bank=88.00% val_acq_acc=100.00% score=11.164 best=7.285 patience=3/10
temporal epoch=035/80 loss=8.52326 center_teacher=1.000 acq_teacher=1.000 capture=100.00% bank_capture=100.00% acq_acc=100.00% acq_conf=0.645 radius=0.0m pred_step=7.228 target_step=5.556 pred_v=6.900 target_v=5.556 val_mle=8.581m val_p90=12.027m val_speed_mae=2.981 heading=0.8/-0.0deg val_progress_mae=4.769m val_heading_mae=37.5deg val_capture=88.00% val_bank=88.00% val_acq_acc=100.00% score=9.545 best=7.285 patience=4/10
temporal epoch=036/80 loss=8.06361 center_teacher=1.000 acq_teacher=1.000 capture=100.00% bank_capture=100.00% acq_acc=100.00% acq_conf=0.646 radius=0.0m pred_step=6.013 target_step=5.556 pred_v=5.842 target_v=5.556 val_mle=5.837m val_p90=8.503m val_speed_mae=3.335 heading=0.7/-0.0deg val_progress_mae=4.252m val_heading_mae=37.5deg val_capture=88.00% val_bank=88.00% val_acq_acc=100.00% score=6.811 best=6.811 patience=0/10
temporal epoch=037/80 loss=8.49475 center_teacher=1.000 acq_teacher=1.000 capture=100.00% bank_capture=100.00% acq_acc=100.00% acq_conf=0.644 radius=0.0m pred_step=3.168 target_step=5.556 pred_v=3.345 target_v=5.556 val_mle=8.638m val_p90=12.755m val_speed_mae=2.829 heading=0.5/-0.0deg val_progress_mae=4.048m val_heading_mae=37.4deg val_capture=88.00% val_bank=88.00% val_acq_acc=100.00% score=9.551 best=6.811 patience=1/10
temporal epoch=038/80 loss=7.33454 center_teacher=1.000 acq_teacher=1.000 capture=100.00% bank_capture=100.00% acq_acc=100.00% acq_conf=0.646 radius=0.0m pred_step=5.954 target_step=5.556 pred_v=5.781 target_v=5.556 val_mle=9.313m val_p90=13.082m val_speed_mae=2.800 heading=1.1/-0.0deg val_progress_mae=5.092m val_heading_mae=37.4deg val_capture=88.00% val_bank=88.00% val_acq_acc=100.00% score=10.274 best=6.811 patience=2/10
temporal epoch=039/80 loss=7.55916 center_teacher=1.000 acq_teacher=1.000 capture=100.00% bank_capture=100.00% acq_acc=100.00% acq_conf=0.646 radius=0.0m pred_step=5.471 target_step=5.556 pred_v=5.369 target_v=5.556 val_mle=8.522m val_p90=12.240m val_speed_mae=2.898 heading=1.1/-0.0deg val_progress_mae=4.418m val_heading_mae=37.4deg val_capture=88.00% val_bank=88.00% val_acq_acc=100.00% score=9.459 best=6.811 patience=3/10
temporal epoch=040/80 loss=7.27322 center_teacher=1.000 acq_teacher=1.000 capture=100.00% bank_capture=100.00% acq_acc=100.00% acq_conf=0.646 radius=0.0m pred_step=4.354 target_step=5.556 pred_v=4.385 target_v=5.556 val_mle=8.224m val_p90=11.840m val_speed_mae=2.771 heading=1.0/-0.0deg val_progress_mae=4.161m val_heading_mae=37.3deg val_capture=88.00% val_bank=88.00% val_acq_acc=100.00% score=9.136 best=6.811 patience=4/10
temporal epoch=041/80 loss=7.00196 center_teacher=1.000 acq_teacher=1.000 capture=100.00% bank_capture=100.00% acq_acc=100.00% acq_conf=0.646 radius=0.0m pred_step=5.843 target_step=5.556 pred_v=5.677 target_v=5.556 val_mle=8.597m val_p90=11.678m val_speed_mae=2.714 heading=1.0/-0.0deg val_progress_mae=5.369m val_heading_mae=37.3deg val_capture=88.00% val_bank=88.00% val_acq_acc=100.00% score=9.563 best=6.811 patience=5/10
temporal epoch=042/80 loss=7.02729 center_teacher=1.000 acq_teacher=1.000 capture=100.00% bank_capture=100.00% acq_acc=100.00% acq_conf=0.646 radius=0.0m pred_step=5.210 target_step=5.556 pred_v=5.115 target_v=5.556 val_mle=11.127m val_p90=16.913m val_speed_mae=2.795 heading=0.9/-0.0deg val_progress_mae=4.558m val_heading_mae=37.3deg val_capture=88.00% val_bank=88.00% val_acq_acc=100.00% score=12.061 best=6.811 patience=6/10
temporal epoch=043/80 loss=6.77361 center_teacher=1.000 acq_teacher=1.000 capture=100.00% bank_capture=100.00% acq_acc=100.00% acq_conf=0.646 radius=0.0m pred_step=5.124 target_step=5.556 pred_v=4.947 target_v=5.556 val_mle=7.805m val_p90=11.704m val_speed_mae=2.695 heading=0.9/-0.0deg val_progress_mae=4.255m val_heading_mae=37.2deg val_capture=88.00% val_bank=88.00% val_acq_acc=100.00% score=8.714 best=6.811 patience=7/10
temporal epoch=044/80 loss=6.91884 center_teacher=1.000 acq_teacher=1.000 capture=100.00% bank_capture=100.00% acq_acc=100.00% acq_conf=0.647 radius=0.0m pred_step=6.143 target_step=5.556 pred_v=5.776 target_v=5.556 val_mle=6.983m val_p90=9.268m val_speed_mae=2.687 heading=0.5/-0.0deg val_progress_mae=5.784m val_heading_mae=37.1deg val_capture=88.00% val_bank=88.00% val_acq_acc=100.00% score=7.966 best=6.811 patience=8/10
temporal epoch=045/80 loss=7.41375 center_teacher=1.000 acq_teacher=1.000 capture=100.00% bank_capture=100.00% acq_acc=100.00% acq_conf=0.645 radius=0.0m pred_step=4.450 target_step=5.556 pred_v=4.314 target_v=5.556 val_mle=11.551m val_p90=17.362m val_speed_mae=3.029 heading=0.2/-0.0deg val_progress_mae=4.871m val_heading_mae=37.4deg val_capture=92.00% val_bank=92.00% val_acq_acc=100.00% score=12.445 best=6.811 patience=9/10
temporal epoch=046/80 loss=6.73146 center_teacher=1.000 acq_teacher=1.000 capture=100.00% bank_capture=100.00% acq_acc=100.00% acq_conf=0.646 radius=0.0m pred_step=4.416 target_step=5.556 pred_v=4.243 target_v=5.556 val_mle=11.081m val_p90=17.103m val_speed_mae=2.647 heading=0.2/-0.0deg val_progress_mae=3.788m val_heading_mae=37.3deg val_capture=88.00% val_bank=88.00% val_acq_acc=100.00% score=11.962 best=6.811 patience=10/10
EARLY STOP: controlled local-prior validation score did not improve by 0.005 for 10 epochs.
[TRAIN-ONLY KALMAN CALIBRATION] {"confidence_power": 1.0, "fixed_variance_m2": 9.0, "objective": 6.984906580346507, "q_cross": 0.4, "q_progress": 1.5, "q_velocity": 1.0, "val_mle_m": 5.396911238444361, "val_p90_m": 7.939976709510732}
