[PREPARED] PASS | city=cityc | step=4 m | selection=soft_sequence_v13_multicity_auto_train_fullroute | existing GT/routes unchanged
[CADENCE] source=experiment_route_stats_train_01 | mean=5.807527 m | p90=11.516146 m | p95=13.307293 m
[OK] clean v39 runtime: Forward-18 SoftMS -> GRU -> Kalman -> one final MeanShift
[OK] weighted-centroid decoder removed from generated runtime source
[PATCH OK] temporal GRU = mean + delta + delta2 + SAT + SoftMS position + visual displacement + previous state
[PATCH OK] motion head = bounded residual around previous stable motion
[PATCH OK] training/validation/inference motion states all start from current-city cadence
[PATCH OK] acceleration supervision and measurement-trusting Kalman knobs enabled
[PATCH OK] no split/dual/inference gate; no prediction-position innovation
[V39-BEARING] final-MS route-centerline reference patch: PASS
[ARCH-AUDIT] forward_18: PASS
[ARCH-AUDIT] base_geometry_6x6: PASS
[ARCH-AUDIT] front_softms_source: PASS
[ARCH-AUDIT] one_final_ms_source: PASS
[ARCH-AUDIT] front_decoder_softms: PASS
[ARCH-AUDIT] simple_seven_block_gru: PASS
[ARCH-AUDIT] residual_motion_head: PASS
[ARCH-AUDIT] causal_visual_displacement: PASS
[ARCH-AUDIT] cadence_initialized_tracker: PASS
[ARCH-AUDIT] motion_training_inference_aligned: PASS
[ARCH-AUDIT] training_city_motion_scale_init: PASS
[ARCH-AUDIT] forward_origin_backshift_covers_jitter: PASS
[ARCH-AUDIT] protocol: PASS
[ARCH-AUDIT] controlled_gt_reference_enabled: PASS
[ARCH-AUDIT] frame_count: PASS
[ARCH-AUDIT] gru_flag: PASS
[ARCH-AUDIT] kalman_flag: PASS
[TRAIN] reuse visual checkpoint /yh/study/uav-sat/v39_otherdata/iclr_bearing_4city_residual_20260920_065525/cityc/train_frames2/checkpoints/visual_retrieval_A_only.pt
route_A: reuse UAV backbone cache
temporal split train=[0,133) val=[137,162) route_length=789.4m
City training-sequence mean forward step=5.556m/frame p90=11.289m/frame
temporal epoch=001/80 loss=11.90063 center_teacher=1.000 acq_teacher=1.000 capture=100.00% bank_capture=100.00% acq_acc=100.00% acq_conf=0.648 radius=0.0m pred_step=5.615 target_step=5.556 pred_v=5.639 target_v=5.556 val_mle=10.044m val_p90=13.206m val_speed_mae=3.450 heading=-0.1/-0.0deg val_progress_mae=9.041m val_heading_mae=37.6deg val_capture=88.00% val_bank=88.00% val_acq_acc=100.00% score=11.269 best=11.269 patience=0/10
temporal epoch=002/80 loss=11.94180 center_teacher=1.000 acq_teacher=1.000 capture=100.00% bank_capture=100.00% acq_acc=100.00% acq_conf=0.648 radius=0.0m pred_step=4.507 target_step=5.556 pred_v=4.665 target_v=5.556 val_mle=12.145m val_p90=15.402m val_speed_mae=3.691 heading=-0.1/-0.0deg val_progress_mae=8.936m val_heading_mae=37.6deg val_capture=88.00% val_bank=88.00% val_acq_acc=100.00% score=13.389 best=11.269 patience=1/10
temporal epoch=003/80 loss=11.56404 center_teacher=1.000 acq_teacher=1.000 capture=100.00% bank_capture=100.00% acq_acc=100.00% acq_conf=0.648 radius=0.0m pred_step=4.543 target_step=5.556 pred_v=4.667 target_v=5.556 val_mle=12.537m val_p90=16.253m val_speed_mae=3.263 heading=0.1/-0.0deg val_progress_mae=8.491m val_heading_mae=37.6deg val_capture=88.00% val_bank=88.00% val_acq_acc=100.00% score=13.716 best=11.269 patience=2/10
temporal epoch=004/80 loss=11.23018 center_teacher=1.000 acq_teacher=1.000 capture=100.00% bank_capture=100.00% acq_acc=100.00% acq_conf=0.648 radius=0.0m pred_step=5.283 target_step=5.556 pred_v=5.286 target_v=5.556 val_mle=11.662m val_p90=14.844m val_speed_mae=3.116 heading=0.1/-0.0deg val_progress_mae=8.250m val_heading_mae=37.6deg val_capture=88.00% val_bank=88.00% val_acq_acc=100.00% score=12.814 best=11.269 patience=3/10
temporal epoch=005/80 loss=11.07964 center_teacher=1.000 acq_teacher=1.000 capture=100.00% bank_capture=100.00% acq_acc=100.00% acq_conf=0.648 radius=0.0m pred_step=5.539 target_step=5.556 pred_v=5.483 target_v=5.556 val_mle=10.548m val_p90=13.430m val_speed_mae=3.219 heading=-0.0/-0.0deg val_progress_mae=7.924m val_heading_mae=37.6deg val_capture=88.00% val_bank=88.00% val_acq_acc=100.00% score=11.694 best=11.269 patience=4/10
temporal epoch=006/80 loss=10.92727 center_teacher=1.000 acq_teacher=1.000 capture=100.00% bank_capture=100.00% acq_acc=100.00% acq_conf=0.648 radius=0.0m pred_step=5.163 target_step=5.556 pred_v=5.132 target_v=5.556 val_mle=9.830m val_p90=12.880m val_speed_mae=3.584 heading=-0.1/-0.0deg val_progress_mae=7.663m val_heading_mae=37.6deg val_capture=88.00% val_bank=88.00% val_acq_acc=100.00% score=11.000 best=11.000 patience=0/10
temporal epoch=007/80 loss=10.96121 center_teacher=1.000 acq_teacher=1.000 capture=100.00% bank_capture=100.00% acq_acc=100.00% acq_conf=0.648 radius=0.0m pred_step=4.500 target_step=5.556 pred_v=4.533 target_v=5.556 val_mle=9.824m val_p90=12.774m val_speed_mae=3.742 heading=-0.2/-0.0deg val_progress_mae=7.336m val_heading_mae=37.6deg val_capture=88.00% val_bank=88.00% val_acq_acc=100.00% score=10.993 best=10.993 patience=0/10
temporal epoch=008/80 loss=10.75111 center_teacher=1.000 acq_teacher=1.000 capture=100.00% bank_capture=100.00% acq_acc=100.00% acq_conf=0.648 radius=0.0m pred_step=4.611 target_step=5.556 pred_v=4.618 target_v=5.556 val_mle=9.976m val_p90=12.890m val_speed_mae=3.251 heading=-0.1/-0.0deg val_progress_mae=7.153m val_heading_mae=37.6deg val_capture=88.00% val_bank=88.00% val_acq_acc=100.00% score=11.087 best=10.993 patience=1/10
temporal epoch=009/80 loss=10.54807 center_teacher=1.000 acq_teacher=1.000 capture=100.00% bank_capture=100.00% acq_acc=100.00% acq_conf=0.648 radius=0.0m pred_step=5.381 target_step=5.556 pred_v=5.286 target_v=5.556 val_mle=10.173m val_p90=13.252m val_speed_mae=3.105 heading=-0.1/-0.0deg val_progress_mae=6.951m val_heading_mae=37.6deg val_capture=88.00% val_bank=88.00% val_acq_acc=100.00% score=11.259 best=10.993 patience=2/10
temporal epoch=010/80 loss=10.49007 center_teacher=1.000 acq_teacher=1.000 capture=100.00% bank_capture=100.00% acq_acc=100.00% acq_conf=0.648 radius=0.0m pred_step=5.565 target_step=5.556 pred_v=5.444 target_v=5.556 val_mle=10.438m val_p90=13.673m val_speed_mae=3.273 heading=-0.0/-0.0deg val_progress_mae=6.843m val_heading_mae=37.6deg val_capture=88.00% val_bank=88.00% val_acq_acc=100.00% score=11.535 best=10.993 patience=3/10
temporal epoch=011/80 loss=10.46147 center_teacher=1.000 acq_teacher=1.000 capture=100.00% bank_capture=100.00% acq_acc=100.00% acq_conf=0.648 radius=0.0m pred_step=5.000 target_step=5.556 pred_v=4.950 target_v=5.556 val_mle=10.505m val_p90=13.830m val_speed_mae=3.855 heading=0.1/-0.0deg val_progress_mae=6.759m val_heading_mae=37.6deg val_capture=88.00% val_bank=88.00% val_acq_acc=100.00% score=11.657 best=10.993 patience=4/10
temporal epoch=012/80 loss=10.73684 center_teacher=1.000 acq_teacher=1.000 capture=100.00% bank_capture=100.00% acq_acc=100.00% acq_conf=0.648 radius=0.0m pred_step=4.270 target_step=5.556 pred_v=4.313 target_v=5.556 val_mle=10.538m val_p90=13.832m val_speed_mae=3.397 heading=0.1/-0.0deg val_progress_mae=6.831m val_heading_mae=37.6deg val_capture=88.00% val_bank=88.00% val_acq_acc=100.00% score=11.647 best=10.993 patience=5/10
temporal epoch=013/80 loss=10.33540 center_teacher=1.000 acq_teacher=1.000 capture=100.00% bank_capture=100.00% acq_acc=100.00% acq_conf=0.648 radius=0.0m pred_step=5.135 target_step=5.556 pred_v=5.072 target_v=5.556 val_mle=10.429m val_p90=13.668m val_speed_mae=3.038 heading=0.1/-0.0deg val_progress_mae=6.792m val_heading_mae=37.6deg val_capture=88.00% val_bank=88.00% val_acq_acc=100.00% score=11.500 best=10.993 patience=6/10
temporal epoch=014/80 loss=10.35065 center_teacher=1.000 acq_teacher=1.000 capture=100.00% bank_capture=100.00% acq_acc=100.00% acq_conf=0.648 radius=0.0m pred_step=5.863 target_step=5.556 pred_v=5.706 target_v=5.556 val_mle=9.856m val_p90=12.893m val_speed_mae=3.224 heading=0.1/-0.0deg val_progress_mae=6.803m val_heading_mae=37.6deg val_capture=88.00% val_bank=88.00% val_acq_acc=100.00% score=10.947 best=10.947 patience=0/10
temporal epoch=015/80 loss=10.30466 center_teacher=1.000 acq_teacher=1.000 capture=100.00% bank_capture=100.00% acq_acc=100.00% acq_conf=0.648 radius=0.0m pred_step=5.030 target_step=5.556 pred_v=4.978 target_v=5.556 val_mle=9.200m val_p90=12.048m val_speed_mae=4.303 heading=0.1/-0.0deg val_progress_mae=6.730m val_heading_mae=37.6deg val_capture=88.00% val_bank=88.00% val_acq_acc=100.00% score=10.394 best=10.394 patience=0/10
temporal epoch=016/80 loss=10.61946 center_teacher=1.000 acq_teacher=1.000 capture=100.00% bank_capture=100.00% acq_acc=100.00% acq_conf=0.648 radius=0.0m pred_step=3.965 target_step=5.556 pred_v=4.047 target_v=5.556 val_mle=9.976m val_p90=13.105m val_speed_mae=3.237 heading=0.2/-0.0deg val_progress_mae=6.697m val_heading_mae=37.6deg val_capture=88.00% val_bank=88.00% val_acq_acc=100.00% score=11.063 best=10.394 patience=1/10
temporal epoch=017/80 loss=9.99432 center_teacher=1.000 acq_teacher=1.000 capture=100.00% bank_capture=100.00% acq_acc=100.00% acq_conf=0.646 radius=0.0m pred_step=5.511 target_step=5.556 pred_v=5.403 target_v=5.556 val_mle=9.769m val_p90=12.785m val_speed_mae=3.064 heading=0.3/-0.0deg val_progress_mae=6.563m val_heading_mae=37.6deg val_capture=88.00% val_bank=88.00% val_acq_acc=100.00% score=10.831 best=10.394 patience=2/10
temporal epoch=018/80 loss=9.94373 center_teacher=1.000 acq_teacher=1.000 capture=100.00% bank_capture=100.00% acq_acc=100.00% acq_conf=0.646 radius=0.0m pred_step=6.083 target_step=5.556 pred_v=5.908 target_v=5.556 val_mle=7.643m val_p90=10.388m val_speed_mae=4.662 heading=0.3/-0.0deg val_progress_mae=6.358m val_heading_mae=37.6deg val_capture=88.00% val_bank=88.00% val_acq_acc=100.00% score=8.855 best=8.855 patience=0/10
temporal epoch=019/80 loss=10.59648 center_teacher=1.000 acq_teacher=1.000 capture=100.00% bank_capture=100.00% acq_acc=100.00% acq_conf=0.644 radius=0.0m pred_step=3.350 target_step=5.556 pred_v=3.524 target_v=5.556 val_mle=9.360m val_p90=12.384m val_speed_mae=3.050 heading=0.2/-0.0deg val_progress_mae=6.278m val_heading_mae=37.6deg val_capture=88.00% val_bank=88.00% val_acq_acc=100.00% score=10.407 best=8.855 patience=1/10
temporal epoch=020/80 loss=9.77058 center_teacher=1.000 acq_teacher=1.000 capture=100.00% bank_capture=100.00% acq_acc=100.00% acq_conf=0.645 radius=0.0m pred_step=6.353 target_step=5.556 pred_v=6.152 target_v=5.556 val_mle=8.323m val_p90=11.214m val_speed_mae=3.279 heading=0.6/-0.0deg val_progress_mae=5.540m val_heading_mae=37.6deg val_capture=88.00% val_bank=88.00% val_acq_acc=100.00% score=9.356 best=8.855 patience=2/10
temporal epoch=021/80 loss=9.56023 center_teacher=1.000 acq_teacher=1.000 capture=100.00% bank_capture=100.00% acq_acc=100.00% acq_conf=0.645 radius=0.0m pred_step=4.250 target_step=5.556 pred_v=4.307 target_v=5.556 val_mle=8.393m val_p90=11.357m val_speed_mae=4.497 heading=0.2/-0.0deg val_progress_mae=5.406m val_heading_mae=37.6deg val_capture=88.00% val_bank=88.00% val_acq_acc=100.00% score=9.541 best=8.855 patience=3/10
temporal epoch=022/80 loss=9.20398 center_teacher=1.000 acq_teacher=1.000 capture=100.00% bank_capture=100.00% acq_acc=100.00% acq_conf=0.648 radius=0.0m pred_step=4.036 target_step=5.556 pred_v=4.128 target_v=5.556 val_mle=10.037m val_p90=13.815m val_speed_mae=3.063 heading=0.4/-0.0deg val_progress_mae=5.104m val_heading_mae=37.6deg val_capture=88.00% val_bank=88.00% val_acq_acc=100.00% score=11.027 best=8.855 patience=4/10
temporal epoch=023/80 loss=9.06494 center_teacher=1.000 acq_teacher=1.000 capture=100.00% bank_capture=100.00% acq_acc=100.00% acq_conf=0.648 radius=0.0m pred_step=5.968 target_step=5.556 pred_v=5.802 target_v=5.556 val_mle=9.510m val_p90=13.078m val_speed_mae=3.041 heading=0.4/-0.0deg val_progress_mae=5.130m val_heading_mae=37.6deg val_capture=88.00% val_bank=88.00% val_acq_acc=100.00% score=10.499 best=8.855 patience=5/10
temporal epoch=024/80 loss=8.84194 center_teacher=1.000 acq_teacher=1.000 capture=100.00% bank_capture=100.00% acq_acc=100.00% acq_conf=0.652 radius=0.0m pred_step=5.199 target_step=5.556 pred_v=5.134 target_v=5.556 val_mle=6.757m val_p90=10.015m val_speed_mae=6.326 heading=0.1/-0.0deg val_progress_mae=4.905m val_heading_mae=37.7deg val_capture=88.00% val_bank=88.00% val_acq_acc=100.00% score=8.063 best=8.063 patience=0/10
temporal epoch=025/80 loss=11.70079 center_teacher=1.000 acq_teacher=1.000 capture=100.00% bank_capture=100.00% acq_acc=100.00% acq_conf=0.652 radius=0.0m pred_step=1.524 target_step=5.556 pred_v=1.761 target_v=5.556 val_mle=7.116m val_p90=10.038m val_speed_mae=6.175 heading=-0.5/-0.0deg val_progress_mae=4.985m val_heading_mae=37.7deg val_capture=88.00% val_bank=88.00% val_acq_acc=100.00% score=8.411 best=8.063 patience=1/10
temporal epoch=026/80 loss=8.90848 center_teacher=1.000 acq_teacher=1.000 capture=100.00% bank_capture=100.00% acq_acc=100.00% acq_conf=0.652 radius=0.0m pred_step=3.697 target_step=5.556 pred_v=3.816 target_v=5.556 val_mle=10.129m val_p90=14.498m val_speed_mae=6.268 heading=-0.3/-0.0deg val_progress_mae=4.202m val_heading_mae=37.7deg val_capture=96.00% val_bank=96.00% val_acq_acc=100.00% score=11.235 best=8.063 patience=2/10
temporal epoch=027/80 loss=13.23893 center_teacher=1.000 acq_teacher=1.000 capture=100.00% bank_capture=100.00% acq_acc=100.00% acq_conf=0.654 radius=0.0m pred_step=10.985 target_step=5.556 pred_v=10.288 target_v=5.556 val_mle=10.641m val_p90=15.006m val_speed_mae=8.898 heading=-0.7/-0.0deg val_progress_mae=4.414m val_heading_mae=37.8deg val_capture=96.00% val_bank=96.00% val_acq_acc=100.00% score=12.021 best=8.063 patience=3/10
temporal epoch=028/80 loss=14.31424 center_teacher=1.000 acq_teacher=1.000 capture=100.00% bank_capture=100.00% acq_acc=100.00% acq_conf=0.649 radius=0.0m pred_step=12.445 target_step=5.556 pred_v=11.813 target_v=5.556 val_mle=6.181m val_p90=10.016m val_speed_mae=3.595 heading=-1.6/-0.0deg val_progress_mae=4.224m val_heading_mae=38.0deg val_capture=96.00% val_bank=96.00% val_acq_acc=100.00% score=7.022 best=7.022 patience=0/10
temporal epoch=029/80 loss=8.93474 center_teacher=1.000 acq_teacher=1.000 capture=100.00% bank_capture=100.00% acq_acc=100.00% acq_conf=0.650 radius=0.0m pred_step=5.433 target_step=5.556 pred_v=5.363 target_v=5.556 val_mle=6.596m val_p90=10.722m val_speed_mae=6.247 heading=-3.5/-0.0deg val_progress_mae=4.595m val_heading_mae=38.0deg val_capture=96.00% val_bank=96.00% val_acq_acc=100.00% score=7.720 best=7.022 patience=1/10
temporal epoch=030/80 loss=11.22873 center_teacher=1.000 acq_teacher=1.000 capture=100.00% bank_capture=100.00% acq_acc=100.00% acq_conf=0.652 radius=0.0m pred_step=1.253 target_step=5.556 pred_v=1.553 target_v=5.556 val_mle=11.272m val_p90=16.918m val_speed_mae=6.158 heading=-3.1/-0.0deg val_progress_mae=4.165m val_heading_mae=38.0deg val_capture=96.00% val_bank=96.00% val_acq_acc=100.00% score=12.367 best=7.022 patience=2/10
temporal epoch=031/80 loss=8.75775 center_teacher=1.000 acq_teacher=1.000 capture=100.00% bank_capture=100.00% acq_acc=100.00% acq_conf=0.648 radius=0.0m pred_step=3.626 target_step=5.556 pred_v=3.705 target_v=5.556 val_mle=11.256m val_p90=16.592m val_speed_mae=5.110 heading=-3.2/-0.0deg val_progress_mae=4.202m val_heading_mae=38.1deg val_capture=96.00% val_bank=96.00% val_acq_acc=100.00% score=12.247 best=7.022 patience=3/10
temporal epoch=032/80 loss=12.06827 center_teacher=1.000 acq_teacher=1.000 capture=100.00% bank_capture=100.00% acq_acc=100.00% acq_conf=0.650 radius=0.0m pred_step=10.600 target_step=5.556 pred_v=9.722 target_v=5.556 val_mle=10.922m val_p90=15.490m val_speed_mae=3.236 heading=-3.5/-0.0deg val_progress_mae=4.288m val_heading_mae=38.4deg val_capture=96.00% val_bank=96.00% val_acq_acc=100.00% score=11.732 best=7.022 patience=4/10
temporal epoch=033/80 loss=9.05340 center_teacher=1.000 acq_teacher=1.000 capture=100.00% bank_capture=100.00% acq_acc=100.00% acq_conf=0.648 radius=0.0m pred_step=5.434 target_step=5.556 pred_v=5.321 target_v=5.556 val_mle=5.793m val_p90=9.136m val_speed_mae=4.877 heading=-5.0/-0.0deg val_progress_mae=3.756m val_heading_mae=38.4deg val_capture=96.00% val_bank=96.00% val_acq_acc=100.00% score=6.740 best=6.740 patience=0/10
temporal epoch=034/80 loss=11.11976 center_teacher=1.000 acq_teacher=1.000 capture=100.00% bank_capture=100.00% acq_acc=100.00% acq_conf=0.647 radius=0.0m pred_step=1.640 target_step=5.556 pred_v=2.061 target_v=5.556 val_mle=5.528m val_p90=8.596m val_speed_mae=3.190 heading=-5.8/-0.0deg val_progress_mae=3.688m val_heading_mae=38.6deg val_capture=96.00% val_bank=96.00% val_acq_acc=100.00% score=6.304 best=6.304 patience=0/10
temporal epoch=035/80 loss=8.53173 center_teacher=1.000 acq_teacher=1.000 capture=100.00% bank_capture=100.00% acq_acc=100.00% acq_conf=0.646 radius=0.0m pred_step=4.242 target_step=5.556 pred_v=4.361 target_v=5.556 val_mle=10.566m val_p90=15.157m val_speed_mae=3.802 heading=-6.1/-0.0deg val_progress_mae=3.962m val_heading_mae=38.8deg val_capture=96.00% val_bank=96.00% val_acq_acc=100.00% score=11.418 best=6.304 patience=1/10
temporal epoch=036/80 loss=8.79352 center_teacher=1.000 acq_teacher=1.000 capture=100.00% bank_capture=100.00% acq_acc=100.00% acq_conf=0.647 radius=0.0m pred_step=7.672 target_step=5.556 pred_v=7.213 target_v=5.556 val_mle=11.664m val_p90=17.230m val_speed_mae=3.038 heading=-5.6/-0.0deg val_progress_mae=4.662m val_heading_mae=38.4deg val_capture=96.00% val_bank=96.00% val_acq_acc=100.00% score=12.473 best=6.304 patience=2/10
temporal epoch=037/80 loss=9.36817 center_teacher=1.000 acq_teacher=1.000 capture=100.00% bank_capture=100.00% acq_acc=100.00% acq_conf=0.648 radius=0.0m pred_step=3.819 target_step=5.556 pred_v=3.824 target_v=5.556 val_mle=11.509m val_p90=17.164m val_speed_mae=3.771 heading=-4.9/-0.0deg val_progress_mae=4.228m val_heading_mae=38.3deg val_capture=96.00% val_bank=96.00% val_acq_acc=100.00% score=12.369 best=6.304 patience=3/10
temporal epoch=038/80 loss=8.18503 center_teacher=1.000 acq_teacher=1.000 capture=100.00% bank_capture=100.00% acq_acc=100.00% acq_conf=0.650 radius=0.0m pred_step=3.827 target_step=5.556 pred_v=3.896 target_v=5.556 val_mle=5.794m val_p90=9.878m val_speed_mae=4.704 heading=-5.1/-0.0deg val_progress_mae=3.654m val_heading_mae=38.4deg val_capture=96.00% val_bank=96.00% val_acq_acc=100.00% score=6.719 best=6.304 patience=4/10
temporal epoch=039/80 loss=10.21499 center_teacher=1.000 acq_teacher=1.000 capture=100.00% bank_capture=100.00% acq_acc=100.00% acq_conf=0.648 radius=0.0m pred_step=8.463 target_step=5.556 pred_v=8.060 target_v=5.556 val_mle=7.638m val_p90=11.281m val_speed_mae=2.871 heading=-6.2/-0.0deg val_progress_mae=4.888m val_heading_mae=38.4deg val_capture=96.00% val_bank=96.00% val_acq_acc=100.00% score=8.442 best=6.304 patience=5/10
temporal epoch=040/80 loss=8.51400 center_teacher=1.000 acq_teacher=1.000 capture=100.00% bank_capture=100.00% acq_acc=100.00% acq_conf=0.650 radius=0.0m pred_step=4.470 target_step=5.556 pred_v=4.537 target_v=5.556 val_mle=11.499m val_p90=17.356m val_speed_mae=4.992 heading=-4.7/-0.0deg val_progress_mae=4.476m val_heading_mae=37.9deg val_capture=96.00% val_bank=96.00% val_acq_acc=100.00% score=12.492 best=6.304 patience=6/10
temporal epoch=041/80 loss=9.25113 center_teacher=1.000 acq_teacher=1.000 capture=100.00% bank_capture=100.00% acq_acc=100.00% acq_conf=0.654 radius=0.0m pred_step=2.112 target_step=5.556 pred_v=2.375 target_v=5.556 val_mle=10.953m val_p90=17.017m val_speed_mae=2.878 heading=-3.1/-0.0deg val_progress_mae=3.173m val_heading_mae=37.8deg val_capture=96.00% val_bank=96.00% val_acq_acc=100.00% score=11.669 best=6.304 patience=7/10
temporal epoch=042/80 loss=8.29007 center_teacher=1.000 acq_teacher=1.000 capture=100.00% bank_capture=100.00% acq_acc=100.00% acq_conf=0.646 radius=0.0m pred_step=6.088 target_step=5.556 pred_v=5.836 target_v=5.556 val_mle=9.175m val_p90=13.227m val_speed_mae=3.560 heading=-2.7/-0.0deg val_progress_mae=3.800m val_heading_mae=37.9deg val_capture=96.00% val_bank=96.00% val_acq_acc=100.00% score=9.990 best=6.304 patience=8/10
temporal epoch=043/80 loss=8.46460 center_teacher=1.000 acq_teacher=1.000 capture=100.00% bank_capture=100.00% acq_acc=100.00% acq_conf=0.651 radius=0.0m pred_step=7.690 target_step=5.556 pred_v=7.313 target_v=5.556 val_mle=7.246m val_p90=11.235m val_speed_mae=2.815 heading=-3.3/-0.0deg val_progress_mae=5.412m val_heading_mae=37.7deg val_capture=96.00% val_bank=96.00% val_acq_acc=100.00% score=8.067 best=6.304 patience=9/10
temporal epoch=044/80 loss=8.38692 center_teacher=1.000 acq_teacher=1.000 capture=100.00% bank_capture=100.00% acq_acc=100.00% acq_conf=0.656 radius=0.0m pred_step=3.782 target_step=5.556 pred_v=3.952 target_v=5.556 val_mle=9.494m val_p90=13.465m val_speed_mae=3.572 heading=-2.6/-0.0deg val_progress_mae=4.327m val_heading_mae=37.7deg val_capture=96.00% val_bank=96.00% val_acq_acc=100.00% score=10.336 best=6.304 patience=10/10
EARLY STOP: controlled local-prior validation score did not improve by 0.005 for 10 epochs.
