[PREPARED] PASS | city=cityd | step=4 m | selection=soft_sequence_v13_multicity_auto_train_fullroute | existing GT/routes unchanged
[CADENCE] source=experiment_route_stats_train_01 | mean=5.465267 m | p90=10.039383 m | p95=12.083230 m
[OK] clean v39 runtime: Forward-18 SoftMS -> GRU -> Kalman -> one final MeanShift
[OK] weighted-centroid decoder removed from generated runtime source
[PATCH OK] temporal GRU = mean + delta + delta2 + SAT + SoftMS position + visual displacement + previous state
[PATCH OK] motion head = bounded residual around previous stable motion
[PATCH OK] training/validation/inference motion states all start from current-city cadence
[PATCH OK] acceleration supervision and measurement-trusting Kalman knobs enabled
[PATCH OK] no split/dual/inference gate; no prediction-position innovation
[V39-BEARING] final-MS route-centerline reference patch: PASS
[ARCH-AUDIT] forward_18: PASS
[ARCH-AUDIT] base_geometry_6x6: PASS
[ARCH-AUDIT] front_softms_source: PASS
[ARCH-AUDIT] one_final_ms_source: PASS
[ARCH-AUDIT] front_decoder_softms: PASS
[ARCH-AUDIT] simple_seven_block_gru: PASS
[ARCH-AUDIT] residual_motion_head: PASS
[ARCH-AUDIT] causal_visual_displacement: PASS
[ARCH-AUDIT] cadence_initialized_tracker: PASS
[ARCH-AUDIT] motion_training_inference_aligned: PASS
[ARCH-AUDIT] training_city_motion_scale_init: PASS
[ARCH-AUDIT] forward_origin_backshift_covers_jitter: PASS
[ARCH-AUDIT] protocol: PASS
[ARCH-AUDIT] controlled_gt_reference_enabled: PASS
[ARCH-AUDIT] frame_count: PASS
[ARCH-AUDIT] gru_flag: PASS
[ARCH-AUDIT] kalman_flag: PASS
satellite backbone cache: 256/47961
satellite backbone cache: 5376/47961
satellite backbone cache: 10496/47961
satellite backbone cache: 15616/47961
satellite backbone cache: 20736/47961
satellite backbone cache: 25856/47961
satellite backbone cache: 30976/47961
satellite backbone cache: 36096/47961
satellite backbone cache: 41216/47961
satellite backbone cache: 46336/47961
satellite backbone cache: 47961/47961
satellite gallery size=47961
Route A backbone cache: 198/198
Route A visual candidate capture=100.00%
visual epoch=001/30 loss=4.90379 val_softms_mle=10.292m val_p90=15.219m val_lsr10=61.54%
visual epoch=002/30 loss=4.56952 val_softms_mle=6.217m val_p90=10.827m val_lsr10=84.62%
visual epoch=003/30 loss=4.26816 val_softms_mle=6.592m val_p90=11.621m val_lsr10=84.62%
visual epoch=004/30 loss=3.96179 val_softms_mle=6.622m val_p90=11.207m val_lsr10=76.92%
visual epoch=005/30 loss=3.87542 val_softms_mle=8.494m val_p90=13.381m val_lsr10=76.92%
visual epoch=006/30 loss=3.65055 val_softms_mle=7.454m val_p90=11.424m val_lsr10=80.77%
visual epoch=007/30 loss=3.60734 val_softms_mle=7.045m val_p90=11.503m val_lsr10=73.08%
visual epoch=008/30 loss=3.58773 val_softms_mle=7.543m val_p90=12.510m val_lsr10=69.23%
visual epoch=009/30 loss=3.38981 val_softms_mle=8.288m val_p90=12.608m val_lsr10=65.38%
visual epoch=010/30 loss=3.30593 val_softms_mle=8.819m val_p90=12.811m val_lsr10=57.69%
visual early stopping: Route A validation stopped improving
best Route A visual validation SoftMS MLE=6.217m
route_A backbone cache: 198/198
temporal split train=[0,136) val=[140,166) route_length=789.4m
City training-sequence mean forward step=5.530m/frame p90=10.147m/frame
temporal epoch=001/80 loss=13.38871 center_teacher=1.000 acq_teacher=1.000 capture=100.00% bank_capture=100.00% acq_acc=100.00% acq_conf=0.642 radius=0.0m pred_step=5.254 target_step=5.530 pred_v=5.280 target_v=5.530 val_mle=10.034m val_p90=11.430m val_speed_mae=2.917 heading=-0.0/0.7deg val_progress_mae=8.769m val_heading_mae=30.5deg val_capture=96.15% val_bank=96.15% val_acq_acc=100.00% score=10.994 best=10.994 patience=0/10
temporal epoch=002/80 loss=13.27153 center_teacher=1.000 acq_teacher=1.000 capture=100.00% bank_capture=100.00% acq_acc=100.00% acq_conf=0.643 radius=0.0m pred_step=4.612 target_step=5.530 pred_v=4.718 target_v=5.530 val_mle=10.289m val_p90=11.802m val_speed_mae=2.912 heading=-0.2/0.7deg val_progress_mae=8.379m val_heading_mae=30.5deg val_capture=96.15% val_bank=96.15% val_acq_acc=100.00% score=11.229 best=10.994 patience=1/10
temporal epoch=003/80 loss=13.00818 center_teacher=1.000 acq_teacher=1.000 capture=100.00% bank_capture=100.00% acq_acc=100.00% acq_conf=0.642 radius=0.0m pred_step=4.941 target_step=5.530 pred_v=5.008 target_v=5.530 val_mle=9.604m val_p90=10.893m val_speed_mae=2.915 heading=-0.3/0.7deg val_progress_mae=8.044m val_heading_mae=30.5deg val_capture=96.15% val_bank=96.15% val_acq_acc=100.00% score=10.527 best=10.527 patience=0/10
temporal epoch=004/80 loss=12.77621 center_teacher=1.000 acq_teacher=1.000 capture=100.00% bank_capture=100.00% acq_acc=100.00% acq_conf=0.643 radius=0.0m pred_step=5.508 target_step=5.530 pred_v=5.505 target_v=5.530 val_mle=8.993m val_p90=10.510m val_speed_mae=2.914 heading=-0.2/0.7deg val_progress_mae=7.800m val_heading_mae=30.5deg val_capture=96.15% val_bank=96.15% val_acq_acc=100.00% score=9.904 best=9.904 patience=0/10
temporal epoch=005/80 loss=12.51771 center_teacher=1.000 acq_teacher=1.000 capture=100.00% bank_capture=100.00% acq_acc=100.00% acq_conf=0.642 radius=0.0m pred_step=5.223 target_step=5.530 pred_v=5.260 target_v=5.530 val_mle=8.646m val_p90=10.210m val_speed_mae=2.911 heading=-0.0/0.7deg val_progress_mae=7.527m val_heading_mae=30.5deg val_capture=96.15% val_bank=96.15% val_acq_acc=100.00% score=9.542 best=9.542 patience=0/10
temporal epoch=006/80 loss=12.33215 center_teacher=1.000 acq_teacher=1.000 capture=100.00% bank_capture=100.00% acq_acc=100.00% acq_conf=0.642 radius=0.0m pred_step=4.778 target_step=5.530 pred_v=4.875 target_v=5.530 val_mle=8.345m val_p90=10.000m val_speed_mae=2.914 heading=0.0/0.7deg val_progress_mae=7.152m val_heading_mae=30.5deg val_capture=96.15% val_bank=96.15% val_acq_acc=100.00% score=9.223 best=9.223 patience=0/10
temporal epoch=007/80 loss=12.18615 center_teacher=1.000 acq_teacher=1.000 capture=100.00% bank_capture=100.00% acq_acc=100.00% acq_conf=0.642 radius=0.0m pred_step=4.736 target_step=5.530 pred_v=4.839 target_v=5.530 val_mle=8.054m val_p90=9.703m val_speed_mae=2.912 heading=0.0/0.7deg val_progress_mae=6.755m val_heading_mae=30.5deg val_capture=96.15% val_bank=96.15% val_acq_acc=100.00% score=8.913 best=8.913 patience=0/10
temporal epoch=008/80 loss=12.05661 center_teacher=1.000 acq_teacher=1.000 capture=100.00% bank_capture=100.00% acq_acc=100.00% acq_conf=0.642 radius=0.0m pred_step=5.149 target_step=5.530 pred_v=5.200 target_v=5.530 val_mle=7.888m val_p90=9.544m val_speed_mae=2.914 heading=0.0/0.7deg val_progress_mae=6.443m val_heading_mae=30.5deg val_capture=96.15% val_bank=96.15% val_acq_acc=100.00% score=8.731 best=8.731 patience=0/10
temporal epoch=009/80 loss=12.00655 center_teacher=1.000 acq_teacher=1.000 capture=100.00% bank_capture=100.00% acq_acc=100.00% acq_conf=0.642 radius=0.0m pred_step=5.454 target_step=5.530 pred_v=5.466 target_v=5.530 val_mle=7.929m val_p90=9.874m val_speed_mae=2.914 heading=-0.0/0.7deg val_progress_mae=6.192m val_heading_mae=30.5deg val_capture=96.15% val_bank=96.15% val_acq_acc=100.00% score=8.760 best=8.731 patience=1/10
temporal epoch=010/80 loss=11.92972 center_teacher=1.000 acq_teacher=1.000 capture=100.00% bank_capture=100.00% acq_acc=100.00% acq_conf=0.642 radius=0.0m pred_step=5.349 target_step=5.530 pred_v=5.372 target_v=5.530 val_mle=8.246m val_p90=10.687m val_speed_mae=2.912 heading=-0.1/0.7deg val_progress_mae=5.997m val_heading_mae=30.5deg val_capture=96.15% val_bank=96.15% val_acq_acc=100.00% score=9.066 best=8.731 patience=2/10
temporal epoch=011/80 loss=11.87375 center_teacher=1.000 acq_teacher=1.000 capture=100.00% bank_capture=100.00% acq_acc=100.00% acq_conf=0.642 radius=0.0m pred_step=4.942 target_step=5.530 pred_v=5.015 target_v=5.530 val_mle=8.058m val_p90=10.277m val_speed_mae=2.910 heading=-0.1/0.7deg val_progress_mae=5.934m val_heading_mae=30.5deg val_capture=96.15% val_bank=96.15% val_acq_acc=100.00% score=8.875 best=8.731 patience=3/10
temporal epoch=012/80 loss=11.88243 center_teacher=1.000 acq_teacher=1.000 capture=100.00% bank_capture=100.00% acq_acc=100.00% acq_conf=0.642 radius=0.0m pred_step=4.742 target_step=5.530 pred_v=4.839 target_v=5.530 val_mle=7.538m val_p90=9.216m val_speed_mae=2.909 heading=-0.1/0.7deg val_progress_mae=5.917m val_heading_mae=30.5deg val_capture=96.15% val_bank=96.15% val_acq_acc=100.00% score=8.355 best=8.355 patience=0/10
temporal epoch=013/80 loss=11.81092 center_teacher=1.000 acq_teacher=1.000 capture=100.00% bank_capture=100.00% acq_acc=100.00% acq_conf=0.642 radius=0.0m pred_step=4.857 target_step=5.530 pred_v=4.936 target_v=5.530 val_mle=7.271m val_p90=9.180m val_speed_mae=2.909 heading=-0.1/0.7deg val_progress_mae=5.932m val_heading_mae=30.5deg val_capture=96.15% val_bank=96.15% val_acq_acc=100.00% score=8.088 best=8.088 patience=0/10
temporal epoch=014/80 loss=11.81929 center_teacher=1.000 acq_teacher=1.000 capture=100.00% bank_capture=100.00% acq_acc=100.00% acq_conf=0.642 radius=0.0m pred_step=5.222 target_step=5.530 pred_v=5.252 target_v=5.530 val_mle=7.212m val_p90=9.141m val_speed_mae=2.909 heading=-0.1/0.7deg val_progress_mae=5.892m val_heading_mae=30.5deg val_capture=96.15% val_bank=96.15% val_acq_acc=100.00% score=8.027 best=8.027 patience=0/10
temporal epoch=015/80 loss=11.76408 center_teacher=1.000 acq_teacher=1.000 capture=100.00% bank_capture=100.00% acq_acc=100.00% acq_conf=0.642 radius=0.0m pred_step=5.304 target_step=5.530 pred_v=5.322 target_v=5.530 val_mle=7.397m val_p90=9.208m val_speed_mae=2.907 heading=-0.1/0.7deg val_progress_mae=5.708m val_heading_mae=30.5deg val_capture=96.15% val_bank=96.15% val_acq_acc=100.00% score=8.203 best=8.027 patience=1/10
temporal epoch=016/80 loss=11.73712 center_teacher=1.000 acq_teacher=1.000 capture=100.00% bank_capture=100.00% acq_acc=100.00% acq_conf=0.642 radius=0.0m pred_step=4.909 target_step=5.530 pred_v=4.977 target_v=5.530 val_mle=7.897m val_p90=10.396m val_speed_mae=2.907 heading=-0.3/0.7deg val_progress_mae=5.641m val_heading_mae=30.5deg val_capture=96.15% val_bank=96.15% val_acq_acc=100.00% score=8.699 best=8.027 patience=2/10
temporal epoch=017/80 loss=11.68455 center_teacher=1.000 acq_teacher=1.000 capture=100.00% bank_capture=100.00% acq_acc=100.00% acq_conf=0.646 radius=0.0m pred_step=4.708 target_step=5.530 pred_v=4.800 target_v=5.530 val_mle=7.218m val_p90=8.877m val_speed_mae=2.904 heading=-0.3/0.7deg val_progress_mae=5.730m val_heading_mae=30.5deg val_capture=96.15% val_bank=96.15% val_acq_acc=100.00% score=8.024 best=8.027 patience=3/10
temporal epoch=018/80 loss=11.73608 center_teacher=1.000 acq_teacher=1.000 capture=100.00% bank_capture=100.00% acq_acc=100.00% acq_conf=0.647 radius=0.0m pred_step=5.576 target_step=5.530 pred_v=5.554 target_v=5.530 val_mle=7.177m val_p90=9.015m val_speed_mae=2.896 heading=-0.2/0.7deg val_progress_mae=5.752m val_heading_mae=30.5deg val_capture=96.15% val_bank=96.15% val_acq_acc=100.00% score=7.983 best=7.983 patience=0/10
temporal epoch=019/80 loss=11.62188 center_teacher=1.000 acq_teacher=1.000 capture=100.00% bank_capture=100.00% acq_acc=100.00% acq_conf=0.647 radius=0.0m pred_step=4.717 target_step=5.530 pred_v=4.804 target_v=5.530 val_mle=7.170m val_p90=9.044m val_speed_mae=2.890 heading=-0.2/0.7deg val_progress_mae=5.754m val_heading_mae=30.5deg val_capture=96.15% val_bank=96.15% val_acq_acc=100.00% score=7.976 best=7.976 patience=0/10
temporal epoch=020/80 loss=11.67453 center_teacher=1.000 acq_teacher=1.000 capture=100.00% bank_capture=100.00% acq_acc=100.00% acq_conf=0.648 radius=0.0m pred_step=5.185 target_step=5.530 pred_v=5.210 target_v=5.530 val_mle=7.107m val_p90=9.089m val_speed_mae=2.970 heading=-0.3/0.7deg val_progress_mae=5.781m val_heading_mae=30.5deg val_capture=96.15% val_bank=96.15% val_acq_acc=100.00% score=7.923 best=7.923 patience=0/10
temporal epoch=021/80 loss=11.72059 center_teacher=1.000 acq_teacher=1.000 capture=100.00% bank_capture=100.00% acq_acc=100.00% acq_conf=0.648 radius=0.0m pred_step=5.473 target_step=5.530 pred_v=5.461 target_v=5.530 val_mle=7.935m val_p90=10.558m val_speed_mae=2.933 heading=-0.3/0.7deg val_progress_mae=5.607m val_heading_mae=30.5deg val_capture=96.15% val_bank=96.15% val_acq_acc=100.00% score=8.738 best=7.923 patience=1/10
temporal epoch=022/80 loss=11.77074 center_teacher=1.000 acq_teacher=1.000 capture=100.00% bank_capture=100.00% acq_acc=100.00% acq_conf=0.648 radius=0.0m pred_step=4.106 target_step=5.530 pred_v=4.271 target_v=5.530 val_mle=6.728m val_p90=8.682m val_speed_mae=6.182 heading=-0.3/0.7deg val_progress_mae=5.653m val_heading_mae=30.5deg val_capture=96.15% val_bank=96.15% val_acq_acc=100.00% score=7.858 best=7.858 patience=0/10
temporal epoch=023/80 loss=14.02193 center_teacher=1.000 acq_teacher=1.000 capture=100.00% bank_capture=100.00% acq_acc=100.00% acq_conf=0.648 radius=0.0m pred_step=8.400 target_step=5.530 pred_v=8.007 target_v=5.530 val_mle=11.210m val_p90=15.570m val_speed_mae=4.918 heading=-0.3/0.7deg val_progress_mae=5.437m val_heading_mae=30.7deg val_capture=96.15% val_bank=96.15% val_acq_acc=100.00% score=12.204 best=7.858 patience=1/10
temporal epoch=024/80 loss=13.42259 center_teacher=1.000 acq_teacher=1.000 capture=100.00% bank_capture=100.00% acq_acc=100.00% acq_conf=0.647 radius=0.0m pred_step=1.697 target_step=5.530 pred_v=2.188 target_v=5.530 val_mle=7.609m val_p90=9.636m val_speed_mae=2.894 heading=-1.0/0.7deg val_progress_mae=5.656m val_heading_mae=30.6deg val_capture=96.15% val_bank=96.15% val_acq_acc=100.00% score=8.411 best=7.858 patience=2/10
temporal epoch=025/80 loss=14.85521 center_teacher=1.000 acq_teacher=1.000 capture=100.00% bank_capture=100.00% acq_acc=100.00% acq_conf=0.647 radius=0.0m pred_step=8.443 target_step=5.530 pred_v=8.133 target_v=5.530 val_mle=6.777m val_p90=8.704m val_speed_mae=8.426 heading=-1.1/0.7deg val_progress_mae=5.766m val_heading_mae=30.6deg val_capture=96.15% val_bank=96.15% val_acq_acc=100.00% score=8.137 best=7.858 patience=3/10
temporal epoch=026/80 loss=15.45888 center_teacher=1.000 acq_teacher=1.000 capture=100.00% bank_capture=100.00% acq_acc=100.00% acq_conf=0.646 radius=0.0m pred_step=10.504 target_step=5.530 pred_v=9.965 target_v=5.530 val_mle=11.439m val_p90=15.599m val_speed_mae=4.318 heading=-1.9/0.7deg val_progress_mae=5.619m val_heading_mae=30.8deg val_capture=96.15% val_bank=96.15% val_acq_acc=100.00% score=12.383 best=7.858 patience=4/10
temporal epoch=027/80 loss=12.37003 center_teacher=1.000 acq_teacher=1.000 capture=100.00% bank_capture=100.00% acq_acc=100.00% acq_conf=0.640 radius=0.0m pred_step=2.659 target_step=5.530 pred_v=3.047 target_v=5.530 val_mle=10.938m val_p90=15.642m val_speed_mae=4.245 heading=-3.3/0.7deg val_progress_mae=5.580m val_heading_mae=30.9deg val_capture=100.00% val_bank=100.00% val_acq_acc=100.00% score=11.796 best=7.858 patience=5/10
temporal epoch=028/80 loss=11.70147 center_teacher=1.000 acq_teacher=1.000 capture=100.00% bank_capture=100.00% acq_acc=100.00% acq_conf=0.636 radius=0.0m pred_step=5.214 target_step=5.530 pred_v=5.229 target_v=5.530 val_mle=6.659m val_p90=8.517m val_speed_mae=4.113 heading=-3.6/0.7deg val_progress_mae=5.624m val_heading_mae=30.7deg val_capture=100.00% val_bank=100.00% val_acq_acc=100.00% score=7.505 best=7.505 patience=0/10
temporal epoch=029/80 loss=13.40628 center_teacher=1.000 acq_teacher=1.000 capture=100.00% bank_capture=100.00% acq_acc=100.00% acq_conf=0.641 radius=0.0m pred_step=9.050 target_step=5.530 pred_v=8.501 target_v=5.530 val_mle=7.982m val_p90=10.814m val_speed_mae=4.741 heading=-3.5/0.7deg val_progress_mae=5.533m val_heading_mae=30.9deg val_capture=100.00% val_bank=100.00% val_acq_acc=100.00% score=8.887 best=7.505 patience=1/10
temporal epoch=030/80 loss=12.50730 center_teacher=1.000 acq_teacher=1.000 capture=100.00% bank_capture=100.00% acq_acc=100.00% acq_conf=0.637 radius=0.0m pred_step=1.972 target_step=5.530 pred_v=2.340 target_v=5.530 val_mle=8.500m val_p90=11.629m val_speed_mae=4.304 heading=-4.6/0.7deg val_progress_mae=5.677m val_heading_mae=31.1deg val_capture=100.00% val_bank=100.00% val_acq_acc=100.00% score=9.370 best=7.505 patience=2/10
temporal epoch=031/80 loss=11.47709 center_teacher=1.000 acq_teacher=1.000 capture=100.00% bank_capture=100.00% acq_acc=100.00% acq_conf=0.636 radius=0.0m pred_step=5.279 target_step=5.530 pred_v=5.283 target_v=5.530 val_mle=8.305m val_p90=11.635m val_speed_mae=3.537 heading=-5.1/0.7deg val_progress_mae=5.393m val_heading_mae=31.3deg val_capture=100.00% val_bank=100.00% val_acq_acc=100.00% score=9.085 best=7.505 patience=3/10
temporal epoch=032/80 loss=11.61667 center_teacher=1.000 acq_teacher=1.000 capture=100.00% bank_capture=100.00% acq_acc=100.00% acq_conf=0.635 radius=0.0m pred_step=5.471 target_step=5.530 pred_v=5.451 target_v=5.530 val_mle=9.139m val_p90=13.214m val_speed_mae=4.317 heading=-5.4/0.7deg val_progress_mae=5.119m val_heading_mae=31.2deg val_capture=100.00% val_bank=100.00% val_acq_acc=100.00% score=9.983 best=7.505 patience=4/10
temporal epoch=033/80 loss=11.44549 center_teacher=1.000 acq_teacher=1.000 capture=100.00% bank_capture=100.00% acq_acc=100.00% acq_conf=0.636 radius=0.0m pred_step=4.382 target_step=5.530 pred_v=4.502 target_v=5.530 val_mle=6.912m val_p90=9.179m val_speed_mae=4.281 heading=-4.7/0.7deg val_progress_mae=5.043m val_heading_mae=31.2deg val_capture=100.00% val_bank=100.00% val_acq_acc=100.00% score=7.748 best=7.505 patience=5/10
temporal epoch=034/80 loss=11.13378 center_teacher=1.000 acq_teacher=1.000 capture=100.00% bank_capture=100.00% acq_acc=100.00% acq_conf=0.642 radius=0.0m pred_step=5.338 target_step=5.530 pred_v=5.315 target_v=5.530 val_mle=7.439m val_p90=10.782m val_speed_mae=3.851 heading=-3.7/0.7deg val_progress_mae=4.671m val_heading_mae=31.0deg val_capture=100.00% val_bank=100.00% val_acq_acc=100.00% score=8.213 best=7.505 patience=6/10
temporal epoch=035/80 loss=10.73155 center_teacher=1.000 acq_teacher=1.000 capture=100.00% bank_capture=100.00% acq_acc=100.00% acq_conf=0.641 radius=0.0m pred_step=4.969 target_step=5.530 pred_v=5.011 target_v=5.530 val_mle=8.641m val_p90=13.303m val_speed_mae=3.188 heading=-3.1/0.7deg val_progress_mae=4.404m val_heading_mae=31.1deg val_capture=100.00% val_bank=100.00% val_acq_acc=100.00% score=9.335 best=7.505 patience=7/10
temporal epoch=036/80 loss=10.51078 center_teacher=1.000 acq_teacher=1.000 capture=100.00% bank_capture=100.00% acq_acc=100.00% acq_conf=0.642 radius=0.0m pred_step=5.499 target_step=5.530 pred_v=5.475 target_v=5.530 val_mle=10.233m val_p90=14.972m val_speed_mae=3.227 heading=-2.4/0.7deg val_progress_mae=4.167m val_heading_mae=31.1deg val_capture=100.00% val_bank=100.00% val_acq_acc=100.00% score=10.920 best=7.505 patience=8/10
temporal epoch=037/80 loss=9.98982 center_teacher=1.000 acq_teacher=1.000 capture=100.00% bank_capture=100.00% acq_acc=100.00% acq_conf=0.644 radius=0.0m pred_step=4.626 target_step=5.530 pred_v=4.718 target_v=5.530 val_mle=6.078m val_p90=8.481m val_speed_mae=2.727 heading=-1.9/0.7deg val_progress_mae=4.120m val_heading_mae=30.7deg val_capture=100.00% val_bank=100.00% val_acq_acc=100.00% score=6.711 best=6.711 patience=0/10
temporal epoch=038/80 loss=10.09289 center_teacher=1.000 acq_teacher=1.000 capture=100.00% bank_capture=100.00% acq_acc=100.00% acq_conf=0.645 radius=0.0m pred_step=5.668 target_step=5.530 pred_v=5.602 target_v=5.530 val_mle=6.104m val_p90=8.343m val_speed_mae=2.997 heading=-1.1/0.7deg val_progress_mae=4.114m val_heading_mae=30.7deg val_capture=100.00% val_bank=100.00% val_acq_acc=100.00% score=6.763 best=6.711 patience=1/10
temporal epoch=039/80 loss=10.16130 center_teacher=1.000 acq_teacher=1.000 capture=100.00% bank_capture=100.00% acq_acc=100.00% acq_conf=0.649 radius=0.0m pred_step=3.901 target_step=5.530 pred_v=4.051 target_v=5.530 val_mle=7.680m val_p90=12.289m val_speed_mae=3.086 heading=-1.0/0.7deg val_progress_mae=3.555m val_heading_mae=30.8deg val_capture=100.00% val_bank=100.00% val_acq_acc=100.00% score=8.320 best=6.711 patience=2/10
temporal epoch=040/80 loss=10.59808 center_teacher=1.000 acq_teacher=1.000 capture=100.00% bank_capture=100.00% acq_acc=100.00% acq_conf=0.646 radius=0.0m pred_step=7.599 target_step=5.530 pred_v=7.272 target_v=5.530 val_mle=7.049m val_p90=11.231m val_speed_mae=2.702 heading=-1.6/0.7deg val_progress_mae=3.896m val_heading_mae=30.8deg val_capture=100.00% val_bank=100.00% val_acq_acc=100.00% score=7.668 best=6.711 patience=3/10
temporal epoch=041/80 loss=10.10494 center_teacher=1.000 acq_teacher=1.000 capture=100.00% bank_capture=100.00% acq_acc=100.00% acq_conf=0.649 radius=0.0m pred_step=5.476 target_step=5.530 pred_v=5.428 target_v=5.530 val_mle=9.614m val_p90=14.772m val_speed_mae=3.078 heading=-0.9/0.7deg val_progress_mae=3.274m val_heading_mae=30.9deg val_capture=100.00% val_bank=100.00% val_acq_acc=100.00% score=10.240 best=6.711 patience=4/10
temporal epoch=042/80 loss=10.61458 center_teacher=1.000 acq_teacher=1.000 capture=100.00% bank_capture=100.00% acq_acc=100.00% acq_conf=0.649 radius=0.0m pred_step=3.313 target_step=5.530 pred_v=3.564 target_v=5.530 val_mle=5.039m val_p90=7.180m val_speed_mae=2.607 heading=-1.6/0.7deg val_progress_mae=3.399m val_heading_mae=30.5deg val_capture=100.00% val_bank=100.00% val_acq_acc=100.00% score=5.623 best=5.623 patience=0/10
temporal epoch=043/80 loss=9.93432 center_teacher=1.000 acq_teacher=1.000 capture=100.00% bank_capture=100.00% acq_acc=100.00% acq_conf=0.649 radius=0.0m pred_step=5.306 target_step=5.530 pred_v=5.280 target_v=5.530 val_mle=5.444m val_p90=7.592m val_speed_mae=2.544 heading=-0.6/0.7deg val_progress_mae=4.086m val_heading_mae=30.7deg val_capture=100.00% val_bank=100.00% val_acq_acc=100.00% score=6.056 best=5.623 patience=1/10
temporal epoch=044/80 loss=10.33538 center_teacher=1.000 acq_teacher=1.000 capture=100.00% bank_capture=100.00% acq_acc=100.00% acq_conf=0.649 radius=0.0m pred_step=6.263 target_step=5.530 pred_v=6.101 target_v=5.530 val_mle=9.934m val_p90=14.870m val_speed_mae=2.656 heading=-0.3/0.7deg val_progress_mae=3.397m val_heading_mae=31.0deg val_capture=100.00% val_bank=100.00% val_acq_acc=100.00% score=10.525 best=5.623 patience=2/10
temporal epoch=045/80 loss=9.38268 center_teacher=1.000 acq_teacher=1.000 capture=100.00% bank_capture=100.00% acq_acc=100.00% acq_conf=0.648 radius=0.0m pred_step=4.821 target_step=5.530 pred_v=4.888 target_v=5.530 val_mle=10.473m val_p90=15.236m val_speed_mae=2.615 heading=-1.7/0.7deg val_progress_mae=3.072m val_heading_mae=30.9deg val_capture=100.00% val_bank=100.00% val_acq_acc=100.00% score=11.043 best=5.623 patience=3/10
temporal epoch=046/80 loss=9.32696 center_teacher=1.000 acq_teacher=1.000 capture=100.00% bank_capture=100.00% acq_acc=100.00% acq_conf=0.646 radius=0.0m pred_step=4.708 target_step=5.530 pred_v=4.797 target_v=5.530 val_mle=4.921m val_p90=7.123m val_speed_mae=2.502 heading=-1.8/0.7deg val_progress_mae=3.440m val_heading_mae=30.7deg val_capture=100.00% val_bank=100.00% val_acq_acc=100.00% score=5.497 best=5.497 patience=0/10
temporal epoch=047/80 loss=9.88713 center_teacher=1.000 acq_teacher=1.000 capture=100.00% bank_capture=100.00% acq_acc=100.00% acq_conf=0.649 radius=0.0m pred_step=4.983 target_step=5.530 pred_v=4.996 target_v=5.530 val_mle=5.004m val_p90=7.105m val_speed_mae=2.483 heading=-0.9/0.7deg val_progress_mae=3.328m val_heading_mae=30.8deg val_capture=100.00% val_bank=100.00% val_acq_acc=100.00% score=5.573 best=5.497 patience=1/10
temporal epoch=048/80 loss=9.13288 center_teacher=1.000 acq_teacher=1.000 capture=100.00% bank_capture=100.00% acq_acc=100.00% acq_conf=0.648 radius=0.0m pred_step=5.234 target_step=5.530 pred_v=5.220 target_v=5.530 val_mle=10.137m val_p90=14.912m val_speed_mae=2.828 heading=-1.7/0.7deg val_progress_mae=3.212m val_heading_mae=31.1deg val_capture=100.00% val_bank=100.00% val_acq_acc=100.00% score=10.735 best=5.497 patience=2/10
temporal epoch=049/80 loss=9.04637 center_teacher=1.000 acq_teacher=1.000 capture=100.00% bank_capture=100.00% acq_acc=100.00% acq_conf=0.648 radius=0.0m pred_step=5.572 target_step=5.530 pred_v=5.530 target_v=5.530 val_mle=10.310m val_p90=15.121m val_speed_mae=2.448 heading=-2.0/0.7deg val_progress_mae=3.151m val_heading_mae=31.2deg val_capture=100.00% val_bank=100.00% val_acq_acc=100.00% score=10.868 best=5.497 patience=3/10
temporal epoch=050/80 loss=8.89421 center_teacher=1.000 acq_teacher=1.000 capture=100.00% bank_capture=100.00% acq_acc=100.00% acq_conf=0.646 radius=0.0m pred_step=4.300 target_step=5.530 pred_v=4.392 target_v=5.530 val_mle=4.758m val_p90=6.335m val_speed_mae=2.301 heading=-1.7/0.7deg val_progress_mae=3.275m val_heading_mae=30.9deg val_capture=100.00% val_bank=100.00% val_acq_acc=100.00% score=5.306 best=5.306 patience=0/10
temporal epoch=051/80 loss=9.18760 center_teacher=1.000 acq_teacher=1.000 capture=100.00% bank_capture=100.00% acq_acc=100.00% acq_conf=0.648 radius=0.0m pred_step=5.598 target_step=5.530 pred_v=5.438 target_v=5.530 val_mle=7.153m val_p90=11.918m val_speed_mae=2.270 heading=-2.0/0.7deg val_progress_mae=3.153m val_heading_mae=31.0deg val_capture=100.00% val_bank=100.00% val_acq_acc=100.00% score=7.693 best=5.306 patience=1/10
temporal epoch=052/80 loss=8.71660 center_teacher=1.000 acq_teacher=1.000 capture=100.00% bank_capture=100.00% acq_acc=100.00% acq_conf=0.641 radius=0.0m pred_step=4.884 target_step=5.530 pred_v=4.838 target_v=5.530 val_mle=10.489m val_p90=15.235m val_speed_mae=2.393 heading=-2.9/0.7deg val_progress_mae=3.019m val_heading_mae=31.3deg val_capture=100.00% val_bank=100.00% val_acq_acc=100.00% score=11.036 best=5.306 patience=2/10
temporal epoch=053/80 loss=9.17593 center_teacher=1.000 acq_teacher=1.000 capture=100.00% bank_capture=100.00% acq_acc=100.00% acq_conf=0.643 radius=0.0m pred_step=5.378 target_step=5.530 pred_v=5.323 target_v=5.530 val_mle=8.118m val_p90=13.473m val_speed_mae=2.211 heading=-2.5/0.7deg val_progress_mae=3.157m val_heading_mae=31.1deg val_capture=100.00% val_bank=100.00% val_acq_acc=100.00% score=8.653 best=5.306 patience=3/10
temporal epoch=054/80 loss=8.86610 center_teacher=1.000 acq_teacher=1.000 capture=100.00% bank_capture=100.00% acq_acc=100.00% acq_conf=0.645 radius=0.0m pred_step=4.451 target_step=5.530 pred_v=4.382 target_v=5.530 val_mle=8.334m val_p90=13.368m val_speed_mae=2.421 heading=-2.1/0.7deg val_progress_mae=2.803m val_heading_mae=31.4deg val_capture=100.00% val_bank=100.00% val_acq_acc=100.00% score=8.873 best=5.306 patience=4/10
temporal epoch=055/80 loss=9.09671 center_teacher=1.000 acq_teacher=1.000 capture=100.00% bank_capture=100.00% acq_acc=100.00% acq_conf=0.645 radius=0.0m pred_step=4.927 target_step=5.530 pred_v=4.734 target_v=5.530 val_mle=6.221m val_p90=10.153m val_speed_mae=2.105 heading=-2.7/0.7deg val_progress_mae=3.266m val_heading_mae=31.0deg val_capture=100.00% val_bank=100.00% val_acq_acc=100.00% score=6.750 best=5.306 patience=5/10
temporal epoch=056/80 loss=8.40264 center_teacher=1.000 acq_teacher=1.000 capture=100.00% bank_capture=100.00% acq_acc=100.00% acq_conf=0.642 radius=0.0m pred_step=5.448 target_step=5.530 pred_v=5.265 target_v=5.530 val_mle=10.472m val_p90=15.288m val_speed_mae=2.260 heading=-3.4/0.7deg val_progress_mae=3.104m val_heading_mae=31.4deg val_capture=100.00% val_bank=100.00% val_acq_acc=100.00% score=11.011 best=5.306 patience=6/10
temporal epoch=057/80 loss=8.46754 center_teacher=1.000 acq_teacher=1.000 capture=100.00% bank_capture=100.00% acq_acc=100.00% acq_conf=0.641 radius=0.0m pred_step=5.000 target_step=5.530 pred_v=4.915 target_v=5.530 val_mle=7.982m val_p90=13.376m val_speed_mae=2.146 heading=-3.0/0.7deg val_progress_mae=3.132m val_heading_mae=31.3deg val_capture=100.00% val_bank=100.00% val_acq_acc=100.00% score=8.509 best=5.306 patience=7/10
temporal epoch=058/80 loss=8.45803 center_teacher=1.000 acq_teacher=1.000 capture=100.00% bank_capture=100.00% acq_acc=100.00% acq_conf=0.642 radius=0.0m pred_step=4.899 target_step=5.530 pred_v=4.867 target_v=5.530 val_mle=4.880m val_p90=8.136m val_speed_mae=2.168 heading=-2.4/0.7deg val_progress_mae=2.825m val_heading_mae=31.6deg val_capture=100.00% val_bank=100.00% val_acq_acc=100.00% score=5.397 best=5.306 patience=8/10
temporal epoch=059/80 loss=8.44749 center_teacher=1.000 acq_teacher=1.000 capture=100.00% bank_capture=100.00% acq_acc=100.00% acq_conf=0.645 radius=0.0m pred_step=4.865 target_step=5.530 pred_v=4.801 target_v=5.530 val_mle=10.112m val_p90=14.920m val_speed_mae=2.301 heading=-3.1/0.7deg val_progress_mae=3.479m val_heading_mae=31.7deg val_capture=96.15% val_bank=96.15% val_acq_acc=100.00% score=10.751 best=5.306 patience=9/10
temporal epoch=060/80 loss=8.78444 center_teacher=1.000 acq_teacher=1.000 capture=100.00% bank_capture=100.00% acq_acc=100.00% acq_conf=0.642 radius=0.0m pred_step=5.845 target_step=5.530 pred_v=5.840 target_v=5.530 val_mle=10.540m val_p90=15.321m val_speed_mae=2.193 heading=-2.6/0.7deg val_progress_mae=3.371m val_heading_mae=31.8deg val_capture=96.15% val_bank=96.15% val_acq_acc=100.00% score=11.164 best=5.306 patience=10/10
EARLY STOP: controlled local-prior validation score did not improve by 0.005 for 10 epochs.
