[PREPARED] PASS | city=cityb | step=4 m | selection=soft_sequence_v13_multicity_auto_train_fullroute | existing GT/routes unchanged
[CADENCE] source=experiment_route_stats_train_01 | mean=5.769227 m | p90=10.316216 m | p95=11.515852 m
[OK] clean v39 runtime: Forward-18 SoftMS -> GRU -> Kalman -> one final MeanShift
[OK] weighted-centroid decoder removed from generated runtime source
[PATCH OK] temporal GRU = mean + delta + delta2 + SAT + SoftMS position + visual displacement + previous state
[PATCH OK] motion head = bounded residual around previous stable motion
[PATCH OK] training/validation/inference motion states all start from current-city cadence
[PATCH OK] acceleration supervision and measurement-trusting Kalman knobs enabled
[PATCH OK] no split/dual/inference gate; no prediction-position innovation
[V39-BEARING] final-MS route-centerline reference patch: PASS
[ARCH-AUDIT] forward_18: PASS
[ARCH-AUDIT] base_geometry_6x6: PASS
[ARCH-AUDIT] front_softms_source: PASS
[ARCH-AUDIT] one_final_ms_source: PASS
[ARCH-AUDIT] front_decoder_softms: PASS
[ARCH-AUDIT] simple_seven_block_gru: PASS
[ARCH-AUDIT] residual_motion_head: PASS
[ARCH-AUDIT] causal_visual_displacement: PASS
[ARCH-AUDIT] cadence_initialized_tracker: PASS
[ARCH-AUDIT] motion_training_inference_aligned: PASS
[ARCH-AUDIT] training_city_motion_scale_init: PASS
[ARCH-AUDIT] forward_origin_backshift_covers_jitter: PASS
[ARCH-AUDIT] protocol: PASS
[ARCH-AUDIT] controlled_gt_reference_enabled: PASS
[ARCH-AUDIT] frame_count: PASS
[ARCH-AUDIT] gru_flag: PASS
[ARCH-AUDIT] kalman_flag: PASS
[TRAIN] reuse visual checkpoint /yh/study/uav-sat/v39_otherdata/iclr_bearing_4city_residual_20260920_065525/cityb/train_frames3/checkpoints/visual_retrieval_A_only.pt
route_A: reuse UAV backbone cache
temporal split train=[0,135) val=[139,165) route_length=789.4m
City training-sequence mean forward step=5.743m/frame p90=10.578m/frame
temporal epoch=001/80 loss=11.58025 center_teacher=1.000 acq_teacher=1.000 capture=100.00% bank_capture=100.00% acq_acc=100.00% acq_conf=0.626 radius=0.0m pred_step=5.560 target_step=5.743 pred_v=5.585 target_v=5.743 val_mle=10.474m val_p90=12.037m val_speed_mae=2.749 heading=0.0/-1.5deg val_progress_mae=9.334m val_heading_mae=31.0deg val_capture=96.15% val_bank=96.15% val_acq_acc=100.00% score=11.448 best=11.448 patience=0/10
temporal epoch=002/80 loss=11.48854 center_teacher=1.000 acq_teacher=1.000 capture=100.00% bank_capture=100.00% acq_acc=100.00% acq_conf=0.625 radius=0.0m pred_step=4.696 target_step=5.743 pred_v=4.825 target_v=5.743 val_mle=11.011m val_p90=12.888m val_speed_mae=2.639 heading=-0.2/-1.5deg val_progress_mae=9.270m val_heading_mae=31.0deg val_capture=96.15% val_bank=96.15% val_acq_acc=100.00% score=11.970 best=11.448 patience=1/10
temporal epoch=003/80 loss=11.14611 center_teacher=1.000 acq_teacher=1.000 capture=100.00% bank_capture=100.00% acq_acc=100.00% acq_conf=0.628 radius=0.0m pred_step=5.085 target_step=5.743 pred_v=5.164 target_v=5.743 val_mle=11.007m val_p90=13.200m val_speed_mae=2.572 heading=-0.5/-1.5deg val_progress_mae=8.803m val_heading_mae=31.0deg val_capture=96.15% val_bank=96.15% val_acq_acc=100.00% score=11.936 best=11.448 patience=2/10
temporal epoch=004/80 loss=11.00407 center_teacher=1.000 acq_teacher=1.000 capture=100.00% bank_capture=100.00% acq_acc=100.00% acq_conf=0.626 radius=0.0m pred_step=5.814 target_step=5.743 pred_v=5.800 target_v=5.743 val_mle=10.376m val_p90=12.361m val_speed_mae=2.617 heading=-0.6/-1.5deg val_progress_mae=8.561m val_heading_mae=31.0deg val_capture=96.15% val_bank=96.15% val_acq_acc=100.00% score=11.298 best=11.298 patience=0/10
temporal epoch=005/80 loss=10.78290 center_teacher=1.000 acq_teacher=1.000 capture=100.00% bank_capture=100.00% acq_acc=100.00% acq_conf=0.628 radius=0.0m pred_step=5.819 target_step=5.743 pred_v=5.803 target_v=5.743 val_mle=9.835m val_p90=11.606m val_speed_mae=2.528 heading=-0.4/-1.5deg val_progress_mae=8.294m val_heading_mae=31.0deg val_capture=96.15% val_bank=96.15% val_acq_acc=100.00% score=10.734 best=10.734 patience=0/10
temporal epoch=006/80 loss=10.59828 center_teacher=1.000 acq_teacher=1.000 capture=100.00% bank_capture=100.00% acq_acc=100.00% acq_conf=0.625 radius=0.0m pred_step=5.236 target_step=5.743 pred_v=5.293 target_v=5.743 val_mle=9.257m val_p90=10.975m val_speed_mae=2.758 heading=-0.3/-1.5deg val_progress_mae=7.929m val_heading_mae=31.0deg val_capture=96.15% val_bank=96.15% val_acq_acc=100.00% score=10.161 best=10.161 patience=0/10
temporal epoch=007/80 loss=10.57883 center_teacher=1.000 acq_teacher=1.000 capture=100.00% bank_capture=100.00% acq_acc=100.00% acq_conf=0.625 radius=0.0m pred_step=4.747 target_step=5.743 pred_v=4.867 target_v=5.743 val_mle=8.994m val_p90=10.501m val_speed_mae=2.694 heading=-0.1/-1.5deg val_progress_mae=7.600m val_heading_mae=31.0deg val_capture=96.15% val_bank=96.15% val_acq_acc=100.00% score=9.875 best=9.875 patience=0/10
temporal epoch=008/80 loss=10.41943 center_teacher=1.000 acq_teacher=1.000 capture=100.00% bank_capture=100.00% acq_acc=100.00% acq_conf=0.626 radius=0.0m pred_step=4.925 target_step=5.743 pred_v=5.024 target_v=5.743 val_mle=8.765m val_p90=10.254m val_speed_mae=2.528 heading=-0.1/-1.5deg val_progress_mae=7.263m val_heading_mae=31.0deg val_capture=96.15% val_bank=96.15% val_acq_acc=100.00% score=9.613 best=9.613 patience=0/10
temporal epoch=009/80 loss=10.31522 center_teacher=1.000 acq_teacher=1.000 capture=100.00% bank_capture=100.00% acq_acc=100.00% acq_conf=0.626 radius=0.0m pred_step=5.495 target_step=5.743 pred_v=5.522 target_v=5.743 val_mle=8.563m val_p90=10.079m val_speed_mae=2.579 heading=-0.0/-1.5deg val_progress_mae=7.083m val_heading_mae=31.0deg val_capture=96.15% val_bank=96.15% val_acq_acc=100.00% score=9.407 best=9.407 patience=0/10
temporal epoch=010/80 loss=10.22436 center_teacher=1.000 acq_teacher=1.000 capture=100.00% bank_capture=100.00% acq_acc=100.00% acq_conf=0.625 radius=0.0m pred_step=5.759 target_step=5.743 pred_v=5.752 target_v=5.743 val_mle=8.521m val_p90=10.442m val_speed_mae=2.549 heading=-0.1/-1.5deg val_progress_mae=7.028m val_heading_mae=31.0deg val_capture=96.15% val_bank=96.15% val_acq_acc=100.00% score=9.359 best=9.359 patience=0/10
temporal epoch=011/80 loss=10.12366 center_teacher=1.000 acq_teacher=1.000 capture=100.00% bank_capture=100.00% acq_acc=100.00% acq_conf=0.625 radius=0.0m pred_step=5.412 target_step=5.743 pred_v=5.450 target_v=5.743 val_mle=8.933m val_p90=11.045m val_speed_mae=2.563 heading=-0.3/-1.5deg val_progress_mae=7.098m val_heading_mae=31.0deg val_capture=96.15% val_bank=96.15% val_acq_acc=100.00% score=9.776 best=9.359 patience=1/10
temporal epoch=012/80 loss=10.09174 center_teacher=1.000 acq_teacher=1.000 capture=100.00% bank_capture=100.00% acq_acc=100.00% acq_conf=0.626 radius=0.0m pred_step=5.024 target_step=5.743 pred_v=5.112 target_v=5.743 val_mle=8.822m val_p90=10.946m val_speed_mae=2.555 heading=-0.3/-1.5deg val_progress_mae=6.982m val_heading_mae=31.0deg val_capture=96.15% val_bank=96.15% val_acq_acc=100.00% score=9.658 best=9.359 patience=2/10
temporal epoch=013/80 loss=10.01168 center_teacher=1.000 acq_teacher=1.000 capture=100.00% bank_capture=100.00% acq_acc=100.00% acq_conf=0.627 radius=0.0m pred_step=5.134 target_step=5.743 pred_v=5.204 target_v=5.743 val_mle=8.202m val_p90=10.261m val_speed_mae=2.559 heading=-0.3/-1.5deg val_progress_mae=6.686m val_heading_mae=31.0deg val_capture=96.15% val_bank=96.15% val_acq_acc=100.00% score=9.024 best=9.024 patience=0/10
temporal epoch=014/80 loss=10.04908 center_teacher=1.000 acq_teacher=1.000 capture=100.00% bank_capture=100.00% acq_acc=100.00% acq_conf=0.625 radius=0.0m pred_step=5.611 target_step=5.743 pred_v=5.616 target_v=5.743 val_mle=8.087m val_p90=9.809m val_speed_mae=2.671 heading=-0.2/-1.5deg val_progress_mae=6.547m val_heading_mae=30.9deg val_capture=96.15% val_bank=96.15% val_acq_acc=100.00% score=8.913 best=8.913 patience=0/10
temporal epoch=015/80 loss=10.01305 center_teacher=1.000 acq_teacher=1.000 capture=100.00% bank_capture=100.00% acq_acc=100.00% acq_conf=0.625 radius=0.0m pred_step=5.825 target_step=5.743 pred_v=5.799 target_v=5.743 val_mle=8.127m val_p90=10.253m val_speed_mae=2.529 heading=-0.2/-1.5deg val_progress_mae=6.593m val_heading_mae=30.9deg val_capture=96.15% val_bank=96.15% val_acq_acc=100.00% score=8.942 best=8.913 patience=1/10
temporal epoch=016/80 loss=9.97193 center_teacher=1.000 acq_teacher=1.000 capture=100.00% bank_capture=100.00% acq_acc=100.00% acq_conf=0.625 radius=0.0m pred_step=4.743 target_step=5.743 pred_v=4.856 target_v=5.743 val_mle=8.041m val_p90=10.142m val_speed_mae=2.510 heading=-0.3/-1.5deg val_progress_mae=6.499m val_heading_mae=30.9deg val_capture=96.15% val_bank=96.15% val_acq_acc=100.00% score=8.848 best=8.848 patience=0/10
temporal epoch=017/80 loss=9.92812 center_teacher=1.000 acq_teacher=1.000 capture=100.00% bank_capture=100.00% acq_acc=100.00% acq_conf=0.626 radius=0.0m pred_step=5.320 target_step=5.743 pred_v=5.354 target_v=5.743 val_mle=7.935m val_p90=9.622m val_speed_mae=3.277 heading=-0.3/-1.5deg val_progress_mae=6.249m val_heading_mae=30.9deg val_capture=96.15% val_bank=96.15% val_acq_acc=100.00% score=8.806 best=8.806 patience=0/10
temporal epoch=018/80 loss=10.24156 center_teacher=1.000 acq_teacher=1.000 capture=100.00% bank_capture=100.00% acq_acc=100.00% acq_conf=0.624 radius=0.0m pred_step=6.721 target_step=5.743 pred_v=6.568 target_v=5.743 val_mle=8.769m val_p90=11.414m val_speed_mae=3.215 heading=-0.3/-1.5deg val_progress_mae=6.606m val_heading_mae=30.9deg val_capture=96.15% val_bank=96.15% val_acq_acc=100.00% score=9.652 best=8.806 patience=1/10
temporal epoch=019/80 loss=10.57239 center_teacher=1.000 acq_teacher=1.000 capture=100.00% bank_capture=100.00% acq_acc=100.00% acq_conf=0.626 radius=0.0m pred_step=3.311 target_step=5.743 pred_v=3.608 target_v=5.743 val_mle=7.956m val_p90=10.094m val_speed_mae=2.524 heading=-0.5/-1.5deg val_progress_mae=6.414m val_heading_mae=30.9deg val_capture=96.15% val_bank=96.15% val_acq_acc=100.00% score=8.761 best=8.761 patience=0/10
temporal epoch=020/80 loss=10.56217 center_teacher=1.000 acq_teacher=1.000 capture=100.00% bank_capture=100.00% acq_acc=100.00% acq_conf=0.626 radius=0.0m pred_step=6.503 target_step=5.743 pred_v=6.372 target_v=5.743 val_mle=8.003m val_p90=9.788m val_speed_mae=6.785 heading=-0.5/-1.5deg val_progress_mae=6.133m val_heading_mae=30.9deg val_capture=96.15% val_bank=96.15% val_acq_acc=100.00% score=9.220 best=8.761 patience=1/10
temporal epoch=021/80 loss=10.80729 center_teacher=1.000 acq_teacher=1.000 capture=100.00% bank_capture=100.00% acq_acc=100.00% acq_conf=0.626 radius=0.0m pred_step=7.961 target_step=5.743 pred_v=7.635 target_v=5.743 val_mle=12.137m val_p90=16.575m val_speed_mae=5.572 heading=-0.6/-1.5deg val_progress_mae=6.551m val_heading_mae=30.9deg val_capture=96.15% val_bank=96.15% val_acq_acc=100.00% score=13.254 best=8.761 patience=2/10
temporal epoch=022/80 loss=12.48744 center_teacher=1.000 acq_teacher=1.000 capture=100.00% bank_capture=100.00% acq_acc=100.00% acq_conf=0.626 radius=0.0m pred_step=0.919 target_step=5.743 pred_v=1.374 target_v=5.743 val_mle=8.630m val_p90=10.990m val_speed_mae=3.790 heading=-1.1/-1.5deg val_progress_mae=6.845m val_heading_mae=30.9deg val_capture=96.15% val_bank=96.15% val_acq_acc=100.00% score=9.583 best=8.761 patience=3/10
temporal epoch=023/80 loss=9.74420 center_teacher=1.000 acq_teacher=1.000 capture=100.00% bank_capture=100.00% acq_acc=100.00% acq_conf=0.628 radius=0.0m pred_step=5.244 target_step=5.743 pred_v=5.283 target_v=5.743 val_mle=8.171m val_p90=10.654m val_speed_mae=7.686 heading=-1.1/-1.5deg val_progress_mae=6.339m val_heading_mae=30.9deg val_capture=96.15% val_bank=96.15% val_acq_acc=100.00% score=9.488 best=8.761 patience=4/10
temporal epoch=024/80 loss=13.79821 center_teacher=1.000 acq_teacher=1.000 capture=100.00% bank_capture=100.00% acq_acc=100.00% acq_conf=0.626 radius=0.0m pred_step=10.661 target_step=5.743 pred_v=10.252 target_v=5.743 val_mle=8.080m val_p90=9.696m val_speed_mae=2.476 heading=-1.4/-1.5deg val_progress_mae=6.538m val_heading_mae=31.1deg val_capture=96.15% val_bank=96.15% val_acq_acc=100.00% score=8.887 best=8.761 patience=5/10
temporal epoch=025/80 loss=9.17488 center_teacher=1.000 acq_teacher=1.000 capture=100.00% bank_capture=100.00% acq_acc=100.00% acq_conf=0.627 radius=0.0m pred_step=5.334 target_step=5.743 pred_v=5.399 target_v=5.743 val_mle=10.364m val_p90=13.707m val_speed_mae=3.065 heading=-3.1/-1.5deg val_progress_mae=6.895m val_heading_mae=31.2deg val_capture=96.15% val_bank=96.15% val_acq_acc=100.00% score=11.248 best=8.761 patience=6/10
temporal epoch=026/80 loss=9.14332 center_teacher=1.000 acq_teacher=1.000 capture=100.00% bank_capture=100.00% acq_acc=100.00% acq_conf=0.627 radius=0.0m pred_step=5.486 target_step=5.743 pred_v=5.534 target_v=5.743 val_mle=9.211m val_p90=11.580m val_speed_mae=2.621 heading=-3.6/-1.5deg val_progress_mae=6.815m val_heading_mae=31.3deg val_capture=96.15% val_bank=96.15% val_acq_acc=100.00% score=10.047 best=8.761 patience=7/10
temporal epoch=027/80 loss=9.43511 center_teacher=1.000 acq_teacher=1.000 capture=100.00% bank_capture=100.00% acq_acc=100.00% acq_conf=0.627 radius=0.0m pred_step=6.488 target_step=5.743 pred_v=6.393 target_v=5.743 val_mle=9.651m val_p90=12.946m val_speed_mae=3.699 heading=-3.8/-1.5deg val_progress_mae=6.397m val_heading_mae=31.3deg val_capture=96.15% val_bank=96.15% val_acq_acc=100.00% score=10.574 best=8.761 patience=8/10
temporal epoch=028/80 loss=9.33765 center_teacher=1.000 acq_teacher=1.000 capture=100.00% bank_capture=100.00% acq_acc=100.00% acq_conf=0.628 radius=0.0m pred_step=6.130 target_step=5.743 pred_v=6.075 target_v=5.743 val_mle=8.059m val_p90=9.876m val_speed_mae=2.446 heading=-3.7/-1.5deg val_progress_mae=6.545m val_heading_mae=31.2deg val_capture=96.15% val_bank=96.15% val_acq_acc=100.00% score=8.864 best=8.761 patience=9/10
temporal epoch=029/80 loss=10.17052 center_teacher=1.000 acq_teacher=1.000 capture=100.00% bank_capture=100.00% acq_acc=100.00% acq_conf=0.628 radius=0.0m pred_step=8.040 target_step=5.743 pred_v=7.748 target_v=5.743 val_mle=12.915m val_p90=17.135m val_speed_mae=4.343 heading=-3.5/-1.5deg val_progress_mae=6.493m val_heading_mae=31.1deg val_capture=96.15% val_bank=96.15% val_acq_acc=100.00% score=13.907 best=8.761 patience=10/10
EARLY STOP: controlled local-prior validation score did not improve by 0.005 for 10 epochs.
[TRAIN-ONLY KALMAN CALIBRATION] {"confidence_power": 1.0, "fixed_variance_m2": 9.0, "objective": 9.396599567107916, "q_cross": 0.30000000000000004, "q_progress": 1.125, "q_velocity": 0.75, "val_mle_m": 7.442274579326223, "val_p90_m": 9.771624938908467}
