[PREPARED] PASS | city=cityc | step=4 m | selection=soft_sequence_v13_multicity_auto_train_fullroute | existing GT/routes unchanged
[CADENCE] source=experiment_route_stats_train_01 | mean=5.807527 m | p90=11.516146 m | p95=13.307293 m
[OK] clean v39 runtime: Forward-18 SoftMS -> GRU -> Kalman -> one final MeanShift
[OK] weighted-centroid decoder removed from generated runtime source
[PATCH OK] temporal GRU = mean + delta + delta2 + SAT + SoftMS position + visual displacement + previous state
[PATCH OK] motion head = bounded residual around previous stable motion
[PATCH OK] training/validation/inference motion states all start from current-city cadence
[PATCH OK] acceleration supervision and measurement-trusting Kalman knobs enabled
[PATCH OK] no split/dual/inference gate; no prediction-position innovation
[V39-BEARING] final-MS route-centerline reference patch: PASS
[ARCH-AUDIT] forward_18: PASS
[ARCH-AUDIT] base_geometry_6x6: PASS
[ARCH-AUDIT] front_softms_source: PASS
[ARCH-AUDIT] one_final_ms_source: PASS
[ARCH-AUDIT] front_decoder_softms: PASS
[ARCH-AUDIT] simple_seven_block_gru: PASS
[ARCH-AUDIT] residual_motion_head: PASS
[ARCH-AUDIT] causal_visual_displacement: PASS
[ARCH-AUDIT] cadence_initialized_tracker: PASS
[ARCH-AUDIT] motion_training_inference_aligned: PASS
[ARCH-AUDIT] training_city_motion_scale_init: PASS
[ARCH-AUDIT] forward_origin_backshift_covers_jitter: PASS
[ARCH-AUDIT] protocol: PASS
[ARCH-AUDIT] controlled_gt_reference_enabled: PASS
[ARCH-AUDIT] frame_count: PASS
[ARCH-AUDIT] gru_flag: PASS
[ARCH-AUDIT] kalman_flag: PASS
satellite backbone cache: 256/47961
satellite backbone cache: 5376/47961
satellite backbone cache: 10496/47961
satellite backbone cache: 15616/47961
satellite backbone cache: 20736/47961
satellite backbone cache: 25856/47961
satellite backbone cache: 30976/47961
satellite backbone cache: 36096/47961
satellite backbone cache: 41216/47961
satellite backbone cache: 46336/47961
satellite backbone cache: 47961/47961
satellite gallery size=47961
Route A backbone cache: 194/194
Route A visual candidate capture=100.00%
visual epoch=001/30 loss=4.60102 val_softms_mle=9.169m val_p90=14.037m val_lsr10=60.00%
visual epoch=002/30 loss=4.15411 val_softms_mle=9.101m val_p90=14.129m val_lsr10=64.00%
visual epoch=003/30 loss=3.82001 val_softms_mle=9.515m val_p90=13.333m val_lsr10=52.00%
visual epoch=004/30 loss=3.72861 val_softms_mle=10.095m val_p90=15.540m val_lsr10=48.00%
visual epoch=005/30 loss=3.62278 val_softms_mle=9.995m val_p90=15.708m val_lsr10=52.00%
visual epoch=006/30 loss=3.56875 val_softms_mle=10.696m val_p90=15.976m val_lsr10=44.00%
visual epoch=007/30 loss=3.48161 val_softms_mle=11.752m val_p90=16.993m val_lsr10=32.00%
visual epoch=008/30 loss=3.38047 val_softms_mle=12.548m val_p90=18.107m val_lsr10=16.00%
visual epoch=009/30 loss=3.18623 val_softms_mle=12.311m val_p90=18.056m val_lsr10=20.00%
visual epoch=010/30 loss=3.04711 val_softms_mle=12.897m val_p90=18.798m val_lsr10=20.00%
visual early stopping: Route A validation stopped improving
best Route A visual validation SoftMS MLE=9.101m
route_A backbone cache: 194/194
temporal split train=[0,133) val=[137,162) route_length=789.4m
City training-sequence mean forward step=5.556m/frame p90=11.289m/frame
temporal epoch=001/80 loss=11.90276 center_teacher=1.000 acq_teacher=1.000 capture=100.00% bank_capture=100.00% acq_acc=100.00% acq_conf=0.648 radius=0.0m pred_step=5.597 target_step=5.556 pred_v=5.623 target_v=5.556 val_mle=10.116m val_p90=13.324m val_speed_mae=3.438 heading=-0.1/-0.0deg val_progress_mae=9.073m val_heading_mae=37.6deg val_capture=88.00% val_bank=88.00% val_acq_acc=100.00% score=11.341 best=11.341 patience=0/10
temporal epoch=002/80 loss=11.93195 center_teacher=1.000 acq_teacher=1.000 capture=100.00% bank_capture=100.00% acq_acc=100.00% acq_conf=0.648 radius=0.0m pred_step=4.547 target_step=5.556 pred_v=4.703 target_v=5.556 val_mle=12.014m val_p90=15.105m val_speed_mae=3.671 heading=-0.1/-0.0deg val_progress_mae=8.965m val_heading_mae=37.6deg val_capture=88.00% val_bank=88.00% val_acq_acc=100.00% score=13.257 best=11.341 patience=1/10
temporal epoch=003/80 loss=11.58467 center_teacher=1.000 acq_teacher=1.000 capture=100.00% bank_capture=100.00% acq_acc=100.00% acq_conf=0.648 radius=0.0m pred_step=4.538 target_step=5.556 pred_v=4.667 target_v=5.556 val_mle=12.292m val_p90=15.833m val_speed_mae=3.265 heading=0.2/-0.0deg val_progress_mae=8.540m val_heading_mae=37.6deg val_capture=88.00% val_bank=88.00% val_acq_acc=100.00% score=13.474 best=11.341 patience=2/10
temporal epoch=004/80 loss=11.25655 center_teacher=1.000 acq_teacher=1.000 capture=100.00% bank_capture=100.00% acq_acc=100.00% acq_conf=0.648 radius=0.0m pred_step=5.259 target_step=5.556 pred_v=5.273 target_v=5.556 val_mle=11.590m val_p90=14.689m val_speed_mae=3.118 heading=0.2/-0.0deg val_progress_mae=8.271m val_heading_mae=37.6deg val_capture=88.00% val_bank=88.00% val_acq_acc=100.00% score=12.743 best=11.341 patience=3/10
temporal epoch=005/80 loss=11.09495 center_teacher=1.000 acq_teacher=1.000 capture=100.00% bank_capture=100.00% acq_acc=100.00% acq_conf=0.648 radius=0.0m pred_step=5.557 target_step=5.556 pred_v=5.516 target_v=5.556 val_mle=10.869m val_p90=13.862m val_speed_mae=3.185 heading=0.1/-0.0deg val_progress_mae=7.953m val_heading_mae=37.6deg val_capture=88.00% val_bank=88.00% val_acq_acc=100.00% score=12.013 best=11.341 patience=4/10
temporal epoch=006/80 loss=10.92064 center_teacher=1.000 acq_teacher=1.000 capture=100.00% bank_capture=100.00% acq_acc=100.00% acq_conf=0.648 radius=0.0m pred_step=5.277 target_step=5.556 pred_v=5.256 target_v=5.556 val_mle=10.489m val_p90=13.434m val_speed_mae=3.407 heading=-0.0/-0.0deg val_progress_mae=7.672m val_heading_mae=37.6deg val_capture=88.00% val_bank=88.00% val_acq_acc=100.00% score=11.641 best=11.341 patience=5/10
temporal epoch=007/80 loss=10.84212 center_teacher=1.000 acq_teacher=1.000 capture=100.00% bank_capture=100.00% acq_acc=100.00% acq_conf=0.648 radius=0.0m pred_step=4.777 target_step=5.556 pred_v=4.804 target_v=5.556 val_mle=10.253m val_p90=13.266m val_speed_mae=3.660 heading=-0.1/-0.0deg val_progress_mae=7.362m val_heading_mae=37.6deg val_capture=88.00% val_bank=88.00% val_acq_acc=100.00% score=11.415 best=11.341 patience=6/10
temporal epoch=008/80 loss=10.77639 center_teacher=1.000 acq_teacher=1.000 capture=100.00% bank_capture=100.00% acq_acc=100.00% acq_conf=0.648 radius=0.0m pred_step=4.592 target_step=5.556 pred_v=4.630 target_v=5.556 val_mle=9.634m val_p90=12.456m val_speed_mae=3.381 heading=-0.1/-0.0deg val_progress_mae=7.175m val_heading_mae=37.6deg val_capture=88.00% val_bank=88.00% val_acq_acc=100.00% score=10.759 best=10.759 patience=0/10
temporal epoch=009/80 loss=10.58142 center_teacher=1.000 acq_teacher=1.000 capture=100.00% bank_capture=100.00% acq_acc=100.00% acq_conf=0.648 radius=0.0m pred_step=5.042 target_step=5.556 pred_v=5.015 target_v=5.556 val_mle=9.570m val_p90=12.378m val_speed_mae=3.193 heading=-0.1/-0.0deg val_progress_mae=6.937m val_heading_mae=37.6deg val_capture=88.00% val_bank=88.00% val_acq_acc=100.00% score=10.664 best=10.664 patience=0/10
temporal epoch=010/80 loss=10.54598 center_teacher=1.000 acq_teacher=1.000 capture=100.00% bank_capture=100.00% acq_acc=100.00% acq_conf=0.648 radius=0.0m pred_step=5.418 target_step=5.556 pred_v=5.335 target_v=5.556 val_mle=10.155m val_p90=13.365m val_speed_mae=3.221 heading=0.0/-0.0deg val_progress_mae=6.662m val_heading_mae=37.6deg val_capture=88.00% val_bank=88.00% val_acq_acc=100.00% score=11.238 best=10.664 patience=1/10
temporal epoch=011/80 loss=10.42406 center_teacher=1.000 acq_teacher=1.000 capture=100.00% bank_capture=100.00% acq_acc=100.00% acq_conf=0.648 radius=0.0m pred_step=5.236 target_step=5.556 pred_v=5.170 target_v=5.556 val_mle=10.917m val_p90=14.479m val_speed_mae=3.436 heading=0.2/-0.0deg val_progress_mae=6.651m val_heading_mae=37.5deg val_capture=88.00% val_bank=88.00% val_acq_acc=100.00% score=12.021 best=10.664 patience=2/10
temporal epoch=012/80 loss=10.44958 center_teacher=1.000 acq_teacher=1.000 capture=100.00% bank_capture=100.00% acq_acc=100.00% acq_conf=0.648 radius=0.0m pred_step=4.701 target_step=5.556 pred_v=4.695 target_v=5.556 val_mle=10.970m val_p90=14.584m val_speed_mae=3.647 heading=0.4/-0.0deg val_progress_mae=6.670m val_heading_mae=37.5deg val_capture=88.00% val_bank=88.00% val_acq_acc=100.00% score=12.096 best=10.664 patience=3/10
temporal epoch=013/80 loss=10.44574 center_teacher=1.000 acq_teacher=1.000 capture=100.00% bank_capture=100.00% acq_acc=100.00% acq_conf=0.648 radius=0.0m pred_step=4.628 target_step=5.556 pred_v=4.624 target_v=5.556 val_mle=10.508m val_p90=13.869m val_speed_mae=3.315 heading=0.4/-0.0deg val_progress_mae=6.619m val_heading_mae=37.5deg val_capture=88.00% val_bank=88.00% val_acq_acc=100.00% score=11.599 best=10.664 patience=4/10
temporal epoch=014/80 loss=10.34720 center_teacher=1.000 acq_teacher=1.000 capture=100.00% bank_capture=100.00% acq_acc=100.00% acq_conf=0.648 radius=0.0m pred_step=5.230 target_step=5.556 pred_v=5.146 target_v=5.556 val_mle=10.100m val_p90=13.324m val_speed_mae=3.220 heading=0.3/-0.0deg val_progress_mae=6.605m val_heading_mae=37.6deg val_capture=88.00% val_bank=88.00% val_acq_acc=100.00% score=11.180 best=10.664 patience=5/10
temporal epoch=015/80 loss=10.34044 center_teacher=1.000 acq_teacher=1.000 capture=100.00% bank_capture=100.00% acq_acc=100.00% acq_conf=0.648 radius=0.0m pred_step=5.207 target_step=5.556 pred_v=5.118 target_v=5.556 val_mle=10.224m val_p90=13.507m val_speed_mae=3.713 heading=0.2/-0.0deg val_progress_mae=6.699m val_heading_mae=37.5deg val_capture=88.00% val_bank=88.00% val_acq_acc=100.00% score=11.358 best=10.664 patience=6/10
temporal epoch=016/80 loss=10.46572 center_teacher=1.000 acq_teacher=1.000 capture=100.00% bank_capture=100.00% acq_acc=100.00% acq_conf=0.648 radius=0.0m pred_step=4.354 target_step=5.556 pred_v=4.367 target_v=5.556 val_mle=10.386m val_p90=13.702m val_speed_mae=3.419 heading=0.3/-0.0deg val_progress_mae=6.675m val_heading_mae=37.5deg val_capture=88.00% val_bank=88.00% val_acq_acc=100.00% score=11.489 best=10.664 patience=7/10
temporal epoch=017/80 loss=10.10285 center_teacher=1.000 acq_teacher=1.000 capture=100.00% bank_capture=100.00% acq_acc=100.00% acq_conf=0.646 radius=0.0m pred_step=5.165 target_step=5.556 pred_v=5.078 target_v=5.556 val_mle=10.080m val_p90=13.270m val_speed_mae=3.061 heading=0.3/-0.0deg val_progress_mae=6.451m val_heading_mae=37.5deg val_capture=88.00% val_bank=88.00% val_acq_acc=100.00% score=11.136 best=10.664 patience=8/10
temporal epoch=018/80 loss=10.16867 center_teacher=1.000 acq_teacher=1.000 capture=100.00% bank_capture=100.00% acq_acc=100.00% acq_conf=0.646 radius=0.0m pred_step=6.251 target_step=5.556 pred_v=6.031 target_v=5.556 val_mle=9.840m val_p90=13.058m val_speed_mae=3.459 heading=0.3/-0.0deg val_progress_mae=6.545m val_heading_mae=37.6deg val_capture=88.00% val_bank=88.00% val_acq_acc=100.00% score=10.941 best=10.664 patience=9/10
temporal epoch=019/80 loss=9.98438 center_teacher=1.000 acq_teacher=1.000 capture=100.00% bank_capture=100.00% acq_acc=100.00% acq_conf=0.646 radius=0.0m pred_step=4.417 target_step=5.556 pred_v=4.432 target_v=5.556 val_mle=9.322m val_p90=12.364m val_speed_mae=3.758 heading=0.3/-0.0deg val_progress_mae=6.479m val_heading_mae=37.6deg val_capture=88.00% val_bank=88.00% val_acq_acc=100.00% score=10.450 best=10.450 patience=0/10
temporal epoch=020/80 loss=9.67606 center_teacher=1.000 acq_teacher=1.000 capture=100.00% bank_capture=100.00% acq_acc=100.00% acq_conf=0.646 radius=0.0m pred_step=4.808 target_step=5.556 pred_v=4.775 target_v=5.556 val_mle=8.760m val_p90=11.635m val_speed_mae=3.473 heading=0.2/-0.0deg val_progress_mae=5.894m val_heading_mae=37.6deg val_capture=88.00% val_bank=88.00% val_acq_acc=100.00% score=9.830 best=9.830 patience=0/10
temporal epoch=021/80 loss=10.05239 center_teacher=1.000 acq_teacher=1.000 capture=100.00% bank_capture=100.00% acq_acc=100.00% acq_conf=0.646 radius=0.0m pred_step=6.849 target_step=5.556 pred_v=6.558 target_v=5.556 val_mle=8.871m val_p90=11.986m val_speed_mae=6.371 heading=0.1/-0.0deg val_progress_mae=5.708m val_heading_mae=37.6deg val_capture=88.00% val_bank=88.00% val_acq_acc=100.00% score=10.221 best=9.830 patience=1/10
temporal epoch=022/80 loss=11.60797 center_teacher=1.000 acq_teacher=1.000 capture=100.00% bank_capture=100.00% acq_acc=100.00% acq_conf=0.648 radius=0.0m pred_step=1.901 target_step=5.556 pred_v=2.142 target_v=5.556 val_mle=10.251m val_p90=13.897m val_speed_mae=6.370 heading=0.2/-0.0deg val_progress_mae=5.627m val_heading_mae=37.6deg val_capture=88.00% val_bank=88.00% val_acq_acc=100.00% score=11.598 best=9.830 patience=2/10
temporal epoch=023/80 loss=10.07369 center_teacher=1.000 acq_teacher=1.000 capture=100.00% bank_capture=100.00% acq_acc=100.00% acq_conf=0.646 radius=0.0m pred_step=2.938 target_step=5.556 pred_v=3.167 target_v=5.556 val_mle=8.124m val_p90=11.272m val_speed_mae=3.027 heading=0.5/-0.0deg val_progress_mae=4.814m val_heading_mae=37.6deg val_capture=88.00% val_bank=88.00% val_acq_acc=100.00% score=9.096 best=9.096 patience=0/10
temporal epoch=024/80 loss=10.30219 center_teacher=1.000 acq_teacher=1.000 capture=100.00% bank_capture=100.00% acq_acc=100.00% acq_conf=0.651 radius=0.0m pred_step=6.958 target_step=5.556 pred_v=6.640 target_v=5.556 val_mle=8.589m val_p90=12.165m val_speed_mae=8.437 heading=0.0/-0.0deg val_progress_mae=4.621m val_heading_mae=37.6deg val_capture=88.00% val_bank=88.00% val_acq_acc=100.00% score=10.092 best=9.096 patience=1/10
temporal epoch=025/80 loss=13.52479 center_teacher=1.000 acq_teacher=1.000 capture=100.00% bank_capture=100.00% acq_acc=100.00% acq_conf=0.651 radius=0.0m pred_step=10.866 target_step=5.556 pred_v=10.399 target_v=5.556 val_mle=9.167m val_p90=12.763m val_speed_mae=6.570 heading=0.3/-0.0deg val_progress_mae=4.921m val_heading_mae=37.6deg val_capture=88.00% val_bank=88.00% val_acq_acc=100.00% score=10.498 best=9.096 patience=2/10
temporal epoch=026/80 loss=11.13018 center_teacher=1.000 acq_teacher=1.000 capture=100.00% bank_capture=100.00% acq_acc=100.00% acq_conf=0.651 radius=0.0m pred_step=8.942 target_step=5.556 pred_v=8.394 target_v=5.556 val_mle=6.329m val_p90=9.337m val_speed_mae=6.371 heading=0.1/-0.0deg val_progress_mae=4.578m val_heading_mae=37.7deg val_capture=88.00% val_bank=88.00% val_acq_acc=100.00% score=7.624 best=7.624 patience=0/10
temporal epoch=027/80 loss=11.72802 center_teacher=1.000 acq_teacher=1.000 capture=100.00% bank_capture=100.00% acq_acc=100.00% acq_conf=0.654 radius=0.0m pred_step=1.320 target_step=5.556 pred_v=1.551 target_v=5.556 val_mle=6.610m val_p90=9.759m val_speed_mae=6.376 heading=-0.5/-0.0deg val_progress_mae=4.586m val_heading_mae=37.7deg val_capture=88.00% val_bank=88.00% val_acq_acc=100.00% score=7.905 best=7.624 patience=1/10
temporal epoch=028/80 loss=11.78457 center_teacher=1.000 acq_teacher=1.000 capture=100.00% bank_capture=100.00% acq_acc=100.00% acq_conf=0.654 radius=0.0m pred_step=0.871 target_step=5.556 pred_v=1.053 target_v=5.556 val_mle=9.932m val_p90=13.933m val_speed_mae=6.364 heading=-0.5/-0.0deg val_progress_mae=4.876m val_heading_mae=37.7deg val_capture=88.00% val_bank=88.00% val_acq_acc=100.00% score=11.241 best=7.624 patience=2/10
temporal epoch=029/80 loss=9.95434 center_teacher=1.000 acq_teacher=1.000 capture=100.00% bank_capture=100.00% acq_acc=100.00% acq_conf=0.654 radius=0.0m pred_step=2.726 target_step=5.556 pred_v=3.002 target_v=5.556 val_mle=10.004m val_p90=14.257m val_speed_mae=3.376 heading=-0.4/-0.0deg val_progress_mae=4.331m val_heading_mae=37.7deg val_capture=88.00% val_bank=88.00% val_acq_acc=100.00% score=10.987 best=7.624 patience=3/10
temporal epoch=030/80 loss=8.58474 center_teacher=1.000 acq_teacher=1.000 capture=100.00% bank_capture=100.00% acq_acc=100.00% acq_conf=0.655 radius=0.0m pred_step=5.751 target_step=5.556 pred_v=5.619 target_v=5.556 val_mle=8.982m val_p90=12.993m val_speed_mae=4.214 heading=-0.7/-0.0deg val_progress_mae=3.903m val_heading_mae=37.7deg val_capture=96.00% val_bank=96.00% val_acq_acc=100.00% score=9.867 best=7.624 patience=4/10
temporal epoch=031/80 loss=10.22817 center_teacher=1.000 acq_teacher=1.000 capture=100.00% bank_capture=100.00% acq_acc=100.00% acq_conf=0.654 radius=0.0m pred_step=8.363 target_step=5.556 pred_v=7.896 target_v=5.556 val_mle=8.453m val_p90=12.320m val_speed_mae=3.073 heading=-1.0/-0.0deg val_progress_mae=3.818m val_heading_mae=37.8deg val_capture=96.00% val_bank=96.00% val_acq_acc=100.00% score=9.220 best=7.624 patience=5/10
temporal epoch=032/80 loss=8.55300 center_teacher=1.000 acq_teacher=1.000 capture=100.00% bank_capture=100.00% acq_acc=100.00% acq_conf=0.653 radius=0.0m pred_step=5.999 target_step=5.556 pred_v=5.841 target_v=5.556 val_mle=9.357m val_p90=13.611m val_speed_mae=5.824 heading=-1.4/-0.0deg val_progress_mae=4.204m val_heading_mae=37.8deg val_capture=96.00% val_bank=96.00% val_acq_acc=100.00% score=10.418 best=7.624 patience=6/10
temporal epoch=033/80 loss=10.03194 center_teacher=1.000 acq_teacher=1.000 capture=100.00% bank_capture=100.00% acq_acc=100.00% acq_conf=0.653 radius=0.0m pred_step=2.819 target_step=5.556 pred_v=3.040 target_v=5.556 val_mle=8.093m val_p90=11.830m val_speed_mae=6.336 heading=-1.4/-0.0deg val_progress_mae=3.782m val_heading_mae=37.8deg val_capture=96.00% val_bank=96.00% val_acq_acc=100.00% score=9.184 best=7.624 patience=7/10
temporal epoch=034/80 loss=9.77255 center_teacher=1.000 acq_teacher=1.000 capture=100.00% bank_capture=100.00% acq_acc=100.00% acq_conf=0.653 radius=0.0m pred_step=2.979 target_step=5.556 pred_v=3.201 target_v=5.556 val_mle=8.294m val_p90=11.934m val_speed_mae=3.012 heading=-1.6/-0.0deg val_progress_mae=3.971m val_heading_mae=37.8deg val_capture=96.00% val_bank=96.00% val_acq_acc=100.00% score=9.062 best=7.624 patience=8/10
temporal epoch=035/80 loss=9.42915 center_teacher=1.000 acq_teacher=1.000 capture=100.00% bank_capture=100.00% acq_acc=100.00% acq_conf=0.651 radius=0.0m pred_step=7.610 target_step=5.556 pred_v=7.229 target_v=5.556 val_mle=9.465m val_p90=13.744m val_speed_mae=3.046 heading=-1.5/-0.0deg val_progress_mae=4.151m val_heading_mae=37.8deg val_capture=96.00% val_bank=96.00% val_acq_acc=100.00% score=10.246 best=7.624 patience=9/10
temporal epoch=036/80 loss=8.47067 center_teacher=1.000 acq_teacher=1.000 capture=100.00% bank_capture=100.00% acq_acc=100.00% acq_conf=0.651 radius=0.0m pred_step=6.143 target_step=5.556 pred_v=5.954 target_v=5.556 val_mle=9.997m val_p90=14.617m val_speed_mae=6.275 heading=-1.3/-0.0deg val_progress_mae=3.967m val_heading_mae=37.8deg val_capture=96.00% val_bank=96.00% val_acq_acc=100.00% score=11.091 best=7.624 patience=10/10
EARLY STOP: controlled local-prior validation score did not improve by 0.005 for 10 epochs.
