[PREPARED] PASS | city=citya | step=4 m | selection=soft_sequence_v13_multicity_auto_train_fullroute | existing GT/routes unchanged
[CADENCE] source=experiment_route_stats_train_01 | mean=5.603307 m | p90=10.304821 m | p95=11.938275 m
[OK] clean v39 runtime: Forward-18 SoftMS -> GRU -> Kalman -> one final MeanShift
[OK] weighted-centroid decoder removed from generated runtime source
[PATCH OK] temporal GRU = mean + delta + delta2 + SAT + SoftMS position + visual displacement + previous state
[PATCH OK] motion head = bounded residual around previous stable motion
[PATCH OK] training/validation/inference motion states all start from current-city cadence
[PATCH OK] acceleration supervision and measurement-trusting Kalman knobs enabled
[PATCH OK] no split/dual/inference gate; no prediction-position innovation
[V39-BEARING] final-MS route-centerline reference patch: PASS
[ARCH-AUDIT] forward_18: PASS
[ARCH-AUDIT] base_geometry_6x6: PASS
[ARCH-AUDIT] front_softms_source: PASS
[ARCH-AUDIT] one_final_ms_source: PASS
[ARCH-AUDIT] front_decoder_softms: PASS
[ARCH-AUDIT] simple_seven_block_gru: PASS
[ARCH-AUDIT] residual_motion_head: PASS
[ARCH-AUDIT] causal_visual_displacement: PASS
[ARCH-AUDIT] cadence_initialized_tracker: PASS
[ARCH-AUDIT] motion_training_inference_aligned: PASS
[ARCH-AUDIT] training_city_motion_scale_init: PASS
[ARCH-AUDIT] forward_origin_backshift_covers_jitter: PASS
[ARCH-AUDIT] protocol: PASS
[ARCH-AUDIT] controlled_gt_reference_enabled: PASS
[ARCH-AUDIT] frame_count: PASS
[ARCH-AUDIT] gru_flag: PASS
[ARCH-AUDIT] kalman_flag: PASS
satellite backbone cache: 256/47961
satellite backbone cache: 5376/47961
satellite backbone cache: 10496/47961
satellite backbone cache: 15616/47961
satellite backbone cache: 20736/47961
satellite backbone cache: 25856/47961
satellite backbone cache: 30976/47961
satellite backbone cache: 36096/47961
satellite backbone cache: 41216/47961
satellite backbone cache: 46336/47961
satellite backbone cache: 47961/47961
satellite gallery size=47961
Route A backbone cache: 197/197
Route A visual candidate capture=100.00%
visual epoch=001/30 loss=4.39271 val_softms_mle=9.776m val_p90=14.516m val_lsr10=46.15%
visual epoch=002/30 loss=4.17336 val_softms_mle=9.555m val_p90=14.985m val_lsr10=50.00%
visual epoch=003/30 loss=4.08229 val_softms_mle=8.049m val_p90=12.222m val_lsr10=65.38%
visual epoch=004/30 loss=3.73398 val_softms_mle=8.033m val_p90=12.216m val_lsr10=65.38%
visual epoch=005/30 loss=3.72741 val_softms_mle=7.891m val_p90=11.909m val_lsr10=61.54%
visual epoch=006/30 loss=3.56674 val_softms_mle=8.267m val_p90=12.812m val_lsr10=57.69%
visual epoch=007/30 loss=3.47017 val_softms_mle=9.295m val_p90=14.326m val_lsr10=53.85%
visual epoch=008/30 loss=3.47041 val_softms_mle=9.615m val_p90=14.219m val_lsr10=57.69%
visual epoch=009/30 loss=3.54842 val_softms_mle=10.044m val_p90=14.519m val_lsr10=46.15%
visual epoch=010/30 loss=3.42043 val_softms_mle=10.555m val_p90=15.023m val_lsr10=38.46%
visual epoch=011/30 loss=3.08881 val_softms_mle=11.510m val_p90=15.487m val_lsr10=26.92%
visual epoch=012/30 loss=3.07146 val_softms_mle=12.297m val_p90=16.400m val_lsr10=23.08%
visual epoch=013/30 loss=3.04806 val_softms_mle=12.260m val_p90=16.805m val_lsr10=30.77%
visual early stopping: Route A validation stopped improving
best Route A visual validation SoftMS MLE=7.891m
route_A backbone cache: 197/197
temporal split train=[0,135) val=[139,165) route_length=789.4m
City training-sequence mean forward step=5.543m/frame p90=10.326m/frame
temporal epoch=001/80 loss=10.00378 center_teacher=1.000 acq_teacher=1.000 capture=100.00% bank_capture=100.00% acq_acc=100.00% acq_conf=0.719 radius=0.0m pred_step=5.540 target_step=5.543 pred_v=5.552 target_v=5.543 val_mle=12.064m val_p90=14.715m val_speed_mae=3.335 heading=-0.1/-1.7deg val_progress_mae=8.943m val_heading_mae=39.8deg val_capture=96.15% val_bank=96.15% val_acq_acc=100.00% score=13.121 best=13.121 patience=0/10
temporal epoch=002/80 loss=10.25176 center_teacher=1.000 acq_teacher=1.000 capture=100.00% bank_capture=100.00% acq_acc=100.00% acq_conf=0.718 radius=0.0m pred_step=4.547 target_step=5.543 pred_v=4.689 target_v=5.543 val_mle=11.569m val_p90=14.625m val_speed_mae=3.324 heading=-0.4/-1.7deg val_progress_mae=8.713m val_heading_mae=39.8deg val_capture=96.15% val_bank=96.15% val_acq_acc=100.00% score=12.613 best=12.613 patience=0/10
temporal epoch=003/80 loss=9.90053 center_teacher=1.000 acq_teacher=1.000 capture=100.00% bank_capture=100.00% acq_acc=100.00% acq_conf=0.719 radius=0.0m pred_step=4.853 target_step=5.543 pred_v=4.937 target_v=5.543 val_mle=9.906m val_p90=13.045m val_speed_mae=2.880 heading=-0.2/-1.7deg val_progress_mae=8.463m val_heading_mae=39.7deg val_capture=96.15% val_bank=96.15% val_acq_acc=100.00% score=10.892 best=10.892 patience=0/10
temporal epoch=004/80 loss=9.76157 center_teacher=1.000 acq_teacher=1.000 capture=100.00% bank_capture=100.00% acq_acc=100.00% acq_conf=0.719 radius=0.0m pred_step=5.624 target_step=5.543 pred_v=5.596 target_v=5.543 val_mle=9.318m val_p90=12.583m val_speed_mae=2.888 heading=0.0/-1.7deg val_progress_mae=8.279m val_heading_mae=39.7deg val_capture=96.15% val_bank=96.15% val_acq_acc=100.00% score=10.296 best=10.296 patience=0/10
temporal epoch=005/80 loss=9.62278 center_teacher=1.000 acq_teacher=1.000 capture=100.00% bank_capture=100.00% acq_acc=100.00% acq_conf=0.719 radius=0.0m pred_step=5.619 target_step=5.543 pred_v=5.583 target_v=5.543 val_mle=9.875m val_p90=12.846m val_speed_mae=2.973 heading=-0.0/-1.7deg val_progress_mae=8.101m val_heading_mae=39.7deg val_capture=96.15% val_bank=96.15% val_acq_acc=100.00% score=10.853 best=10.296 patience=1/10
temporal epoch=006/80 loss=9.49915 center_teacher=1.000 acq_teacher=1.000 capture=100.00% bank_capture=100.00% acq_acc=100.00% acq_conf=0.719 radius=0.0m pred_step=4.929 target_step=5.543 pred_v=4.975 target_v=5.543 val_mle=10.479m val_p90=13.668m val_speed_mae=3.580 heading=-0.3/-1.7deg val_progress_mae=7.814m val_heading_mae=39.8deg val_capture=96.15% val_bank=96.15% val_acq_acc=100.00% score=11.504 best=10.296 patience=2/10
temporal epoch=007/80 loss=9.56238 center_teacher=1.000 acq_teacher=1.000 capture=100.00% bank_capture=100.00% acq_acc=100.00% acq_conf=0.720 radius=0.0m pred_step=4.328 target_step=5.543 pred_v=4.444 target_v=5.543 val_mle=10.352m val_p90=13.705m val_speed_mae=3.415 heading=-0.5/-1.7deg val_progress_mae=7.545m val_heading_mae=39.8deg val_capture=96.15% val_bank=96.15% val_acq_acc=100.00% score=11.347 best=10.296 patience=3/10
temporal epoch=008/80 loss=9.22911 center_teacher=1.000 acq_teacher=1.000 capture=100.00% bank_capture=100.00% acq_acc=100.00% acq_conf=0.721 radius=0.0m pred_step=4.671 target_step=5.543 pred_v=4.723 target_v=5.543 val_mle=9.386m val_p90=12.251m val_speed_mae=2.878 heading=-0.4/-1.7deg val_progress_mae=7.213m val_heading_mae=39.8deg val_capture=96.15% val_bank=96.15% val_acq_acc=100.00% score=10.310 best=10.296 patience=4/10
temporal epoch=009/80 loss=9.12518 center_teacher=1.000 acq_teacher=1.000 capture=100.00% bank_capture=100.00% acq_acc=100.00% acq_conf=0.718 radius=0.0m pred_step=5.532 target_step=5.543 pred_v=5.445 target_v=5.543 val_mle=9.001m val_p90=11.991m val_speed_mae=2.893 heading=-0.3/-1.7deg val_progress_mae=7.083m val_heading_mae=39.7deg val_capture=96.15% val_bank=96.15% val_acq_acc=100.00% score=9.920 best=9.920 patience=0/10
temporal epoch=010/80 loss=9.01073 center_teacher=1.000 acq_teacher=1.000 capture=100.00% bank_capture=100.00% acq_acc=100.00% acq_conf=0.719 radius=0.0m pred_step=5.526 target_step=5.543 pred_v=5.419 target_v=5.543 val_mle=9.208m val_p90=12.046m val_speed_mae=2.986 heading=-0.2/-1.7deg val_progress_mae=7.028m val_heading_mae=39.7deg val_capture=96.15% val_bank=96.15% val_acq_acc=100.00% score=10.133 best=9.920 patience=1/10
temporal epoch=011/80 loss=8.99129 center_teacher=1.000 acq_teacher=1.000 capture=100.00% bank_capture=100.00% acq_acc=100.00% acq_conf=0.719 radius=0.0m pred_step=4.698 target_step=5.543 pred_v=4.687 target_v=5.543 val_mle=9.613m val_p90=12.954m val_speed_mae=3.291 heading=-0.3/-1.7deg val_progress_mae=6.918m val_heading_mae=39.8deg val_capture=96.15% val_bank=96.15% val_acq_acc=100.00% score=10.563 best=9.920 patience=2/10
temporal epoch=012/80 loss=8.96162 center_teacher=1.000 acq_teacher=1.000 capture=100.00% bank_capture=100.00% acq_acc=100.00% acq_conf=0.718 radius=0.0m pred_step=4.524 target_step=5.543 pred_v=4.524 target_v=5.543 val_mle=9.734m val_p90=13.287m val_speed_mae=2.870 heading=-0.3/-1.7deg val_progress_mae=6.770m val_heading_mae=39.8deg val_capture=96.15% val_bank=96.15% val_acq_acc=100.00% score=10.635 best=9.920 patience=3/10
temporal epoch=013/80 loss=8.91113 center_teacher=1.000 acq_teacher=1.000 capture=100.00% bank_capture=100.00% acq_acc=100.00% acq_conf=0.719 radius=0.0m pred_step=5.420 target_step=5.543 pred_v=5.290 target_v=5.543 val_mle=9.407m val_p90=12.756m val_speed_mae=3.192 heading=-0.3/-1.7deg val_progress_mae=6.678m val_heading_mae=39.8deg val_capture=96.15% val_bank=96.15% val_acq_acc=100.00% score=10.336 best=9.920 patience=4/10
temporal epoch=014/80 loss=8.97716 center_teacher=1.000 acq_teacher=1.000 capture=100.00% bank_capture=100.00% acq_acc=100.00% acq_conf=0.718 radius=0.0m pred_step=5.898 target_step=5.543 pred_v=5.701 target_v=5.543 val_mle=9.154m val_p90=12.125m val_speed_mae=2.867 heading=-0.2/-1.7deg val_progress_mae=6.715m val_heading_mae=39.7deg val_capture=96.15% val_bank=96.15% val_acq_acc=100.00% score=10.052 best=9.920 patience=5/10
temporal epoch=015/80 loss=8.66544 center_teacher=1.000 acq_teacher=1.000 capture=100.00% bank_capture=100.00% acq_acc=100.00% acq_conf=0.719 radius=0.0m pred_step=4.854 target_step=5.543 pred_v=4.789 target_v=5.543 val_mle=8.994m val_p90=11.871m val_speed_mae=3.023 heading=-0.1/-1.7deg val_progress_mae=6.854m val_heading_mae=39.7deg val_capture=96.15% val_bank=96.15% val_acq_acc=100.00% score=9.915 best=9.915 patience=0/10
temporal epoch=016/80 loss=8.66932 center_teacher=1.000 acq_teacher=1.000 capture=100.00% bank_capture=100.00% acq_acc=100.00% acq_conf=0.719 radius=0.0m pred_step=4.663 target_step=5.543 pred_v=4.622 target_v=5.543 val_mle=9.085m val_p90=12.047m val_speed_mae=3.167 heading=-0.1/-1.7deg val_progress_mae=6.711m val_heading_mae=39.7deg val_capture=96.15% val_bank=96.15% val_acq_acc=100.00% score=10.013 best=9.915 patience=1/10
temporal epoch=017/80 loss=9.00515 center_teacher=1.000 acq_teacher=1.000 capture=100.00% bank_capture=100.00% acq_acc=100.00% acq_conf=0.719 radius=0.0m pred_step=6.155 target_step=5.543 pred_v=5.921 target_v=5.543 val_mle=9.482m val_p90=12.848m val_speed_mae=3.161 heading=-0.1/-1.7deg val_progress_mae=6.755m val_heading_mae=39.7deg val_capture=96.15% val_bank=96.15% val_acq_acc=100.00% score=10.411 best=9.915 patience=2/10
temporal epoch=018/80 loss=8.56281 center_teacher=1.000 acq_teacher=1.000 capture=100.00% bank_capture=100.00% acq_acc=100.00% acq_conf=0.719 radius=0.0m pred_step=5.619 target_step=5.543 pred_v=5.460 target_v=5.543 val_mle=10.120m val_p90=13.810m val_speed_mae=3.511 heading=-0.2/-1.7deg val_progress_mae=7.077m val_heading_mae=39.7deg val_capture=96.15% val_bank=96.15% val_acq_acc=100.00% score=11.101 best=9.915 patience=3/10
temporal epoch=019/80 loss=8.58643 center_teacher=1.000 acq_teacher=1.000 capture=100.00% bank_capture=100.00% acq_acc=100.00% acq_conf=0.719 radius=0.0m pred_step=3.995 target_step=5.543 pred_v=4.056 target_v=5.543 val_mle=9.548m val_p90=12.902m val_speed_mae=3.144 heading=-0.3/-1.7deg val_progress_mae=6.844m val_heading_mae=39.7deg val_capture=96.15% val_bank=96.15% val_acq_acc=100.00% score=10.480 best=9.915 patience=4/10
temporal epoch=020/80 loss=9.10381 center_teacher=1.000 acq_teacher=1.000 capture=100.00% bank_capture=100.00% acq_acc=100.00% acq_conf=0.719 radius=0.0m pred_step=6.733 target_step=5.543 pred_v=6.438 target_v=5.543 val_mle=9.238m val_p90=12.275m val_speed_mae=2.855 heading=-0.1/-1.7deg val_progress_mae=6.774m val_heading_mae=39.7deg val_capture=96.15% val_bank=96.15% val_acq_acc=100.00% score=10.138 best=9.915 patience=5/10
temporal epoch=021/80 loss=8.16658 center_teacher=1.000 acq_teacher=1.000 capture=100.00% bank_capture=100.00% acq_acc=100.00% acq_conf=0.719 radius=0.0m pred_step=4.782 target_step=5.543 pred_v=4.755 target_v=5.543 val_mle=9.289m val_p90=12.559m val_speed_mae=6.406 heading=-0.1/-1.7deg val_progress_mae=6.707m val_heading_mae=39.7deg val_capture=96.15% val_bank=96.15% val_acq_acc=100.00% score=10.541 best=9.915 patience=6/10
temporal epoch=022/80 loss=9.53766 center_teacher=1.000 acq_teacher=1.000 capture=100.00% bank_capture=100.00% acq_acc=100.00% acq_conf=0.719 radius=0.0m pred_step=2.693 target_step=5.543 pred_v=2.947 target_v=5.543 val_mle=9.340m val_p90=13.396m val_speed_mae=2.867 heading=-0.2/-1.7deg val_progress_mae=6.070m val_heading_mae=39.6deg val_capture=96.15% val_bank=96.15% val_acq_acc=100.00% score=10.206 best=9.915 patience=7/10
temporal epoch=023/80 loss=9.63313 center_teacher=1.000 acq_teacher=1.000 capture=100.00% bank_capture=100.00% acq_acc=100.00% acq_conf=0.719 radius=0.0m pred_step=8.176 target_step=5.543 pred_v=7.702 target_v=5.543 val_mle=8.485m val_p90=11.760m val_speed_mae=2.850 heading=0.0/-1.7deg val_progress_mae=5.901m val_heading_mae=39.5deg val_capture=96.15% val_bank=96.15% val_acq_acc=100.00% score=9.339 best=9.339 patience=0/10
temporal epoch=024/80 loss=7.82165 center_teacher=1.000 acq_teacher=1.000 capture=100.00% bank_capture=100.00% acq_acc=100.00% acq_conf=0.719 radius=0.0m pred_step=5.984 target_step=5.543 pred_v=5.810 target_v=5.543 val_mle=7.271m val_p90=9.846m val_speed_mae=6.429 heading=0.4/-1.7deg val_progress_mae=5.801m val_heading_mae=39.5deg val_capture=96.15% val_bank=96.15% val_acq_acc=100.00% score=8.479 best=8.479 patience=0/10
temporal epoch=025/80 loss=10.42123 center_teacher=1.000 acq_teacher=1.000 capture=100.00% bank_capture=100.00% acq_acc=100.00% acq_conf=0.719 radius=0.0m pred_step=1.169 target_step=5.543 pred_v=1.433 target_v=5.543 val_mle=7.473m val_p90=10.261m val_speed_mae=6.424 heading=0.5/-1.7deg val_progress_mae=5.556m val_heading_mae=39.4deg val_capture=96.15% val_bank=96.15% val_acq_acc=100.00% score=8.667 best=8.479 patience=1/10
temporal epoch=026/80 loss=9.12834 center_teacher=1.000 acq_teacher=1.000 capture=100.00% bank_capture=100.00% acq_acc=100.00% acq_conf=0.719 radius=0.0m pred_step=2.431 target_step=5.543 pred_v=2.735 target_v=5.543 val_mle=6.798m val_p90=9.672m val_speed_mae=2.857 heading=0.6/-1.7deg val_progress_mae=4.738m val_heading_mae=39.3deg val_capture=96.15% val_bank=96.15% val_acq_acc=100.00% score=7.594 best=7.594 patience=0/10
temporal epoch=027/80 loss=9.41854 center_teacher=1.000 acq_teacher=1.000 capture=100.00% bank_capture=100.00% acq_acc=100.00% acq_conf=0.719 radius=0.0m pred_step=8.475 target_step=5.543 pred_v=7.966 target_v=5.543 val_mle=7.332m val_p90=11.178m val_speed_mae=4.046 heading=0.9/-1.7deg val_progress_mae=4.474m val_heading_mae=39.3deg val_capture=96.15% val_bank=96.15% val_acq_acc=100.00% score=8.234 best=7.594 patience=1/10
temporal epoch=028/80 loss=8.93018 center_teacher=1.000 acq_teacher=1.000 capture=100.00% bank_capture=100.00% acq_acc=100.00% acq_conf=0.719 radius=0.0m pred_step=8.572 target_step=5.543 pred_v=8.065 target_v=5.543 val_mle=7.589m val_p90=11.108m val_speed_mae=4.053 heading=0.6/-1.7deg val_progress_mae=5.109m val_heading_mae=39.2deg val_capture=96.15% val_bank=96.15% val_acq_acc=100.00% score=8.522 best=7.594 patience=2/10
temporal epoch=029/80 loss=7.90654 center_teacher=1.000 acq_teacher=1.000 capture=100.00% bank_capture=100.00% acq_acc=100.00% acq_conf=0.720 radius=0.0m pred_step=4.321 target_step=5.543 pred_v=4.400 target_v=5.543 val_mle=6.106m val_p90=7.748m val_speed_mae=6.421 heading=1.0/-1.7deg val_progress_mae=4.411m val_heading_mae=39.0deg val_capture=96.15% val_bank=96.15% val_acq_acc=100.00% score=7.241 best=7.241 patience=0/10
temporal epoch=030/80 loss=9.54088 center_teacher=1.000 acq_teacher=1.000 capture=100.00% bank_capture=100.00% acq_acc=100.00% acq_conf=0.719 radius=0.0m pred_step=1.936 target_step=5.543 pred_v=2.267 target_v=5.543 val_mle=7.769m val_p90=11.661m val_speed_mae=4.600 heading=1.5/-1.7deg val_progress_mae=5.381m val_heading_mae=38.9deg val_capture=96.15% val_bank=96.15% val_acq_acc=100.00% score=8.770 best=7.241 patience=1/10
temporal epoch=031/80 loss=7.53681 center_teacher=1.000 acq_teacher=1.000 capture=100.00% bank_capture=100.00% acq_acc=100.00% acq_conf=0.719 radius=0.0m pred_step=5.656 target_step=5.543 pred_v=5.565 target_v=5.543 val_mle=6.259m val_p90=8.776m val_speed_mae=3.625 heading=1.1/-1.7deg val_progress_mae=4.503m val_heading_mae=38.8deg val_capture=96.15% val_bank=96.15% val_acq_acc=100.00% score=7.117 best=7.117 patience=0/10
temporal epoch=032/80 loss=7.46927 center_teacher=1.000 acq_teacher=1.000 capture=100.00% bank_capture=100.00% acq_acc=100.00% acq_conf=0.718 radius=0.0m pred_step=5.177 target_step=5.543 pred_v=5.161 target_v=5.543 val_mle=8.505m val_p90=12.580m val_speed_mae=3.225 heading=2.3/-1.7deg val_progress_mae=4.057m val_heading_mae=38.8deg val_capture=96.15% val_bank=96.15% val_acq_acc=100.00% score=9.301 best=7.117 patience=1/10
temporal epoch=033/80 loss=7.11274 center_teacher=1.000 acq_teacher=1.000 capture=100.00% bank_capture=100.00% acq_acc=100.00% acq_conf=0.721 radius=0.0m pred_step=5.429 target_step=5.543 pred_v=5.381 target_v=5.543 val_mle=8.086m val_p90=12.284m val_speed_mae=2.848 heading=2.0/-1.7deg val_progress_mae=5.661m val_heading_mae=39.0deg val_capture=96.15% val_bank=96.15% val_acq_acc=100.00% score=8.926 best=7.117 patience=2/10
temporal epoch=034/80 loss=7.56716 center_teacher=1.000 acq_teacher=1.000 capture=100.00% bank_capture=100.00% acq_acc=100.00% acq_conf=0.719 radius=0.0m pred_step=6.171 target_step=5.543 pred_v=6.016 target_v=5.543 val_mle=8.090m val_p90=13.059m val_speed_mae=3.088 heading=0.7/-1.7deg val_progress_mae=4.337m val_heading_mae=39.1deg val_capture=96.15% val_bank=96.15% val_acq_acc=100.00% score=8.888 best=7.117 patience=3/10
temporal epoch=035/80 loss=7.54792 center_teacher=1.000 acq_teacher=1.000 capture=100.00% bank_capture=100.00% acq_acc=100.00% acq_conf=0.718 radius=0.0m pred_step=3.964 target_step=5.543 pred_v=4.097 target_v=5.543 val_mle=6.857m val_p90=10.207m val_speed_mae=3.235 heading=0.6/-1.7deg val_progress_mae=4.411m val_heading_mae=39.0deg val_capture=96.15% val_bank=96.15% val_acq_acc=100.00% score=7.673 best=7.117 patience=4/10
temporal epoch=036/80 loss=7.05102 center_teacher=1.000 acq_teacher=1.000 capture=100.00% bank_capture=100.00% acq_acc=100.00% acq_conf=0.719 radius=0.0m pred_step=5.022 target_step=5.543 pred_v=5.021 target_v=5.543 val_mle=6.618m val_p90=8.416m val_speed_mae=2.874 heading=0.8/-1.7deg val_progress_mae=4.939m val_heading_mae=39.0deg val_capture=96.15% val_bank=96.15% val_acq_acc=100.00% score=7.424 best=7.117 patience=5/10
temporal epoch=037/80 loss=7.28171 center_teacher=1.000 acq_teacher=1.000 capture=100.00% bank_capture=100.00% acq_acc=100.00% acq_conf=0.719 radius=0.0m pred_step=6.517 target_step=5.543 pred_v=6.333 target_v=5.543 val_mle=10.008m val_p90=13.773m val_speed_mae=2.817 heading=1.4/-1.7deg val_progress_mae=4.767m val_heading_mae=39.1deg val_capture=96.15% val_bank=96.15% val_acq_acc=100.00% score=10.801 best=7.117 patience=6/10
temporal epoch=038/80 loss=7.01354 center_teacher=1.000 acq_teacher=1.000 capture=100.00% bank_capture=100.00% acq_acc=100.00% acq_conf=0.720 radius=0.0m pred_step=4.948 target_step=5.543 pred_v=4.984 target_v=5.543 val_mle=7.171m val_p90=9.612m val_speed_mae=2.990 heading=1.3/-1.7deg val_progress_mae=5.681m val_heading_mae=39.3deg val_capture=96.15% val_bank=96.15% val_acq_acc=100.00% score=8.028 best=7.117 patience=7/10
temporal epoch=039/80 loss=6.81582 center_teacher=1.000 acq_teacher=1.000 capture=100.00% bank_capture=100.00% acq_acc=100.00% acq_conf=0.720 radius=0.0m pred_step=5.335 target_step=5.543 pred_v=5.300 target_v=5.543 val_mle=9.350m val_p90=13.627m val_speed_mae=2.791 heading=0.1/-1.7deg val_progress_mae=5.719m val_heading_mae=39.5deg val_capture=96.15% val_bank=96.15% val_acq_acc=100.00% score=10.189 best=7.117 patience=8/10
temporal epoch=040/80 loss=6.94980 center_teacher=1.000 acq_teacher=1.000 capture=100.00% bank_capture=100.00% acq_acc=100.00% acq_conf=0.720 radius=0.0m pred_step=5.823 target_step=5.543 pred_v=5.719 target_v=5.543 val_mle=7.879m val_p90=10.318m val_speed_mae=3.064 heading=0.0/-1.7deg val_progress_mae=6.489m val_heading_mae=39.5deg val_capture=96.15% val_bank=96.15% val_acq_acc=100.00% score=8.784 best=7.117 patience=9/10
temporal epoch=041/80 loss=6.95759 center_teacher=1.000 acq_teacher=1.000 capture=100.00% bank_capture=100.00% acq_acc=100.00% acq_conf=0.720 radius=0.0m pred_step=4.927 target_step=5.543 pred_v=4.956 target_v=5.543 val_mle=10.626m val_p90=14.514m val_speed_mae=3.129 heading=0.8/-1.7deg val_progress_mae=5.319m val_heading_mae=39.5deg val_capture=96.15% val_bank=96.15% val_acq_acc=100.00% score=11.480 best=7.117 patience=10/10
EARLY STOP: controlled local-prior validation score did not improve by 0.005 for 10 epochs.
