[PREPARED] PASS | city=cityb | step=4 m | selection=soft_sequence_v13_multicity_auto_train_fullroute | existing GT/routes unchanged
[CADENCE] source=experiment_route_stats_train_01 | mean=5.769227 m | p90=10.316216 m | p95=11.515852 m
[OK] clean v39 runtime: Forward-18 SoftMS -> GRU -> Kalman -> one final MeanShift
[OK] weighted-centroid decoder removed from generated runtime source
[PATCH OK] temporal GRU = mean + delta + delta2 + SAT + SoftMS position + visual displacement + previous state
[PATCH OK] motion head = bounded residual around previous stable motion
[PATCH OK] training/validation/inference motion states all start from current-city cadence
[PATCH OK] acceleration supervision and measurement-trusting Kalman knobs enabled
[PATCH OK] no split/dual/inference gate; no prediction-position innovation
[V39-BEARING] final-MS route-centerline reference patch: PASS
[ARCH-AUDIT] forward_18: PASS
[ARCH-AUDIT] base_geometry_6x6: PASS
[ARCH-AUDIT] front_softms_source: PASS
[ARCH-AUDIT] one_final_ms_source: PASS
[ARCH-AUDIT] front_decoder_softms: PASS
[ARCH-AUDIT] simple_seven_block_gru: PASS
[ARCH-AUDIT] residual_motion_head: PASS
[ARCH-AUDIT] causal_visual_displacement: PASS
[ARCH-AUDIT] cadence_initialized_tracker: PASS
[ARCH-AUDIT] motion_training_inference_aligned: PASS
[ARCH-AUDIT] training_city_motion_scale_init: PASS
[ARCH-AUDIT] forward_origin_backshift_covers_jitter: PASS
[ARCH-AUDIT] protocol: PASS
[ARCH-AUDIT] controlled_gt_reference_enabled: PASS
[ARCH-AUDIT] frame_count: PASS
[ARCH-AUDIT] gru_flag: PASS
[ARCH-AUDIT] kalman_flag: PASS
[TRAIN] reuse visual checkpoint /yh/study/uav-sat/v39_otherdata/iclr_bearing_4city_residual_20260920_065525/cityb/train_frames2/checkpoints/visual_retrieval_A_only.pt
route_A: reuse UAV backbone cache
temporal split train=[0,135) val=[139,165) route_length=789.4m
City training-sequence mean forward step=5.743m/frame p90=10.578m/frame
temporal epoch=001/80 loss=11.57999 center_teacher=1.000 acq_teacher=1.000 capture=100.00% bank_capture=100.00% acq_acc=100.00% acq_conf=0.626 radius=0.0m pred_step=5.576 target_step=5.743 pred_v=5.599 target_v=5.743 val_mle=10.477m val_p90=12.054m val_speed_mae=2.669 heading=0.0/-1.5deg val_progress_mae=9.312m val_heading_mae=31.0deg val_capture=96.15% val_bank=96.15% val_acq_acc=100.00% score=11.441 best=11.441 patience=0/10
temporal epoch=002/80 loss=11.46996 center_teacher=1.000 acq_teacher=1.000 capture=100.00% bank_capture=100.00% acq_acc=100.00% acq_conf=0.625 radius=0.0m pred_step=4.807 target_step=5.743 pred_v=4.921 target_v=5.743 val_mle=10.520m val_p90=12.147m val_speed_mae=2.593 heading=-0.2/-1.5deg val_progress_mae=9.219m val_heading_mae=31.0deg val_capture=96.15% val_bank=96.15% val_acq_acc=100.00% score=11.472 best=11.441 patience=1/10
temporal epoch=003/80 loss=11.14037 center_teacher=1.000 acq_teacher=1.000 capture=100.00% bank_capture=100.00% acq_acc=100.00% acq_conf=0.627 radius=0.0m pred_step=5.159 target_step=5.743 pred_v=5.228 target_v=5.743 val_mle=10.405m val_p90=12.136m val_speed_mae=2.563 heading=-0.5/-1.5deg val_progress_mae=8.869m val_heading_mae=31.0deg val_capture=96.15% val_bank=96.15% val_acq_acc=100.00% score=11.337 best=11.337 patience=0/10
temporal epoch=004/80 loss=11.00316 center_teacher=1.000 acq_teacher=1.000 capture=100.00% bank_capture=100.00% acq_acc=100.00% acq_conf=0.626 radius=0.0m pred_step=5.677 target_step=5.743 pred_v=5.682 target_v=5.743 val_mle=10.143m val_p90=11.925m val_speed_mae=2.584 heading=-0.7/-1.5deg val_progress_mae=8.570m val_heading_mae=31.0deg val_capture=96.15% val_bank=96.15% val_acq_acc=100.00% score=11.062 best=11.062 patience=0/10
temporal epoch=005/80 loss=10.83413 center_teacher=1.000 acq_teacher=1.000 capture=100.00% bank_capture=100.00% acq_acc=100.00% acq_conf=0.626 radius=0.0m pred_step=5.719 target_step=5.743 pred_v=5.720 target_v=5.743 val_mle=9.879m val_p90=11.660m val_speed_mae=2.530 heading=-0.8/-1.5deg val_progress_mae=8.333m val_heading_mae=31.0deg val_capture=96.15% val_bank=96.15% val_acq_acc=100.00% score=10.781 best=10.781 patience=0/10
temporal epoch=006/80 loss=10.68623 center_teacher=1.000 acq_teacher=1.000 capture=100.00% bank_capture=100.00% acq_acc=100.00% acq_conf=0.626 radius=0.0m pred_step=5.264 target_step=5.743 pred_v=5.323 target_v=5.743 val_mle=9.389m val_p90=11.132m val_speed_mae=2.664 heading=-0.8/-1.5deg val_progress_mae=8.048m val_heading_mae=31.0deg val_capture=96.15% val_bank=96.15% val_acq_acc=100.00% score=10.289 best=10.289 patience=0/10
temporal epoch=007/80 loss=10.62749 center_teacher=1.000 acq_teacher=1.000 capture=100.00% bank_capture=100.00% acq_acc=100.00% acq_conf=0.626 radius=0.0m pred_step=4.809 target_step=5.743 pred_v=4.924 target_v=5.743 val_mle=9.071m val_p90=10.631m val_speed_mae=2.640 heading=-0.7/-1.5deg val_progress_mae=7.708m val_heading_mae=31.0deg val_capture=96.15% val_bank=96.15% val_acq_acc=100.00% score=9.952 best=9.952 patience=0/10
temporal epoch=008/80 loss=10.49372 center_teacher=1.000 acq_teacher=1.000 capture=100.00% bank_capture=100.00% acq_acc=100.00% acq_conf=0.626 radius=0.0m pred_step=5.045 target_step=5.743 pred_v=5.128 target_v=5.743 val_mle=8.876m val_p90=10.352m val_speed_mae=2.531 heading=-0.6/-1.5deg val_progress_mae=7.393m val_heading_mae=31.0deg val_capture=96.15% val_bank=96.15% val_acq_acc=100.00% score=9.731 best=9.731 patience=0/10
temporal epoch=009/80 loss=10.39677 center_teacher=1.000 acq_teacher=1.000 capture=100.00% bank_capture=100.00% acq_acc=100.00% acq_conf=0.626 radius=0.0m pred_step=5.486 target_step=5.743 pred_v=5.510 target_v=5.743 val_mle=8.682m val_p90=10.160m val_speed_mae=2.561 heading=-0.5/-1.5deg val_progress_mae=7.184m val_heading_mae=31.0deg val_capture=96.15% val_bank=96.15% val_acq_acc=100.00% score=9.529 best=9.529 patience=0/10
temporal epoch=010/80 loss=10.32013 center_teacher=1.000 acq_teacher=1.000 capture=100.00% bank_capture=100.00% acq_acc=100.00% acq_conf=0.626 radius=0.0m pred_step=5.580 target_step=5.743 pred_v=5.593 target_v=5.743 val_mle=8.569m val_p90=10.241m val_speed_mae=2.526 heading=-0.7/-1.5deg val_progress_mae=7.124m val_heading_mae=31.0deg val_capture=96.15% val_bank=96.15% val_acq_acc=100.00% score=9.410 best=9.410 patience=0/10
temporal epoch=011/80 loss=10.21995 center_teacher=1.000 acq_teacher=1.000 capture=100.00% bank_capture=100.00% acq_acc=100.00% acq_conf=0.626 radius=0.0m pred_step=5.320 target_step=5.743 pred_v=5.366 target_v=5.743 val_mle=8.816m val_p90=10.785m val_speed_mae=2.607 heading=-0.8/-1.5deg val_progress_mae=7.164m val_heading_mae=31.0deg val_capture=96.15% val_bank=96.15% val_acq_acc=100.00% score=9.667 best=9.410 patience=1/10
temporal epoch=012/80 loss=10.20394 center_teacher=1.000 acq_teacher=1.000 capture=100.00% bank_capture=100.00% acq_acc=100.00% acq_conf=0.626 radius=0.0m pred_step=4.917 target_step=5.743 pred_v=5.016 target_v=5.743 val_mle=8.722m val_p90=10.716m val_speed_mae=2.570 heading=-0.9/-1.5deg val_progress_mae=7.030m val_heading_mae=30.9deg val_capture=96.15% val_bank=96.15% val_acq_acc=100.00% score=9.562 best=9.410 patience=2/10
temporal epoch=013/80 loss=10.13696 center_teacher=1.000 acq_teacher=1.000 capture=100.00% bank_capture=100.00% acq_acc=100.00% acq_conf=0.626 radius=0.0m pred_step=5.134 target_step=5.743 pred_v=5.202 target_v=5.743 val_mle=8.210m val_p90=10.101m val_speed_mae=2.571 heading=-0.9/-1.5deg val_progress_mae=6.721m val_heading_mae=30.9deg val_capture=96.15% val_bank=96.15% val_acq_acc=100.00% score=9.035 best=9.035 patience=0/10
temporal epoch=014/80 loss=10.14775 center_teacher=1.000 acq_teacher=1.000 capture=100.00% bank_capture=100.00% acq_acc=100.00% acq_conf=0.626 radius=0.0m pred_step=5.720 target_step=5.743 pred_v=5.706 target_v=5.743 val_mle=8.113m val_p90=9.913m val_speed_mae=2.586 heading=-0.9/-1.5deg val_progress_mae=6.603m val_heading_mae=30.9deg val_capture=96.15% val_bank=96.15% val_acq_acc=100.00% score=8.933 best=8.933 patience=0/10
temporal epoch=015/80 loss=10.07480 center_teacher=1.000 acq_teacher=1.000 capture=100.00% bank_capture=100.00% acq_acc=100.00% acq_conf=0.626 radius=0.0m pred_step=5.607 target_step=5.743 pred_v=5.605 target_v=5.743 val_mle=8.349m val_p90=10.399m val_speed_mae=2.657 heading=-0.9/-1.5deg val_progress_mae=6.688m val_heading_mae=30.9deg val_capture=96.15% val_bank=96.15% val_acq_acc=100.00% score=9.181 best=8.933 patience=1/10
temporal epoch=016/80 loss=10.12656 center_teacher=1.000 acq_teacher=1.000 capture=100.00% bank_capture=100.00% acq_acc=100.00% acq_conf=0.626 radius=0.0m pred_step=4.586 target_step=5.743 pred_v=4.715 target_v=5.743 val_mle=7.996m val_p90=10.021m val_speed_mae=2.514 heading=-0.9/-1.5deg val_progress_mae=6.464m val_heading_mae=30.9deg val_capture=96.15% val_bank=96.15% val_acq_acc=100.00% score=8.802 best=8.802 patience=0/10
temporal epoch=017/80 loss=10.02254 center_teacher=1.000 acq_teacher=1.000 capture=100.00% bank_capture=100.00% acq_acc=100.00% acq_conf=0.626 radius=0.0m pred_step=5.506 target_step=5.743 pred_v=5.505 target_v=5.743 val_mle=7.860m val_p90=9.367m val_speed_mae=3.060 heading=-0.9/-1.5deg val_progress_mae=6.175m val_heading_mae=30.9deg val_capture=96.15% val_bank=96.15% val_acq_acc=100.00% score=8.706 best=8.706 patience=0/10
temporal epoch=018/80 loss=10.17936 center_teacher=1.000 acq_teacher=1.000 capture=100.00% bank_capture=100.00% acq_acc=100.00% acq_conf=0.626 radius=0.0m pred_step=6.340 target_step=5.743 pred_v=6.222 target_v=5.743 val_mle=8.171m val_p90=10.253m val_speed_mae=2.650 heading=-0.9/-1.5deg val_progress_mae=6.427m val_heading_mae=30.9deg val_capture=96.15% val_bank=96.15% val_acq_acc=100.00% score=8.989 best=8.706 patience=1/10
temporal epoch=019/80 loss=10.13492 center_teacher=1.000 acq_teacher=1.000 capture=100.00% bank_capture=100.00% acq_acc=100.00% acq_conf=0.625 radius=0.0m pred_step=4.289 target_step=5.743 pred_v=4.444 target_v=5.743 val_mle=8.047m val_p90=10.176m val_speed_mae=2.521 heading=-1.1/-1.5deg val_progress_mae=6.328m val_heading_mae=30.9deg val_capture=96.15% val_bank=96.15% val_acq_acc=100.00% score=8.847 best=8.706 patience=2/10
temporal epoch=020/80 loss=10.06981 center_teacher=1.000 acq_teacher=1.000 capture=100.00% bank_capture=100.00% acq_acc=100.00% acq_conf=0.625 radius=0.0m pred_step=5.741 target_step=5.743 pred_v=5.695 target_v=5.743 val_mle=7.691m val_p90=9.202m val_speed_mae=3.979 heading=-1.0/-1.5deg val_progress_mae=5.905m val_heading_mae=30.9deg val_capture=96.15% val_bank=96.15% val_acq_acc=100.00% score=8.616 best=8.616 patience=0/10
temporal epoch=021/80 loss=10.30492 center_teacher=1.000 acq_teacher=1.000 capture=100.00% bank_capture=100.00% acq_acc=100.00% acq_conf=0.626 radius=0.0m pred_step=6.987 target_step=5.743 pred_v=6.770 target_v=5.743 val_mle=10.059m val_p90=14.964m val_speed_mae=5.613 heading=-1.0/-1.5deg val_progress_mae=6.123m val_heading_mae=30.9deg val_capture=96.15% val_bank=96.15% val_acq_acc=100.00% score=11.158 best=8.616 patience=1/10
temporal epoch=022/80 loss=11.76236 center_teacher=1.000 acq_teacher=1.000 capture=100.00% bank_capture=100.00% acq_acc=100.00% acq_conf=0.627 radius=0.0m pred_step=1.786 target_step=5.743 pred_v=2.187 target_v=5.743 val_mle=7.674m val_p90=9.436m val_speed_mae=2.514 heading=-1.3/-1.5deg val_progress_mae=6.124m val_heading_mae=30.9deg val_capture=96.15% val_bank=96.15% val_acq_acc=100.00% score=8.464 best=8.464 patience=0/10
temporal epoch=023/80 loss=10.88404 center_teacher=1.000 acq_teacher=1.000 capture=100.00% bank_capture=100.00% acq_acc=100.00% acq_conf=0.627 radius=0.0m pred_step=7.303 target_step=5.743 pred_v=7.034 target_v=5.743 val_mle=8.082m val_p90=9.572m val_speed_mae=3.533 heading=-1.1/-1.5deg val_progress_mae=5.987m val_heading_mae=31.0deg val_capture=96.15% val_bank=96.15% val_acq_acc=100.00% score=8.966 best=8.464 patience=1/10
temporal epoch=024/80 loss=9.72880 center_teacher=1.000 acq_teacher=1.000 capture=100.00% bank_capture=100.00% acq_acc=100.00% acq_conf=0.626 radius=0.0m pred_step=6.426 target_step=5.743 pred_v=6.282 target_v=5.743 val_mle=11.501m val_p90=16.489m val_speed_mae=5.520 heading=-1.6/-1.5deg val_progress_mae=6.060m val_heading_mae=31.0deg val_capture=96.15% val_bank=96.15% val_acq_acc=100.00% score=12.588 best=8.464 patience=2/10
temporal epoch=025/80 loss=11.18989 center_teacher=1.000 acq_teacher=1.000 capture=100.00% bank_capture=100.00% acq_acc=100.00% acq_conf=0.627 radius=0.0m pred_step=1.904 target_step=5.743 pred_v=2.373 target_v=5.743 val_mle=8.117m val_p90=9.612m val_speed_mae=6.045 heading=-2.0/-1.5deg val_progress_mae=6.186m val_heading_mae=31.1deg val_capture=96.15% val_bank=96.15% val_acq_acc=100.00% score=9.263 best=8.464 patience=3/10
temporal epoch=026/80 loss=14.17545 center_teacher=1.000 acq_teacher=1.000 capture=100.00% bank_capture=100.00% acq_acc=100.00% acq_conf=0.627 radius=0.0m pred_step=10.569 target_step=5.743 pred_v=10.272 target_v=5.743 val_mle=7.897m val_p90=9.605m val_speed_mae=5.480 heading=-1.6/-1.5deg val_progress_mae=6.497m val_heading_mae=31.2deg val_capture=96.15% val_bank=96.15% val_acq_acc=100.00% score=9.003 best=8.464 patience=4/10
temporal epoch=027/80 loss=9.90398 center_teacher=1.000 acq_teacher=1.000 capture=100.00% bank_capture=100.00% acq_acc=100.00% acq_conf=0.627 radius=0.0m pred_step=7.872 target_step=5.743 pred_v=7.571 target_v=5.743 val_mle=12.770m val_p90=17.166m val_speed_mae=5.572 heading=-3.3/-1.5deg val_progress_mae=6.353m val_heading_mae=31.3deg val_capture=96.15% val_bank=96.15% val_acq_acc=100.00% score=13.878 best=8.464 patience=5/10
temporal epoch=028/80 loss=11.96723 center_teacher=1.000 acq_teacher=1.000 capture=100.00% bank_capture=100.00% acq_acc=100.00% acq_conf=0.626 radius=0.0m pred_step=0.934 target_step=5.743 pred_v=1.457 target_v=5.743 val_mle=12.586m val_p90=17.164m val_speed_mae=5.546 heading=-3.5/-1.5deg val_progress_mae=6.023m val_heading_mae=31.4deg val_capture=96.15% val_bank=96.15% val_acq_acc=100.00% score=13.676 best=8.464 patience=6/10
temporal epoch=029/80 loss=10.92318 center_teacher=1.000 acq_teacher=1.000 capture=100.00% bank_capture=100.00% acq_acc=100.00% acq_conf=0.627 radius=0.0m pred_step=1.765 target_step=5.743 pred_v=2.268 target_v=5.743 val_mle=8.956m val_p90=13.697m val_speed_mae=2.485 heading=-4.1/-1.5deg val_progress_mae=5.012m val_heading_mae=31.7deg val_capture=100.00% val_bank=100.00% val_acq_acc=100.00% score=9.614 best=8.464 patience=7/10
temporal epoch=030/80 loss=12.99794 center_teacher=1.000 acq_teacher=1.000 capture=100.00% bank_capture=100.00% acq_acc=100.00% acq_conf=0.627 radius=0.0m pred_step=9.685 target_step=5.743 pred_v=9.247 target_v=5.743 val_mle=8.744m val_p90=13.618m val_speed_mae=2.835 heading=-3.8/-1.5deg val_progress_mae=4.759m val_heading_mae=32.0deg val_capture=100.00% val_bank=100.00% val_acq_acc=100.00% score=9.425 best=8.464 patience=8/10
temporal epoch=031/80 loss=10.88346 center_teacher=1.000 acq_teacher=1.000 capture=100.00% bank_capture=100.00% acq_acc=100.00% acq_conf=0.630 radius=0.0m pred_step=8.851 target_step=5.743 pred_v=8.334 target_v=5.743 val_mle=9.296m val_p90=14.478m val_speed_mae=5.231 heading=-5.5/-1.5deg val_progress_mae=6.047m val_heading_mae=32.4deg val_capture=100.00% val_bank=100.00% val_acq_acc=100.00% score=10.283 best=8.464 patience=9/10
temporal epoch=032/80 loss=9.99857 center_teacher=1.000 acq_teacher=1.000 capture=100.00% bank_capture=100.00% acq_acc=100.00% acq_conf=0.636 radius=0.0m pred_step=2.456 target_step=5.743 pred_v=2.828 target_v=5.743 val_mle=9.439m val_p90=13.725m val_speed_mae=4.707 heading=-7.2/-1.5deg val_progress_mae=6.788m val_heading_mae=32.4deg val_capture=100.00% val_bank=100.00% val_acq_acc=100.00% score=10.411 best=8.464 patience=10/10
EARLY STOP: controlled local-prior validation score did not improve by 0.005 for 10 epochs.
