route_A: reuse UAV backbone cache
====================================================================================================
Route-A multi-rate temporal training
native A train: frames=1196 mean_step=2.939m/frame median=3.239m/frame
stride-2 A train: frames=598 mean_step=5.873m/frame median=6.577m/frame
validation=original Route-A native-rate split (1228, 1456); Route-B/C remain evaluation only
====================================================================================================
multirate epoch=001/60 native_loss=1.99141 stride2_loss=4.33832 val_mle=5.558m val_p90=9.879m score=11.519 best=11.519 patience=0/15
multirate epoch=002/60 native_loss=0.80623 stride2_loss=3.24021 val_mle=5.323m val_p90=9.837m score=10.147 best=10.147 patience=0/15
multirate epoch=003/60 native_loss=0.80652 stride2_loss=3.26806 val_mle=5.219m val_p90=9.806m score=9.916 best=9.916 patience=0/15
multirate epoch=004/60 native_loss=0.76782 stride2_loss=3.22925 val_mle=5.170m val_p90=9.806m score=9.645 best=9.645 patience=0/15
multirate epoch=005/60 native_loss=0.76227 stride2_loss=3.17716 val_mle=5.061m val_p90=9.800m score=9.292 best=9.292 patience=0/15
multirate epoch=006/60 native_loss=0.76027 stride2_loss=3.08538 val_mle=5.068m val_p90=9.806m score=9.055 best=9.055 patience=0/15
multirate epoch=007/60 native_loss=0.76077 stride2_loss=2.84268 val_mle=5.079m val_p90=9.806m score=8.669 best=8.669 patience=0/15
multirate epoch=008/60 native_loss=0.74935 stride2_loss=2.57566 val_mle=5.083m val_p90=9.800m score=8.177 best=8.177 patience=0/15
multirate epoch=009/60 native_loss=0.80353 stride2_loss=2.43720 val_mle=5.089m val_p90=9.806m score=7.962 best=7.962 patience=0/15
multirate epoch=010/60 native_loss=0.95456 stride2_loss=2.70602 val_mle=5.092m val_p90=9.806m score=8.228 best=7.962 patience=1/15
multirate epoch=011/60 native_loss=0.83786 stride2_loss=2.69445 val_mle=5.093m val_p90=9.806m score=8.328 best=7.962 patience=2/15
multirate epoch=012/60 native_loss=0.77982 stride2_loss=2.60212 val_mle=5.098m val_p90=9.806m score=8.198 best=7.962 patience=3/15
multirate epoch=013/60 native_loss=0.69864 stride2_loss=2.36635 val_mle=5.079m val_p90=9.806m score=7.978 best=7.962 patience=4/15
multirate epoch=014/60 native_loss=0.89355 stride2_loss=2.50116 val_mle=5.072m val_p90=9.806m score=8.079 best=7.962 patience=5/15
multirate epoch=015/60 native_loss=0.74923 stride2_loss=2.34320 val_mle=5.068m val_p90=9.806m score=8.058 best=7.962 patience=6/15
multirate epoch=016/60 native_loss=0.71861 stride2_loss=2.16554 val_mle=5.063m val_p90=9.800m score=8.121 best=7.962 patience=7/15
multirate epoch=017/60 native_loss=0.87252 stride2_loss=2.11327 val_mle=5.053m val_p90=9.800m score=8.146 best=7.962 patience=8/15
multirate epoch=018/60 native_loss=0.93024 stride2_loss=2.44258 val_mle=5.050m val_p90=9.800m score=8.079 best=7.962 patience=9/15
multirate epoch=019/60 native_loss=0.75769 stride2_loss=2.38198 val_mle=5.058m val_p90=9.800m score=8.118 best=7.962 patience=10/15
multirate epoch=020/60 native_loss=0.67860 stride2_loss=2.35612 val_mle=5.066m val_p90=9.800m score=8.141 best=7.962 patience=11/15
multirate epoch=021/60 native_loss=0.64648 stride2_loss=2.32941 val_mle=5.079m val_p90=9.800m score=8.177 best=7.962 patience=12/15
multirate epoch=022/60 native_loss=0.66216 stride2_loss=2.29481 val_mle=5.090m val_p90=9.798m score=8.216 best=7.962 patience=13/15
multirate epoch=023/60 native_loss=0.65781 stride2_loss=2.31482 val_mle=5.098m val_p90=9.790m score=8.223 best=7.962 patience=14/15
multirate epoch=024/60 native_loss=0.62863 stride2_loss=2.20358 val_mle=5.101m val_p90=9.806m score=8.271 best=7.962 patience=15/15
best validation score=7.962
best checkpoint=/yh/study/uav-sat/v36_byTeacher/output/mobilenet_v3_small/checkpoints/controlled_referenceprior_forward3x6_ms_previous_position_2frame_mobilenet_v3_small_direct_softms_gru_motion_heading_learned_variance_multirate_A_native_plus_stride2_v7.pt
evaluation routes remain Route-B and Route-C
