[PREPARED] PASS | city=cityc | step=4 m | selection=soft_sequence_v13_multicity_auto_train_fullroute | existing GT/routes unchanged
[CADENCE] source=experiment_route_stats_train_01 | mean=5.807527 m | p90=11.516146 m | p95=13.307293 m
[OK] clean v39 runtime: Forward-18 SoftMS -> GRU -> Kalman -> one final MeanShift
[OK] weighted-centroid decoder removed from generated runtime source
[PATCH OK] GRU = current + delta + delta2 + SAT + SoftMS position + visual displacement + previous state
[PATCH OK] V5 3-frame direct acceleration + next-step correction
[PATCH OK] training/validation/inference motion starts from current-city cadence
[PATCH OK] Kalman = smooth confidence-adaptive measurement-preserving residual fusion
[PATCH OK] step corridor = continuous confidence relaxation
[PATCH OK] no held-out navigation result is read by this patch
[V39-BEARING] final-MS route-centerline reference patch: PASS
[ARCH-AUDIT] forward_18: PASS
[ARCH-AUDIT] base_geometry_6x6: PASS
[ARCH-AUDIT] front_softms_source: PASS
[ARCH-AUDIT] one_final_ms_source: PASS
[ARCH-AUDIT] front_decoder_softms: PASS
[ARCH-AUDIT] simple_seven_block_gru: PASS
[ARCH-AUDIT] residual_motion_head: PASS
[ARCH-AUDIT] causal_visual_displacement: PASS
[ARCH-AUDIT] cadence_initialized_tracker: PASS
[ARCH-AUDIT] motion_training_inference_aligned: PASS
[ARCH-AUDIT] training_city_motion_scale_init: PASS
[ARCH-AUDIT] forward_origin_backshift_covers_jitter: PASS
[ARCH-AUDIT] protocol: PASS
[ARCH-AUDIT] controlled_gt_reference_enabled: PASS
[ARCH-AUDIT] frame_count: PASS
[ARCH-AUDIT] gru_flag: PASS
[ARCH-AUDIT] kalman_flag: PASS
[SAT-CACHE LOCK] waiting pid=1261517 lock=/tmp/uavsat_formal_v5_sat_cache.lock
[SAT-CACHE LOCK] acquired pid=1261517
satellite backbone cache: 128/47961
satellite backbone cache: 2688/47961
satellite backbone cache: 5248/47961
satellite backbone cache: 7808/47961
satellite backbone cache: 10368/47961
satellite backbone cache: 12928/47961
satellite backbone cache: 15488/47961
satellite backbone cache: 18048/47961
satellite backbone cache: 20608/47961
satellite backbone cache: 23168/47961
satellite backbone cache: 25728/47961
satellite backbone cache: 28288/47961
satellite backbone cache: 30848/47961
satellite backbone cache: 33408/47961
satellite backbone cache: 35968/47961
satellite backbone cache: 38528/47961
satellite backbone cache: 41088/47961
satellite backbone cache: 43648/47961
satellite backbone cache: 46208/47961
satellite backbone cache: 47961/47961
satellite gallery size=47961
[SAT-CACHE LOCK] released pid=1261517
Route A backbone cache: 128/194
Route A backbone cache: 194/194
Route A visual candidate capture=100.00%
visual epoch=001/30 loss=4.60081 val_softms_mle=9.165m val_p90=14.033m val_lsr10=60.00%
visual epoch=002/30 loss=4.15324 val_softms_mle=9.101m val_p90=14.130m val_lsr10=64.00%
visual epoch=003/30 loss=3.82006 val_softms_mle=9.508m val_p90=13.330m val_lsr10=52.00%
visual epoch=004/30 loss=3.72855 val_softms_mle=10.084m val_p90=15.542m val_lsr10=48.00%
visual epoch=005/30 loss=3.62242 val_softms_mle=9.989m val_p90=15.729m val_lsr10=52.00%
visual epoch=006/30 loss=3.56841 val_softms_mle=10.676m val_p90=16.015m val_lsr10=48.00%
visual epoch=007/30 loss=3.48170 val_softms_mle=11.778m val_p90=16.964m val_lsr10=36.00%
visual epoch=008/30 loss=3.38311 val_softms_mle=12.364m val_p90=18.062m val_lsr10=24.00%
visual epoch=009/30 loss=3.17961 val_softms_mle=12.476m val_p90=18.347m val_lsr10=24.00%
visual epoch=010/30 loss=3.04602 val_softms_mle=13.258m val_p90=19.047m val_lsr10=20.00%
visual early stopping: Route A validation stopped improving
best Route A visual validation SoftMS MLE=9.101m
route_A backbone cache: 128/194
route_A backbone cache: 194/194
temporal split train=[0,133) val=[137,162) route_length=789.4m
City training-sequence mean forward step=5.556m/frame p90=11.289m/frame
temporal epoch=001/100 loss=14.30339 center_teacher=1.000 acq_teacher=1.000 capture=100.00% bank_capture=100.00% acq_acc=100.00% acq_conf=0.648 radius=0.0m pred_step=5.440 target_step=5.556 pred_v=5.496 target_v=5.556 val_mle=12.616m val_p90=14.445m val_speed_mae=4.203 heading=-0.1/-0.0deg val_progress_mae=11.906m val_heading_mae=37.6deg val_capture=88.00% val_bank=88.00% val_acq_acc=100.00% score=13.498 best=13.498 patience=0/4
temporal epoch=002/100 loss=15.00413 center_teacher=1.000 acq_teacher=1.000 capture=100.00% bank_capture=100.00% acq_acc=100.00% acq_conf=0.648 radius=0.0m pred_step=3.851 target_step=5.556 pred_v=4.136 target_v=5.556 val_mle=12.480m val_p90=14.327m val_speed_mae=3.806 heading=-0.1/-0.0deg val_progress_mae=11.741m val_heading_mae=37.6deg val_capture=88.00% val_bank=88.00% val_acq_acc=100.00% score=13.338 best=13.338 patience=0/4
temporal epoch=003/100 loss=13.96334 center_teacher=1.000 acq_teacher=1.000 capture=100.00% bank_capture=100.00% acq_acc=100.00% acq_conf=0.648 radius=0.0m pred_step=4.553 target_step=5.556 pred_v=4.677 target_v=5.556 val_mle=12.289m val_p90=14.174m val_speed_mae=3.131 heading=0.0/-0.0deg val_progress_mae=11.509m val_heading_mae=37.6deg val_capture=88.00% val_bank=88.00% val_acq_acc=100.00% score=13.106 best=13.106 patience=0/4
temporal epoch=004/100 loss=13.73209 center_teacher=1.000 acq_teacher=1.000 capture=100.00% bank_capture=100.00% acq_acc=100.00% acq_conf=0.648 radius=0.0m pred_step=5.701 target_step=5.556 pred_v=5.601 target_v=5.556 val_mle=12.071m val_p90=14.000m val_speed_mae=3.036 heading=-0.1/-0.0deg val_progress_mae=11.246m val_heading_mae=37.6deg val_capture=88.00% val_bank=88.00% val_acq_acc=100.00% score=12.875 best=12.875 patience=0/4
temporal epoch=005/100 loss=13.71756 center_teacher=1.000 acq_teacher=1.000 capture=100.00% bank_capture=100.00% acq_acc=100.00% acq_conf=0.648 radius=0.0m pred_step=6.064 target_step=5.556 pred_v=5.876 target_v=5.556 val_mle=11.840m val_p90=13.820m val_speed_mae=3.086 heading=-0.3/-0.0deg val_progress_mae=10.965m val_heading_mae=37.6deg val_capture=88.00% val_bank=88.00% val_acq_acc=100.00% score=12.639 best=12.639 patience=0/4
temporal epoch=006/100 loss=13.49041 center_teacher=1.000 acq_teacher=1.000 capture=100.00% bank_capture=100.00% acq_acc=100.00% acq_conf=0.653 radius=0.0m pred_step=5.670 target_step=5.556 pred_v=5.523 target_v=5.556 val_mle=11.605m val_p90=13.639m val_speed_mae=3.309 heading=-0.4/-0.0deg val_progress_mae=10.673m val_heading_mae=37.6deg val_capture=88.00% val_bank=88.00% val_acq_acc=100.00% score=12.406 best=12.406 patience=0/4
temporal epoch=007/100 loss=13.31054 center_teacher=1.000 acq_teacher=1.000 capture=100.00% bank_capture=100.00% acq_acc=100.00% acq_conf=0.650 radius=0.0m pred_step=4.970 target_step=5.556 pred_v=4.919 target_v=5.556 val_mle=11.366m val_p90=13.414m val_speed_mae=3.778 heading=-0.3/-0.0deg val_progress_mae=10.373m val_heading_mae=37.6deg val_capture=88.00% val_bank=88.00% val_acq_acc=100.00% score=12.182 best=12.182 patience=0/4
temporal epoch=008/100 loss=13.38935 center_teacher=1.000 acq_teacher=1.000 capture=100.00% bank_capture=100.00% acq_acc=100.00% acq_conf=0.648 radius=0.0m pred_step=4.410 target_step=5.556 pred_v=4.438 target_v=5.556 val_mle=11.123m val_p90=13.173m val_speed_mae=3.795 heading=-0.1/-0.0deg val_progress_mae=10.065m val_heading_mae=37.6deg val_capture=88.00% val_bank=88.00% val_acq_acc=100.00% score=11.930 best=11.930 patience=0/4
temporal epoch=009/100 loss=13.07719 center_teacher=1.000 acq_teacher=1.000 capture=100.00% bank_capture=100.00% acq_acc=100.00% acq_conf=0.648 radius=0.0m pred_step=4.564 target_step=5.556 pred_v=4.563 target_v=5.556 val_mle=10.889m val_p90=12.961m val_speed_mae=3.288 heading=-0.1/-0.0deg val_progress_mae=9.762m val_heading_mae=37.6deg val_capture=88.00% val_bank=88.00% val_acq_acc=100.00% score=11.662 best=11.662 patience=0/4
temporal epoch=010/100 loss=12.85953 center_teacher=1.000 acq_teacher=1.000 capture=100.00% bank_capture=100.00% acq_acc=100.00% acq_conf=0.648 radius=0.0m pred_step=5.335 target_step=5.556 pred_v=5.214 target_v=5.556 val_mle=10.888m val_p90=12.843m val_speed_mae=3.115 heading=-0.2/-0.0deg val_progress_mae=9.582m val_heading_mae=37.6deg val_capture=88.00% val_bank=88.00% val_acq_acc=100.00% score=11.647 best=11.647 patience=0/4
temporal epoch=011/100 loss=12.90674 center_teacher=1.000 acq_teacher=1.000 capture=100.00% bank_capture=100.00% acq_acc=100.00% acq_conf=0.653 radius=0.0m pred_step=5.663 target_step=5.556 pred_v=5.499 target_v=5.556 val_mle=10.781m val_p90=12.769m val_speed_mae=3.193 heading=-0.4/-0.0deg val_progress_mae=9.438m val_heading_mae=37.6deg val_capture=88.00% val_bank=88.00% val_acq_acc=100.00% score=11.539 best=11.539 patience=0/4
temporal epoch=012/100 loss=12.78054 center_teacher=1.000 acq_teacher=1.000 capture=100.00% bank_capture=100.00% acq_acc=100.00% acq_conf=0.653 radius=0.0m pred_step=5.314 target_step=5.556 pred_v=5.208 target_v=5.556 val_mle=10.556m val_p90=12.727m val_speed_mae=3.542 heading=-0.4/-0.0deg val_progress_mae=9.321m val_heading_mae=37.6deg val_capture=88.00% val_bank=88.00% val_acq_acc=100.00% score=11.328 best=11.328 patience=0/4
temporal epoch=013/100 loss=12.92784 center_teacher=1.000 acq_teacher=1.000 capture=100.00% bank_capture=100.00% acq_acc=100.00% acq_conf=0.648 radius=0.0m pred_step=4.528 target_step=5.556 pred_v=4.545 target_v=5.556 val_mle=10.548m val_p90=12.710m val_speed_mae=3.847 heading=-0.2/-0.0deg val_progress_mae=9.321m val_heading_mae=37.6deg val_capture=88.00% val_bank=88.00% val_acq_acc=100.00% score=11.336 best=11.328 patience=1/4
temporal epoch=014/100 loss=12.73201 center_teacher=1.000 acq_teacher=1.000 capture=100.00% bank_capture=100.00% acq_acc=100.00% acq_conf=0.648 radius=0.0m pred_step=4.524 target_step=5.556 pred_v=4.543 target_v=5.556 val_mle=10.571m val_p90=12.716m val_speed_mae=3.230 heading=-0.1/-0.0deg val_progress_mae=9.361m val_heading_mae=37.6deg val_capture=88.00% val_bank=88.00% val_acq_acc=100.00% score=11.329 best=11.328 patience=2/4
temporal epoch=015/100 loss=12.52600 center_teacher=1.000 acq_teacher=1.000 capture=100.00% bank_capture=100.00% acq_acc=100.00% acq_conf=0.648 radius=0.0m pred_step=5.465 target_step=5.556 pred_v=5.332 target_v=5.556 val_mle=10.608m val_p90=12.730m val_speed_mae=3.092 heading=-0.2/-0.0deg val_progress_mae=9.415m val_heading_mae=37.6deg val_capture=88.00% val_bank=88.00% val_acq_acc=100.00% score=11.360 best=11.328 patience=3/4
temporal epoch=016/100 loss=12.59361 center_teacher=1.000 acq_teacher=1.000 capture=100.00% bank_capture=100.00% acq_acc=100.00% acq_conf=0.653 radius=0.0m pred_step=5.633 target_step=5.556 pred_v=5.474 target_v=5.556 val_mle=10.818m val_p90=12.747m val_speed_mae=3.461 heading=-0.3/-0.0deg val_progress_mae=9.518m val_heading_mae=37.6deg val_capture=88.00% val_bank=88.00% val_acq_acc=100.00% score=11.592 best=11.328 patience=4/4
EARLY STOP: controlled local-prior validation score did not improve by 0.003 for 4 epochs.
[FORMAL TRAIN-ONLY V5 CALIBRATION] {"confidence_power": 0.5, "delta2_scale": 2.0, "fixed_variance_m2": 25.0, "objective": 11.59869428304055, "prior_blend_base": 0.02, "prior_blend_cutoff": 0.7, "prior_blend_lowconf_gain": 0.1, "prior_blend_max": 0.3, "q_cross": 0.4, "q_progress": 1.5, "q_velocity": 1.0, "stage": "step", "step_relax_confidence": 0.0, "step_relax_width": 0.05, "step_visual_slack_m": 10.0, "temporal_3frame_scale": 0.9, "val_mle_m": 10.42509360484572, "val_p90_m": 12.655776824948159, "val_progress_mae": 9.186398077732257, "val_speed_mae": 3.463727571082669}
