[2026-08-13T19:50:13+08:00] ROOT v33 backbone=mobilenet_v3_small physical_gpu=6
pipeline=image -> retrieval -> 3-frame GRU -> polynomial -> forward3x6 -> external Kalman
============================================================================================================
ControlledGTPriorThreeFrameForward3x6CausalHeadingContinuousWaypointGRUPolynomialKalman_v33
device=cuda
Protocol: CONTROLLED GT+smooth-jitter local prior. The current-frame GT coordinate is intentionally used only to center the local SAT search window; this is not autonomous localization.
3-frame recurrent state -> v/a + heading/turn-rate -> heading-aware second-order inertial polynomial -> causal-heading forward 3x6 local visual measurement -> robust constrained route-coordinate Kalman -> final XY.
Evaluation intentionally does not solve global acquisition/re-localization: every frame receives a bounded GT-centered local prior.
Estimated position may be corrected backward after an over-prediction; physical forward intent is represented by non-negative route velocity.
============================================================================================================
satellite backbone cache: 32/95480
satellite backbone cache: 672/95480
satellite backbone cache: 1312/95480
satellite backbone cache: 1952/95480
satellite backbone cache: 2592/95480
satellite backbone cache: 3232/95480
satellite backbone cache: 3872/95480
satellite backbone cache: 4512/95480
satellite backbone cache: 5152/95480
satellite backbone cache: 5792/95480
satellite backbone cache: 6432/95480
satellite backbone cache: 7072/95480
satellite backbone cache: 7712/95480
satellite backbone cache: 8352/95480
satellite backbone cache: 8992/95480
satellite backbone cache: 9632/95480
satellite backbone cache: 10272/95480
satellite backbone cache: 10912/95480
satellite backbone cache: 11552/95480
satellite backbone cache: 12192/95480
satellite backbone cache: 12832/95480
satellite backbone cache: 13472/95480
satellite backbone cache: 14112/95480
satellite backbone cache: 14752/95480
satellite backbone cache: 15392/95480
satellite backbone cache: 16032/95480
satellite backbone cache: 16672/95480
satellite backbone cache: 17312/95480
satellite backbone cache: 17952/95480
satellite backbone cache: 18592/95480
satellite backbone cache: 19232/95480
satellite backbone cache: 19872/95480
satellite backbone cache: 20512/95480
satellite backbone cache: 21152/95480
satellite backbone cache: 21792/95480
satellite backbone cache: 22432/95480
satellite backbone cache: 23072/95480
satellite backbone cache: 23712/95480
satellite backbone cache: 24352/95480
satellite backbone cache: 24992/95480
satellite backbone cache: 25632/95480
satellite backbone cache: 26272/95480
satellite backbone cache: 26912/95480
satellite backbone cache: 27552/95480
satellite backbone cache: 28192/95480
satellite backbone cache: 28832/95480
satellite backbone cache: 29472/95480
satellite backbone cache: 30112/95480
satellite backbone cache: 30752/95480
satellite backbone cache: 31392/95480
satellite backbone cache: 32032/95480
satellite backbone cache: 32672/95480
satellite backbone cache: 33312/95480
satellite backbone cache: 33952/95480
satellite backbone cache: 34592/95480
satellite backbone cache: 35232/95480
satellite backbone cache: 35872/95480
satellite backbone cache: 36512/95480
satellite backbone cache: 37152/95480
satellite backbone cache: 37792/95480
satellite backbone cache: 38432/95480
satellite backbone cache: 39072/95480
satellite backbone cache: 39712/95480
satellite backbone cache: 40352/95480
satellite backbone cache: 40992/95480
satellite backbone cache: 41632/95480
satellite backbone cache: 42272/95480
satellite backbone cache: 42912/95480
satellite backbone cache: 43552/95480
satellite backbone cache: 44192/95480
satellite backbone cache: 44832/95480
satellite backbone cache: 45472/95480
satellite backbone cache: 46112/95480
satellite backbone cache: 46752/95480
satellite backbone cache: 47392/95480
satellite backbone cache: 48032/95480
satellite backbone cache: 48672/95480
satellite backbone cache: 49312/95480
satellite backbone cache: 49952/95480
satellite backbone cache: 50592/95480
satellite backbone cache: 51232/95480
satellite backbone cache: 51872/95480
satellite backbone cache: 52512/95480
satellite backbone cache: 53152/95480
satellite backbone cache: 53792/95480
satellite backbone cache: 54432/95480
satellite backbone cache: 55072/95480
satellite backbone cache: 55712/95480
satellite backbone cache: 56352/95480
satellite backbone cache: 56992/95480
satellite backbone cache: 57632/95480
satellite backbone cache: 58272/95480
satellite backbone cache: 58912/95480
satellite backbone cache: 59552/95480
satellite backbone cache: 60192/95480
satellite backbone cache: 60832/95480
satellite backbone cache: 61472/95480
satellite backbone cache: 62112/95480
satellite backbone cache: 62752/95480
satellite backbone cache: 63392/95480
satellite backbone cache: 64032/95480
satellite backbone cache: 64672/95480
satellite backbone cache: 65312/95480
satellite backbone cache: 65952/95480
satellite backbone cache: 66592/95480
satellite backbone cache: 67232/95480
satellite backbone cache: 67872/95480
satellite backbone cache: 68512/95480
satellite backbone cache: 69152/95480
satellite backbone cache: 69792/95480
satellite backbone cache: 70432/95480
satellite backbone cache: 71072/95480
satellite backbone cache: 71712/95480
satellite backbone cache: 72352/95480
satellite backbone cache: 72992/95480
satellite backbone cache: 73632/95480
satellite backbone cache: 74272/95480
satellite backbone cache: 74912/95480
satellite backbone cache: 75552/95480
satellite backbone cache: 76192/95480
satellite backbone cache: 76832/95480
satellite backbone cache: 77472/95480
satellite backbone cache: 78112/95480
satellite backbone cache: 78752/95480
satellite backbone cache: 79392/95480
satellite backbone cache: 80032/95480
satellite backbone cache: 80672/95480
satellite backbone cache: 81312/95480
satellite backbone cache: 81952/95480
satellite backbone cache: 82592/95480
satellite backbone cache: 83232/95480
satellite backbone cache: 83872/95480
satellite backbone cache: 84512/95480
satellite backbone cache: 85152/95480
satellite backbone cache: 85792/95480
satellite backbone cache: 86432/95480
satellite backbone cache: 87072/95480
satellite backbone cache: 87712/95480
satellite backbone cache: 88352/95480
satellite backbone cache: 88992/95480
satellite backbone cache: 89632/95480
satellite backbone cache: 90272/95480
satellite backbone cache: 90912/95480
satellite backbone cache: 91552/95480
satellite backbone cache: 92192/95480
satellite backbone cache: 92832/95480
satellite backbone cache: 93472/95480
satellite backbone cache: 94112/95480
satellite backbone cache: 94752/95480
satellite backbone cache: 95392/95480
satellite backbone cache: 95480/95480
satellite gallery size=95480
Route A backbone cache: 32/1732
Route A backbone cache: 672/1732
Route A backbone cache: 1312/1732
Route A backbone cache: 1732/1732
Route A visual candidate capture=100.00%
visual epoch=001/2 loss=4.37994 val_hardms_mle=10.038m val_p90=17.093m val_lsr10=53.95%
visual epoch=002/2 loss=3.91028 val_hardms_mle=11.288m val_p90=18.202m val_lsr10=46.05%
best Route A visual validation HardMS MLE=10.038m
route_A backbone cache: 32/1732
route_A backbone cache: 352/1732
route_A backbone cache: 672/1732
route_A backbone cache: 992/1732
route_A backbone cache: 1312/1732
route_A backbone cache: 1632/1732
route_A backbone cache: 1732/1732
temporal split train=[0,1196) val=[1228,1456) route_length=4938.3m
Route-A GT mean forward step=2.937m/frame p90=3.555m/frame
temporal epoch=001/2 loss=13.68222 center_teacher=1.000 acq_teacher=1.000 capture=92.47% bank_capture=92.47% acq_acc=100.00% acq_conf=0.605 radius=0.0m pred_step=1.300 target_step=2.937 pred_v=0.862 target_v=2.937 val_mle=4.477m val_p90=8.252m val_speed_mae=2.046 heading=-0.9/0.2deg val_progress_mae=1.447m val_heading_mae=7.3deg val_capture=75.00% val_bank=75.00% val_acq_acc=100.00% score=10.505 best=10.505 patience=0/10
temporal epoch=002/2 loss=9.28105 center_teacher=1.000 acq_teacher=1.000 capture=92.39% bank_capture=92.39% acq_acc=100.00% acq_conf=0.606 radius=0.0m pred_step=3.297 target_step=2.937 pred_v=1.597 target_v=2.937 val_mle=4.421m val_p90=8.146m val_speed_mae=1.533 heading=-0.2/0.2deg val_progress_mae=1.536m val_heading_mae=6.7deg val_capture=75.00% val_bank=75.00% val_acq_acc=100.00% score=9.417 best=9.417 patience=0/10
best controlled-validation score=9.417
route_B backbone cache: 32/2276
route_B backbone cache: 352/2276
route_B backbone cache: 672/2276
route_B backbone cache: 992/2276
route_B backbone cache: 1312/2276
route_B backbone cache: 1632/2276
route_B backbone cache: 1952/2276
route_B backbone cache: 2272/2276
route_B backbone cache: 2276/2276
route_B final MLE=5.575m P90=10.008m LSR@15=99.43% selected_capture=89.63% bank_capture=89.63% acq_acc=100.00% speed_mae=1.603m/frame progress_mae=1.656m heading_mae=9.7deg jump_rate=0.04% max_step=10.24m final_leg=14 gt_leg=14
route_C backbone cache: 32/1258
route_C backbone cache: 352/1258
route_C backbone cache: 672/1258
route_C backbone cache: 992/1258
route_C backbone cache: 1258/1258
route_C final MLE=4.789m P90=9.644m LSR@15=98.33% selected_capture=91.81% bank_capture=91.81% acq_acc=100.00% speed_mae=1.192m/frame progress_mae=1.505m heading_mae=28.2deg jump_rate=0.08% max_step=12.07m final_leg=10 gt_leg=10
summary: /yh/study/uav-sat/backbone-exp/outputs/v33_mobilenet_v3_small/robust_tracker_summary.json
