[2026-08-17T00:17:55+08:00] V36 backbone=resnet18, physical GPU=3
fixed: SoftMS + 3-frame GRU + quadratic motion + learned external Kalman + forward 3x6
============================================================================================================
V36Backbone_resnet18
device=cuda
Protocol: CONTROLLED GT+smooth-jitter local prior; current-frame GT centres the local SAT search window.
3-frame recurrent state -> v/a + heading/turn-rate -> heading-aware second-order inertial polynomial -> causal-heading forward 3x6 local visual measurement -> robust constrained route-coordinate Kalman -> final XY.
Evaluation intentionally does not solve global acquisition/re-localization: every frame receives a bounded GT-centered local prior.
Estimated position may be corrected backward after an over-prediction; physical forward intent is represented by non-negative route velocity.
============================================================================================================
satellite backbone cache: 64/95480
satellite backbone cache: 1344/95480
satellite backbone cache: 2624/95480
satellite backbone cache: 3904/95480
satellite backbone cache: 5184/95480
satellite backbone cache: 6464/95480
satellite backbone cache: 7744/95480
satellite backbone cache: 9024/95480
satellite backbone cache: 10304/95480
satellite backbone cache: 11584/95480
satellite backbone cache: 12864/95480
satellite backbone cache: 14144/95480
satellite backbone cache: 15424/95480
satellite backbone cache: 16704/95480
satellite backbone cache: 17984/95480
satellite backbone cache: 19264/95480
satellite backbone cache: 20544/95480
satellite backbone cache: 21824/95480
satellite backbone cache: 23104/95480
satellite backbone cache: 24384/95480
satellite backbone cache: 25664/95480
satellite backbone cache: 26944/95480
satellite backbone cache: 28224/95480
satellite backbone cache: 29504/95480
satellite backbone cache: 30784/95480
satellite backbone cache: 32064/95480
satellite backbone cache: 33344/95480
satellite backbone cache: 34624/95480
satellite backbone cache: 35904/95480
satellite backbone cache: 37184/95480
satellite backbone cache: 38464/95480
satellite backbone cache: 39744/95480
satellite backbone cache: 41024/95480
satellite backbone cache: 42304/95480
satellite backbone cache: 43584/95480
satellite backbone cache: 44864/95480
satellite backbone cache: 46144/95480
satellite backbone cache: 47424/95480
satellite backbone cache: 48704/95480
satellite backbone cache: 49984/95480
satellite backbone cache: 51264/95480
satellite backbone cache: 52544/95480
satellite backbone cache: 53824/95480
satellite backbone cache: 55104/95480
satellite backbone cache: 56384/95480
satellite backbone cache: 57664/95480
satellite backbone cache: 58944/95480
satellite backbone cache: 60224/95480
satellite backbone cache: 61504/95480
satellite backbone cache: 62784/95480
satellite backbone cache: 64064/95480
satellite backbone cache: 65344/95480
satellite backbone cache: 66624/95480
satellite backbone cache: 67904/95480
satellite backbone cache: 69184/95480
satellite backbone cache: 70464/95480
satellite backbone cache: 71744/95480
satellite backbone cache: 73024/95480
satellite backbone cache: 74304/95480
satellite backbone cache: 75584/95480
satellite backbone cache: 76864/95480
satellite backbone cache: 78144/95480
satellite backbone cache: 79424/95480
satellite backbone cache: 80704/95480
satellite backbone cache: 81984/95480
satellite backbone cache: 83264/95480
satellite backbone cache: 84544/95480
satellite backbone cache: 85824/95480
satellite backbone cache: 87104/95480
satellite backbone cache: 88384/95480
satellite backbone cache: 89664/95480
satellite backbone cache: 90944/95480
satellite backbone cache: 92224/95480
satellite backbone cache: 93504/95480
satellite backbone cache: 94784/95480
satellite backbone cache: 95480/95480
satellite gallery size=95480
Route A backbone cache: 64/1732
Route A backbone cache: 1344/1732
Route A backbone cache: 1732/1732
Route A visual candidate capture=100.00%
visual epoch=001/30 loss=4.41662 val_softms_mle=7.405m val_p90=12.795m val_lsr10=77.63%
visual epoch=002/30 loss=4.04447 val_softms_mle=8.021m val_p90=14.686m val_lsr10=73.25%
visual epoch=003/30 loss=3.87191 val_softms_mle=8.491m val_p90=14.815m val_lsr10=65.79%
visual epoch=004/30 loss=3.67250 val_softms_mle=9.315m val_p90=15.831m val_lsr10=60.53%
visual epoch=005/30 loss=3.48227 val_softms_mle=9.925m val_p90=16.464m val_lsr10=56.14%
visual epoch=006/30 loss=3.30771 val_softms_mle=10.465m val_p90=16.849m val_lsr10=49.56%
visual epoch=007/30 loss=3.15239 val_softms_mle=10.460m val_p90=17.267m val_lsr10=50.44%
visual epoch=008/30 loss=3.00454 val_softms_mle=10.537m val_p90=18.001m val_lsr10=51.75%
visual epoch=009/30 loss=2.87567 val_softms_mle=10.716m val_p90=17.558m val_lsr10=46.93%
visual early stopping: Route A validation stopped improving
best Route A visual validation SoftMS MLE=7.405m
route_A backbone cache: 64/1732
route_A backbone cache: 704/1732
route_A backbone cache: 1344/1732
route_A backbone cache: 1732/1732
temporal split train=[0,1196) val=[1228,1456) route_length=4938.3m
Route-A GT mean forward step=2.937m/frame p90=3.555m/frame
temporal epoch=001/60 loss=5.37094 center_teacher=1.000 acq_teacher=1.000 capture=92.39% bank_capture=92.39% acq_acc=100.00% acq_conf=0.517 radius=0.0m pred_step=1.349 target_step=2.937 pred_v=0.869 target_v=2.937 val_mle=3.537m val_p90=6.558m val_speed_mae=2.030 heading=0.1/0.2deg val_progress_mae=1.043m val_heading_mae=6.7deg val_capture=75.88% val_bank=75.88% val_acq_acc=100.00% score=9.401 best=9.401 patience=0/10
temporal epoch=002/60 loss=3.48629 center_teacher=1.000 acq_teacher=1.000 capture=92.39% bank_capture=92.39% acq_acc=100.00% acq_conf=0.517 radius=0.0m pred_step=3.270 target_step=2.937 pred_v=1.421 target_v=2.937 val_mle=3.929m val_p90=7.118m val_speed_mae=1.956 heading=0.3/0.2deg val_progress_mae=1.325m val_heading_mae=6.8deg val_capture=75.88% val_bank=75.88% val_acq_acc=100.00% score=9.691 best=9.401 patience=1/10
temporal epoch=003/60 loss=3.34319 center_teacher=1.000 acq_teacher=1.000 capture=92.39% bank_capture=92.39% acq_acc=100.00% acq_conf=0.516 radius=0.0m pred_step=3.128 target_step=2.937 pred_v=1.360 target_v=2.937 val_mle=3.627m val_p90=6.604m val_speed_mae=1.898 heading=0.0/0.2deg val_progress_mae=1.284m val_heading_mae=6.7deg val_capture=75.88% val_bank=75.88% val_acq_acc=100.00% score=9.264 best=9.264 patience=0/10
temporal epoch=004/60 loss=3.31074 center_teacher=1.000 acq_teacher=1.000 capture=92.39% bank_capture=92.39% acq_acc=100.00% acq_conf=0.516 radius=0.0m pred_step=3.150 target_step=2.937 pred_v=1.420 target_v=2.937 val_mle=3.716m val_p90=6.785m val_speed_mae=1.861 heading=0.1/0.2deg val_progress_mae=1.271m val_heading_mae=6.7deg val_capture=75.88% val_bank=75.88% val_acq_acc=100.00% score=9.277 best=9.264 patience=1/10
temporal epoch=005/60 loss=3.29166 center_teacher=1.000 acq_teacher=1.000 capture=92.39% bank_capture=92.39% acq_acc=100.00% acq_conf=0.517 radius=0.0m pred_step=3.114 target_step=2.937 pred_v=1.460 target_v=2.937 val_mle=3.669m val_p90=6.656m val_speed_mae=1.816 heading=0.1/0.2deg val_progress_mae=1.263m val_heading_mae=6.7deg val_capture=75.88% val_bank=75.88% val_acq_acc=100.00% score=9.139 best=9.139 patience=0/10
temporal epoch=006/60 loss=3.28711 center_teacher=1.000 acq_teacher=1.000 capture=92.39% bank_capture=92.39% acq_acc=100.00% acq_conf=0.517 radius=0.0m pred_step=3.077 target_step=2.937 pred_v=1.492 target_v=2.937 val_mle=3.716m val_p90=6.779m val_speed_mae=1.782 heading=0.2/0.2deg val_progress_mae=1.267m val_heading_mae=6.7deg val_capture=75.88% val_bank=75.88% val_acq_acc=100.00% score=9.118 best=9.139 patience=1/10
temporal epoch=007/60 loss=3.28102 center_teacher=1.000 acq_teacher=1.000 capture=92.39% bank_capture=92.39% acq_acc=100.00% acq_conf=0.517 radius=0.0m pred_step=3.056 target_step=2.937 pred_v=1.525 target_v=2.937 val_mle=3.786m val_p90=6.948m val_speed_mae=1.752 heading=0.2/0.2deg val_progress_mae=1.272m val_heading_mae=6.7deg val_capture=75.88% val_bank=75.88% val_acq_acc=100.00% score=9.129 best=9.139 patience=2/10
temporal epoch=008/60 loss=3.25228 center_teacher=1.000 acq_teacher=1.000 capture=92.39% bank_capture=92.39% acq_acc=100.00% acq_conf=0.517 radius=0.0m pred_step=3.012 target_step=2.937 pred_v=1.552 target_v=2.937 val_mle=3.933m val_p90=7.188m val_speed_mae=1.657 heading=0.3/0.2deg val_progress_mae=1.242m val_heading_mae=6.7deg val_capture=75.44% val_bank=75.44% val_acq_acc=100.00% score=9.110 best=9.139 patience=3/10
temporal epoch=009/60 loss=3.17029 center_teacher=1.000 acq_teacher=1.000 capture=92.39% bank_capture=92.39% acq_acc=100.00% acq_conf=0.516 radius=0.0m pred_step=2.990 target_step=2.937 pred_v=1.591 target_v=2.937 val_mle=3.576m val_p90=6.872m val_speed_mae=1.510 heading=0.3/0.2deg val_progress_mae=0.930m val_heading_mae=6.7deg val_capture=75.88% val_bank=75.88% val_acq_acc=100.00% score=8.386 best=8.386 patience=0/10
temporal epoch=010/60 loss=2.82523 center_teacher=1.000 acq_teacher=1.000 capture=92.31% bank_capture=92.31% acq_acc=100.00% acq_conf=0.516 radius=0.0m pred_step=2.985 target_step=2.937 pred_v=1.647 target_v=2.937 val_mle=3.447m val_p90=6.411m val_speed_mae=1.435 heading=0.1/0.2deg val_progress_mae=0.418m val_heading_mae=6.8deg val_capture=75.88% val_bank=75.88% val_acq_acc=100.00% score=8.031 best=8.031 patience=0/10
temporal epoch=011/60 loss=2.72789 center_teacher=1.000 acq_teacher=1.000 capture=92.31% bank_capture=92.31% acq_acc=100.00% acq_conf=0.517 radius=0.0m pred_step=2.994 target_step=2.937 pred_v=1.744 target_v=2.937 val_mle=3.035m val_p90=5.919m val_speed_mae=1.379 heading=0.2/0.2deg val_progress_mae=0.288m val_heading_mae=6.7deg val_capture=75.88% val_bank=75.88% val_acq_acc=100.00% score=7.485 best=7.485 patience=0/10
temporal epoch=012/60 loss=2.67400 center_teacher=1.000 acq_teacher=1.000 capture=92.31% bank_capture=92.31% acq_acc=100.00% acq_conf=0.517 radius=0.0m pred_step=3.013 target_step=2.937 pred_v=1.841 target_v=2.937 val_mle=3.238m val_p90=6.039m val_speed_mae=1.131 heading=0.1/0.2deg val_progress_mae=0.554m val_heading_mae=6.7deg val_capture=75.88% val_bank=75.88% val_acq_acc=100.00% score=7.230 best=7.230 patience=0/10
temporal epoch=013/60 loss=2.83105 center_teacher=1.000 acq_teacher=1.000 capture=92.39% bank_capture=92.39% acq_acc=100.00% acq_conf=0.517 radius=0.0m pred_step=3.010 target_step=2.937 pred_v=1.954 target_v=2.937 val_mle=3.338m val_p90=6.399m val_speed_mae=1.129 heading=0.2/0.2deg val_progress_mae=0.299m val_heading_mae=6.7deg val_capture=75.88% val_bank=75.88% val_acq_acc=100.00% score=7.288 best=7.230 patience=1/10
temporal epoch=014/60 loss=2.62839 center_teacher=1.000 acq_teacher=1.000 capture=92.31% bank_capture=92.31% acq_acc=100.00% acq_conf=0.517 radius=0.0m pred_step=3.101 target_step=2.937 pred_v=2.069 target_v=2.937 val_mle=3.070m val_p90=5.994m val_speed_mae=1.147 heading=0.3/0.2deg val_progress_mae=0.327m val_heading_mae=6.7deg val_capture=75.88% val_bank=75.88% val_acq_acc=100.00% score=7.061 best=7.061 patience=0/10
temporal epoch=015/60 loss=2.53485 center_teacher=1.000 acq_teacher=1.000 capture=92.31% bank_capture=92.31% acq_acc=100.00% acq_conf=0.517 radius=0.0m pred_step=2.992 target_step=2.937 pred_v=2.121 target_v=2.937 val_mle=3.244m val_p90=6.131m val_speed_mae=0.972 heading=0.4/0.2deg val_progress_mae=0.364m val_heading_mae=6.7deg val_capture=75.88% val_bank=75.88% val_acq_acc=100.00% score=6.890 best=6.890 patience=0/10
temporal epoch=016/60 loss=2.48424 center_teacher=1.000 acq_teacher=1.000 capture=92.31% bank_capture=92.31% acq_acc=100.00% acq_conf=0.516 radius=0.0m pred_step=3.029 target_step=2.937 pred_v=2.285 target_v=2.937 val_mle=3.131m val_p90=6.059m val_speed_mae=0.905 heading=0.4/0.2deg val_progress_mae=0.315m val_heading_mae=6.7deg val_capture=75.88% val_bank=75.88% val_acq_acc=100.00% score=6.636 best=6.636 patience=0/10
temporal epoch=017/60 loss=2.45860 center_teacher=1.000 acq_teacher=1.000 capture=92.31% bank_capture=92.31% acq_acc=100.00% acq_conf=0.517 radius=0.0m pred_step=2.969 target_step=2.937 pred_v=2.403 target_v=2.937 val_mle=3.233m val_p90=6.009m val_speed_mae=0.756 heading=0.4/0.2deg val_progress_mae=0.466m val_heading_mae=6.6deg val_capture=75.88% val_bank=75.88% val_acq_acc=100.00% score=6.461 best=6.461 patience=0/10
temporal epoch=018/60 loss=2.46747 center_teacher=1.000 acq_teacher=1.000 capture=92.31% bank_capture=92.31% acq_acc=100.00% acq_conf=0.517 radius=0.0m pred_step=2.960 target_step=2.937 pred_v=2.511 target_v=2.937 val_mle=3.199m val_p90=6.102m val_speed_mae=0.738 heading=0.4/0.2deg val_progress_mae=0.306m val_heading_mae=6.7deg val_capture=75.88% val_bank=75.88% val_acq_acc=100.00% score=6.367 best=6.367 patience=0/10
temporal epoch=019/60 loss=2.45440 center_teacher=1.000 acq_teacher=1.000 capture=92.39% bank_capture=92.39% acq_acc=100.00% acq_conf=0.516 radius=0.0m pred_step=2.971 target_step=2.937 pred_v=2.654 target_v=2.937 val_mle=3.375m val_p90=6.441m val_speed_mae=0.590 heading=0.4/0.2deg val_progress_mae=0.191m val_heading_mae=6.7deg val_capture=75.88% val_bank=75.88% val_acq_acc=100.00% score=6.231 best=6.231 patience=0/10
temporal epoch=020/60 loss=2.30196 center_teacher=1.000 acq_teacher=1.000 capture=92.39% bank_capture=92.39% acq_acc=100.00% acq_conf=0.516 radius=0.0m pred_step=2.962 target_step=2.937 pred_v=2.712 target_v=2.937 val_mle=3.428m val_p90=6.177m val_speed_mae=0.597 heading=0.5/0.2deg val_progress_mae=0.486m val_heading_mae=6.7deg val_capture=75.88% val_bank=75.88% val_acq_acc=100.00% score=6.343 best=6.231 patience=1/10
temporal epoch=021/60 loss=2.33824 center_teacher=1.000 acq_teacher=1.000 capture=92.31% bank_capture=92.31% acq_acc=100.00% acq_conf=0.517 radius=0.0m pred_step=2.937 target_step=2.937 pred_v=2.750 target_v=2.937 val_mle=3.267m val_p90=6.239m val_speed_mae=0.513 heading=0.6/0.2deg val_progress_mae=0.211m val_heading_mae=6.7deg val_capture=75.88% val_bank=75.88% val_acq_acc=100.00% score=5.971 best=5.971 patience=0/10
temporal epoch=022/60 loss=2.34945 center_teacher=1.000 acq_teacher=1.000 capture=92.39% bank_capture=92.39% acq_acc=100.00% acq_conf=0.516 radius=0.0m pred_step=2.863 target_step=2.937 pred_v=2.773 target_v=2.937 val_mle=3.372m val_p90=6.308m val_speed_mae=0.517 heading=0.6/0.2deg val_progress_mae=0.330m val_heading_mae=6.7deg val_capture=75.88% val_bank=75.88% val_acq_acc=100.00% score=6.103 best=5.971 patience=1/10
temporal epoch=023/60 loss=2.29265 center_teacher=1.000 acq_teacher=1.000 capture=92.39% bank_capture=92.39% acq_acc=100.00% acq_conf=0.516 radius=0.0m pred_step=2.907 target_step=2.937 pred_v=2.835 target_v=2.937 val_mle=3.286m val_p90=6.246m val_speed_mae=0.527 heading=0.6/0.2deg val_progress_mae=0.367m val_heading_mae=6.7deg val_capture=75.88% val_bank=75.88% val_acq_acc=100.00% score=6.041 best=5.971 patience=2/10
temporal epoch=024/60 loss=2.24009 center_teacher=1.000 acq_teacher=1.000 capture=92.39% bank_capture=92.39% acq_acc=100.00% acq_conf=0.516 radius=0.0m pred_step=2.897 target_step=2.937 pred_v=2.816 target_v=2.937 val_mle=3.335m val_p90=6.237m val_speed_mae=0.499 heading=0.6/0.2deg val_progress_mae=0.299m val_heading_mae=6.7deg val_capture=75.88% val_bank=75.88% val_acq_acc=100.00% score=6.025 best=5.971 patience=3/10
temporal epoch=025/60 loss=2.17375 center_teacher=1.000 acq_teacher=1.000 capture=92.39% bank_capture=92.39% acq_acc=100.00% acq_conf=0.516 radius=0.0m pred_step=2.893 target_step=2.937 pred_v=2.841 target_v=2.937 val_mle=3.398m val_p90=6.380m val_speed_mae=0.533 heading=0.7/0.2deg val_progress_mae=0.127m val_heading_mae=6.6deg val_capture=75.88% val_bank=75.88% val_acq_acc=100.00% score=6.128 best=5.971 patience=4/10
temporal epoch=026/60 loss=2.22754 center_teacher=1.000 acq_teacher=1.000 capture=92.31% bank_capture=92.31% acq_acc=100.00% acq_conf=0.516 radius=0.0m pred_step=2.855 target_step=2.937 pred_v=2.824 target_v=2.937 val_mle=3.425m val_p90=6.315m val_speed_mae=0.508 heading=1.1/0.2deg val_progress_mae=0.192m val_heading_mae=6.6deg val_capture=75.88% val_bank=75.88% val_acq_acc=100.00% score=6.115 best=5.971 patience=5/10
temporal epoch=027/60 loss=2.12525 center_teacher=1.000 acq_teacher=1.000 capture=92.31% bank_capture=92.31% acq_acc=100.00% acq_conf=0.516 radius=0.0m pred_step=2.925 target_step=2.937 pred_v=2.879 target_v=2.937 val_mle=3.153m val_p90=5.673m val_speed_mae=0.492 heading=0.8/0.2deg val_progress_mae=0.293m val_heading_mae=6.7deg val_capture=75.88% val_bank=75.88% val_acq_acc=100.00% score=5.829 best=5.829 patience=0/10
temporal epoch=028/60 loss=2.08141 center_teacher=1.000 acq_teacher=1.000 capture=92.31% bank_capture=92.31% acq_acc=100.00% acq_conf=0.516 radius=0.0m pred_step=2.881 target_step=2.937 pred_v=2.824 target_v=2.937 val_mle=3.460m val_p90=6.364m val_speed_mae=0.495 heading=0.7/0.2deg val_progress_mae=0.309m val_heading_mae=6.7deg val_capture=75.88% val_bank=75.88% val_acq_acc=100.00% score=6.146 best=5.829 patience=1/10
temporal epoch=029/60 loss=2.04336 center_teacher=1.000 acq_teacher=1.000 capture=92.22% bank_capture=92.22% acq_acc=100.00% acq_conf=0.516 radius=0.0m pred_step=2.901 target_step=2.937 pred_v=2.852 target_v=2.937 val_mle=3.312m val_p90=6.382m val_speed_mae=0.453 heading=0.8/0.2deg val_progress_mae=0.273m val_heading_mae=6.8deg val_capture=75.88% val_bank=75.88% val_acq_acc=100.00% score=5.909 best=5.829 patience=2/10
temporal epoch=030/60 loss=2.01193 center_teacher=1.000 acq_teacher=1.000 capture=92.31% bank_capture=92.31% acq_acc=100.00% acq_conf=0.516 radius=0.0m pred_step=2.880 target_step=2.937 pred_v=2.847 target_v=2.937 val_mle=3.083m val_p90=5.514m val_speed_mae=0.563 heading=0.8/0.2deg val_progress_mae=0.140m val_heading_mae=6.8deg val_capture=75.88% val_bank=75.88% val_acq_acc=100.00% score=5.883 best=5.829 patience=3/10
temporal epoch=031/60 loss=1.92679 center_teacher=1.000 acq_teacher=1.000 capture=92.31% bank_capture=92.31% acq_acc=100.00% acq_conf=0.516 radius=0.0m pred_step=2.882 target_step=2.937 pred_v=2.855 target_v=2.937 val_mle=3.604m val_p90=6.415m val_speed_mae=0.484 heading=0.8/0.2deg val_progress_mae=0.187m val_heading_mae=6.7deg val_capture=75.88% val_bank=75.88% val_acq_acc=100.00% score=6.249 best=5.829 patience=4/10
temporal epoch=032/60 loss=2.03011 center_teacher=1.000 acq_teacher=1.000 capture=92.31% bank_capture=92.31% acq_acc=100.00% acq_conf=0.516 radius=0.0m pred_step=2.870 target_step=2.937 pred_v=2.841 target_v=2.937 val_mle=3.000m val_p90=5.558m val_speed_mae=0.517 heading=0.4/0.2deg val_progress_mae=0.154m val_heading_mae=7.0deg val_capture=75.88% val_bank=75.88% val_acq_acc=100.00% score=5.714 best=5.714 patience=0/10
temporal epoch=033/60 loss=1.90836 center_teacher=1.000 acq_teacher=1.000 capture=92.31% bank_capture=92.31% acq_acc=100.00% acq_conf=0.515 radius=0.0m pred_step=2.920 target_step=2.937 pred_v=2.855 target_v=2.937 val_mle=2.832m val_p90=4.548m val_speed_mae=0.502 heading=0.4/0.2deg val_progress_mae=0.298m val_heading_mae=6.7deg val_capture=75.88% val_bank=75.88% val_acq_acc=100.00% score=5.529 best=5.529 patience=0/10
temporal epoch=034/60 loss=1.94623 center_teacher=1.000 acq_teacher=1.000 capture=92.31% bank_capture=92.31% acq_acc=100.00% acq_conf=0.516 radius=0.0m pred_step=2.905 target_step=2.937 pred_v=2.876 target_v=2.937 val_mle=3.287m val_p90=5.835m val_speed_mae=0.492 heading=0.5/0.2deg val_progress_mae=0.539m val_heading_mae=6.7deg val_capture=75.88% val_bank=75.88% val_acq_acc=100.00% score=5.999 best=5.529 patience=1/10
temporal epoch=035/60 loss=1.96974 center_teacher=1.000 acq_teacher=1.000 capture=92.31% bank_capture=92.31% acq_acc=100.00% acq_conf=0.516 radius=0.0m pred_step=2.904 target_step=2.937 pred_v=2.851 target_v=2.937 val_mle=3.428m val_p90=7.246m val_speed_mae=0.558 heading=0.2/0.2deg val_progress_mae=0.184m val_heading_mae=7.1deg val_capture=75.88% val_bank=75.88% val_acq_acc=100.00% score=6.231 best=5.529 patience=2/10
temporal epoch=036/60 loss=1.95876 center_teacher=1.000 acq_teacher=1.000 capture=92.31% bank_capture=92.31% acq_acc=100.00% acq_conf=0.516 radius=0.0m pred_step=2.893 target_step=2.937 pred_v=2.859 target_v=2.937 val_mle=3.988m val_p90=6.991m val_speed_mae=0.521 heading=-0.2/0.2deg val_progress_mae=0.381m val_heading_mae=7.2deg val_capture=75.88% val_bank=75.88% val_acq_acc=100.00% score=6.751 best=5.529 patience=3/10
temporal epoch=037/60 loss=1.91035 center_teacher=1.000 acq_teacher=1.000 capture=92.39% bank_capture=92.39% acq_acc=100.00% acq_conf=0.517 radius=0.0m pred_step=2.896 target_step=2.937 pred_v=2.864 target_v=2.937 val_mle=2.904m val_p90=5.593m val_speed_mae=0.629 heading=-0.1/0.2deg val_progress_mae=0.126m val_heading_mae=6.8deg val_capture=75.88% val_bank=75.88% val_acq_acc=100.00% score=5.832 best=5.529 patience=4/10
temporal epoch=038/60 loss=1.84491 center_teacher=1.000 acq_teacher=1.000 capture=92.31% bank_capture=92.31% acq_acc=100.00% acq_conf=0.516 radius=0.0m pred_step=2.832 target_step=2.937 pred_v=2.835 target_v=2.937 val_mle=4.525m val_p90=8.562m val_speed_mae=0.604 heading=-0.3/0.2deg val_progress_mae=0.102m val_heading_mae=7.2deg val_capture=75.88% val_bank=75.88% val_acq_acc=100.00% score=7.412 best=5.529 patience=5/10
temporal epoch=039/60 loss=1.86710 center_teacher=1.000 acq_teacher=1.000 capture=92.31% bank_capture=92.31% acq_acc=100.00% acq_conf=0.516 radius=0.0m pred_step=2.984 target_step=2.937 pred_v=2.913 target_v=2.937 val_mle=3.768m val_p90=6.896m val_speed_mae=0.477 heading=0.4/0.2deg val_progress_mae=0.338m val_heading_mae=6.9deg val_capture=75.88% val_bank=75.88% val_acq_acc=100.00% score=6.428 best=5.529 patience=6/10
temporal epoch=040/60 loss=1.73257 center_teacher=1.000 acq_teacher=1.000 capture=92.39% bank_capture=92.39% acq_acc=100.00% acq_conf=0.516 radius=0.0m pred_step=2.899 target_step=2.937 pred_v=2.842 target_v=2.937 val_mle=5.025m val_p90=8.760m val_speed_mae=0.502 heading=0.1/0.2deg val_progress_mae=0.175m val_heading_mae=7.3deg val_capture=75.88% val_bank=75.88% val_acq_acc=100.00% score=7.721 best=5.529 patience=7/10
temporal epoch=041/60 loss=1.84863 center_teacher=1.000 acq_teacher=1.000 capture=92.31% bank_capture=92.31% acq_acc=100.00% acq_conf=0.516 radius=0.0m pred_step=2.899 target_step=2.937 pred_v=2.802 target_v=2.937 val_mle=4.594m val_p90=8.150m val_speed_mae=0.475 heading=0.1/0.2deg val_progress_mae=0.206m val_heading_mae=7.2deg val_capture=75.88% val_bank=75.88% val_acq_acc=100.00% score=7.238 best=5.529 patience=8/10
temporal epoch=042/60 loss=1.64334 center_teacher=1.000 acq_teacher=1.000 capture=92.31% bank_capture=92.31% acq_acc=100.00% acq_conf=0.516 radius=0.0m pred_step=2.899 target_step=2.937 pred_v=2.838 target_v=2.937 val_mle=3.733m val_p90=6.714m val_speed_mae=0.602 heading=0.6/0.2deg val_progress_mae=0.109m val_heading_mae=6.9deg val_capture=75.88% val_bank=75.88% val_acq_acc=100.00% score=6.606 best=5.529 patience=9/10
temporal epoch=043/60 loss=1.90260 center_teacher=1.000 acq_teacher=1.000 capture=92.31% bank_capture=92.31% acq_acc=100.00% acq_conf=0.516 radius=0.0m pred_step=2.872 target_step=2.937 pred_v=2.824 target_v=2.937 val_mle=5.213m val_p90=8.880m val_speed_mae=0.528 heading=0.2/0.2deg val_progress_mae=0.201m val_heading_mae=7.5deg val_capture=75.88% val_bank=75.88% val_acq_acc=100.00% score=7.972 best=5.529 patience=10/10
EARLY STOP: controlled local-prior validation score did not improve by 0.050 for 10 epochs.
best controlled-validation score=5.529
route_B backbone cache: 64/2276
route_B backbone cache: 704/2276
route_B backbone cache: 1344/2276
route_B backbone cache: 1984/2276
route_B backbone cache: 2276/2276
route_B final MLE=4.242m P90=8.421m LSR@15=100.00% selected_capture=89.63% bank_capture=89.63% acq_acc=100.00% speed_mae=0.664m/frame progress_mae=0.372m heading_mae=9.3deg jump_rate=0.04% max_step=12.37m final_leg=14 gt_leg=14
route_C backbone cache: 64/1258
route_C backbone cache: 704/1258
route_C backbone cache: 1258/1258
route_C final MLE=3.779m P90=7.562m LSR@15=100.00% selected_capture=91.73% bank_capture=91.73% acq_acc=100.00% speed_mae=1.201m/frame progress_mae=0.249m heading_mae=27.9deg jump_rate=0.00% max_step=7.00m final_leg=10 gt_leg=10
summary: /yh/study/uav-sat/backbone-exp/outputs/v36_resnet18/robust_tracker_summary.json
