[2026-08-17T00:25:26+08:00] V36 backbone=mobileclip2_s2, physical GPU=0
fixed: SoftMS + 3-frame GRU + quadratic motion + learned external Kalman + forward 3x6
============================================================================================================
V34ProtocolCompactGRUSoftMSModeVarianceForward3x6PolynomialKalman_v36
device=cuda
Protocol: CONTROLLED GT+smooth-jitter local prior; current-frame GT centres the local SAT search window.
3-frame recurrent state -> v/a + heading/turn-rate -> heading-aware second-order inertial polynomial -> causal-heading forward 3x6 local visual measurement -> robust constrained route-coordinate Kalman -> final XY.
Evaluation intentionally does not solve global acquisition/re-localization: every frame receives a bounded GT-centered local prior.
Estimated position may be corrected backward after an over-prediction; physical forward intent is represented by non-negative route velocity.
============================================================================================================
route_B backbone cache: 64/2276
route_B backbone cache: 704/2276
route_B backbone cache: 1344/2276
route_B backbone cache: 1984/2276
route_B backbone cache: 2276/2276
route_B final MLE=3.716m P90=6.808m LSR@15=100.00% selected_capture=89.63% bank_capture=89.63% acq_acc=100.00% speed_mae=0.781m/frame progress_mae=0.369m heading_mae=9.7deg jump_rate=0.09% max_step=10.54m final_leg=14 gt_leg=14
route_C backbone cache: 64/1258
route_C backbone cache: 704/1258
route_C backbone cache: 1258/1258
route_C final MLE=3.485m P90=6.573m LSR@15=98.33% selected_capture=91.02% bank_capture=91.02% acq_acc=100.00% speed_mae=0.998m/frame progress_mae=0.172m heading_mae=27.8deg jump_rate=0.00% max_step=7.00m final_leg=10 gt_leg=10
summary: /yh/study/uav-sat/backbone-exp/outputs/v36_mobileclip2_s2/robust_tracker_summary.json
