[PREPARED] PASS | city=citya | step=8 m | selection=unrecorded_legacy | existing GT/routes unchanged
[CADENCE] source=train_01_manifest_gt | mean=10.675142 m | p90=17.170058 m | p95=19.094575 m
[OK] clean v39: Weighted Centroid -> original GRU -> original Kalman -> one final MS; pure MS timer enabled
[PATCH OK] simple GRU inputs = mean + delta + delta2 + SAT context + direct SoftMS position + previous state
[PATCH OK] no split/dual/residual gate; no position innovation
[PATCH OK] fixed conservative correction bounds: parallel=0.75m cross=0.50m
[PATCH OK] temporal losses: measurement=2.50 next_step=1.50 velocity=0.10
[V39-BEARING] final-MS route-centerline reference patch: PASS
[ARCH-AUDIT] forward_18: PASS
[ARCH-AUDIT] base_geometry_6x6: PASS
[ARCH-AUDIT] simple_six_block_gru: PASS
[ARCH-AUDIT] one_final_ms_source: PASS
[ARCH-AUDIT] front_decoder_softms: PASS
[ARCH-AUDIT] forward_origin_backshift_covers_jitter: PASS
[ARCH-AUDIT] protocol: PASS
[ARCH-AUDIT] controlled_gt_reference_enabled: PASS
[ARCH-AUDIT] frame_count: PASS
[ARCH-AUDIT] gru_flag: PASS
[ARCH-AUDIT] kalman_flag: PASS
[REUSE] visual checkpoint -> /yh/study/uav-sat/v39_otherdata/iclr_bearing_ablation_geomfix_20260920_034613/citya/prepared/v39_output_corrected/checkpoints/visual_retrieval_A_only.pt
[TRAIN] reuse visual checkpoint /yh/study/uav-sat/v39_otherdata/iclr_bearing_ablation_geomfix_20260920_034613/citya/train_full/checkpoints/visual_retrieval_A_only.pt
route_A backbone cache: 99/99
temporal split train=[0,67) val=[71,82) route_length=781.2m
Route-A GT mean forward step=10.303m/frame p90=16.876m/frame
temporal epoch=001/80 loss=17.39544 center_teacher=1.000 acq_teacher=1.000 capture=100.00% bank_capture=100.00% acq_acc=100.00% acq_conf=0.447 radius=0.0m pred_step=0.755 target_step=10.303 pred_v=0.751 target_v=10.303 val_mle=4.453m val_p90=8.445m val_speed_mae=10.956 heading=-0.0/-1.6deg val_progress_mae=0.000m val_heading_mae=46.3deg val_capture=100.00% val_bank=100.00% val_acq_acc=100.00% score=27.755 best=27.755 patience=0/4
temporal epoch=002/80 loss=17.17238 center_teacher=1.000 acq_teacher=1.000 capture=100.00% bank_capture=100.00% acq_acc=100.00% acq_conf=0.447 radius=0.0m pred_step=0.790 target_step=10.303 pred_v=0.757 target_v=10.303 val_mle=4.617m val_p90=7.842m val_speed_mae=10.945 heading=-0.3/-1.6deg val_progress_mae=0.000m val_heading_mae=46.3deg val_capture=100.00% val_bank=100.00% val_acq_acc=100.00% score=27.896 best=27.755 patience=1/4
temporal epoch=003/80 loss=16.95142 center_teacher=1.000 acq_teacher=1.000 capture=100.00% bank_capture=100.00% acq_acc=100.00% acq_conf=0.447 radius=0.0m pred_step=0.862 target_step=10.303 pred_v=0.770 target_v=10.303 val_mle=4.961m val_p90=8.195m val_speed_mae=10.927 heading=-0.4/-1.6deg val_progress_mae=0.000m val_heading_mae=46.3deg val_capture=100.00% val_bank=100.00% val_acq_acc=100.00% score=28.204 best=27.755 patience=2/4
temporal epoch=004/80 loss=16.65823 center_teacher=1.000 acq_teacher=1.000 capture=100.00% bank_capture=100.00% acq_acc=100.00% acq_conf=0.447 radius=0.0m pred_step=0.969 target_step=10.303 pred_v=0.789 target_v=10.303 val_mle=6.112m val_p90=10.535m val_speed_mae=10.904 heading=-0.3/-1.6deg val_progress_mae=0.000m val_heading_mae=46.3deg val_capture=100.00% val_bank=100.00% val_acq_acc=100.00% score=29.310 best=27.755 patience=3/4
temporal epoch=005/80 loss=16.34843 center_teacher=1.000 acq_teacher=1.000 capture=100.00% bank_capture=100.00% acq_acc=100.00% acq_conf=0.446 radius=0.0m pred_step=1.103 target_step=10.303 pred_v=0.813 target_v=10.303 val_mle=9.326m val_p90=15.256m val_speed_mae=10.875 heading=0.0/-1.6deg val_progress_mae=0.000m val_heading_mae=46.4deg val_capture=100.00% val_bank=100.00% val_acq_acc=100.00% score=32.469 best=27.755 patience=4/4
temporal epoch=006/80 loss=15.98703 center_teacher=1.000 acq_teacher=1.000 capture=100.00% bank_capture=100.00% acq_acc=100.00% acq_conf=0.446 radius=0.0m pred_step=1.269 target_step=10.303 pred_v=0.843 target_v=10.303 val_mle=10.359m val_p90=16.833m val_speed_mae=10.841 heading=0.7/-1.6deg val_progress_mae=0.000m val_heading_mae=46.5deg val_capture=100.00% val_bank=100.00% val_acq_acc=100.00% score=33.436 best=27.755 patience=5/4
temporal epoch=007/80 loss=14.96369 center_teacher=1.000 acq_teacher=1.000 capture=100.00% bank_capture=100.00% acq_acc=100.00% acq_conf=0.446 radius=0.0m pred_step=1.461 target_step=10.303 pred_v=0.878 target_v=10.303 val_mle=10.369m val_p90=16.835m val_speed_mae=10.800 heading=1.6/-1.6deg val_progress_mae=0.000m val_heading_mae=46.6deg val_capture=100.00% val_bank=100.00% val_acq_acc=100.00% score=33.368 best=27.755 patience=6/4
temporal epoch=008/80 loss=14.56317 center_teacher=1.000 acq_teacher=1.000 capture=100.00% bank_capture=100.00% acq_acc=100.00% acq_conf=0.447 radius=0.0m pred_step=1.681 target_step=10.303 pred_v=0.919 target_v=10.303 val_mle=10.385m val_p90=16.834m val_speed_mae=10.751 heading=2.7/-1.6deg val_progress_mae=0.000m val_heading_mae=46.8deg val_capture=100.00% val_bank=100.00% val_acq_acc=100.00% score=33.291 best=27.755 patience=7/4
temporal epoch=009/80 loss=14.11024 center_teacher=1.000 acq_teacher=1.000 capture=100.00% bank_capture=100.00% acq_acc=100.00% acq_conf=0.446 radius=0.0m pred_step=1.941 target_step=10.303 pred_v=0.969 target_v=10.303 val_mle=10.373m val_p90=16.835m val_speed_mae=10.694 heading=4.3/-1.6deg val_progress_mae=0.000m val_heading_mae=47.0deg val_capture=100.00% val_bank=100.00% val_acq_acc=100.00% score=33.170 best=27.755 patience=8/4
temporal epoch=010/80 loss=13.56555 center_teacher=1.000 acq_teacher=1.000 capture=100.00% bank_capture=100.00% acq_acc=100.00% acq_conf=0.450 radius=0.0m pred_step=2.226 target_step=10.303 pred_v=1.025 target_v=10.303 val_mle=10.392m val_p90=16.876m val_speed_mae=10.625 heading=6.3/-1.6deg val_progress_mae=0.000m val_heading_mae=47.3deg val_capture=100.00% val_bank=100.00% val_acq_acc=100.00% score=33.061 best=27.755 patience=9/4
temporal epoch=011/80 loss=13.39652 center_teacher=1.000 acq_teacher=1.000 capture=100.00% bank_capture=100.00% acq_acc=100.00% acq_conf=0.450 radius=0.0m pred_step=2.533 target_step=10.303 pred_v=1.087 target_v=10.303 val_mle=10.390m val_p90=16.882m val_speed_mae=10.545 heading=8.7/-1.6deg val_progress_mae=0.000m val_heading_mae=47.6deg val_capture=100.00% val_bank=100.00% val_acq_acc=100.00% score=32.910 best=27.755 patience=10/4
temporal epoch=012/80 loss=12.91815 center_teacher=1.000 acq_teacher=1.000 capture=100.00% bank_capture=100.00% acq_acc=100.00% acq_conf=0.448 radius=0.0m pred_step=2.875 target_step=10.303 pred_v=1.156 target_v=10.303 val_mle=10.394m val_p90=16.876m val_speed_mae=10.451 heading=11.6/-1.6deg val_progress_mae=0.000m val_heading_mae=48.0deg val_capture=100.00% val_bank=100.00% val_acq_acc=100.00% score=32.738 best=27.755 patience=11/4
temporal epoch=013/80 loss=12.29068 center_teacher=1.000 acq_teacher=1.000 capture=100.00% bank_capture=100.00% acq_acc=100.00% acq_conf=0.445 radius=0.0m pred_step=3.242 target_step=10.303 pred_v=1.236 target_v=10.303 val_mle=10.415m val_p90=16.902m val_speed_mae=10.341 heading=14.6/-1.6deg val_progress_mae=0.000m val_heading_mae=49.4deg val_capture=100.00% val_bank=100.00% val_acq_acc=100.00% score=32.579 best=27.755 patience=12/4
temporal epoch=014/80 loss=11.79998 center_teacher=1.000 acq_teacher=1.000 capture=100.00% bank_capture=100.00% acq_acc=100.00% acq_conf=0.443 radius=0.0m pred_step=3.675 target_step=10.303 pred_v=1.337 target_v=10.303 val_mle=10.425m val_p90=16.899m val_speed_mae=10.213 heading=17.5/-1.6deg val_progress_mae=0.007m val_heading_mae=50.7deg val_capture=100.00% val_bank=100.00% val_acq_acc=100.00% score=32.375 best=27.755 patience=13/4
temporal epoch=015/80 loss=11.10939 center_teacher=1.000 acq_teacher=1.000 capture=100.00% bank_capture=100.00% acq_acc=100.00% acq_conf=0.442 radius=0.0m pred_step=4.110 target_step=10.303 pred_v=1.451 target_v=10.303 val_mle=10.427m val_p90=16.901m val_speed_mae=10.066 heading=19.4/-1.6deg val_progress_mae=0.012m val_heading_mae=52.4deg val_capture=100.00% val_bank=100.00% val_acq_acc=100.00% score=32.134 best=27.755 patience=14/4
temporal epoch=016/80 loss=10.87337 center_teacher=1.000 acq_teacher=1.000 capture=100.00% bank_capture=100.00% acq_acc=100.00% acq_conf=0.440 radius=0.0m pred_step=4.538 target_step=10.303 pred_v=1.584 target_v=10.303 val_mle=10.429m val_p90=16.901m val_speed_mae=9.896 heading=20.5/-1.6deg val_progress_mae=0.013m val_heading_mae=53.5deg val_capture=100.00% val_bank=100.00% val_acq_acc=100.00% score=31.828 best=27.755 patience=15/4
temporal epoch=017/80 loss=10.15241 center_teacher=1.000 acq_teacher=1.000 capture=100.00% bank_capture=100.00% acq_acc=100.00% acq_conf=0.440 radius=0.0m pred_step=4.919 target_step=10.303 pred_v=1.729 target_v=10.303 val_mle=10.432m val_p90=16.903m val_speed_mae=9.698 heading=21.1/-1.6deg val_progress_mae=0.014m val_heading_mae=54.5deg val_capture=100.00% val_bank=100.00% val_acq_acc=100.00% score=31.464 best=27.755 patience=16/4
temporal epoch=018/80 loss=9.85054 center_teacher=1.000 acq_teacher=1.000 capture=100.00% bank_capture=100.00% acq_acc=100.00% acq_conf=0.441 radius=0.0m pred_step=5.396 target_step=10.303 pred_v=1.948 target_v=10.303 val_mle=10.432m val_p90=16.903m val_speed_mae=9.477 heading=21.5/-1.6deg val_progress_mae=0.019m val_heading_mae=54.7deg val_capture=100.00% val_bank=100.00% val_acq_acc=100.00% score=31.029 best=27.755 patience=17/4
EARLY STOP: controlled local-prior validation score did not improve by 0.020 for 4 epochs.
