[PREPARED] PASS | city=citya | step=8 m | selection=unrecorded_legacy | existing GT/routes unchanged
[CADENCE] source=train_01_manifest_gt | mean=10.675142 m | p90=17.170058 m | p95=19.094575 m
[OK] clean v39: Weighted Centroid -> original GRU -> original Kalman -> one final MS; pure MS timer enabled
[PATCH OK] simple GRU inputs = mean + delta + delta2 + SAT context + direct SoftMS position + previous state
[PATCH OK] no split/dual/residual gate; no position innovation
[PATCH OK] fixed conservative correction bounds: parallel=0.75m cross=0.50m
[PATCH OK] temporal losses: measurement=2.50 next_step=1.50 velocity=0.10
[V39-BEARING] final-MS route-centerline reference patch: PASS
[ARCH-AUDIT] forward_18: PASS
[ARCH-AUDIT] base_geometry_6x6: PASS
[ARCH-AUDIT] simple_six_block_gru: PASS
[ARCH-AUDIT] one_final_ms_source: PASS
[ARCH-AUDIT] front_decoder_softms: PASS
[ARCH-AUDIT] forward_origin_backshift_covers_jitter: PASS
[ARCH-AUDIT] protocol: PASS
[ARCH-AUDIT] controlled_gt_reference_enabled: PASS
[ARCH-AUDIT] frame_count: PASS
[ARCH-AUDIT] gru_flag: PASS
[ARCH-AUDIT] kalman_flag: PASS
route_B: reuse UAV backbone cache

=== citya frames2: test_01 ===
route_B final MLE=4.396m P90=8.426m LSR@15=100.00% selected_capture=100.00% bank_capture=100.00% acq_acc=100.00% speed_mae=9.436m/frame progress_mae=1.498m heading_mae=35.2deg jump_rate=0.00% max_step=23.74m final_leg=4 gt_leg=4
route_C: reuse UAV backbone cache

=== citya frames2: test_02 ===
route_C final MLE=5.203m P90=9.547m LSR@15=99.07% selected_capture=100.00% bank_capture=100.00% acq_acc=100.00% speed_mae=9.842m/frame progress_mae=1.600m heading_mae=38.2deg jump_rate=0.00% max_step=23.98m final_leg=4 gt_leg=4
[DONE] /yh/study/uav-sat/v39_otherdata/iclr_bearing_ablation_geomfix_20260920_034613/citya/variants/frames2/bearing_v39_summary.json
