================================================================================
Bearing-v39 cityc
Train: auto-selected COMPLETE city-specific Route A -> 60 epochs
Test : TWO OFFICIAL Bearing-UAV navigation routes
================================================================================
[CODE-AUDIT] PASS
[TURN-DIVERSITY-AUDIT] PASS
{
  "city": "cityc",
  "routes": {
    "test_01": {
      "source": "Bearing-UAV official wps37bc_50.json",
      "waypoints": 13,
      "turn_delta_mod360_deg": [
        283.3,
        110.1,
        45.3,
        356.4,
        271.1,
        346.3,
        336.9,
        310.7,
        3.7,
        356.2,
        268.3
      ],
      "meaningful_20_350_deg": [
        283.3,
        110.1,
        45.3,
        271.1,
        346.3,
        336.9,
        310.7,
        268.3
      ]
    },
    "test_02": {
      "source": "Bearing-UAV official wps37bc_51.json",
      "waypoints": 11,
      "turn_delta_mod360_deg": [
        349.1,
        309.4,
        58.2,
        351.4,
        311.4,
        350.8,
        90.4,
        253.9,
        112.8
      ],
      "meaningful_20_350_deg": [
        349.1,
        309.4,
        58.2,
        311.4,
        90.4,
        253.9,
        112.8
      ]
    }
  },
  "combined": {
    "meaningful_turn_count": 15,
    "occupied_turn_bins": [
      0,
      1,
      4,
      5
    ],
    "near_90_fraction": 0.26666666666666666,
    "rule": "meaningful delta in [20,350] deg; >=4 bins across two tests; <=65% near 90deg"
  }
}
[TRAIN-ROUTE-PROBE] city=cityc profile=strict
{
  "train_01": {
    "candidate": "train_01",
    "status": "ok",
    "full": true,
    "frames": 139,
    "targets": 196,
    "selected_ratio": 0.7091836734693877,
    "first_target": 0,
    "last_target": 195,
    "target_span_ratio": 1.0,
    "start_m": 7.832086015670726,
    "end_m": 8.236678523429125,
    "worst_waypoint_m": 8.236678523429125,
    "centerline_cross_p90_m": 5.094782897120394,
    "same_leg_lateral_delta_p90_m": 3.400130531502268,
    "backward_step_pct": 2.1739130434782608,
    "actual_step_p90_m": 10.990032554990865
  },
  "train_02": {
    "candidate": "train_02",
    "status": "ok",
    "full": true,
    "frames": 194,
    "targets": 198,
    "selected_ratio": 0.9797979797979798,
    "first_target": 0,
    "last_target": 197,
    "target_span_ratio": 1.0,
    "start_m": 6.462804015011414,
    "end_m": 4.035543277615077,
    "worst_waypoint_m": 4.897835499989939,
    "centerline_cross_p90_m": 6.380438872745498,
    "same_leg_lateral_delta_p90_m": 4.26553839398236,
    "backward_step_pct": 17.616580310880828,
    "actual_step_p90_m": 11.516145885442926
  },
  "train_03": {
    "candidate": "train_03",
    "status": "ok",
    "full": true,
    "frames": 153,
    "targets": 203,
    "selected_ratio": 0.7536945812807881,
    "first_target": 0,
    "last_target": 202,
    "target_span_ratio": 1.0,
    "start_m": 5.491163660154469,
    "end_m": 6.781673707144525,
    "worst_waypoint_m": 3.6529068270140144,
    "centerline_cross_p90_m": 5.524965137576759,
    "same_leg_lateral_delta_p90_m": 3.3012355001045686,
    "backward_step_pct": 2.6315789473684212,
    "actual_step_p90_m": 11.39406528018878
  }
}
[SEQUENCE-V12-FULLROUTE] train_01 {
  "split": "train",
  "planned_length_m": 789.4022056368694,
  "waypoints": 6,
  "frames": 194,
  "sample_step_m": 4.0,
  "selection_version": "soft_sequence_v13_multicity_auto_train_fullroute",
  "max_sample_distance_m": 10.0,
  "preferred_step_m": 4.0,
  "safety_max_step_m": 22.0,
  "point_cross_weight": 20.0,
  "lateral_smooth_weight": 35.0,
  "big_turn_threshold_deg": 20.0,
  "heading_weight_px_per_deg": 0.0,
  "targets": 198,
  "dense_frames_before_prune": 194,
  "dense_selected_ratio": 0.9797979797979798,
  "selected_ratio": 0.9797979797979798,
  "prune_keep_ratio": 1.0,
  "skipped_targets": 4,
  "per_leg_prune": [
    {
      "leg": 0,
      "dense": 194,
      "kept": 194,
      "coverage": 1.0,
      "mode": "dense_fallback_for_coverage",
      "first_target": 0,
      "last_target": 197
    }
  ],
  "mean_target_error_m": 5.55740261417104,
  "max_target_error_m": 9.991645577522545,
  "centerline_cross_mean_m": 3.019813437073768,
  "centerline_cross_p90_m": 6.380438872745498,
  "centerline_cross_max_m": 9.454336239242318,
  "same_leg_lateral_delta_p90_m": 4.26553839398236,
  "same_leg_lateral_delta_max_m": 9.936532963867247,
  "actual_step_mean_m": 5.807526922059188,
  "actual_step_p50_m": 5.033949297338361,
  "actual_step_p90_m": 11.516145885442926,
  "actual_step_p95_m": 13.307292766755689,
  "actual_step_max_m": 21.45758905696818,
  "step_over_7m_pct": 29.533678756476682,
  "step_over_10m_pct": 13.471502590673575,
  "step_over_14m_pct": 3.1088082901554404,
  "cross_step_p90_m": 4.2655383939823155,
  "backward_step_pct": 17.616580310880828,
  "same_leg_backward_step_pct": 17.616580310880828,
  "max_cross_track_rule_m": 8.5,
  "max_same_leg_lateral_jump_rule_m": 4.0,
  "max_same_leg_backward_rule_m": 0.25
}
[SEQUENCE-V12-FULLROUTE] test_01 {
  "split": "inference",
  "planned_length_m": 750.8491472570564,
  "waypoints": 13,
  "frames": 159,
  "sample_step_m": 4.0,
  "selection_version": "soft_sequence_v13_multicity_auto_train_fullroute",
  "max_sample_distance_m": 10.0,
  "preferred_step_m": 4.0,
  "safety_max_step_m": 22.0,
  "point_cross_weight": 20.0,
  "lateral_smooth_weight": 35.0,
  "big_turn_threshold_deg": 20.0,
  "heading_weight_px_per_deg": 0.0,
  "targets": 189,
  "dense_frames_before_prune": 189,
  "dense_selected_ratio": 1.0,
  "selected_ratio": 0.8412698412698413,
  "prune_keep_ratio": 0.8412698412698413,
  "skipped_targets": 30,
  "per_leg_prune": [
    {
      "leg": 0,
      "dense": 37,
      "kept": 37,
      "coverage": 1.0,
      "mode": "dense_fallback_for_coverage",
      "first_target": 0,
      "last_target": 36
    },
    {
      "leg": 1,
      "dense": 23,
      "kept": 23,
      "coverage": 1.0,
      "mode": "dense_fallback_for_coverage",
      "first_target": 37,
      "last_target": 59
    },
    {
      "leg": 2,
      "dense": 20,
      "kept": 14,
      "coverage": 1.0,
      "mode": "smoothed_full_span",
      "first_target": 60,
      "last_target": 79
    },
    {
      "leg": 3,
      "dense": 19,
      "kept": 19,
      "coverage": 1.0,
      "mode": "dense_fallback_for_coverage",
      "first_target": 80,
      "last_target": 98
    },
    {
      "leg": 4,
      "dense": 23,
      "kept": 21,
      "coverage": 1.0,
      "mode": "smoothed_full_span",
      "first_target": 99,
      "last_target": 121
    },
    {
      "leg": 5,
      "dense": 28,
      "kept": 17,
      "coverage": 1.0,
      "mode": "smoothed_full_span",
      "first_target": 122,
      "last_target": 149
    },
    {
      "leg": 6,
      "dense": 28,
      "kept": 22,
      "coverage": 0.8888888888888888,
      "mode": "smoothed_full_span",
      "first_target": 150,
      "last_target": 177
    },
    {
      "leg": 7,
      "dense": 11,
      "kept": 6,
      "coverage": 1.0,
      "mode": "smoothed_full_span",
      "first_target": 178,
      "last_target": 188
    }
  ],
  "mean_target_error_m": 5.334663182196032,
  "max_target_error_m": 9.981277697798602,
  "centerline_cross_mean_m": 2.771244365942757,
  "centerline_cross_p90_m": 5.9097664842410165,
  "centerline_cross_max_m": 9.510388111108751,
  "same_leg_lateral_delta_p90_m": 3.9454794382212017,
  "same_leg_lateral_delta_max_m": 11.774479649111324,
  "actual_step_mean_m": 6.130922374577318,
  "actual_step_p50_m": 5.066312804511049,
  "actual_step_p90_m": 11.43816927416573,
  "actual_step_p95_m": 13.861579265105686,
  "actual_step_max_m": 21.19658533736734,
  "step_over_7m_pct": 32.278481012658226,
  "step_over_10m_pct": 13.924050632911392,
  "step_over_14m_pct": 5.063291139240507,
  "cross_step_p90_m": 4.691895733119608,
  "backward_step_pct": 8.860759493670885,
  "same_leg_backward_step_pct": 7.594936708860759,
  "max_cross_track_rule_m": 8.5,
  "max_same_leg_lateral_jump_rule_m": 4.0,
  "max_same_leg_backward_rule_m": 0.25
}
[SEQUENCE-V12-FULLROUTE] test_02 {
  "split": "inference",
  "planned_length_m": 1164.7307744629352,
  "waypoints": 11,
  "frames": 227,
  "sample_step_m": 4.0,
  "selection_version": "soft_sequence_v13_multicity_auto_train_fullroute",
  "max_sample_distance_m": 10.0,
  "preferred_step_m": 4.0,
  "safety_max_step_m": 22.0,
  "point_cross_weight": 20.0,
  "lateral_smooth_weight": 35.0,
  "big_turn_threshold_deg": 20.0,
  "heading_weight_px_per_deg": 0.0,
  "targets": 292,
  "dense_frames_before_prune": 286,
  "dense_selected_ratio": 0.9794520547945206,
  "selected_ratio": 0.7773972602739726,
  "prune_keep_ratio": 0.7937062937062938,
  "skipped_targets": 65,
  "per_leg_prune": [
    {
      "leg": 0,
      "dense": 52,
      "kept": 38,
      "coverage": 1.0,
      "mode": "smoothed_full_span",
      "first_target": 0,
      "last_target": 51
    },
    {
      "leg": 1,
      "dense": 20,
      "kept": 13,
      "coverage": 1.0,
      "mode": "smoothed_full_span",
      "first_target": 52,
      "last_target": 71
    },
    {
      "leg": 2,
      "dense": 48,
      "kept": 38,
      "coverage": 0.9787234042553191,
      "mode": "smoothed_full_span",
      "first_target": 72,
      "last_target": 119
    },
    {
      "leg": 3,
      "dense": 42,
      "kept": 24,
      "coverage": 1.0,
      "mode": "smoothed_full_span",
      "first_target": 120,
      "last_target": 161
    },
    {
      "leg": 4,
      "dense": 43,
      "kept": 43,
      "coverage": 1.0,
      "mode": "dense_fallback_for_coverage",
      "first_target": 162,
      "last_target": 206
    },
    {
      "leg": 5,
      "dense": 28,
      "kept": 18,
      "coverage": 1.0,
      "mode": "smoothed_full_span",
      "first_target": 207,
      "last_target": 234
    },
    {
      "leg": 6,
      "dense": 53,
      "kept": 53,
      "coverage": 1.0,
      "mode": "dense_fallback_for_coverage",
      "first_target": 235,
      "last_target": 291
    }
  ],
  "mean_target_error_m": 5.293983845692553,
  "max_target_error_m": 9.822256984577889,
  "centerline_cross_mean_m": 2.846839554368284,
  "centerline_cross_p90_m": 5.658965647971432,
  "centerline_cross_max_m": 9.417324973116523,
  "same_leg_lateral_delta_p90_m": 3.8649997177196607,
  "same_leg_lateral_delta_max_m": 15.150491441375719,
  "actual_step_mean_m": 6.272193481310867,
  "actual_step_p50_m": 4.59786201969226,
  "actual_step_p90_m": 14.100985395825344,
  "actual_step_p95_m": 16.267724432490613,
  "actual_step_max_m": 21.47772613516859,
  "step_over_7m_pct": 34.51327433628318,
  "step_over_10m_pct": 18.141592920353983,
  "step_over_14m_pct": 10.619469026548673,
  "cross_step_p90_m": 3.9479232011026375,
  "backward_step_pct": 7.964601769911504,
  "same_leg_backward_step_pct": 7.964601769911504,
  "max_cross_track_rule_m": 8.5,
  "max_same_leg_lateral_jump_rule_m": 4.0,
  "max_same_leg_backward_rule_m": 0.25
}
[DONE] experiment: /yh/study/uav-sat/v39_otherdata/generated/cityc__building/experiment.json
[MULTICITY-PREP] PASS city=cityc Route-A source=train_02 profile=strict
{
  "train_01": {
    "frames": 194,
    "waypoints": 6,
    "start_m": 6.462804215049681,
    "end_m": 4.035542800447192,
    "worst_waypoint_m": 4.897835260364748
  },
  "test_01": {
    "frames": 159,
    "waypoints": 13,
    "start_m": 3.5694629574462513,
    "end_m": 3.6566834546670584,
    "worst_waypoint_m": 6.656375865202435
  },
  "test_02": {
    "frames": 227,
    "waypoints": 11,
    "start_m": 4.09642694124149,
    "end_m": 8.944174133895968,
    "worst_waypoint_m": 6.852289612467508
  }
}
[PREP-AUDIT] PASS
  Route-A source : train_02
  Profile        : strict
  train_01: frames=194 waypoints=6 step_mean=5.81m step_p90=11.52m end=4.04m worst_wp=4.90m
  test_01: frames=159 waypoints=13 step_mean=6.13m step_p90=11.44m end=3.66m worst_wp=6.66m
  test_02: frames=227 waypoints=11 step_mean=6.27m step_p90=14.10m end=8.94m worst_wp=6.85m
[PREP-AUDIT] ONE COMPLETE Route A + TWO official tests: PASS
[V39-BEARING] prepared-data lock: PASS | selection=soft_sequence_v13_multicity_auto_train_fullroute
[OK] clean v39: Weighted Centroid -> original GRU -> original Kalman -> one final MS; pure MS timer enabled
[RUNTIME] canonical v39 DirectFinalMS source + patches: PASS
[V39-BEARING] final-MS route-centerline reference patch: PASS
[AUDIT] canonical v39 training settings: PASS
{
  "architecture": "V39_ContextGRU_FixedKalman_FinalMS6x6_BearingAdapted",
  "canonical_source": "v39_DirectFinalMS/base_src + patch_direct_finalms.py + run.sh Context-GRU patch",
  "backbone": "mobilenet_v3_small",
  "reference_protocol": "controlled_gt_jitter",
  "visual_decoder": "weighted_centroid",
  "frame_count": 3,
  "motion": "velocity",
  "kalman": "fixed",
  "forward_only": true,
  "final_ms_grid": 5,
  "final_ms_bandwidth_m": 7.0,
  "losses": {
    "acquisition": 0.0,
    "measurement": 1.0,
    "next_step": 3.0,
    "velocity": 0.25,
    "heading": 1.25,
    "variance_nll": 0.05
  },
  "bearing_step_m": 4.0,
  "route_frames": {
    "train_01": 194,
    "test_01": 159,
    "test_02": 227
  },
  "train_routes": [
    "train_01"
  ],
  "test_routes": [
    "test_01",
    "test_02"
  ]
}
[V39-BEARING] architecture/training audit: PASS
[V39-BEARING] Route A=train_01 | Route B=test_01 | Route C=test_02
[V39-BEARING] temporal training: ONE continuous 60-epoch A-only run
[V39-BEARING] test statistics used for adaptation: NO
[V39-BEARING] physical SAT geometry: {
  "bearing_mpp": 0.25,
  "canonical_stride_m": 4.48,
  "canonical_crop_m": 44.800000000000004,
  "sat_stride_px": 18,
  "sat_stride_m": 4.5,
  "sat_crop_px": 180,
  "sat_crop_m": 45.0
}
[V39-BEARING] train_01 cadence adaptation: {
  "source": "train_01_only",
  "train_step_mean_m": 5.807526922059188,
  "train_step_p90_m": 11.516145885442926,
  "train_step_p95_m": 13.307292766755689,
  "max_forward_speed_m_per_frame": 14.0,
  "max_polynomial_step_m_per_frame": 14.0,
  "max_measurement_correction_parallel_m": 6.333880236993609,
  "kalman_max_measurement_innovation_progress_m": 7.485494825537902,
  "kalman_max_posterior_correction_progress_m": 5.182265648449317,
  "kalman_max_velocity_correction_m_per_frame": 2.0729062593797267,
  "kalman_final_step_max_m": 12.667760473987219
}
[MULTICITY-V39] audit: PASS | ONE Route A | two official test routes | final MS=6x6/BW7
[MULTICITY-V39] selected Route-A source: train_02 | prep profile: strict
satellite backbone cache: 256/47961
satellite backbone cache: 5376/47961
satellite backbone cache: 10496/47961
satellite backbone cache: 15616/47961
satellite backbone cache: 20736/47961
satellite backbone cache: 25856/47961
satellite backbone cache: 30976/47961
satellite backbone cache: 36096/47961
satellite backbone cache: 41216/47961
satellite backbone cache: 46336/47961
satellite backbone cache: 47961/47961
satellite gallery size=47961
Route A backbone cache: 194/194
Route A visual candidate capture=100.00%
visual epoch=001/30 loss=4.60102 val_softms_mle=9.169m val_p90=14.037m val_lsr10=60.00%
visual epoch=002/30 loss=4.15411 val_softms_mle=9.101m val_p90=14.129m val_lsr10=64.00%
visual epoch=003/30 loss=3.82001 val_softms_mle=9.515m val_p90=13.333m val_lsr10=52.00%
visual epoch=004/30 loss=3.72861 val_softms_mle=10.095m val_p90=15.540m val_lsr10=48.00%
visual epoch=005/30 loss=3.62278 val_softms_mle=9.995m val_p90=15.708m val_lsr10=52.00%
visual epoch=006/30 loss=3.56875 val_softms_mle=10.696m val_p90=15.976m val_lsr10=44.00%
visual epoch=007/30 loss=3.48161 val_softms_mle=11.752m val_p90=16.993m val_lsr10=32.00%
visual epoch=008/30 loss=3.38047 val_softms_mle=12.548m val_p90=18.107m val_lsr10=16.00%
visual epoch=009/30 loss=3.18623 val_softms_mle=12.311m val_p90=18.056m val_lsr10=20.00%
visual epoch=010/30 loss=3.04711 val_softms_mle=12.897m val_p90=18.798m val_lsr10=20.00%
visual early stopping: Route A validation stopped improving
best Route A visual validation SoftMS MLE=9.101m
route_A backbone cache: 194/194

=== v39 Bearing temporal training: Route A only, 60 epochs ===
temporal split train=[0,133) val=[137,162) route_length=789.4m
Route-A GT mean forward step=5.546m/frame p90=11.289m/frame
temporal epoch=001/60 loss=13.68671 center_teacher=1.000 acq_teacher=1.000 capture=98.50% bank_capture=98.50% acq_acc=100.00% acq_conf=0.615 radius=0.0m pred_step=0.772 target_step=5.546 pred_v=0.754 target_v=5.546 val_mle=6.486m val_p90=11.201m val_speed_mae=5.595 heading=-0.2/-0.0deg val_progress_mae=1.467m val_heading_mae=37.6deg val_capture=100.00% val_bank=100.00% val_acq_acc=100.00% score=19.025 best=19.025 patience=0/10
temporal epoch=002/60 loss=13.38672 center_teacher=1.000 acq_teacher=1.000 capture=98.50% bank_capture=98.50% acq_acc=100.00% acq_conf=0.619 radius=0.0m pred_step=0.912 target_step=5.546 pred_v=0.779 target_v=5.546 val_mle=6.727m val_p90=11.608m val_speed_mae=5.557 heading=-0.2/-0.0deg val_progress_mae=1.558m val_heading_mae=37.6deg val_capture=100.00% val_bank=100.00% val_acq_acc=100.00% score=19.203 best=19.025 patience=1/10
temporal epoch=003/60 loss=12.78325 center_teacher=1.000 acq_teacher=1.000 capture=98.50% bank_capture=98.50% acq_acc=100.00% acq_conf=0.615 radius=0.0m pred_step=1.178 target_step=5.546 pred_v=0.827 target_v=5.546 val_mle=7.098m val_p90=11.951m val_speed_mae=5.498 heading=0.3/-0.0deg val_progress_mae=1.636m val_heading_mae=37.5deg val_capture=100.00% val_bank=100.00% val_acq_acc=100.00% score=19.464 best=19.025 patience=2/10
temporal epoch=004/60 loss=12.06615 center_teacher=1.000 acq_teacher=1.000 capture=98.50% bank_capture=98.50% acq_acc=100.00% acq_conf=0.615 radius=0.0m pred_step=1.546 target_step=5.546 pred_v=0.900 target_v=5.546 val_mle=7.442m val_p90=12.179m val_speed_mae=5.412 heading=0.5/-0.0deg val_progress_mae=1.834m val_heading_mae=37.5deg val_capture=100.00% val_bank=100.00% val_acq_acc=100.00% score=19.667 best=19.025 patience=3/10
temporal epoch=005/60 loss=11.24252 center_teacher=1.000 acq_teacher=1.000 capture=98.50% bank_capture=98.50% acq_acc=100.00% acq_conf=0.615 radius=0.0m pred_step=2.016 target_step=5.546 pred_v=1.004 target_v=5.546 val_mle=7.429m val_p90=12.199m val_speed_mae=5.293 heading=0.2/-0.0deg val_progress_mae=2.012m val_heading_mae=37.6deg val_capture=100.00% val_bank=100.00% val_acq_acc=100.00% score=19.445 best=19.025 patience=4/10
temporal epoch=006/60 loss=10.51825 center_teacher=1.000 acq_teacher=1.000 capture=98.50% bank_capture=98.50% acq_acc=100.00% acq_conf=0.615 radius=0.0m pred_step=2.537 target_step=5.546 pred_v=1.143 target_v=5.546 val_mle=7.201m val_p90=12.071m val_speed_mae=5.134 heading=-0.3/-0.0deg val_progress_mae=2.167m val_heading_mae=37.7deg val_capture=100.00% val_bank=100.00% val_acq_acc=100.00% score=18.925 best=18.925 patience=0/10
temporal epoch=007/60 loss=9.86345 center_teacher=1.000 acq_teacher=1.000 capture=98.50% bank_capture=98.50% acq_acc=100.00% acq_conf=0.621 radius=0.0m pred_step=3.088 target_step=5.546 pred_v=1.334 target_v=5.546 val_mle=7.095m val_p90=11.915m val_speed_mae=4.931 heading=-0.8/-0.0deg val_progress_mae=2.271m val_heading_mae=37.7deg val_capture=100.00% val_bank=100.00% val_acq_acc=100.00% score=18.429 best=18.429 patience=0/10
temporal epoch=008/60 loss=9.44634 center_teacher=1.000 acq_teacher=1.000 capture=98.50% bank_capture=98.50% acq_acc=100.00% acq_conf=0.622 radius=0.0m pred_step=3.582 target_step=5.546 pred_v=1.565 target_v=5.546 val_mle=7.273m val_p90=12.228m val_speed_mae=4.689 heading=-1.0/-0.0deg val_progress_mae=2.360m val_heading_mae=37.7deg val_capture=100.00% val_bank=100.00% val_acq_acc=100.00% score=18.137 best=18.137 patience=0/10
temporal epoch=009/60 loss=9.18626 center_teacher=1.000 acq_teacher=1.000 capture=98.50% bank_capture=98.50% acq_acc=100.00% acq_conf=0.622 radius=0.0m pred_step=4.044 target_step=5.546 pred_v=1.845 target_v=5.546 val_mle=7.423m val_p90=12.384m val_speed_mae=4.434 heading=-1.0/-0.0deg val_progress_mae=2.417m val_heading_mae=37.7deg val_capture=100.00% val_bank=100.00% val_acq_acc=100.00% score=17.785 best=17.785 patience=0/10
temporal epoch=010/60 loss=9.09974 center_teacher=1.000 acq_teacher=1.000 capture=98.50% bank_capture=98.50% acq_acc=100.00% acq_conf=0.622 radius=0.0m pred_step=4.408 target_step=5.546 pred_v=2.114 target_v=5.546 val_mle=7.210m val_p90=12.034m val_speed_mae=4.219 heading=-0.9/-0.0deg val_progress_mae=2.459m val_heading_mae=37.7deg val_capture=100.00% val_bank=100.00% val_acq_acc=100.00% score=17.148 best=17.148 patience=0/10
temporal epoch=011/60 loss=9.03475 center_teacher=1.000 acq_teacher=1.000 capture=98.50% bank_capture=98.50% acq_acc=100.00% acq_conf=0.622 radius=0.0m pred_step=4.681 target_step=5.546 pred_v=2.339 target_v=5.546 val_mle=7.115m val_p90=11.794m val_speed_mae=4.067 heading=-1.0/-0.0deg val_progress_mae=2.486m val_heading_mae=37.7deg val_capture=100.00% val_bank=100.00% val_acq_acc=100.00% score=16.754 best=16.754 patience=0/10
temporal epoch=012/60 loss=8.95222 center_teacher=1.000 acq_teacher=1.000 capture=98.50% bank_capture=98.50% acq_acc=100.00% acq_conf=0.622 radius=0.0m pred_step=4.886 target_step=5.546 pred_v=2.517 target_v=5.546 val_mle=7.193m val_p90=11.947m val_speed_mae=3.961 heading=-1.1/-0.0deg val_progress_mae=2.498m val_heading_mae=37.7deg val_capture=100.00% val_bank=100.00% val_acq_acc=100.00% score=16.620 best=16.620 patience=0/10
temporal epoch=013/60 loss=8.99004 center_teacher=1.000 acq_teacher=1.000 capture=98.50% bank_capture=98.50% acq_acc=100.00% acq_conf=0.622 radius=0.0m pred_step=5.024 target_step=5.546 pred_v=2.640 target_v=5.546 val_mle=7.222m val_p90=11.991m val_speed_mae=3.902 heading=-1.0/-0.0deg val_progress_mae=2.508m val_heading_mae=37.7deg val_capture=100.00% val_bank=100.00% val_acq_acc=100.00% score=16.534 best=16.534 patience=0/10
temporal epoch=014/60 loss=8.95353 center_teacher=1.000 acq_teacher=1.000 capture=98.50% bank_capture=98.50% acq_acc=100.00% acq_conf=0.622 radius=0.0m pred_step=5.090 target_step=5.546 pred_v=2.701 target_v=5.546 val_mle=7.168m val_p90=11.859m val_speed_mae=3.871 heading=-0.9/-0.0deg val_progress_mae=2.515m val_heading_mae=37.7deg val_capture=100.00% val_bank=100.00% val_acq_acc=100.00% score=16.418 best=16.418 patience=0/10
temporal epoch=015/60 loss=8.97167 center_teacher=1.000 acq_teacher=1.000 capture=98.50% bank_capture=98.50% acq_acc=100.00% acq_conf=0.624 radius=0.0m pred_step=5.130 target_step=5.546 pred_v=2.738 target_v=5.546 val_mle=7.089m val_p90=11.692m val_speed_mae=3.870 heading=-0.7/-0.0deg val_progress_mae=2.521m val_heading_mae=37.7deg val_capture=100.00% val_bank=100.00% val_acq_acc=100.00% score=16.338 best=16.338 patience=0/10
temporal epoch=016/60 loss=8.96523 center_teacher=1.000 acq_teacher=1.000 capture=98.50% bank_capture=98.50% acq_acc=100.00% acq_conf=0.622 radius=0.0m pred_step=5.111 target_step=5.546 pred_v=2.725 target_v=5.546 val_mle=7.045m val_p90=11.603m val_speed_mae=3.886 heading=-0.6/-0.0deg val_progress_mae=2.526m val_heading_mae=37.7deg val_capture=100.00% val_bank=100.00% val_acq_acc=100.00% score=16.327 best=16.338 patience=1/10
temporal epoch=017/60 loss=8.98694 center_teacher=1.000 acq_teacher=1.000 capture=98.50% bank_capture=98.50% acq_acc=100.00% acq_conf=0.622 radius=0.0m pred_step=5.056 target_step=5.546 pred_v=2.680 target_v=5.546 val_mle=6.908m val_p90=11.268m val_speed_mae=3.904 heading=-0.5/-0.0deg val_progress_mae=2.530m val_heading_mae=37.7deg val_capture=100.00% val_bank=100.00% val_acq_acc=100.00% score=16.226 best=16.226 patience=0/10
temporal epoch=018/60 loss=9.02097 center_teacher=1.000 acq_teacher=1.000 capture=98.50% bank_capture=98.50% acq_acc=100.00% acq_conf=0.613 radius=0.0m pred_step=5.044 target_step=5.546 pred_v=2.672 target_v=5.546 val_mle=6.828m val_p90=11.062m val_speed_mae=3.929 heading=-0.5/-0.0deg val_progress_mae=2.531m val_heading_mae=37.8deg val_capture=100.00% val_bank=100.00% val_acq_acc=100.00% score=16.199 best=16.226 patience=1/10
temporal epoch=019/60 loss=8.92287 center_teacher=1.000 acq_teacher=1.000 capture=98.50% bank_capture=98.50% acq_acc=100.00% acq_conf=0.623 radius=0.0m pred_step=5.022 target_step=5.546 pred_v=2.656 target_v=5.546 val_mle=6.988m val_p90=11.443m val_speed_mae=3.952 heading=-0.8/-0.0deg val_progress_mae=2.539m val_heading_mae=37.8deg val_capture=100.00% val_bank=100.00% val_acq_acc=100.00% score=16.407 best=16.226 patience=2/10
temporal epoch=020/60 loss=8.88191 center_teacher=1.000 acq_teacher=1.000 capture=98.50% bank_capture=98.50% acq_acc=100.00% acq_conf=0.622 radius=0.0m pred_step=4.951 target_step=5.546 pred_v=2.599 target_v=5.546 val_mle=7.060m val_p90=11.591m val_speed_mae=3.970 heading=-0.6/-0.0deg val_progress_mae=2.543m val_heading_mae=37.9deg val_capture=100.00% val_bank=100.00% val_acq_acc=100.00% score=16.519 best=16.226 patience=3/10
temporal epoch=021/60 loss=8.88151 center_teacher=1.000 acq_teacher=1.000 capture=98.50% bank_capture=98.50% acq_acc=100.00% acq_conf=0.622 radius=0.0m pred_step=4.935 target_step=5.546 pred_v=2.593 target_v=5.546 val_mle=7.148m val_p90=11.763m val_speed_mae=3.970 heading=-1.6/-0.0deg val_progress_mae=2.544m val_heading_mae=38.1deg val_capture=100.00% val_bank=100.00% val_acq_acc=100.00% score=16.611 best=16.226 patience=4/10
temporal epoch=022/60 loss=8.89112 center_teacher=1.000 acq_teacher=1.000 capture=98.50% bank_capture=98.50% acq_acc=100.00% acq_conf=0.623 radius=0.0m pred_step=4.936 target_step=5.546 pred_v=2.602 target_v=5.546 val_mle=7.371m val_p90=12.246m val_speed_mae=3.969 heading=-2.1/-0.0deg val_progress_mae=2.546m val_heading_mae=38.0deg val_capture=100.00% val_bank=100.00% val_acq_acc=100.00% score=16.829 best=16.226 patience=5/10
temporal epoch=023/60 loss=8.85613 center_teacher=1.000 acq_teacher=1.000 capture=98.50% bank_capture=98.50% acq_acc=100.00% acq_conf=0.620 radius=0.0m pred_step=4.918 target_step=5.546 pred_v=2.594 target_v=5.546 val_mle=7.152m val_p90=11.741m val_speed_mae=3.977 heading=-0.8/-0.0deg val_progress_mae=2.545m val_heading_mae=38.3deg val_capture=100.00% val_bank=100.00% val_acq_acc=100.00% score=16.637 best=16.226 patience=6/10
temporal epoch=024/60 loss=8.74375 center_teacher=1.000 acq_teacher=1.000 capture=98.50% bank_capture=98.50% acq_acc=100.00% acq_conf=0.623 radius=0.0m pred_step=4.903 target_step=5.546 pred_v=2.597 target_v=5.546 val_mle=7.578m val_p90=12.566m val_speed_mae=3.968 heading=-3.4/-0.0deg val_progress_mae=2.556m val_heading_mae=38.4deg val_capture=100.00% val_bank=100.00% val_acq_acc=100.00% score=17.048 best=16.226 patience=7/10
temporal epoch=025/60 loss=8.63090 center_teacher=1.000 acq_teacher=1.000 capture=98.50% bank_capture=98.50% acq_acc=100.00% acq_conf=0.623 radius=0.0m pred_step=4.901 target_step=5.546 pred_v=2.600 target_v=5.546 val_mle=7.562m val_p90=12.511m val_speed_mae=3.969 heading=-3.8/-0.0deg val_progress_mae=2.558m val_heading_mae=38.3deg val_capture=100.00% val_bank=100.00% val_acq_acc=100.00% score=17.031 best=16.226 patience=8/10
temporal epoch=026/60 loss=8.60240 center_teacher=1.000 acq_teacher=1.000 capture=98.50% bank_capture=98.50% acq_acc=100.00% acq_conf=0.624 radius=0.0m pred_step=4.864 target_step=5.546 pred_v=2.589 target_v=5.546 val_mle=7.147m val_p90=11.665m val_speed_mae=3.994 heading=-2.6/-0.0deg val_progress_mae=2.552m val_heading_mae=38.2deg val_capture=100.00% val_bank=100.00% val_acq_acc=100.00% score=16.663 best=16.226 patience=9/10
temporal epoch=027/60 loss=8.46661 center_teacher=1.000 acq_teacher=1.000 capture=98.50% bank_capture=98.50% acq_acc=100.00% acq_conf=0.625 radius=0.0m pred_step=4.806 target_step=5.546 pred_v=2.564 target_v=5.546 val_mle=7.072m val_p90=11.420m val_speed_mae=3.992 heading=-2.4/-0.0deg val_progress_mae=2.552m val_heading_mae=38.2deg val_capture=100.00% val_bank=100.00% val_acq_acc=100.00% score=16.587 best=16.226 patience=10/10
EARLY STOP: controlled local-prior validation score did not improve by 0.050 for 10 epochs.
route_B backbone cache: 159/159

=== held-out inference: test_01 (route_B) ===
test_01 final MLE=4.090m P90=8.183m LSR@15=100.00% selected_capture=92.45% bank_capture=92.45% acq_acc=100.00% speed_mae=3.602m/frame progress_mae=1.040m heading_mae=36.4deg jump_rate=0.00% max_step=16.81m final_leg=11 gt_leg=11
route_C backbone cache: 227/227

=== held-out inference: test_02 (route_C) ===
test_02 final MLE=4.000m P90=6.929m LSR@15=100.00% selected_capture=99.12% bank_capture=99.12% acq_acc=100.00% speed_mae=3.739m/frame progress_mae=1.883m heading_mae=36.0deg jump_rate=0.00% max_step=19.52m final_leg=9 gt_leg=9

[DONE] summary: /yh/study/uav-sat/v39_otherdata/generated/cityc/v39_output_bearing_adapted/bearing_v39_summary.json
[RESULT-AUDIT] test_01: PASS | MLE=4.090m P90=8.183m LSR15=100.00%
[RESULT-AUDIT] test_02: PASS | MLE=4.000m P90=6.929m LSR15=100.00%
[RESULT-AUDIT] structural/metric consistency: PASS
[FINAL-PLOT-AUDIT] test_01: PASS | frames=159 MLE=4.090m GT-coordinate-max-error=0.000030m
[FINAL-PLOT] /yh/study/uav-sat/v39_otherdata/generated/cityc/v39_output_bearing_adapted/test_01_final_result.jpg
[FINAL-PLOT-AUDIT] test_02: PASS | frames=227 MLE=4.000m GT-coordinate-max-error=0.000031m
[FINAL-PLOT] /yh/study/uav-sat/v39_otherdata/generated/cityc/v39_output_bearing_adapted/test_02_final_result.jpg
[FINAL-IMAGES] PASS: two result figures exist
[PAPER-METRICS] cityc {
  "frames": 386,
  "Recall@1_derived_same_quadrant_pct": 96.11398963730569,
  "MLE_m": 4.037210544524456,
  "MedLE_m": 3.578312857925611,
  "LSR@5_pct": 72.279792746114,
  "LSR@10_pct": 97.66839378238342,
  "LSR@15_pct": 100.0,
  "LSR@20_pct": 100.0,
  "P90_m": 7.411354458821072,
  "P95_m": 8.53356461440909,
  "P99_m": 10.996796166398768,
  "HSR@15_pct": null,
  "MHE_deg": null,
  "MedHE_deg": null,
  "SR@20_pct": null,
  "SPL_pct": null,
  "NE_m": null
}
[PAPER-METRICS] same metric definitions: MLE, MedLE, LSR@15 (protocol footnote REQUIRED)
[PAPER-METRICS] Recall@1*: derived with official same-quadrant criterion
[PAPER-METRICS] heading/navigation fields intentionally N/A (different task/protocol)

================================================================================
DONE cityc
Final figures:
  /yh/study/uav-sat/v39_otherdata/generated/cityc/v39_output_bearing_adapted/test_01_final_result.jpg
  /yh/study/uav-sat/v39_otherdata/generated/cityc/v39_output_bearing_adapted/test_02_final_result.jpg
Paper metrics:
  /yh/study/uav-sat/v39_otherdata/generated/cityc/v39_output_bearing_adapted/bearing_paper_metrics.json
  /yh/study/uav-sat/v39_otherdata/generated/cityc/v39_output_bearing_adapted/bearing_paper_metrics.csv
Raw summary: /yh/study/uav-sat/v39_otherdata/generated/cityc/v39_output_bearing_adapted/bearing_v39_summary.json
================================================================================
