[PREPARED] PASS | city=citya | step=4 m | selection=soft_sequence_v13_multicity_auto_train_fullroute | existing GT/routes unchanged
[CADENCE] source=experiment_route_stats_train_01 | mean=5.603307 m | p90=10.304821 m | p95=11.938275 m
[OK] clean v39 runtime: Forward-18 SoftMS -> GRU -> Kalman -> one final MeanShift
[OK] weighted-centroid decoder removed from generated runtime source
[PATCH OK] GRU = current + delta + delta2 + SAT + SoftMS position + visual displacement + previous state
[PATCH OK] 3-frame delta2 directly corrects acceleration + next_step
[PATCH OK] training/validation/inference motion starts from current-city cadence
[PATCH OK] Kalman = smooth confidence-adaptive measurement-preserving residual fusion
[PATCH OK] step corridor = continuous confidence relaxation
[PATCH OK] no held-out navigation result is read by this patch
[V39-BEARING] final-MS route-centerline reference patch: PASS
[ARCH-AUDIT] forward_18: PASS
[ARCH-AUDIT] base_geometry_6x6: PASS
[ARCH-AUDIT] front_softms_source: PASS
[ARCH-AUDIT] one_final_ms_source: PASS
[ARCH-AUDIT] front_decoder_softms: PASS
[ARCH-AUDIT] simple_seven_block_gru: PASS
[ARCH-AUDIT] residual_motion_head: PASS
[ARCH-AUDIT] causal_visual_displacement: PASS
[ARCH-AUDIT] cadence_initialized_tracker: PASS
[ARCH-AUDIT] motion_training_inference_aligned: PASS
[ARCH-AUDIT] training_city_motion_scale_init: PASS
[ARCH-AUDIT] forward_origin_backshift_covers_jitter: PASS
[ARCH-AUDIT] protocol: PASS
[ARCH-AUDIT] controlled_gt_reference_enabled: PASS
[ARCH-AUDIT] frame_count: PASS
[ARCH-AUDIT] gru_flag: PASS
[ARCH-AUDIT] kalman_flag: PASS
[TRAIN] reuse visual checkpoint /yh/study/uav-sat/v39_otherdata/iclr_bearing_citya_ablation_v5_20260920_141817/citya/train_frames3/checkpoints/visual_retrieval_A_only.pt
route_A: reuse UAV backbone cache
temporal split train=[0,135) val=[139,165) route_length=789.4m
City training-sequence mean forward step=5.543m/frame p90=10.326m/frame
Traceback (most recent call last):
  File "v39_otherdata/bearing_iclr_ablation.py", line 749, in <module>
    main()
  File "v39_otherdata/bearing_iclr_ablation.py", line 743, in main
    train_full(args)
  File "v39_otherdata/bearing_iclr_ablation.py", line 601, in train_full
    tracker.train_temporal_model(
  File "/yh/study/uav-sat/v39_otherdata/iclr_bearing_citya_ablation_v5_20260920_141817/citya/train_frames3/runtime/robust_tracker.py", line 2138, in train_temporal_model
    output = model_forward(
  File "/yh/study/uav-sat/v39_otherdata/iclr_bearing_citya_ablation_v5_20260920_141817/citya/train_frames3/runtime/robust_tracker.py", line 1653, in model_forward
    return model.forward_step(
  File "/yh/study/uav-sat/v39_otherdata/iclr_bearing_citya_ablation_v5_20260920_141817/citya/train_frames3/runtime/visual_model.py", line 483, in forward_step
    * float(config.TEMPORAL_DIRECT_ACCEL_FORWARD_M)
AttributeError: module 'config' has no attribute 'TEMPORAL_DIRECT_ACCEL_FORWARD_M'
