================================================================================
v39_DirectFinalMS -> Bearing-UAV official navigation routes
Method : Weighted Centroid -> 3-frame GRU -> fixed Kalman -> one final 6x6 MS
Protocol: original selected v39 controlled_gt_jitter / predefined frame reference
Plot   : official waypoint GT + raw final_x/final_y prediction
City   : citya
================================================================================
================================================================================
Bearing-v39 citya
Train: auto-selected COMPLETE city-specific Route A -> 60 epochs
Test : TWO OFFICIAL Bearing-UAV navigation routes
Model: selected low-error Bearing-adapted v39 (architecture unchanged)
Plot : green solid waypoint GT + RAW red model prediction (no smoothing)
================================================================================
[CODE-AUDIT] PASS
[SAFE-BACKUP] previous citya package moved to: /yh/study/uav-sat-bearing-all4-20260920_010002_bearing_run_backup_citya_20260920_010028
[TURN-DIVERSITY-AUDIT] PASS
{
  "city": "citya",
  "routes": {
    "test_01": {
      "source": "Bearing-UAV official wps34bc_50.json",
      "waypoints": 13,
      "turn_delta_mod360_deg": [
        283.3,
        110.1,
        45.3,
        356.4,
        271.1,
        346.3,
        336.9,
        310.7,
        3.7,
        356.2,
        268.3
      ],
      "meaningful_20_350_deg": [
        283.3,
        110.1,
        45.3,
        271.1,
        346.3,
        336.9,
        310.7,
        268.3
      ]
    },
    "test_02": {
      "source": "Bearing-UAV official wps34bc_51.json",
      "waypoints": 10,
      "turn_delta_mod360_deg": [
        20.4,
        78.9,
        262.7,
        87.3,
        257.5,
        118.3,
        246.7,
        107.6
      ],
      "meaningful_20_350_deg": [
        20.4,
        78.9,
        262.7,
        87.3,
        257.5,
        118.3,
        246.7,
        107.6
      ]
    }
  },
  "combined": {
    "meaningful_turn_count": 16,
    "occupied_turn_bins": [
      0,
      1,
      4,
      5
    ],
    "near_90_fraction": 0.4375,
    "rule": "meaningful delta in [20,350] deg; >=4 bins across two tests; <=65% near 90deg"
  }
}
[TRAIN-ROUTE-PROBE] city=citya profile=strict
{
  "train_01": {
    "candidate": "train_01",
    "status": "incomplete",
    "full": false,
    "frames": 69,
    "targets": 196,
    "selected_ratio": 0.3520408163265306,
    "first_target": 0,
    "last_target": 68,
    "target_span_ratio": 0.3487179487179487,
    "start_m": 5.804329994309351,
    "end_m": 515.1246222932574,
    "worst_waypoint_m": 514.3056322441687,
    "centerline_cross_p90_m": 5.305720337836609,
    "same_leg_lateral_delta_p90_m": 3.2817689573489477,
    "backward_step_pct": 16.176470588235293,
    "actual_step_p90_m": 9.799217511627667
  },
  "train_02": {
    "candidate": "train_02",
    "status": "ok",
    "full": true,
    "frames": 197,
    "targets": 198,
    "selected_ratio": 0.9949494949494949,
    "first_target": 0,
    "last_target": 197,
    "target_span_ratio": 1.0,
    "start_m": 4.391737694279891,
    "end_m": 4.911050001289654,
    "worst_waypoint_m": 8.79032624556273,
    "centerline_cross_p90_m": 6.30269879605136,
    "same_leg_lateral_delta_p90_m": 5.018402467134978,
    "backward_step_pct": 15.306122448979592,
    "actual_step_p90_m": 10.30482089483257
  },
  "train_03": {
    "candidate": "train_03",
    "status": "ok",
    "full": true,
    "frames": 148,
    "targets": 203,
    "selected_ratio": 0.729064039408867,
    "first_target": 0,
    "last_target": 202,
    "target_span_ratio": 1.0,
    "start_m": 8.525114405535442,
    "end_m": 4.3251508242687144,
    "worst_waypoint_m": 6.723658556506802,
    "centerline_cross_p90_m": 5.458798712802741,
    "same_leg_lateral_delta_p90_m": 3.5938513786901556,
    "backward_step_pct": 4.081632653061225,
    "actual_step_p90_m": 12.722837455366925
  }
}
[SEQUENCE-V12-FULLROUTE] train_01 {
  "split": "train",
  "planned_length_m": 789.4022056368694,
  "waypoints": 6,
  "frames": 197,
  "sample_step_m": 4.0,
  "selection_version": "soft_sequence_v13_multicity_auto_train_fullroute",
  "max_sample_distance_m": 10.0,
  "preferred_step_m": 4.0,
  "safety_max_step_m": 22.0,
  "point_cross_weight": 20.0,
  "lateral_smooth_weight": 35.0,
  "big_turn_threshold_deg": 20.0,
  "heading_weight_px_per_deg": 0.0,
  "targets": 198,
  "dense_frames_before_prune": 197,
  "dense_selected_ratio": 0.9949494949494949,
  "selected_ratio": 0.9949494949494949,
  "prune_keep_ratio": 1.0,
  "skipped_targets": 1,
  "per_leg_prune": [
    {
      "leg": 0,
      "dense": 197,
      "kept": 197,
      "coverage": 1.0,
      "mode": "dense_fallback_for_coverage",
      "first_target": 0,
      "last_target": 197
    }
  ],
  "mean_target_error_m": 5.747569397366028,
  "max_target_error_m": 9.978593103149521,
  "centerline_cross_mean_m": 3.1600280155693405,
  "centerline_cross_p90_m": 6.30269879605136,
  "centerline_cross_max_m": 9.434099618495399,
  "same_leg_lateral_delta_p90_m": 5.018402467134978,
  "same_leg_lateral_delta_max_m": 10.193748326605382,
  "actual_step_mean_m": 5.603307075897074,
  "actual_step_p50_m": 5.052065465116305,
  "actual_step_p90_m": 10.30482089483257,
  "actual_step_p95_m": 11.938275300306024,
  "actual_step_max_m": 20.0168060887281,
  "step_over_7m_pct": 29.591836734693878,
  "step_over_10m_pct": 11.224489795918368,
  "step_over_14m_pct": 1.530612244897959,
  "cross_step_p90_m": 5.018402467135028,
  "backward_step_pct": 15.306122448979592,
  "same_leg_backward_step_pct": 15.306122448979592,
  "max_cross_track_rule_m": 8.5,
  "max_same_leg_lateral_jump_rule_m": 4.0,
  "max_same_leg_backward_rule_m": 0.25
}
[SEQUENCE-V12-FULLROUTE] test_01 {
  "split": "inference",
  "planned_length_m": 750.8491472570564,
  "waypoints": 13,
  "frames": 162,
  "sample_step_m": 4.0,
  "selection_version": "soft_sequence_v13_multicity_auto_train_fullroute",
  "max_sample_distance_m": 10.0,
  "preferred_step_m": 4.0,
  "safety_max_step_m": 22.0,
  "point_cross_weight": 20.0,
  "lateral_smooth_weight": 35.0,
  "big_turn_threshold_deg": 20.0,
  "heading_weight_px_per_deg": 0.0,
  "targets": 189,
  "dense_frames_before_prune": 189,
  "dense_selected_ratio": 1.0,
  "selected_ratio": 0.8571428571428571,
  "prune_keep_ratio": 0.8571428571428571,
  "skipped_targets": 27,
  "per_leg_prune": [
    {
      "leg": 0,
      "dense": 37,
      "kept": 37,
      "coverage": 1.0,
      "mode": "dense_fallback_for_coverage",
      "first_target": 0,
      "last_target": 36
    },
    {
      "leg": 1,
      "dense": 23,
      "kept": 15,
      "coverage": 1.0,
      "mode": "smoothed_full_span",
      "first_target": 37,
      "last_target": 59
    },
    {
      "leg": 2,
      "dense": 20,
      "kept": 20,
      "coverage": 1.0,
      "mode": "dense_fallback_for_coverage",
      "first_target": 60,
      "last_target": 79
    },
    {
      "leg": 3,
      "dense": 19,
      "kept": 19,
      "coverage": 1.0,
      "mode": "dense_fallback_for_coverage",
      "first_target": 80,
      "last_target": 98
    },
    {
      "leg": 4,
      "dense": 23,
      "kept": 16,
      "coverage": 1.0,
      "mode": "smoothed_full_span",
      "first_target": 99,
      "last_target": 121
    },
    {
      "leg": 5,
      "dense": 28,
      "kept": 21,
      "coverage": 0.9259259259259259,
      "mode": "smoothed_full_span",
      "first_target": 122,
      "last_target": 149
    },
    {
      "leg": 6,
      "dense": 28,
      "kept": 23,
      "coverage": 0.9259259259259259,
      "mode": "smoothed_full_span",
      "first_target": 150,
      "last_target": 177
    },
    {
      "leg": 7,
      "dense": 11,
      "kept": 11,
      "coverage": 1.0,
      "mode": "dense_fallback_for_coverage",
      "first_target": 178,
      "last_target": 188
    }
  ],
  "mean_target_error_m": 5.474449626567724,
  "max_target_error_m": 9.733826927400344,
  "centerline_cross_mean_m": 3.121796934260484,
  "centerline_cross_p90_m": 5.772535489692385,
  "centerline_cross_max_m": 9.576889052884747,
  "same_leg_lateral_delta_p90_m": 3.93062343887843,
  "same_leg_lateral_delta_max_m": 13.012427108992998,
  "actual_step_mean_m": 5.979458051828475,
  "actual_step_p50_m": 4.891639775925316,
  "actual_step_p90_m": 11.499078333762215,
  "actual_step_p95_m": 13.40170432476803,
  "actual_step_max_m": 17.34246988115543,
  "step_over_7m_pct": 32.298136645962735,
  "step_over_10m_pct": 14.285714285714285,
  "step_over_14m_pct": 4.3478260869565215,
  "cross_step_p90_m": 4.038115453613788,
  "backward_step_pct": 11.180124223602485,
  "same_leg_backward_step_pct": 9.937888198757763,
  "max_cross_track_rule_m": 8.5,
  "max_same_leg_lateral_jump_rule_m": 4.0,
  "max_same_leg_backward_rule_m": 0.25
}
[SEQUENCE-V12-FULLROUTE] test_02 {
  "split": "inference",
  "planned_length_m": 1052.8979954325384,
  "waypoints": 10,
  "frames": 205,
  "sample_step_m": 4.0,
  "selection_version": "soft_sequence_v13_multicity_auto_train_fullroute",
  "max_sample_distance_m": 10.0,
  "preferred_step_m": 4.0,
  "safety_max_step_m": 22.0,
  "point_cross_weight": 20.0,
  "lateral_smooth_weight": 35.0,
  "big_turn_threshold_deg": 20.0,
  "heading_weight_px_per_deg": 0.0,
  "targets": 264,
  "dense_frames_before_prune": 264,
  "dense_selected_ratio": 1.0,
  "selected_ratio": 0.7765151515151515,
  "prune_keep_ratio": 0.7765151515151515,
  "skipped_targets": 59,
  "per_leg_prune": [
    {
      "leg": 0,
      "dense": 21,
      "kept": 17,
      "coverage": 1.0,
      "mode": "smoothed_full_span",
      "first_target": 0,
      "last_target": 20
    },
    {
      "leg": 1,
      "dense": 24,
      "kept": 15,
      "coverage": 0.9565217391304348,
      "mode": "smoothed_full_span",
      "first_target": 21,
      "last_target": 44
    },
    {
      "leg": 2,
      "dense": 27,
      "kept": 18,
      "coverage": 1.0,
      "mode": "smoothed_full_span",
      "first_target": 45,
      "last_target": 71
    },
    {
      "leg": 3,
      "dense": 37,
      "kept": 31,
      "coverage": 1.0,
      "mode": "smoothed_full_span",
      "first_target": 72,
      "last_target": 108
    },
    {
      "leg": 4,
      "dense": 28,
      "kept": 28,
      "coverage": 1.0,
      "mode": "dense_fallback_for_coverage",
      "first_target": 109,
      "last_target": 136
    },
    {
      "leg": 5,
      "dense": 37,
      "kept": 22,
      "coverage": 1.0,
      "mode": "smoothed_full_span",
      "first_target": 137,
      "last_target": 173
    },
    {
      "leg": 6,
      "dense": 30,
      "kept": 21,
      "coverage": 1.0,
      "mode": "smoothed_full_span",
      "first_target": 174,
      "last_target": 203
    },
    {
      "leg": 7,
      "dense": 34,
      "kept": 34,
      "coverage": 1.0,
      "mode": "dense_fallback_for_coverage",
      "first_target": 204,
      "last_target": 237
    },
    {
      "leg": 8,
      "dense": 26,
      "kept": 19,
      "coverage": 1.0,
      "mode": "smoothed_full_span",
      "first_target": 238,
      "last_target": 263
    }
  ],
  "mean_target_error_m": 5.568805564114464,
  "max_target_error_m": 9.98729682367195,
  "centerline_cross_mean_m": 3.3552894684484005,
  "centerline_cross_p90_m": 6.777544940452791,
  "centerline_cross_max_m": 8.164351375577855,
  "same_leg_lateral_delta_p90_m": 3.9347373702959123,
  "same_leg_lateral_delta_max_m": 6.2347360210471265,
  "actual_step_mean_m": 6.15376779124752,
  "actual_step_p50_m": 5.301699261890776,
  "actual_step_p90_m": 11.384493069752446,
  "actual_step_p95_m": 13.99212123983621,
  "actual_step_max_m": 19.79083412428393,
  "step_over_7m_pct": 31.372549019607842,
  "step_over_10m_pct": 15.196078431372548,
  "step_over_14m_pct": 5.392156862745098,
  "cross_step_p90_m": 3.9593205187909586,
  "backward_step_pct": 6.372549019607843,
  "same_leg_backward_step_pct": 4.901960784313726,
  "max_cross_track_rule_m": 8.5,
  "max_same_leg_lateral_jump_rule_m": 4.0,
  "max_same_leg_backward_rule_m": 0.25
}
[DONE] experiment: /yh/study/uav-sat-bearing-all4-20260920_010002/v39_otherdata/generated/citya__building/experiment.json
[MULTICITY-PREP] PASS city=citya Route-A source=train_02 profile=strict
{
  "train_01": {
    "frames": 197,
    "waypoints": 6,
    "start_m": 4.391737790941201,
    "end_m": 4.91104964755124,
    "worst_waypoint_m": 8.790326098509231
  },
  "test_01": {
    "frames": 162,
    "waypoints": 13,
    "start_m": 8.655479517461297,
    "end_m": 2.2136991895278166,
    "worst_waypoint_m": 7.372929818545167
  },
  "test_02": {
    "frames": 205,
    "waypoints": 10,
    "start_m": 3.89779200847352,
    "end_m": 7.7180862873394895,
    "worst_waypoint_m": 7.269611489125477
  }
}
[PREP-AUDIT] PASS
  Route-A source : train_02
  Profile        : strict
  train_01: frames=197 waypoints=6 step_mean=5.60m step_p90=10.30m end=4.91m worst_wp=8.79m
  test_01: frames=162 waypoints=13 step_mean=5.98m step_p90=11.50m end=2.21m worst_wp=7.37m
  test_02: frames=205 waypoints=10 step_mean=6.15m step_p90=11.38m end=7.72m worst_wp=7.27m
[PREP-AUDIT] ONE COMPLETE Route A + TWO official tests: PASS
[V39-BEARING] prepared-data lock: PASS | selection=soft_sequence_v13_multicity_auto_train_fullroute
[OK] clean v39: Weighted Centroid -> original GRU -> original Kalman -> one final MS; pure MS timer enabled
[RUNTIME] canonical v39 DirectFinalMS source + patches: PASS
[V39-BEARING] final-MS route-centerline reference patch: PASS
[AUDIT] canonical v39 training settings: PASS
{
  "architecture": "V39_ContextGRU_FixedKalman_FinalMS6x6_BearingAdapted",
  "canonical_source": "v39_DirectFinalMS/base_src + patch_direct_finalms.py + run.sh Context-GRU patch",
  "backbone": "mobilenet_v3_small",
  "reference_protocol": "controlled_gt_jitter",
  "visual_decoder": "softms",
  "frame_count": 3,
  "motion": "velocity",
  "kalman": "fixed",
  "forward_only": true,
  "final_ms_grid": 5,
  "final_ms_bandwidth_m": 7.0,
  "losses": {
    "acquisition": 0.0,
    "measurement": 1.0,
    "next_step": 3.0,
    "velocity": 0.25,
    "heading": 1.25,
    "variance_nll": 0.05
  },
  "bearing_step_m": 4.0,
  "route_frames": {
    "train_01": 197,
    "test_01": 162,
    "test_02": 205
  },
  "train_routes": [
    "train_01"
  ],
  "test_routes": [
    "test_01",
    "test_02"
  ]
}
[V39-BEARING] architecture/training audit: PASS
[V39-BEARING] Route A=train_01 | Route B=test_01 | Route C=test_02
[V39-BEARING] temporal training: ONE continuous 60-epoch A-only run
[V39-BEARING] test statistics used for adaptation: NO
[V39-BEARING] physical SAT geometry: {
  "bearing_mpp": 0.25,
  "canonical_stride_m": 4.48,
  "canonical_crop_m": 44.800000000000004,
  "sat_stride_px": 18,
  "sat_stride_m": 4.5,
  "sat_crop_px": 180,
  "sat_crop_m": 45.0
}
[V39-BEARING] train_01 cadence adaptation: {
  "source": "train_01_only",
  "train_step_mean_m": 5.603307075897074,
  "train_step_p90_m": 10.30482089483257,
  "train_step_p95_m": 11.938275300306024,
  "max_forward_speed_m_per_frame": 14.0,
  "max_polynomial_step_m_per_frame": 14.0,
  "max_measurement_correction_parallel_m": 5.667651492157914,
  "kalman_max_measurement_innovation_progress_m": 6.698133581641171,
  "kalman_max_posterior_correction_progress_m": 4.637169402674656,
  "kalman_max_velocity_correction_m_per_frame": 1.8548677610698625,
  "kalman_final_step_max_m": 11.335302984315828
}
[MULTICITY-V39] audit: PASS | ONE Route A | two official test routes | final MS=6x6/BW7
[MULTICITY-V39] selected Route-A source: train_02 | prep profile: strict
satellite backbone cache: 256/47961
satellite backbone cache: 5376/47961
satellite backbone cache: 10496/47961
satellite backbone cache: 15616/47961
satellite backbone cache: 20736/47961
satellite backbone cache: 25856/47961
satellite backbone cache: 30976/47961
satellite backbone cache: 36096/47961
satellite backbone cache: 41216/47961
satellite backbone cache: 46336/47961
satellite backbone cache: 47961/47961
satellite gallery size=47961
Route A backbone cache: 197/197
Route A visual candidate capture=100.00%
visual epoch=001/30 loss=4.39271 val_softms_mle=9.776m val_p90=14.516m val_lsr10=46.15%
visual epoch=002/30 loss=4.17336 val_softms_mle=9.555m val_p90=14.985m val_lsr10=50.00%
visual epoch=003/30 loss=4.08229 val_softms_mle=8.049m val_p90=12.222m val_lsr10=65.38%
visual epoch=004/30 loss=3.73398 val_softms_mle=8.033m val_p90=12.216m val_lsr10=65.38%
visual epoch=005/30 loss=3.72741 val_softms_mle=7.891m val_p90=11.909m val_lsr10=61.54%
visual epoch=006/30 loss=3.56674 val_softms_mle=8.267m val_p90=12.812m val_lsr10=57.69%
visual epoch=007/30 loss=3.47017 val_softms_mle=9.295m val_p90=14.326m val_lsr10=53.85%
visual epoch=008/30 loss=3.47041 val_softms_mle=9.615m val_p90=14.219m val_lsr10=57.69%
visual epoch=009/30 loss=3.54842 val_softms_mle=10.044m val_p90=14.519m val_lsr10=46.15%
visual epoch=010/30 loss=3.42043 val_softms_mle=10.555m val_p90=15.023m val_lsr10=38.46%
visual epoch=011/30 loss=3.08881 val_softms_mle=11.510m val_p90=15.487m val_lsr10=26.92%
visual epoch=012/30 loss=3.07146 val_softms_mle=12.297m val_p90=16.400m val_lsr10=23.08%
visual epoch=013/30 loss=3.04806 val_softms_mle=12.260m val_p90=16.805m val_lsr10=30.77%
visual early stopping: Route A validation stopped improving
best Route A visual validation SoftMS MLE=7.891m
route_A backbone cache: 197/197

=== v39 Bearing temporal training: Route A only, 60 epochs ===
temporal split train=[0,135) val=[139,165) route_length=789.4m
Route-A GT mean forward step=5.543m/frame p90=10.326m/frame
temporal epoch=001/60 loss=12.71555 center_teacher=1.000 acq_teacher=1.000 capture=97.04% bank_capture=97.04% acq_acc=100.00% acq_conf=0.703 radius=0.0m pred_step=0.772 target_step=5.543 pred_v=0.754 target_v=5.543 val_mle=5.111m val_p90=10.482m val_speed_mae=5.673 heading=-0.2/-1.7deg val_progress_mae=0.999m val_heading_mae=39.9deg val_capture=100.00% val_bank=100.00% val_acq_acc=100.00% score=17.803 best=17.803 patience=0/4
temporal epoch=002/60 loss=12.42635 center_teacher=1.000 acq_teacher=1.000 capture=97.04% bank_capture=97.04% acq_acc=100.00% acq_conf=0.710 radius=0.0m pred_step=0.923 target_step=5.543 pred_v=0.781 target_v=5.543 val_mle=5.950m val_p90=12.226m val_speed_mae=5.629 heading=-0.5/-1.7deg val_progress_mae=1.097m val_heading_mae=39.7deg val_capture=100.00% val_bank=100.00% val_acq_acc=100.00% score=18.562 best=17.803 patience=1/4
temporal epoch=003/60 loss=11.72943 center_teacher=1.000 acq_teacher=1.000 capture=97.04% bank_capture=97.04% acq_acc=100.00% acq_conf=0.703 radius=0.0m pred_step=1.212 target_step=5.543 pred_v=0.833 target_v=5.543 val_mle=5.740m val_p90=11.925m val_speed_mae=5.559 heading=0.7/-1.7deg val_progress_mae=1.206m val_heading_mae=39.2deg val_capture=100.00% val_bank=100.00% val_acq_acc=100.00% score=18.215 best=17.803 patience=2/4
temporal epoch=004/60 loss=10.90576 center_teacher=1.000 acq_teacher=1.000 capture=97.04% bank_capture=97.04% acq_acc=100.00% acq_conf=0.703 radius=0.0m pred_step=1.619 target_step=5.543 pred_v=0.911 target_v=5.543 val_mle=6.216m val_p90=12.514m val_speed_mae=5.458 heading=2.9/-1.7deg val_progress_mae=1.474m val_heading_mae=38.6deg val_capture=100.00% val_bank=100.00% val_acq_acc=100.00% score=18.511 best=17.803 patience=3/4
temporal epoch=005/60 loss=9.93493 center_teacher=1.000 acq_teacher=1.000 capture=97.04% bank_capture=97.04% acq_acc=100.00% acq_conf=0.703 radius=0.0m pred_step=2.147 target_step=5.543 pred_v=1.026 target_v=5.543 val_mle=7.620m val_p90=14.117m val_speed_mae=5.315 heading=6.1/-1.7deg val_progress_mae=1.855m val_heading_mae=38.5deg val_capture=100.00% val_bank=100.00% val_acq_acc=100.00% score=19.682 best=17.803 patience=4/4
temporal epoch=006/60 loss=9.08091 center_teacher=1.000 acq_teacher=1.000 capture=97.04% bank_capture=97.04% acq_acc=100.00% acq_conf=0.703 radius=0.0m pred_step=2.753 target_step=5.543 pred_v=1.181 target_v=5.543 val_mle=9.943m val_p90=16.012m val_speed_mae=5.122 heading=9.3/-1.7deg val_progress_mae=2.165m val_heading_mae=38.6deg val_capture=100.00% val_bank=100.00% val_acq_acc=100.00% score=21.668 best=17.803 patience=5/4
temporal epoch=007/60 loss=8.38390 center_teacher=1.000 acq_teacher=1.000 capture=97.04% bank_capture=97.04% acq_acc=100.00% acq_conf=0.703 radius=0.0m pred_step=3.411 target_step=5.543 pred_v=1.392 target_v=5.543 val_mle=10.099m val_p90=16.023m val_speed_mae=4.895 heading=13.0/-1.7deg val_progress_mae=2.383m val_heading_mae=39.0deg val_capture=100.00% val_bank=100.00% val_acq_acc=100.00% score=21.418 best=17.803 patience=6/4
temporal epoch=008/60 loss=8.00867 center_teacher=1.000 acq_teacher=1.000 capture=97.04% bank_capture=97.04% acq_acc=100.00% acq_conf=0.703 radius=0.0m pred_step=4.014 target_step=5.543 pred_v=1.656 target_v=5.543 val_mle=10.148m val_p90=16.023m val_speed_mae=4.649 heading=16.6/-1.7deg val_progress_mae=2.501m val_heading_mae=39.7deg val_capture=100.00% val_bank=100.00% val_acq_acc=100.00% score=21.013 best=17.803 patience=7/4
temporal epoch=009/60 loss=7.76897 center_teacher=1.000 acq_teacher=1.000 capture=97.78% bank_capture=97.78% acq_acc=100.00% acq_conf=0.702 radius=0.0m pred_step=4.523 target_step=5.543 pred_v=1.951 target_v=5.543 val_mle=10.160m val_p90=16.022m val_speed_mae=4.408 heading=17.9/-1.7deg val_progress_mae=2.543m val_heading_mae=39.7deg val_capture=100.00% val_bank=100.00% val_acq_acc=100.00% score=20.550 best=17.803 patience=8/4
temporal epoch=010/60 loss=7.66667 center_teacher=1.000 acq_teacher=1.000 capture=97.04% bank_capture=97.04% acq_acc=100.00% acq_conf=0.703 radius=0.0m pred_step=4.854 target_step=5.543 pred_v=2.225 target_v=5.543 val_mle=10.128m val_p90=16.022m val_speed_mae=4.200 heading=17.5/-1.7deg val_progress_mae=2.550m val_heading_mae=39.3deg val_capture=100.00% val_bank=100.00% val_acq_acc=100.00% score=20.090 best=17.803 patience=9/4
temporal epoch=011/60 loss=7.61708 center_teacher=1.000 acq_teacher=1.000 capture=97.04% bank_capture=97.04% acq_acc=100.00% acq_conf=0.703 radius=0.0m pred_step=5.023 target_step=5.543 pred_v=2.435 target_v=5.543 val_mle=9.956m val_p90=15.996m val_speed_mae=4.028 heading=15.3/-1.7deg val_progress_mae=2.552m val_heading_mae=38.7deg val_capture=100.00% val_bank=100.00% val_acq_acc=100.00% score=19.555 best=17.803 patience=10/4
temporal epoch=012/60 loss=7.50463 center_teacher=1.000 acq_teacher=1.000 capture=97.04% bank_capture=97.04% acq_acc=100.00% acq_conf=0.703 radius=0.0m pred_step=5.147 target_step=5.543 pred_v=2.607 target_v=5.543 val_mle=8.122m val_p90=14.274m val_speed_mae=3.897 heading=12.3/-1.7deg val_progress_mae=2.453m val_heading_mae=38.5deg val_capture=100.00% val_bank=100.00% val_acq_acc=100.00% score=17.439 best=17.439 patience=0/4
temporal epoch=013/60 loss=7.48772 center_teacher=1.000 acq_teacher=1.000 capture=97.04% bank_capture=97.04% acq_acc=100.00% acq_conf=0.703 radius=0.0m pred_step=5.210 target_step=5.543 pred_v=2.727 target_v=5.543 val_mle=6.590m val_p90=12.417m val_speed_mae=3.811 heading=9.8/-1.7deg val_progress_mae=2.354m val_heading_mae=38.4deg val_capture=100.00% val_bank=100.00% val_acq_acc=100.00% score=15.717 best=15.717 patience=0/4
temporal epoch=014/60 loss=7.45975 center_teacher=1.000 acq_teacher=1.000 capture=97.04% bank_capture=97.04% acq_acc=100.00% acq_conf=0.703 radius=0.0m pred_step=5.247 target_step=5.543 pred_v=2.804 target_v=5.543 val_mle=5.638m val_p90=9.951m val_speed_mae=3.758 heading=7.8/-1.7deg val_progress_mae=2.304m val_heading_mae=38.4deg val_capture=100.00% val_bank=100.00% val_acq_acc=100.00% score=14.653 best=14.653 patience=0/4
temporal epoch=015/60 loss=7.43442 center_teacher=1.000 acq_teacher=1.000 capture=97.04% bank_capture=97.04% acq_acc=100.00% acq_conf=0.703 radius=0.0m pred_step=5.304 target_step=5.543 pred_v=2.872 target_v=5.543 val_mle=5.050m val_p90=7.646m val_speed_mae=3.728 heading=6.4/-1.7deg val_progress_mae=2.236m val_heading_mae=38.5deg val_capture=100.00% val_bank=100.00% val_acq_acc=100.00% score=13.997 best=13.997 patience=0/4
temporal epoch=016/60 loss=7.43629 center_teacher=1.000 acq_teacher=1.000 capture=97.04% bank_capture=97.04% acq_acc=100.00% acq_conf=0.703 radius=0.0m pred_step=5.313 target_step=5.543 pred_v=2.894 target_v=5.543 val_mle=4.873m val_p90=7.024m val_speed_mae=3.717 heading=5.3/-1.7deg val_progress_mae=2.213m val_heading_mae=38.6deg val_capture=100.00% val_bank=100.00% val_acq_acc=100.00% score=13.797 best=13.797 patience=0/4
temporal epoch=017/60 loss=7.41065 center_teacher=1.000 acq_teacher=1.000 capture=97.04% bank_capture=97.04% acq_acc=100.00% acq_conf=0.703 radius=0.0m pred_step=5.283 target_step=5.543 pred_v=2.883 target_v=5.543 val_mle=4.877m val_p90=6.961m val_speed_mae=3.714 heading=4.3/-1.7deg val_progress_mae=2.214m val_heading_mae=38.7deg val_capture=100.00% val_bank=100.00% val_acq_acc=100.00% score=13.797 best=13.797 patience=1/4
temporal epoch=018/60 loss=7.38525 center_teacher=1.000 acq_teacher=1.000 capture=97.04% bank_capture=97.04% acq_acc=100.00% acq_conf=0.703 radius=0.0m pred_step=5.299 target_step=5.543 pred_v=2.900 target_v=5.543 val_mle=4.843m val_p90=6.681m val_speed_mae=3.713 heading=3.6/-1.7deg val_progress_mae=2.208m val_heading_mae=38.8deg val_capture=100.00% val_bank=100.00% val_acq_acc=100.00% score=13.765 best=13.797 patience=2/4
temporal epoch=019/60 loss=7.38612 center_teacher=1.000 acq_teacher=1.000 capture=97.04% bank_capture=97.04% acq_acc=100.00% acq_conf=0.703 radius=0.0m pred_step=5.291 target_step=5.543 pred_v=2.900 target_v=5.543 val_mle=4.780m val_p90=6.561m val_speed_mae=3.718 heading=3.1/-1.7deg val_progress_mae=2.209m val_heading_mae=38.9deg val_capture=100.00% val_bank=100.00% val_acq_acc=100.00% score=13.715 best=13.715 patience=0/4
temporal epoch=020/60 loss=7.33649 center_teacher=1.000 acq_teacher=1.000 capture=97.04% bank_capture=97.04% acq_acc=100.00% acq_conf=0.703 radius=0.0m pred_step=5.209 target_step=5.543 pred_v=2.840 target_v=5.543 val_mle=4.813m val_p90=6.595m val_speed_mae=3.719 heading=2.7/-1.7deg val_progress_mae=2.218m val_heading_mae=39.1deg val_capture=100.00% val_bank=100.00% val_acq_acc=100.00% score=13.757 best=13.715 patience=1/4
temporal epoch=021/60 loss=7.33532 center_teacher=1.000 acq_teacher=1.000 capture=97.04% bank_capture=97.04% acq_acc=100.00% acq_conf=0.703 radius=0.0m pred_step=5.249 target_step=5.543 pred_v=2.878 target_v=5.543 val_mle=4.839m val_p90=6.628m val_speed_mae=3.716 heading=2.0/-1.7deg val_progress_mae=2.225m val_heading_mae=39.2deg val_capture=100.00% val_bank=100.00% val_acq_acc=100.00% score=13.780 best=13.715 patience=2/4
temporal epoch=022/60 loss=7.29095 center_teacher=1.000 acq_teacher=1.000 capture=97.04% bank_capture=97.04% acq_acc=100.00% acq_conf=0.703 radius=0.0m pred_step=5.235 target_step=5.543 pred_v=2.873 target_v=5.543 val_mle=4.811m val_p90=6.610m val_speed_mae=3.721 heading=1.8/-1.7deg val_progress_mae=2.228m val_heading_mae=39.1deg val_capture=100.00% val_bank=100.00% val_acq_acc=100.00% score=13.760 best=13.715 patience=3/4
temporal epoch=023/60 loss=7.29276 center_teacher=1.000 acq_teacher=1.000 capture=97.04% bank_capture=97.04% acq_acc=100.00% acq_conf=0.703 radius=0.0m pred_step=5.219 target_step=5.543 pred_v=2.860 target_v=5.543 val_mle=4.981m val_p90=6.985m val_speed_mae=3.729 heading=1.6/-1.7deg val_progress_mae=2.216m val_heading_mae=39.2deg val_capture=100.00% val_bank=100.00% val_acq_acc=100.00% score=13.948 best=13.715 patience=4/4
EARLY STOP: controlled local-prior validation score did not improve by 0.050 for 4 epochs.
route_B backbone cache: 162/162

=== held-out inference: test_01 (route_B) ===
test_01 final MLE=3.826m P90=6.963m LSR@15=100.00% selected_capture=90.12% bank_capture=90.12% acq_acc=100.00% speed_mae=3.411m/frame progress_mae=1.053m heading_mae=36.5deg jump_rate=0.00% max_step=16.09m final_leg=11 gt_leg=11
route_C backbone cache: 205/205

=== held-out inference: test_02 (route_C) ===
test_02 final MLE=4.001m P90=7.125m LSR@15=100.00% selected_capture=95.12% bank_capture=95.12% acq_acc=100.00% speed_mae=3.497m/frame progress_mae=1.584m heading_mae=33.1deg jump_rate=0.00% max_step=16.41m final_leg=8 gt_leg=8

[DONE] summary: /yh/study/uav-sat-bearing-all4-20260920_010002/v39_otherdata/generated/citya/v39_output_bearing_adapted/bearing_v39_summary.json
[RESULT-AUDIT] test_01: PASS | MLE=3.826m P90=6.963m LSR15=100.00%
[RESULT-AUDIT] test_02: PASS | MLE=4.001m P90=7.125m LSR15=100.00%
[RESULT-AUDIT] structural/metric consistency: PASS
[FINAL-PLOT-AUDIT] test_01: PASS frames=162 raw-model-MLE=3.826m pred_source=CSV(final_x,final_y) postprocess=NONE
[FINAL-PLOT] /yh/study/uav-sat-bearing-all4-20260920_010002/v39_otherdata/generated/citya/v39_output_bearing_adapted/paper_figures_waypoint_gt/test_01_waypoint_gt_green.jpg | GT=GREEN SOLID official waypoint polyline (13 sparse waypoints from /yh/study/uav-sat-bearing-all4-20260920_010002/v39_otherdata/generated/citya/routes/test_01/waypoints.json) | PRED=RED raw CSV final_x/final_y | prediction_postprocess=NONE
[FINAL-PLOT-AUDIT] test_02: PASS frames=205 raw-model-MLE=4.001m pred_source=CSV(final_x,final_y) postprocess=NONE
[FINAL-PLOT] /yh/study/uav-sat-bearing-all4-20260920_010002/v39_otherdata/generated/citya/v39_output_bearing_adapted/paper_figures_waypoint_gt/test_02_waypoint_gt_green.jpg | GT=GREEN SOLID official waypoint polyline (10 sparse waypoints from /yh/study/uav-sat-bearing-all4-20260920_010002/v39_otherdata/generated/citya/routes/test_02/waypoints.json) | PRED=RED raw CSV final_x/final_y | prediction_postprocess=NONE
[FINAL-PLOT-AUDIT] wrote /yh/study/uav-sat-bearing-all4-20260920_010002/v39_otherdata/generated/citya/v39_output_bearing_adapted/paper_figures_waypoint_gt/plot_source_audit.json
[FINAL-IMAGES] PASS: sparse official waypoint GT + raw model predictions
[PAPER-METRICS] citya {
  "frames": 367,
  "Recall@1_derived_same_quadrant_pct": 97.82016348773843,
  "MLE_m": 3.9237185651408004,
  "MedLE_m": 3.608519203555126,
  "LSR@5_pct": 67.8474114441417,
  "LSR@10_pct": 100.0,
  "LSR@15_pct": 100.0,
  "LSR@20_pct": 100.0,
  "P90_m": 7.072190063914664,
  "P95_m": 7.602250618623929,
  "P99_m": 9.034589150050804,
  "HSR@15_pct": null,
  "MHE_deg": null,
  "MedHE_deg": null,
  "SR@20_pct": null,
  "SPL_pct": null,
  "NE_m": null
}
[PAPER-METRICS] same metric definitions: MLE, MedLE, LSR@15 (protocol footnote REQUIRED)
[PAPER-METRICS] Recall@1*: derived with official same-quadrant criterion
[PAPER-METRICS] heading/navigation fields intentionally N/A (different task/protocol)

================================================================================
DONE citya
Paper figures:
  /yh/study/uav-sat-bearing-all4-20260920_010002/v39_otherdata/generated/citya/v39_output_bearing_adapted/paper_figures_waypoint_gt/test_01_waypoint_gt_green.jpg
  /yh/study/uav-sat-bearing-all4-20260920_010002/v39_otherdata/generated/citya/v39_output_bearing_adapted/paper_figures_waypoint_gt/test_02_waypoint_gt_green.jpg
Paper metrics:
  /yh/study/uav-sat-bearing-all4-20260920_010002/v39_otherdata/generated/citya/v39_output_bearing_adapted/bearing_paper_metrics.json
  /yh/study/uav-sat-bearing-all4-20260920_010002/v39_otherdata/generated/citya/v39_output_bearing_adapted/bearing_paper_metrics.csv
Raw summary: /yh/study/uav-sat-bearing-all4-20260920_010002/v39_otherdata/generated/citya/v39_output_bearing_adapted/bearing_v39_summary.json
Previous run backup: /yh/study/uav-sat-bearing-all4-20260920_010002_bearing_run_backup_citya_20260920_010028
================================================================================
[DIRECTFINALMS-AUDIT] official test routes:
  test_01: Bearing-UAV official wps34bc_50.json
    MLE=3.826m MedLE=3.568m P90=6.963m LSR@15=100.00%
  test_02: Bearing-UAV official wps34bc_51.json
    MLE=4.001m MedLE=3.817m P90=7.125m LSR@15=100.00%
[DIRECTFINALMS-AUDIT] PASS
