[PREPARED] PASS | city=citya | step=8 m | selection=unrecorded_legacy | existing GT/routes unchanged
[CADENCE] source=train_01_manifest_gt | mean=10.675142 m | p90=17.170058 m | p95=19.094575 m
[OK] clean v39 runtime: Forward-18 SoftMS -> GRU -> Kalman -> one final MeanShift
[OK] weighted-centroid decoder removed from generated runtime source
[PATCH OK] simple GRU = mean + delta + delta2 + SAT context + direct SoftMS position + previous state
[PATCH OK] no split/dual/inference gate; no position innovation
[PATCH OK] Route-A-only search knobs exposed through UAVSAT_* environment variables
[V39-BEARING] final-MS route-centerline reference patch: PASS
[ARCH-AUDIT] forward_18: PASS
[ARCH-AUDIT] base_geometry_6x6: PASS
[ARCH-AUDIT] simple_six_block_gru: PASS
[ARCH-AUDIT] front_softms_source: PASS
[ARCH-AUDIT] one_final_ms_source: PASS
[ARCH-AUDIT] front_decoder_softms: PASS
[ARCH-AUDIT] forward_origin_backshift_covers_jitter: PASS
[ARCH-AUDIT] protocol: PASS
[ARCH-AUDIT] controlled_gt_reference_enabled: PASS
[ARCH-AUDIT] frame_count: PASS
[ARCH-AUDIT] gru_flag: PASS
[ARCH-AUDIT] kalman_flag: PASS
route_B: reuse UAV backbone cache

=== citya no_gru: test_01 ===
route_B final MLE=4.636m P90=8.639m LSR@15=100.00% selected_capture=100.00% bank_capture=100.00% acq_acc=100.00% speed_mae=10.175m/frame progress_mae=1.611m heading_mae=35.2deg jump_rate=1.10% max_step=23.68m final_leg=4 gt_leg=4
route_C: reuse UAV backbone cache

=== citya no_gru: test_02 ===
route_C final MLE=5.471m P90=9.841m LSR@15=99.07% selected_capture=100.00% bank_capture=100.00% acq_acc=100.00% speed_mae=10.583m/frame progress_mae=1.613m heading_mae=38.2deg jump_rate=0.00% max_step=23.98m final_leg=4 gt_leg=4
[DONE] /yh/study/uav-sat/v39_otherdata/iclr_bearing_softms_fair_20260920_053729/citya/variants/no_gru/bearing_v39_summary.json
