============================================================================================================
RouteReference3FrameGRUNextPositionSoftMSKalman_v2
device=cuda
Protocol: ROUTE-ONLY causal reference. The full waypoint polyline plus previous filtered state/motion prediction selects the local search centre; current-frame GT is not used for inference.
3-frame recurrent state -> v/a + heading/turn-rate -> heading-aware second-order inertial polynomial -> causal-heading forward 3x6 local visual measurement -> robust constrained route-coordinate Kalman -> final XY.
Evaluation intentionally does not solve global acquisition/re-localization: every frame receives a bounded GT-centered local prior.
Estimated position may be corrected backward after an over-prediction; physical forward intent is represented by non-negative route velocity.
============================================================================================================
reuse visual checkpoint: /yh/study/uav-sat/frame-reference-exp/outputs/route_reference_gpu3/checkpoints/visual_retrieval_A_only.pt
route_A: reuse UAV backbone cache
temporal split train=[0,1196) val=[1228,1456) route_length=4938.3m
Route-A GT mean forward step=2.937m/frame p90=3.555m/frame
temporal epoch=001/60 loss=2.12271 center_teacher=1.000 acq_teacher=1.000 capture=0.00% bank_capture=0.00% acq_acc=0.00% acq_conf=0.234 radius=0.0m pred_step=1.380 target_step=2.921 pred_v=0.875 target_v=2.921 val_mle=280.718m val_p90=357.335m val_speed_mae=2.024 heading=-0.8/0.2deg val_progress_mae=351.701m val_heading_mae=7.7deg val_capture=0.00% val_bank=0.00% val_acq_acc=0.00% score=343.751 best=343.751 patience=0/10
temporal epoch=002/60 loss=0.91359 center_teacher=1.000 acq_teacher=1.000 capture=0.00% bank_capture=0.00% acq_acc=0.00% acq_conf=0.244 radius=0.0m pred_step=3.251 target_step=2.921 pred_v=1.397 target_v=2.921 val_mle=101.107m val_p90=127.737m val_speed_mae=1.959 heading=-0.8/0.2deg val_progress_mae=106.534m val_heading_mae=6.8deg val_capture=0.00% val_bank=0.00% val_acq_acc=0.00% score=127.207 best=127.207 patience=0/10
temporal epoch=003/60 loss=0.90282 center_teacher=1.000 acq_teacher=1.000 capture=0.00% bank_capture=0.00% acq_acc=0.00% acq_conf=0.245 radius=0.0m pred_step=3.265 target_step=2.921 pred_v=1.369 target_v=2.921 val_mle=152.878m val_p90=184.532m val_speed_mae=1.936 heading=-0.0/0.2deg val_progress_mae=167.901m val_heading_mae=6.7deg val_capture=0.00% val_bank=0.00% val_acq_acc=0.00% score=188.139 best=127.207 patience=1/10
temporal epoch=004/60 loss=0.88154 center_teacher=1.000 acq_teacher=1.000 capture=0.00% bank_capture=0.00% acq_acc=0.00% acq_conf=0.243 radius=0.0m pred_step=3.235 target_step=2.921 pred_v=1.364 target_v=2.921 val_mle=105.784m val_p90=129.920m val_speed_mae=1.928 heading=0.0/0.2deg val_progress_mae=111.928m val_heading_mae=6.7deg val_capture=0.00% val_bank=0.00% val_acq_acc=0.00% score=132.630 best=127.207 patience=2/10
temporal epoch=005/60 loss=0.88246 center_teacher=1.000 acq_teacher=1.000 capture=0.00% bank_capture=0.00% acq_acc=0.00% acq_conf=0.246 radius=0.0m pred_step=3.239 target_step=2.921 pred_v=1.377 target_v=2.921 val_mle=86.375m val_p90=105.861m val_speed_mae=1.920 heading=0.1/0.2deg val_progress_mae=90.082m val_heading_mae=6.7deg val_capture=0.00% val_bank=0.00% val_acq_acc=0.00% score=109.929 best=109.929 patience=0/10
temporal epoch=006/60 loss=0.87400 center_teacher=1.000 acq_teacher=1.000 capture=0.00% bank_capture=0.00% acq_acc=0.00% acq_conf=0.241 radius=0.0m pred_step=3.187 target_step=2.921 pred_v=1.350 target_v=2.921 val_mle=11.827m val_p90=22.330m val_speed_mae=1.936 heading=0.1/0.2deg val_progress_mae=11.566m val_heading_mae=6.7deg val_capture=0.00% val_bank=0.00% val_acq_acc=0.00% score=23.634 best=23.634 patience=0/10
temporal epoch=007/60 loss=0.90988 center_teacher=1.000 acq_teacher=1.000 capture=0.00% bank_capture=0.00% acq_acc=0.00% acq_conf=0.237 radius=0.0m pred_step=3.125 target_step=2.921 pred_v=1.309 target_v=2.921 val_mle=74.098m val_p90=92.479m val_speed_mae=1.968 heading=0.1/0.2deg val_progress_mae=78.219m val_heading_mae=6.7deg val_capture=0.00% val_bank=0.00% val_acq_acc=0.00% score=95.966 best=23.634 patience=1/10
temporal epoch=008/60 loss=0.93892 center_teacher=1.000 acq_teacher=1.000 capture=0.00% bank_capture=0.00% acq_acc=0.00% acq_conf=0.240 radius=0.0m pred_step=3.092 target_step=2.921 pred_v=1.270 target_v=2.921 val_mle=27.068m val_p90=41.591m val_speed_mae=1.981 heading=0.2/0.2deg val_progress_mae=27.381m val_heading_mae=6.6deg val_capture=0.00% val_bank=0.00% val_acq_acc=0.00% score=41.337 best=23.634 patience=2/10
temporal epoch=009/60 loss=0.94173 center_teacher=1.000 acq_teacher=1.000 capture=0.00% bank_capture=0.00% acq_acc=0.00% acq_conf=0.239 radius=0.0m pred_step=3.082 target_step=2.921 pred_v=1.234 target_v=2.921 val_mle=9.745m val_p90=18.127m val_speed_mae=2.029 heading=0.3/0.2deg val_progress_mae=9.489m val_heading_mae=6.6deg val_capture=0.00% val_bank=0.00% val_acq_acc=0.00% score=21.426 best=21.426 patience=0/10
temporal epoch=010/60 loss=0.89839 center_teacher=1.000 acq_teacher=1.000 capture=0.00% bank_capture=0.00% acq_acc=0.00% acq_conf=0.240 radius=0.0m pred_step=3.112 target_step=2.921 pred_v=1.208 target_v=2.921 val_mle=46.652m val_p90=61.905m val_speed_mae=2.058 heading=0.3/0.2deg val_progress_mae=47.913m val_heading_mae=6.7deg val_capture=0.00% val_bank=0.00% val_acq_acc=0.00% score=64.155 best=21.426 patience=1/10
temporal epoch=011/60 loss=0.93589 center_teacher=1.000 acq_teacher=1.000 capture=0.00% bank_capture=0.00% acq_acc=0.00% acq_conf=0.241 radius=0.0m pred_step=3.076 target_step=2.921 pred_v=1.174 target_v=2.921 val_mle=121.886m val_p90=146.550m val_speed_mae=2.094 heading=0.3/0.2deg val_progress_mae=130.714m val_heading_mae=6.6deg val_capture=0.00% val_bank=0.00% val_acq_acc=0.00% score=151.880 best=21.426 patience=2/10
temporal epoch=012/60 loss=0.85406 center_teacher=1.000 acq_teacher=1.000 capture=0.00% bank_capture=0.00% acq_acc=0.00% acq_conf=0.246 radius=0.0m pred_step=3.218 target_step=2.921 pred_v=1.186 target_v=2.921 val_mle=107.568m val_p90=128.279m val_speed_mae=2.082 heading=0.4/0.2deg val_progress_mae=114.026m val_heading_mae=6.6deg val_capture=0.00% val_bank=0.00% val_acq_acc=0.00% score=135.036 best=21.426 patience=3/10
temporal epoch=013/60 loss=0.84279 center_teacher=1.000 acq_teacher=1.000 capture=0.00% bank_capture=0.00% acq_acc=0.00% acq_conf=0.242 radius=0.0m pred_step=3.150 target_step=2.921 pred_v=1.171 target_v=2.921 val_mle=23.489m val_p90=41.466m val_speed_mae=2.089 heading=0.3/0.2deg val_progress_mae=23.531m val_heading_mae=6.6deg val_capture=0.00% val_bank=0.00% val_acq_acc=0.00% score=37.395 best=21.426 patience=4/10
temporal epoch=014/60 loss=0.86169 center_teacher=1.000 acq_teacher=1.000 capture=0.00% bank_capture=0.00% acq_acc=0.00% acq_conf=0.243 radius=0.0m pred_step=3.149 target_step=2.921 pred_v=1.180 target_v=2.921 val_mle=59.993m val_p90=80.062m val_speed_mae=2.095 heading=0.3/0.2deg val_progress_mae=61.524m val_heading_mae=6.7deg val_capture=0.00% val_bank=0.00% val_acq_acc=0.00% score=79.612 best=21.426 patience=5/10
temporal epoch=015/60 loss=0.82073 center_teacher=1.000 acq_teacher=1.000 capture=0.00% bank_capture=0.00% acq_acc=0.00% acq_conf=0.244 radius=0.0m pred_step=3.135 target_step=2.921 pred_v=1.175 target_v=2.921 val_mle=52.139m val_p90=68.493m val_speed_mae=2.082 heading=0.3/0.2deg val_progress_mae=53.779m val_heading_mae=6.7deg val_capture=0.00% val_bank=0.00% val_acq_acc=0.00% score=70.569 best=21.426 patience=6/10
temporal epoch=016/60 loss=0.88370 center_teacher=1.000 acq_teacher=1.000 capture=0.00% bank_capture=0.00% acq_acc=0.00% acq_conf=0.242 radius=0.0m pred_step=3.088 target_step=2.921 pred_v=1.175 target_v=2.921 val_mle=173.006m val_p90=208.664m val_speed_mae=2.079 heading=0.4/0.2deg val_progress_mae=192.743m val_heading_mae=6.6deg val_capture=0.00% val_bank=0.00% val_acq_acc=0.00% score=212.275 best=21.426 patience=7/10
temporal epoch=017/60 loss=0.83957 center_teacher=1.000 acq_teacher=1.000 capture=0.00% bank_capture=0.00% acq_acc=0.00% acq_conf=0.246 radius=0.0m pred_step=3.189 target_step=2.921 pred_v=1.194 target_v=2.921 val_mle=21.907m val_p90=46.170m val_speed_mae=2.079 heading=0.1/0.2deg val_progress_mae=21.895m val_heading_mae=6.7deg val_capture=0.00% val_bank=0.00% val_acq_acc=0.00% score=35.549 best=21.426 patience=8/10
temporal epoch=018/60 loss=0.80606 center_teacher=1.000 acq_teacher=1.000 capture=0.00% bank_capture=0.00% acq_acc=0.00% acq_conf=0.247 radius=0.0m pred_step=3.164 target_step=2.921 pred_v=1.221 target_v=2.921 val_mle=41.918m val_p90=56.388m val_speed_mae=2.020 heading=0.1/0.2deg val_progress_mae=42.787m val_heading_mae=6.8deg val_capture=0.00% val_bank=0.00% val_acq_acc=0.00% score=58.580 best=21.426 patience=9/10
temporal epoch=019/60 loss=0.80082 center_teacher=1.000 acq_teacher=1.000 capture=0.00% bank_capture=0.00% acq_acc=0.00% acq_conf=0.247 radius=0.0m pred_step=3.016 target_step=2.921 pred_v=1.213 target_v=2.921 val_mle=165.135m val_p90=193.359m val_speed_mae=1.963 heading=-0.0/0.2deg val_progress_mae=183.763m val_heading_mae=6.7deg val_capture=0.00% val_bank=0.00% val_acq_acc=0.00% score=202.827 best=21.426 patience=10/10
EARLY STOP: controlled local-prior validation score did not improve by 0.050 for 10 epochs.
best controlled-validation score=21.426
route_B: reuse UAV backbone cache
route_B final MLE=197.145m P90=325.217m LSR@15=0.62% selected_capture=0.00% bank_capture=0.00% acq_acc=0.00% speed_mae=2.065m/frame progress_mae=214.283m heading_mae=42.6deg jump_rate=0.00% max_step=5.43m final_leg=14 gt_leg=14
route_C: reuse UAV backbone cache
route_C final MLE=197.798m P90=531.189m LSR@15=6.76% selected_capture=0.00% bank_capture=0.00% acq_acc=0.00% speed_mae=1.465m/frame progress_mae=248.437m heading_mae=69.0deg jump_rate=0.00% max_step=8.05m final_leg=10 gt_leg=10
summary: /yh/study/uav-sat/frame-reference-exp/outputs/route_reference_gpu3/robust_tracker_summary.json
