============================================================================================================
RouteReferenceDenseBank3FrameGRUNextPositionSoftMSKalman_v3
device=cuda
Protocol: ROUTE-ONLY causal reference. The full waypoint polyline plus previous filtered state/motion prediction selects the local search centre; current-frame GT is not used for inference.
3-frame recurrent state -> v/a + heading/turn-rate -> heading-aware second-order inertial polynomial -> causal-heading forward 3x6 local visual measurement -> robust constrained route-coordinate Kalman -> final XY.
Evaluation intentionally does not solve global acquisition/re-localization: every frame receives a bounded GT-centered local prior.
Estimated position may be corrected backward after an over-prediction; physical forward intent is represented by non-negative route velocity.
============================================================================================================
reuse visual checkpoint: /yh/study/uav-sat/frame-reference-exp/outputs/route_reference_densebank_gpu0/checkpoints/visual_retrieval_A_only.pt
route_A: reuse UAV backbone cache
temporal split train=[0,1196) val=[1228,1456) route_length=4938.3m
Route-A GT mean forward step=2.937m/frame p90=3.555m/frame
temporal epoch=001/60 loss=4.18244 center_teacher=1.000 acq_teacher=1.000 capture=5.61% bank_capture=5.61% acq_acc=49.12% acq_conf=0.156 radius=60.0m pred_step=1.603 target_step=2.921 pred_v=0.929 target_v=2.921 val_mle=201.337m val_p90=241.728m val_speed_mae=1.889 heading=-1.6/0.2deg val_progress_mae=227.906m val_heading_mae=9.1deg val_capture=0.00% val_bank=0.00% val_acq_acc=0.00% score=245.575 best=245.575 patience=0/10
temporal epoch=002/60 loss=11.05946 center_teacher=1.000 acq_teacher=1.000 capture=72.80% bank_capture=72.80% acq_acc=6.69% acq_conf=0.152 radius=60.0m pred_step=3.224 target_step=2.921 pred_v=1.387 target_v=2.921 val_mle=90.720m val_p90=121.252m val_speed_mae=1.886 heading=-1.8/0.2deg val_progress_mae=98.210m val_heading_mae=7.3deg val_capture=0.00% val_bank=0.00% val_acq_acc=0.00% score=115.440 best=115.440 patience=0/10
temporal epoch=003/60 loss=10.36450 center_teacher=1.000 acq_teacher=1.000 capture=74.39% bank_capture=74.39% acq_acc=13.14% acq_conf=0.159 radius=60.0m pred_step=3.178 target_step=2.921 pred_v=1.347 target_v=2.921 val_mle=175.090m val_p90=224.068m val_speed_mae=1.912 heading=-0.5/0.2deg val_progress_mae=213.396m val_heading_mae=6.8deg val_capture=0.00% val_bank=0.00% val_acq_acc=0.00% score=217.128 best=115.440 patience=1/10
temporal epoch=004/60 loss=10.38554 center_teacher=1.000 acq_teacher=1.000 capture=74.06% bank_capture=74.06% acq_acc=15.23% acq_conf=0.160 radius=60.0m pred_step=3.186 target_step=2.921 pred_v=1.362 target_v=2.921 val_mle=102.455m val_p90=135.914m val_speed_mae=1.865 heading=-0.0/0.2deg val_progress_mae=112.477m val_heading_mae=6.6deg val_capture=0.00% val_bank=0.00% val_acq_acc=0.00% score=129.256 best=115.440 patience=2/10
temporal epoch=005/60 loss=9.72912 center_teacher=1.000 acq_teacher=1.000 capture=73.14% bank_capture=73.14% acq_acc=22.18% acq_conf=0.164 radius=60.0m pred_step=3.219 target_step=2.921 pred_v=1.396 target_v=2.921 val_mle=126.310m val_p90=163.042m val_speed_mae=1.856 heading=0.4/0.2deg val_progress_mae=143.239m val_heading_mae=6.7deg val_capture=0.00% val_bank=0.00% val_acq_acc=0.00% score=157.709 best=115.440 patience=3/10
temporal epoch=006/60 loss=10.69310 center_teacher=1.000 acq_teacher=1.000 capture=78.58% bank_capture=78.58% acq_acc=14.48% acq_conf=0.163 radius=60.0m pred_step=3.149 target_step=2.921 pred_v=1.384 target_v=2.921 val_mle=325.291m val_p90=414.137m val_speed_mae=1.905 heading=0.6/0.2deg val_progress_mae=420.233m val_heading_mae=6.7deg val_capture=0.00% val_bank=0.00% val_acq_acc=0.00% score=398.337 best=115.440 patience=4/10
temporal epoch=007/60 loss=10.61902 center_teacher=1.000 acq_teacher=1.000 capture=79.50% bank_capture=79.50% acq_acc=11.05% acq_conf=0.154 radius=60.0m pred_step=3.112 target_step=2.921 pred_v=1.388 target_v=2.921 val_mle=266.400m val_p90=341.703m val_speed_mae=1.878 heading=0.6/0.2deg val_progress_mae=332.292m val_heading_mae=6.7deg val_capture=0.00% val_bank=0.00% val_acq_acc=0.00% score=326.201 best=115.440 patience=5/10
temporal epoch=008/60 loss=10.43018 center_teacher=1.000 acq_teacher=1.000 capture=81.92% bank_capture=81.92% acq_acc=10.63% acq_conf=0.152 radius=60.0m pred_step=3.111 target_step=2.921 pred_v=1.402 target_v=2.921 val_mle=266.265m val_p90=341.690m val_speed_mae=1.861 heading=0.5/0.2deg val_progress_mae=332.487m val_heading_mae=6.7deg val_capture=0.00% val_bank=0.00% val_acq_acc=0.00% score=326.061 best=115.440 patience=6/10
temporal epoch=009/60 loss=10.45804 center_teacher=1.000 acq_teacher=1.000 capture=81.76% bank_capture=81.76% acq_acc=11.97% acq_conf=0.152 radius=60.0m pred_step=3.100 target_step=2.921 pred_v=1.415 target_v=2.921 val_mle=288.348m val_p90=368.312m val_speed_mae=1.846 heading=0.4/0.2deg val_progress_mae=363.575m val_heading_mae=6.9deg val_capture=0.00% val_bank=0.00% val_acq_acc=0.00% score=352.784 best=115.440 patience=7/10
temporal epoch=010/60 loss=10.23434 center_teacher=1.000 acq_teacher=1.000 capture=82.43% bank_capture=82.43% acq_acc=9.29% acq_conf=0.150 radius=60.0m pred_step=3.084 target_step=2.921 pred_v=1.430 target_v=2.921 val_mle=235.901m val_p90=304.308m val_speed_mae=1.803 heading=0.6/0.2deg val_progress_mae=293.727m val_heading_mae=6.8deg val_capture=0.00% val_bank=0.00% val_acq_acc=0.00% score=289.770 best=115.440 patience=8/10
temporal epoch=011/60 loss=10.32229 center_teacher=1.000 acq_teacher=1.000 capture=81.59% bank_capture=81.59% acq_acc=9.21% acq_conf=0.147 radius=60.0m pred_step=3.070 target_step=2.921 pred_v=1.441 target_v=2.921 val_mle=175.499m val_p90=224.395m val_speed_mae=1.760 heading=0.3/0.2deg val_progress_mae=212.802m val_heading_mae=6.7deg val_capture=0.00% val_bank=0.00% val_acq_acc=0.00% score=217.139 best=115.440 patience=9/10
