============================================================================================================
ScheduledRouteReferenceSingle3x6GRUNextPositionSoftMSKalman_v5
device=cuda
Protocol: scheduled route reference. Each frame's local-search centre is interpolated from the full waypoint/frame schedule; current-frame GT coordinates and GT motion caps are not used at inference.
3-frame recurrent state -> v/a + heading/turn-rate -> heading-aware second-order inertial polynomial -> causal-heading forward 3x6 local visual measurement -> robust constrained route-coordinate Kalman -> final XY.
Evaluation intentionally does not solve global acquisition/re-localization: every frame receives a bounded GT-centered local prior.
Estimated position may be corrected backward after an over-prediction; physical forward intent is represented by non-negative route velocity.
============================================================================================================
reuse visual checkpoint: /yh/study/uav-sat/frame-reference-exp/outputs/scheduled_route_single3x6_gpu0/checkpoints/visual_retrieval_A_only.pt
route_A: reuse UAV backbone cache
temporal split train=[0,1196) val=[1228,1456) route_length=4938.3m
Route-A GT mean forward step=2.937m/frame p90=3.555m/frame
temporal epoch=001/60 loss=12.52234 center_teacher=1.000 acq_teacher=1.000 capture=100.00% bank_capture=100.00% acq_acc=100.00% acq_conf=0.252 radius=0.0m pred_step=1.396 target_step=2.921 pred_v=0.880 target_v=2.921 val_mle=145.209m val_p90=185.547m val_speed_mae=1.978 heading=-0.9/0.2deg val_progress_mae=168.554m val_heading_mae=8.7deg val_capture=0.00% val_bank=0.00% val_acq_acc=0.00% score=180.710 best=180.710 patience=0/10
temporal epoch=002/60 loss=8.57736 center_teacher=1.000 acq_teacher=1.000 capture=100.00% bank_capture=100.00% acq_acc=100.00% acq_conf=0.253 radius=0.0m pred_step=3.162 target_step=2.921 pred_v=1.353 target_v=2.921 val_mle=190.704m val_p90=245.613m val_speed_mae=2.053 heading=-1.7/0.2deg val_progress_mae=234.737m val_heading_mae=7.0deg val_capture=0.00% val_bank=0.00% val_acq_acc=0.00% score=236.231 best=180.710 patience=1/10
temporal epoch=003/60 loss=8.18209 center_teacher=1.000 acq_teacher=1.000 capture=100.00% bank_capture=100.00% acq_acc=100.00% acq_conf=0.252 radius=0.0m pred_step=3.049 target_step=2.921 pred_v=1.244 target_v=2.921 val_mle=95.374m val_p90=122.655m val_speed_mae=2.031 heading=-0.4/0.2deg val_progress_mae=103.090m val_heading_mae=6.9deg val_capture=0.00% val_bank=0.00% val_acq_acc=0.00% score=121.106 best=121.106 patience=0/10
temporal epoch=004/60 loss=8.14230 center_teacher=1.000 acq_teacher=1.000 capture=100.00% bank_capture=100.00% acq_acc=100.00% acq_conf=0.252 radius=0.0m pred_step=3.074 target_step=2.921 pred_v=1.238 target_v=2.921 val_mle=101.538m val_p90=130.481m val_speed_mae=2.043 heading=-0.3/0.2deg val_progress_mae=110.508m val_heading_mae=6.8deg val_capture=0.00% val_bank=0.00% val_acq_acc=0.00% score=128.405 best=121.106 patience=1/10
temporal epoch=005/60 loss=8.11261 center_teacher=1.000 acq_teacher=1.000 capture=100.00% bank_capture=100.00% acq_acc=100.00% acq_conf=0.252 radius=0.0m pred_step=3.066 target_step=2.921 pred_v=1.224 target_v=2.921 val_mle=83.942m val_p90=107.422m val_speed_mae=2.045 heading=-0.1/0.2deg val_progress_mae=89.192m val_heading_mae=6.8deg val_capture=0.00% val_bank=0.00% val_acq_acc=0.00% score=107.616 best=107.616 patience=0/10
temporal epoch=006/60 loss=8.09253 center_teacher=1.000 acq_teacher=1.000 capture=100.00% bank_capture=100.00% acq_acc=100.00% acq_conf=0.252 radius=0.0m pred_step=3.067 target_step=2.921 pred_v=1.212 target_v=2.921 val_mle=90.532m val_p90=115.711m val_speed_mae=2.062 heading=-0.1/0.2deg val_progress_mae=97.038m val_heading_mae=6.9deg val_capture=0.00% val_bank=0.00% val_acq_acc=0.00% score=115.418 best=107.616 patience=1/10
temporal epoch=007/60 loss=8.06073 center_teacher=1.000 acq_teacher=1.000 capture=100.00% bank_capture=100.00% acq_acc=100.00% acq_conf=0.252 radius=0.0m pred_step=3.064 target_step=2.921 pred_v=1.196 target_v=2.921 val_mle=72.419m val_p90=92.563m val_speed_mae=2.065 heading=-0.1/0.2deg val_progress_mae=75.917m val_heading_mae=6.9deg val_capture=0.00% val_bank=0.00% val_acq_acc=0.00% score=94.145 best=94.145 patience=0/10
temporal epoch=008/60 loss=8.05077 center_teacher=1.000 acq_teacher=1.000 capture=100.00% bank_capture=100.00% acq_acc=100.00% acq_conf=0.252 radius=0.0m pred_step=3.056 target_step=2.921 pred_v=1.184 target_v=2.921 val_mle=62.132m val_p90=79.907m val_speed_mae=2.062 heading=-0.1/0.2deg val_progress_mae=64.396m val_heading_mae=7.0deg val_capture=0.00% val_bank=0.00% val_acq_acc=0.00% score=82.127 best=82.127 patience=0/10
temporal epoch=009/60 loss=8.05831 center_teacher=1.000 acq_teacher=1.000 capture=100.00% bank_capture=100.00% acq_acc=100.00% acq_conf=0.252 radius=0.0m pred_step=3.045 target_step=2.921 pred_v=1.179 target_v=2.921 val_mle=50.761m val_p90=66.933m val_speed_mae=2.062 heading=-0.2/0.2deg val_progress_mae=52.011m val_heading_mae=7.3deg val_capture=0.00% val_bank=0.00% val_acq_acc=0.00% score=68.905 best=68.905 patience=0/10
temporal epoch=010/60 loss=8.13168 center_teacher=1.000 acq_teacher=1.000 capture=100.00% bank_capture=100.00% acq_acc=100.00% acq_conf=0.252 radius=0.0m pred_step=3.035 target_step=2.921 pred_v=1.172 target_v=2.921 val_mle=28.908m val_p90=43.226m val_speed_mae=2.045 heading=-0.3/0.2deg val_progress_mae=28.885m val_heading_mae=7.6deg val_capture=0.00% val_bank=0.00% val_acq_acc=0.00% score=43.557 best=43.557 patience=0/10
temporal epoch=011/60 loss=8.16585 center_teacher=1.000 acq_teacher=1.000 capture=100.00% bank_capture=100.00% acq_acc=100.00% acq_conf=0.252 radius=0.0m pred_step=3.020 target_step=2.921 pred_v=1.171 target_v=2.921 val_mle=49.456m val_p90=64.862m val_speed_mae=2.059 heading=-0.6/0.2deg val_progress_mae=50.471m val_heading_mae=7.9deg val_capture=0.00% val_bank=0.00% val_acq_acc=0.00% score=67.382 best=43.557 patience=1/10
temporal epoch=012/60 loss=8.17839 center_teacher=1.000 acq_teacher=1.000 capture=100.00% bank_capture=100.00% acq_acc=100.00% acq_conf=0.252 radius=0.0m pred_step=3.019 target_step=2.921 pred_v=1.174 target_v=2.921 val_mle=16.047m val_p90=29.142m val_speed_mae=2.016 heading=-0.5/0.2deg val_progress_mae=15.686m val_heading_mae=7.0deg val_capture=0.00% val_bank=0.00% val_acq_acc=0.00% score=28.643 best=28.643 patience=0/10
temporal epoch=013/60 loss=7.91468 center_teacher=1.000 acq_teacher=1.000 capture=100.00% bank_capture=100.00% acq_acc=100.00% acq_conf=0.252 radius=0.0m pred_step=2.999 target_step=2.921 pred_v=1.174 target_v=2.921 val_mle=121.552m val_p90=156.508m val_speed_mae=2.090 heading=-0.2/0.2deg val_progress_mae=136.368m val_heading_mae=6.8deg val_capture=0.00% val_bank=0.00% val_acq_acc=0.00% score=152.391 best=28.643 patience=1/10
temporal epoch=014/60 loss=7.94289 center_teacher=1.000 acq_teacher=1.000 capture=100.00% bank_capture=100.00% acq_acc=100.00% acq_conf=0.252 radius=0.0m pred_step=3.026 target_step=2.921 pred_v=1.179 target_v=2.921 val_mle=24.695m val_p90=38.202m val_speed_mae=2.020 heading=-0.3/0.2deg val_progress_mae=24.533m val_heading_mae=7.2deg val_capture=0.00% val_bank=0.00% val_acq_acc=0.00% score=38.631 best=28.643 patience=2/10
temporal epoch=015/60 loss=8.04541 center_teacher=1.000 acq_teacher=1.000 capture=100.00% bank_capture=100.00% acq_acc=100.00% acq_conf=0.252 radius=0.0m pred_step=3.027 target_step=2.921 pred_v=1.195 target_v=2.921 val_mle=10.482m val_p90=19.774m val_speed_mae=1.993 heading=-0.3/0.2deg val_progress_mae=10.306m val_heading_mae=7.0deg val_capture=0.00% val_bank=0.00% val_acq_acc=0.00% score=22.224 best=22.224 patience=0/10
temporal epoch=016/60 loss=7.75952 center_teacher=1.000 acq_teacher=1.000 capture=100.00% bank_capture=100.00% acq_acc=100.00% acq_conf=0.252 radius=0.0m pred_step=2.863 target_step=2.921 pred_v=1.161 target_v=2.921 val_mle=91.980m val_p90=114.227m val_speed_mae=2.024 heading=-0.2/0.2deg val_progress_mae=98.551m val_heading_mae=6.7deg val_capture=0.00% val_bank=0.00% val_acq_acc=0.00% score=117.011 best=22.224 patience=1/10
temporal epoch=017/60 loss=8.15783 center_teacher=1.000 acq_teacher=1.000 capture=100.00% bank_capture=100.00% acq_acc=100.00% acq_conf=0.252 radius=0.0m pred_step=2.988 target_step=2.921 pred_v=1.208 target_v=2.921 val_mle=103.666m val_p90=130.612m val_speed_mae=2.064 heading=0.2/0.2deg val_progress_mae=113.385m val_heading_mae=6.8deg val_capture=0.00% val_bank=0.00% val_acq_acc=0.00% score=131.006 best=22.224 patience=2/10
temporal epoch=018/60 loss=7.81862 center_teacher=1.000 acq_teacher=1.000 capture=100.00% bank_capture=100.00% acq_acc=100.00% acq_conf=0.252 radius=0.0m pred_step=3.004 target_step=2.921 pred_v=1.183 target_v=2.921 val_mle=70.877m val_p90=88.019m val_speed_mae=2.044 heading=-0.2/0.2deg val_progress_mae=74.411m val_heading_mae=6.9deg val_capture=0.00% val_bank=0.00% val_acq_acc=0.00% score=92.335 best=22.224 patience=3/10
temporal epoch=019/60 loss=7.80446 center_teacher=1.000 acq_teacher=1.000 capture=100.00% bank_capture=100.00% acq_acc=100.00% acq_conf=0.252 radius=0.0m pred_step=2.962 target_step=2.921 pred_v=1.182 target_v=2.921 val_mle=65.342m val_p90=82.650m val_speed_mae=2.038 heading=-0.5/0.2deg val_progress_mae=68.143m val_heading_mae=7.1deg val_capture=0.00% val_bank=0.00% val_acq_acc=0.00% score=85.852 best=22.224 patience=4/10
temporal epoch=020/60 loss=7.60931 center_teacher=1.000 acq_teacher=1.000 capture=100.00% bank_capture=100.00% acq_acc=100.00% acq_conf=0.252 radius=0.0m pred_step=2.917 target_step=2.921 pred_v=1.192 target_v=2.921 val_mle=79.280m val_p90=99.037m val_speed_mae=2.013 heading=-0.6/0.2deg val_progress_mae=84.784m val_heading_mae=7.0deg val_capture=0.00% val_bank=0.00% val_acq_acc=0.00% score=102.233 best=22.224 patience=5/10
temporal epoch=021/60 loss=7.65568 center_teacher=1.000 acq_teacher=1.000 capture=100.00% bank_capture=100.00% acq_acc=100.00% acq_conf=0.252 radius=0.0m pred_step=2.937 target_step=2.921 pred_v=1.212 target_v=2.921 val_mle=58.641m val_p90=76.058m val_speed_mae=2.014 heading=-0.6/0.2deg val_progress_mae=60.724m val_heading_mae=7.0deg val_capture=0.00% val_bank=0.00% val_acq_acc=0.00% score=77.987 best=22.224 patience=6/10
temporal epoch=022/60 loss=7.67552 center_teacher=1.000 acq_teacher=1.000 capture=100.00% bank_capture=100.00% acq_acc=100.00% acq_conf=0.252 radius=0.0m pred_step=2.934 target_step=2.921 pred_v=1.217 target_v=2.921 val_mle=30.933m val_p90=46.792m val_speed_mae=1.981 heading=-0.5/0.2deg val_progress_mae=30.896m val_heading_mae=7.1deg val_capture=0.00% val_bank=0.00% val_acq_acc=0.00% score=45.742 best=22.224 patience=7/10
temporal epoch=023/60 loss=7.80099 center_teacher=1.000 acq_teacher=1.000 capture=100.00% bank_capture=100.00% acq_acc=100.00% acq_conf=0.252 radius=0.0m pred_step=2.884 target_step=2.921 pred_v=1.200 target_v=2.921 val_mle=388.829m val_p90=469.750m val_speed_mae=2.136 heading=-0.6/0.2deg val_progress_mae=540.683m val_heading_mae=7.3deg val_capture=0.00% val_bank=0.00% val_acq_acc=0.00% score=480.422 best=22.224 patience=8/10
temporal epoch=024/60 loss=7.63141 center_teacher=1.000 acq_teacher=1.000 capture=100.00% bank_capture=100.00% acq_acc=100.00% acq_conf=0.252 radius=0.0m pred_step=2.881 target_step=2.921 pred_v=1.206 target_v=2.921 val_mle=195.730m val_p90=255.876m val_speed_mae=2.079 heading=-0.5/0.2deg val_progress_mae=239.849m val_heading_mae=7.3deg val_capture=0.00% val_bank=0.00% val_acq_acc=0.00% score=242.084 best=22.224 patience=9/10
temporal epoch=025/60 loss=7.60770 center_teacher=1.000 acq_teacher=1.000 capture=100.00% bank_capture=100.00% acq_acc=100.00% acq_conf=0.252 radius=0.0m pred_step=2.870 target_step=2.921 pred_v=1.205 target_v=2.921 val_mle=406.510m val_p90=494.726m val_speed_mae=2.176 heading=-0.4/0.2deg val_progress_mae=602.434m val_heading_mae=7.4deg val_capture=0.00% val_bank=0.00% val_acq_acc=0.00% score=507.448 best=22.224 patience=10/10
EARLY STOP: controlled local-prior validation score did not improve by 0.050 for 10 epochs.
best controlled-validation score=22.224
route_B: reuse UAV backbone cache
route_B final MLE=28.107m P90=45.092m LSR@15=24.52% selected_capture=0.00% bank_capture=0.00% acq_acc=0.00% speed_mae=2.002m/frame progress_mae=28.203m heading_mae=12.2deg jump_rate=0.00% max_step=5.85m final_leg=14 gt_leg=14
route_C: reuse UAV backbone cache
route_C final MLE=170.851m P90=490.392m LSR@15=11.29% selected_capture=0.00% bank_capture=0.00% acq_acc=0.00% speed_mae=1.435m/frame progress_mae=218.266m heading_mae=68.4deg jump_rate=0.00% max_step=4.28m final_leg=10 gt_leg=10
summary: /yh/study/uav-sat/frame-reference-exp/outputs/scheduled_route_single3x6_gpu0/robust_tracker_summary.json
