[university1652] epoch=001/120 loss=3.590516
[university1652] epoch=005/120 loss=1.185489
[university1652] epoch=010/120 loss=0.475349
[university1652] epoch=015/120 loss=0.081906
[university1652] epoch=020/120 loss=0.111104
[university1652] epoch=025/120 loss=0.157103
[university1652] epoch=030/120 loss=0.018010
[university1652] epoch=035/120 loss=0.050214
[university1652] epoch=040/120 loss=0.070177
[university1652] epoch=045/120 loss=0.034583
[university1652] epoch=050/120 loss=0.013682
[university1652] epoch=055/120 loss=0.070804
[university1652] epoch=060/120 loss=0.018639
[university1652] epoch=065/120 loss=0.060590
[university1652] epoch=070/120 loss=0.085588
[university1652] epoch=075/120 loss=0.043343
[university1652] epoch=080/120 loss=0.050323
[university1652] epoch=085/120 loss=0.057018
[university1652] epoch=090/120 loss=0.034876
[university1652] epoch=095/120 loss=0.014883
[university1652] epoch=100/120 loss=0.005628
[university1652] epoch=105/120 loss=0.002553
[university1652] epoch=110/120 loss=0.000788
[university1652] epoch=115/120 loss=0.010546
[university1652] epoch=120/120 loss=0.028413
[M2T] saved /yh/study/uav-sat/v39_otherdata/generated/native_m2t_baselines/university1652/cityd/checkpoint.pt
[university1652] test_01: R1=18.57% MLE=353.147m MedLE=237.315m LSR15=2.86%
[university1652] test_02: R1=28.51% MLE=215.109m MedLE=80.345m LSR15=5.96%
[M2T-DONE] university1652/cityd: R1=24.80% MLE=266.643m LSR15=4.80%
/usr/local/lib/python3.8/dist-packages/torchvision/models/_utils.py:208: UserWarning: The parameter 'pretrained' is deprecated since 0.13 and may be removed in the future, please use 'weights' instead.
  warnings.warn(
/usr/local/lib/python3.8/dist-packages/torchvision/models/_utils.py:223: UserWarning: Arguments other than a weight enum or `None` for 'weights' are deprecated since 0.13 and may be removed in the future. The current behavior is equivalent to passing `weights=ResNet50_Weights.IMAGENET1K_V1`. You can also use `weights=ResNet50_Weights.DEFAULT` to get the most up-to-date weights.
  warnings.warn(msg)
