[cpu-fix] GPU satellite grid lookup enabled; CPU threads/process=2
[GK-routetube] epoch=001/60 seg=4 loss=4.806859 raw_next=6.293m protected_next=5.643m search=5.501m final_ms=7.392m route_dist=3.358m recover=18.91% within20=99.88% stable=1/2 best_stage=4
[GK-routetube] epoch=002/60 seg=4 loss=4.712844 raw_next=6.252m protected_next=5.617m search=5.454m final_ms=7.289m route_dist=3.244m recover=18.76% within20=99.94% stable=0/2 best_stage=4 -> advance_to_6
[GK-routetube] epoch=003/60 seg=6 loss=5.795892 raw_next=8.450m protected_next=7.783m search=7.565m final_ms=8.860m route_dist=4.134m recover=18.52% within20=97.49% stable=1/2 best_stage=6
[GK-routetube] epoch=004/60 seg=6 loss=5.825251 raw_next=8.531m protected_next=7.868m search=7.589m final_ms=8.982m route_dist=4.184m recover=17.69% within20=97.32% stable=0/2 best_stage=6 -> advance_to_8
[GK-routetube] epoch=005/60 seg=8 loss=6.870792 raw_next=10.360m protected_next=9.645m search=9.390m final_ms=10.563m route_dist=3.991m recover=21.51% within20=92.87% stable=1/2 best_stage=8
[GK-routetube] epoch=006/60 seg=8 loss=6.697997 raw_next=10.106m protected_next=9.426m search=9.185m final_ms=10.474m route_dist=4.320m recover=19.62% within20=95.37% stable=0/2 best_stage=8 -> advance_to_10
[GK-routetube] epoch=007/60 seg=10 loss=8.357034 raw_next=12.861m protected_next=12.065m search=11.750m final_ms=12.536m route_dist=4.436m recover=24.86% within20=83.77% stable=0/2 best_stage=10
[GK-routetube] epoch=008/60 seg=10 loss=7.874221 raw_next=12.195m protected_next=11.418m search=11.235m final_ms=12.146m route_dist=4.134m recover=23.33% within20=86.04% stable=1/2 best_stage=10
[GK-routetube] epoch=009/60 seg=10 loss=7.901882 raw_next=12.180m protected_next=11.407m search=11.293m final_ms=12.262m route_dist=4.176m recover=22.59% within20=85.39% stable=0/2 best_stage=10 -> advance_to_12
[GK-routetube] epoch=010/60 seg=12 loss=8.741554 raw_next=13.748m protected_next=13.034m search=12.768m final_ms=13.664m route_dist=3.973m recover=23.68% within20=80.00% stable=0/2 best_stage=12
[GK-routetube] epoch=011/60 seg=12 loss=8.501283 raw_next=13.369m protected_next=12.680m search=12.452m final_ms=13.467m route_dist=3.967m recover=22.36% within20=80.55% stable=0/2 best_stage=12
[GK-routetube] epoch=012/60 seg=12 loss=8.329628 raw_next=13.195m protected_next=12.503m search=12.388m final_ms=13.209m route_dist=3.927m recover=21.92% within20=81.56% stable=0/2 best_stage=12
[GK-routetube] epoch=013/60 seg=12 loss=8.235816 raw_next=13.098m protected_next=12.441m search=12.209m final_ms=13.150m route_dist=3.996m recover=22.30% within20=81.87% stable=0/2 best_stage=12
[GK-routetube] epoch=014/60 seg=12 loss=7.901034 raw_next=12.579m protected_next=11.988m search=11.898m final_ms=12.772m route_dist=4.012m recover=20.38% within20=83.43% stable=0/2 best_stage=12
[GK-routetube] epoch=015/60 seg=12 loss=7.466524 raw_next=11.919m protected_next=11.332m search=11.438m final_ms=12.372m route_dist=4.142m recover=19.03% within20=84.91% stable=0/2 best_stage=12
[GK-routetube] epoch=016/60 seg=12 loss=7.203488 raw_next=11.536m protected_next=11.030m search=11.014m final_ms=12.130m route_dist=4.031m recover=17.01% within20=85.95% stable=1/2 best_stage=12
[GK-routetube] epoch=017/60 seg=12 loss=7.041263 raw_next=11.327m protected_next=10.802m search=10.865m final_ms=11.986m route_dist=3.939m recover=17.39% within20=86.82% stable=0/2 best_stage=12 -> advance_to_14
[GK-routetube] epoch=018/60 seg=14 loss=7.726069 raw_next=12.545m protected_next=12.038m search=12.119m final_ms=13.169m route_dist=4.199m recover=16.01% within20=82.04% stable=0/2 best_stage=14
[GK-routetube] epoch=019/60 seg=14 loss=7.247708 raw_next=11.839m protected_next=11.366m search=11.505m final_ms=12.575m route_dist=4.265m recover=14.62% within20=83.79% stable=0/2 best_stage=14
[GK-routetube] epoch=020/60 seg=14 loss=6.924226 raw_next=11.321m protected_next=10.874m search=11.072m final_ms=12.090m route_dist=4.199m recover=13.87% within20=85.57% stable=1/2 best_stage=14
[GK-routetube] epoch=021/60 seg=14 loss=6.554656 raw_next=10.678m protected_next=10.220m search=10.580m final_ms=11.730m route_dist=4.373m recover=12.51% within20=87.22% stable=0/2 best_stage=14 -> advance_to_16
[GK-routetube] epoch=022/60 seg=16 loss=6.967643 raw_next=11.515m protected_next=11.073m search=11.380m final_ms=12.373m route_dist=4.230m recover=12.78% within20=85.21% stable=1/2 best_stage=16
[GK-routetube] epoch=023/60 seg=16 loss=6.712282 raw_next=11.119m protected_next=10.724m search=11.001m final_ms=12.263m route_dist=3.972m recover=12.91% within20=85.21% stable=0/2 best_stage=16 -> advance_to_18
[GK-routetube] epoch=024/60 seg=18 loss=7.386270 raw_next=12.126m protected_next=11.689m search=12.065m final_ms=13.132m route_dist=4.344m recover=14.21% within20=84.05% stable=0/2 best_stage=18
[GK-routetube] epoch=025/60 seg=18 loss=6.685268 raw_next=11.145m protected_next=10.789m search=11.165m final_ms=12.301m route_dist=4.172m recover=11.95% within20=86.48% stable=1/2 best_stage=18
[GK-routetube] epoch=026/60 seg=18 loss=6.626681 raw_next=11.039m protected_next=10.658m search=11.076m final_ms=12.442m route_dist=4.169m recover=12.20% within20=86.48% stable=0/2 best_stage=18 -> advance_to_20
[GK-routetube] epoch=027/60 seg=20 loss=7.012798 raw_next=11.789m protected_next=11.457m search=11.829m final_ms=13.139m route_dist=4.136m recover=11.85% within20=83.99% stable=0/2 best_stage=20
[GK-routetube] epoch=028/60 seg=20 loss=6.932194 raw_next=11.758m protected_next=11.455m search=11.779m final_ms=13.115m route_dist=3.827m recover=11.52% within20=84.19% stable=0/2 best_stage=20
[GK-routetube] epoch=029/60 seg=20 loss=6.739457 raw_next=11.361m protected_next=11.081m search=11.441m final_ms=12.921m route_dist=3.846m recover=10.88% within20=83.96% stable=0/2 best_stage=20
[GK-routetube] epoch=030/60 seg=20 loss=6.403996 raw_next=10.765m protected_next=10.488m search=11.009m final_ms=12.153m route_dist=4.191m recover=10.06% within20=87.16% stable=1/2 best_stage=20
[GK-routetube] epoch=031/60 seg=20 loss=6.514375 raw_next=10.873m protected_next=10.522m search=10.944m final_ms=12.426m route_dist=3.666m recover=12.06% within20=85.95% stable=0/2 best_stage=20 -> advance_to_22
[GK-routetube] epoch=032/60 seg=22 loss=6.629576 raw_next=11.075m protected_next=10.835m search=11.230m final_ms=12.427m route_dist=3.772m recover=10.37% within20=85.59% stable=1/2 best_stage=22
[GK-routetube] epoch=033/60 seg=22 loss=6.961290 raw_next=11.746m protected_next=11.523m search=11.903m final_ms=13.274m route_dist=4.023m recover=10.49% within20=84.04% stable=0/2 best_stage=22
[GK-routetube] epoch=034/60 seg=22 loss=6.297960 raw_next=10.622m protected_next=10.371m search=10.898m final_ms=12.383m route_dist=3.974m recover=8.20% within20=86.85% stable=1/2 best_stage=22
[GK-routetube] epoch=035/60 seg=22 loss=6.237871 raw_next=10.541m protected_next=10.351m search=10.857m final_ms=12.058m route_dist=3.723m recover=8.84% within20=87.11% stable=0/2 best_stage=22 -> advance_to_24
[GK-routetube] epoch=036/60 seg=24 loss=6.601341 raw_next=11.221m protected_next=10.928m search=11.443m final_ms=12.787m route_dist=3.694m recover=9.49% within20=84.99% stable=0/2 best_stage=24
[GK-routetube] epoch=037/60 seg=24 loss=6.083549 raw_next=10.512m protected_next=10.283m search=10.849m final_ms=12.128m route_dist=3.831m recover=8.86% within20=86.75% stable=1/2 best_stage=24
[GK-routetube] epoch=038/60 seg=24 loss=5.988384 raw_next=10.125m protected_next=9.824m search=10.490m final_ms=12.128m route_dist=3.540m recover=10.33% within20=86.68% stable=0/2 best_stage=24 -> advance_to_26
[GK-routetube] epoch=039/60 seg=26 loss=5.676872 raw_next=9.661m protected_next=9.446m search=10.105m final_ms=11.398m route_dist=3.665m recover=8.89% within20=88.59% stable=1/2 best_stage=26
[GK-routetube] epoch=040/60 seg=26 loss=6.496500 raw_next=11.007m protected_next=10.648m search=11.246m final_ms=13.037m route_dist=3.782m recover=11.22% within20=85.38% stable=0/2 best_stage=26 -> advance_to_28
[GK-routetube] epoch=041/60 seg=28 loss=7.044274 raw_next=12.004m protected_next=11.738m search=12.255m final_ms=13.515m route_dist=3.741m recover=10.44% within20=82.71% stable=0/2 best_stage=28
[GK-routetube] epoch=042/60 seg=28 loss=6.437604 raw_next=11.138m protected_next=10.958m search=11.502m final_ms=12.562m route_dist=3.586m recover=8.86% within20=84.36% stable=0/2 best_stage=28
[GK-routetube] epoch=043/60 seg=28 loss=5.660348 raw_next=9.796m protected_next=9.658m search=10.269m final_ms=11.608m route_dist=3.334m recover=8.11% within20=89.16% stable=1/2 best_stage=28
[GK-routetube] epoch=044/60 seg=28 loss=6.261447 raw_next=10.714m protected_next=10.514m search=11.070m final_ms=12.378m route_dist=3.852m recover=8.92% within20=85.29% stable=0/2 best_stage=28 -> advance_to_30
[GK-routetube] epoch=045/60 seg=30 loss=7.169250 raw_next=12.508m protected_next=12.280m search=12.810m final_ms=13.910m route_dist=3.447m recover=9.13% within20=82.99% stable=0/2 best_stage=30
[GK-routetube] epoch=046/60 seg=30 loss=6.536207 raw_next=11.195m protected_next=10.933m search=11.535m final_ms=13.196m route_dist=3.607m recover=10.17% within20=84.71% stable=0/2 best_stage=30
[GK-routetube] epoch=047/60 seg=30 loss=6.118877 raw_next=10.646m protected_next=10.438m search=11.040m final_ms=12.549m route_dist=3.338m recover=8.66% within20=86.04% stable=1/2 best_stage=30
[GK-routetube] epoch=048/60 seg=30 loss=5.760644 raw_next=9.952m protected_next=9.755m search=10.494m final_ms=11.766m route_dist=3.494m recover=7.58% within20=87.55% stable=0/2 best_stage=30 -> advance_to_32
[GK-routetube] epoch=049/60 seg=32 loss=5.992503 raw_next=10.462m protected_next=10.332m search=10.947m final_ms=12.481m route_dist=3.384m recover=7.27% within20=84.66% stable=0/2 best_stage=32
[GK-routetube] epoch=050/60 seg=32 loss=6.569079 raw_next=11.182m protected_next=10.922m search=11.553m final_ms=13.071m route_dist=3.595m recover=8.81% within20=83.31% stable=0/2 best_stage=32
[GK-routetube] epoch=051/60 seg=32 loss=6.539973 raw_next=11.237m protected_next=11.008m search=11.542m final_ms=13.048m route_dist=3.524m recover=8.81% within20=84.17% stable=0/2 best_stage=32
[GK-routetube] epoch=052/60 seg=32 loss=6.075843 raw_next=10.412m protected_next=10.191m search=10.804m final_ms=12.134m route_dist=3.392m recover=8.22% within20=87.52% stable=1/2 best_stage=32
[GK-routetube] epoch=053/60 seg=32 loss=6.281155 raw_next=10.850m protected_next=10.611m search=11.229m final_ms=13.078m route_dist=3.436m recover=7.83% within20=84.23% stable=0/2 best_stage=32
[GK-routetube] epoch=054/60 seg=32 loss=5.784059 raw_next=10.043m protected_next=9.934m search=10.659m final_ms=11.630m route_dist=3.364m recover=7.51% within20=86.96% stable=1/2 best_stage=32
[GK-routetube] epoch=055/60 seg=32 loss=5.724256 raw_next=9.789m protected_next=9.535m search=10.186m final_ms=11.826m route_dist=3.252m recover=7.66% within20=86.32% stable=0/2 best_stage=32 -> advance_to_34
[GK-routetube] epoch=056/60 seg=34 loss=6.450532 raw_next=10.996m protected_next=10.810m search=11.456m final_ms=12.670m route_dist=3.470m recover=7.76% within20=85.62% stable=1/2 best_stage=34
[GK-routetube] epoch=057/60 seg=34 loss=5.047190 raw_next=8.670m protected_next=8.483m search=9.281m final_ms=10.952m route_dist=3.441m recover=5.98% within20=90.72% stable=0/2 best_stage=34 -> advance_to_36
[GK-routetube] epoch=058/60 seg=36 loss=6.568284 raw_next=11.311m protected_next=11.030m search=11.763m final_ms=13.061m route_dist=3.478m recover=8.54% within20=83.08% stable=0/2 best_stage=36
[GK-routetube] epoch=059/60 seg=36 loss=5.562450 raw_next=9.657m protected_next=9.488m search=10.308m final_ms=11.603m route_dist=3.354m recover=7.68% within20=88.77% stable=1/2 best_stage=36
[GK-routetube] epoch=060/60 seg=36 loss=5.304215 raw_next=9.357m protected_next=9.154m search=10.009m final_ms=11.443m route_dist=3.407m recover=7.24% within20=87.77% stable=0/2 best_stage=36 -> advance_to_38
{"MLE_m": 562.9389265481636, "MedLE_m": 512.396221409407, "P90_m": 930.8586384125157, "P95_m": 1038.9643910656216, "P99_m": 1072.2357919422836, "CVaR90_m": 1022.4942269067312, "LSR@5_pct": 0.0, "LSR@10_pct": 0.0, "LSR@15_pct": 0.0, "LSR@20_pct": 0.04397537379067722, "Architecture": "GK", "Route": "route_B", "Protocol": "route-tube recovery; full-route closed-loop eval", "RawProvisionalNextMLE_m": 559.7384000680319, "ProtectedProvisionalNextMLE_m": 558.8258014171188, "SearchCenterMLE_m": 558.8037043880938, "RawRouteDistanceMLE_m": 2.6956279203613076, "HardRecovery_pct": 73.36263736263736, "SoftCorridor_m": 12.0, "HardCorridor_m": 20.0, "MaxProgressPerFrame_m": 10.0, "EvalFrameAlignedReferencePrior": false, "EvalSegmentResets": false, "MeanShiftCandidateCount": 36, "ForwardSearch": false, "CSV": "/yh/study/uav-sat/v36_byTeacher/output/mobilenet_v3_small/delayed_pair_route_tube_recovery_center6x6/gk/route_B_gk_route_tube_frames.csv"}
{"MLE_m": 240.0782298904949, "MedLE_m": 223.27746857456697, "P90_m": 430.54979495873715, "P95_m": 468.6851667541646, "P99_m": 508.3215623236331, "CVaR90_m": 469.89678020992574, "LSR@5_pct": 0.9554140127388535, "LSR@10_pct": 2.388535031847134, "LSR@15_pct": 3.662420382165605, "LSR@20_pct": 4.2993630573248405, "Architecture": "GK", "Route": "route_C", "Protocol": "route-tube recovery; full-route closed-loop eval", "RawProvisionalNextMLE_m": 238.4736124690443, "ProtectedProvisionalNextMLE_m": 237.8360421496322, "SearchCenterMLE_m": 237.71765974409047, "RawRouteDistanceMLE_m": 3.435918518487283, "HardRecovery_pct": 41.766109785202865, "SoftCorridor_m": 12.0, "HardCorridor_m": 20.0, "MaxProgressPerFrame_m": 10.0, "EvalFrameAlignedReferencePrior": false, "EvalSegmentResets": false, "MeanShiftCandidateCount": 36, "ForwardSearch": false, "CSV": "/yh/study/uav-sat/v36_byTeacher/output/mobilenet_v3_small/delayed_pair_route_tube_recovery_center6x6/gk/route_C_gk_route_tube_frames.csv"}
