[PREPARED] PASS | city=cityb | step=4 m | selection=soft_sequence_v13_multicity_auto_train_fullroute | existing GT/routes unchanged
[CADENCE] source=experiment_route_stats_train_01 | mean=5.769227 m | p90=10.316216 m | p95=11.515852 m
[OK] clean v39 runtime: Forward-18 SoftMS -> GRU -> Kalman -> one final MeanShift
[OK] weighted-centroid decoder removed from generated runtime source
[PATCH OK] GRU = current + delta + delta2 + SAT + SoftMS position + visual displacement + previous state
[PATCH OK] V5 3-frame direct acceleration + next-step correction
[PATCH OK] training/validation/inference motion starts from current-city cadence
[PATCH OK] Kalman = smooth confidence-adaptive measurement-preserving residual fusion
[PATCH OK] step corridor = continuous confidence relaxation
[PATCH OK] no held-out navigation result is read by this patch
[V39-BEARING] final-MS route-centerline reference patch: PASS
[ARCH-AUDIT] forward_18: PASS
[ARCH-AUDIT] base_geometry_6x6: PASS
[ARCH-AUDIT] front_softms_source: PASS
[ARCH-AUDIT] one_final_ms_source: PASS
[ARCH-AUDIT] front_decoder_softms: PASS
[ARCH-AUDIT] simple_seven_block_gru: PASS
[ARCH-AUDIT] residual_motion_head: PASS
[ARCH-AUDIT] causal_visual_displacement: PASS
[ARCH-AUDIT] cadence_initialized_tracker: PASS
[ARCH-AUDIT] motion_training_inference_aligned: PASS
[ARCH-AUDIT] training_city_motion_scale_init: PASS
[ARCH-AUDIT] forward_origin_backshift_covers_jitter: PASS
[ARCH-AUDIT] protocol: PASS
[ARCH-AUDIT] controlled_gt_reference_enabled: PASS
[ARCH-AUDIT] frame_count: PASS
[ARCH-AUDIT] gru_flag: PASS
[ARCH-AUDIT] kalman_flag: PASS
[TRAIN] reuse visual checkpoint /yh/study/uav-sat/v39_otherdata/formal_bearing_v5_smooth_20260920_233151/cityb/train_frames1/checkpoints/visual_retrieval_A_only.pt
route_A: reuse UAV backbone cache
temporal split train=[0,135) val=[139,165) route_length=789.4m
City training-sequence mean forward step=5.743m/frame p90=10.578m/frame
temporal epoch=001/100 loss=12.47878 center_teacher=1.000 acq_teacher=1.000 capture=100.00% bank_capture=100.00% acq_acc=100.00% acq_conf=0.624 radius=0.0m pred_step=5.648 target_step=5.743 pred_v=5.662 target_v=5.743 val_mle=11.152m val_p90=13.152m val_speed_mae=2.555 heading=0.0/-1.6deg val_progress_mae=10.281m val_heading_mae=31.1deg val_capture=96.15% val_bank=96.15% val_acq_acc=100.00% score=11.728 best=11.728 patience=0/4
temporal epoch=002/100 loss=12.32662 center_teacher=1.000 acq_teacher=1.000 capture=100.00% bank_capture=100.00% acq_acc=100.00% acq_conf=0.624 radius=0.0m pred_step=5.141 target_step=5.743 pred_v=5.212 target_v=5.743 val_mle=11.013m val_p90=12.987m val_speed_mae=2.561 heading=-0.1/-1.6deg val_progress_mae=10.119m val_heading_mae=31.1deg val_capture=96.15% val_bank=96.15% val_acq_acc=100.00% score=11.584 best=11.584 patience=0/4
temporal epoch=003/100 loss=12.14460 center_teacher=1.000 acq_teacher=1.000 capture=100.00% bank_capture=100.00% acq_acc=100.00% acq_conf=0.624 radius=0.0m pred_step=5.233 target_step=5.743 pred_v=5.292 target_v=5.743 val_mle=10.823m val_p90=12.763m val_speed_mae=2.549 heading=-0.3/-1.6deg val_progress_mae=9.899m val_heading_mae=31.1deg val_capture=96.15% val_bank=96.15% val_acq_acc=100.00% score=11.386 best=11.386 patience=0/4
temporal epoch=004/100 loss=11.96028 center_teacher=1.000 acq_teacher=1.000 capture=100.00% bank_capture=100.00% acq_acc=100.00% acq_conf=0.625 radius=0.0m pred_step=5.585 target_step=5.743 pred_v=5.602 target_v=5.743 val_mle=10.613m val_p90=12.520m val_speed_mae=2.570 heading=-0.5/-1.6deg val_progress_mae=9.656m val_heading_mae=31.1deg val_capture=96.15% val_bank=96.15% val_acq_acc=100.00% score=11.170 best=11.170 patience=0/4
temporal epoch=005/100 loss=11.79385 center_teacher=1.000 acq_teacher=1.000 capture=100.00% bank_capture=100.00% acq_acc=100.00% acq_conf=0.627 radius=0.0m pred_step=5.650 target_step=5.743 pred_v=5.659 target_v=5.743 val_mle=10.394m val_p90=12.265m val_speed_mae=2.528 heading=-0.6/-1.6deg val_progress_mae=9.403m val_heading_mae=31.1deg val_capture=96.15% val_bank=96.15% val_acq_acc=100.00% score=10.942 best=10.942 patience=0/4
temporal epoch=006/100 loss=11.64289 center_teacher=1.000 acq_teacher=1.000 capture=100.00% bank_capture=100.00% acq_acc=100.00% acq_conf=0.627 radius=0.0m pred_step=5.287 target_step=5.743 pred_v=5.338 target_v=5.743 val_mle=10.165m val_p90=12.007m val_speed_mae=2.610 heading=-0.6/-1.6deg val_progress_mae=9.142m val_heading_mae=31.1deg val_capture=96.15% val_bank=96.15% val_acq_acc=100.00% score=10.709 best=10.709 patience=0/4
temporal epoch=007/100 loss=11.55804 center_teacher=1.000 acq_teacher=1.000 capture=100.00% bank_capture=100.00% acq_acc=100.00% acq_conf=0.627 radius=0.0m pred_step=4.983 target_step=5.743 pred_v=5.069 target_v=5.743 val_mle=9.930m val_p90=11.752m val_speed_mae=2.576 heading=-0.6/-1.6deg val_progress_mae=8.883m val_heading_mae=31.1deg val_capture=96.15% val_bank=96.15% val_acq_acc=100.00% score=10.464 best=10.464 patience=0/4
temporal epoch=008/100 loss=11.43296 center_teacher=1.000 acq_teacher=1.000 capture=100.00% bank_capture=100.00% acq_acc=100.00% acq_conf=0.627 radius=0.0m pred_step=5.167 target_step=5.743 pred_v=5.230 target_v=5.743 val_mle=9.716m val_p90=11.534m val_speed_mae=2.539 heading=-0.6/-1.6deg val_progress_mae=8.652m val_heading_mae=31.1deg val_capture=96.15% val_bank=96.15% val_acq_acc=100.00% score=10.241 best=10.241 patience=0/4
temporal epoch=009/100 loss=11.35498 center_teacher=1.000 acq_teacher=1.000 capture=100.00% bank_capture=100.00% acq_acc=100.00% acq_conf=0.626 radius=0.0m pred_step=5.491 target_step=5.743 pred_v=5.515 target_v=5.743 val_mle=9.534m val_p90=11.353m val_speed_mae=2.546 heading=-0.6/-1.6deg val_progress_mae=8.456m val_heading_mae=31.1deg val_capture=96.15% val_bank=96.15% val_acq_acc=100.00% score=10.054 best=10.054 patience=0/4
temporal epoch=010/100 loss=11.27211 center_teacher=1.000 acq_teacher=1.000 capture=100.00% bank_capture=100.00% acq_acc=100.00% acq_conf=0.627 radius=0.0m pred_step=5.413 target_step=5.743 pred_v=5.447 target_v=5.743 val_mle=9.383m val_p90=11.207m val_speed_mae=2.531 heading=-0.6/-1.6deg val_progress_mae=8.291m val_heading_mae=31.1deg val_capture=96.15% val_bank=96.15% val_acq_acc=100.00% score=9.898 best=9.898 patience=0/4
temporal epoch=011/100 loss=11.19845 center_teacher=1.000 acq_teacher=1.000 capture=100.00% bank_capture=100.00% acq_acc=100.00% acq_conf=0.626 radius=0.0m pred_step=5.130 target_step=5.743 pred_v=5.200 target_v=5.743 val_mle=9.253m val_p90=11.081m val_speed_mae=2.558 heading=-0.8/-1.6deg val_progress_mae=8.148m val_heading_mae=31.1deg val_capture=96.15% val_bank=96.15% val_acq_acc=100.00% score=9.764 best=9.764 patience=0/4
temporal epoch=012/100 loss=11.13172 center_teacher=1.000 acq_teacher=1.000 capture=100.00% bank_capture=100.00% acq_acc=100.00% acq_conf=0.626 radius=0.0m pred_step=5.132 target_step=5.743 pred_v=5.203 target_v=5.743 val_mle=9.132m val_p90=10.960m val_speed_mae=2.532 heading=-0.8/-1.6deg val_progress_mae=8.019m val_heading_mae=31.1deg val_capture=96.15% val_bank=96.15% val_acq_acc=100.00% score=9.639 best=9.639 patience=0/4
temporal epoch=013/100 loss=11.06915 center_teacher=1.000 acq_teacher=1.000 capture=100.00% bank_capture=100.00% acq_acc=100.00% acq_conf=0.626 radius=0.0m pred_step=5.406 target_step=5.743 pred_v=5.444 target_v=5.743 val_mle=9.022m val_p90=10.849m val_speed_mae=2.570 heading=-0.9/-1.6deg val_progress_mae=7.900m val_heading_mae=31.1deg val_capture=96.15% val_bank=96.15% val_acq_acc=100.00% score=9.526 best=9.526 patience=0/4
temporal epoch=014/100 loss=11.06824 center_teacher=1.000 acq_teacher=1.000 capture=100.00% bank_capture=100.00% acq_acc=100.00% acq_conf=0.626 radius=0.0m pred_step=5.581 target_step=5.743 pred_v=5.596 target_v=5.743 val_mle=8.921m val_p90=10.751m val_speed_mae=2.534 heading=-0.9/-1.6deg val_progress_mae=7.790m val_heading_mae=31.1deg val_capture=96.15% val_bank=96.15% val_acq_acc=100.00% score=9.420 best=9.420 patience=0/4
temporal epoch=015/100 loss=11.02459 center_teacher=1.000 acq_teacher=1.000 capture=100.00% bank_capture=100.00% acq_acc=100.00% acq_conf=0.626 radius=0.0m pred_step=5.243 target_step=5.743 pred_v=5.297 target_v=5.743 val_mle=8.827m val_p90=10.661m val_speed_mae=2.523 heading=-0.9/-1.6deg val_progress_mae=7.685m val_heading_mae=31.1deg val_capture=96.15% val_bank=96.15% val_acq_acc=100.00% score=9.323 best=9.323 patience=0/4
temporal epoch=016/100 loss=11.01238 center_teacher=1.000 acq_teacher=1.000 capture=100.00% bank_capture=100.00% acq_acc=100.00% acq_conf=0.626 radius=0.0m pred_step=5.043 target_step=5.743 pred_v=5.120 target_v=5.743 val_mle=8.738m val_p90=10.570m val_speed_mae=2.571 heading=-0.9/-1.6deg val_progress_mae=7.586m val_heading_mae=31.1deg val_capture=96.15% val_bank=96.15% val_acq_acc=100.00% score=9.233 best=9.233 patience=0/4
temporal epoch=017/100 loss=11.03288 center_teacher=1.000 acq_teacher=1.000 capture=100.00% bank_capture=100.00% acq_acc=100.00% acq_conf=0.626 radius=0.0m pred_step=5.700 target_step=5.743 pred_v=5.694 target_v=5.743 val_mle=8.656m val_p90=10.490m val_speed_mae=2.635 heading=-0.9/-1.6deg val_progress_mae=7.492m val_heading_mae=31.1deg val_capture=96.15% val_bank=96.15% val_acq_acc=100.00% score=9.152 best=9.152 patience=0/4
temporal epoch=018/100 loss=10.96114 center_teacher=1.000 acq_teacher=1.000 capture=100.00% bank_capture=100.00% acq_acc=100.00% acq_conf=0.626 radius=0.0m pred_step=5.538 target_step=5.743 pred_v=5.550 target_v=5.743 val_mle=8.581m val_p90=10.421m val_speed_mae=2.562 heading=-1.0/-1.6deg val_progress_mae=7.401m val_heading_mae=31.1deg val_capture=96.15% val_bank=96.15% val_acq_acc=100.00% score=9.070 best=9.070 patience=0/4
temporal epoch=019/100 loss=11.08476 center_teacher=1.000 acq_teacher=1.000 capture=100.00% bank_capture=100.00% acq_acc=100.00% acq_conf=0.624 radius=0.0m pred_step=4.630 target_step=5.743 pred_v=4.751 target_v=5.743 val_mle=8.504m val_p90=10.341m val_speed_mae=2.620 heading=-1.1/-1.6deg val_progress_mae=7.310m val_heading_mae=31.1deg val_capture=96.15% val_bank=96.15% val_acq_acc=100.00% score=8.993 best=8.993 patience=0/4
temporal epoch=020/100 loss=11.09249 center_teacher=1.000 acq_teacher=1.000 capture=100.00% bank_capture=100.00% acq_acc=100.00% acq_conf=0.624 radius=0.0m pred_step=6.033 target_step=5.743 pred_v=5.979 target_v=5.743 val_mle=8.431m val_p90=10.269m val_speed_mae=2.864 heading=-1.1/-1.6deg val_progress_mae=7.225m val_heading_mae=31.1deg val_capture=96.15% val_bank=96.15% val_acq_acc=100.00% score=8.930 best=8.930 patience=0/4
temporal epoch=021/100 loss=10.91850 center_teacher=1.000 acq_teacher=1.000 capture=100.00% bank_capture=100.00% acq_acc=100.00% acq_conf=0.624 radius=0.0m pred_step=5.715 target_step=5.743 pred_v=5.698 target_v=5.743 val_mle=8.364m val_p90=10.204m val_speed_mae=3.384 heading=-1.2/-1.6deg val_progress_mae=7.142m val_heading_mae=31.1deg val_capture=96.15% val_bank=96.15% val_acq_acc=100.00% score=8.887 best=8.887 patience=0/4
temporal epoch=022/100 loss=11.57896 center_teacher=1.000 acq_teacher=1.000 capture=100.00% bank_capture=100.00% acq_acc=100.00% acq_conf=0.624 radius=0.0m pred_step=3.566 target_step=5.743 pred_v=3.809 target_v=5.743 val_mle=8.304m val_p90=10.139m val_speed_mae=3.387 heading=-1.3/-1.6deg val_progress_mae=7.079m val_heading_mae=31.1deg val_capture=96.15% val_bank=96.15% val_acq_acc=100.00% score=8.824 best=8.824 patience=0/4
temporal epoch=023/100 loss=12.44566 center_teacher=1.000 acq_teacher=1.000 capture=100.00% bank_capture=100.00% acq_acc=100.00% acq_conf=0.624 radius=0.0m pred_step=7.702 target_step=5.743 pred_v=7.429 target_v=5.743 val_mle=8.240m val_p90=10.085m val_speed_mae=3.545 heading=-1.2/-1.6deg val_progress_mae=7.001m val_heading_mae=31.1deg val_capture=96.15% val_bank=96.15% val_acq_acc=100.00% score=8.767 best=8.767 patience=0/4
temporal epoch=024/100 loss=10.81248 center_teacher=1.000 acq_teacher=1.000 capture=100.00% bank_capture=100.00% acq_acc=100.00% acq_conf=0.624 radius=0.0m pred_step=5.386 target_step=5.743 pred_v=5.401 target_v=5.743 val_mle=8.189m val_p90=10.057m val_speed_mae=5.645 heading=-1.4/-1.6deg val_progress_mae=6.926m val_heading_mae=31.1deg val_capture=96.15% val_bank=96.15% val_acq_acc=100.00% score=8.818 best=8.767 patience=1/4
temporal epoch=025/100 loss=13.02804 center_teacher=1.000 acq_teacher=1.000 capture=100.00% bank_capture=100.00% acq_acc=100.00% acq_conf=0.623 radius=0.0m pred_step=1.988 target_step=5.743 pred_v=2.420 target_v=5.743 val_mle=8.115m val_p90=10.002m val_speed_mae=4.588 heading=-1.6/-1.6deg val_progress_mae=6.848m val_heading_mae=31.1deg val_capture=96.15% val_bank=96.15% val_acq_acc=100.00% score=8.689 best=8.689 patience=0/4
temporal epoch=026/100 loss=14.54026 center_teacher=1.000 acq_teacher=1.000 capture=100.00% bank_capture=100.00% acq_acc=100.00% acq_conf=0.624 radius=0.0m pred_step=9.514 target_step=5.743 pred_v=9.096 target_v=5.743 val_mle=8.069m val_p90=9.977m val_speed_mae=8.279 heading=-1.5/-1.6deg val_progress_mae=6.800m val_heading_mae=31.1deg val_capture=96.15% val_bank=96.15% val_acq_acc=100.00% score=8.826 best=8.689 patience=1/4
temporal epoch=027/100 loss=13.78897 center_teacher=1.000 acq_teacher=1.000 capture=100.00% bank_capture=100.00% acq_acc=100.00% acq_conf=0.622 radius=0.0m pred_step=9.648 target_step=5.743 pred_v=9.117 target_v=5.743 val_mle=8.133m val_p90=9.957m val_speed_mae=4.972 heading=-1.7/-1.6deg val_progress_mae=6.849m val_heading_mae=31.2deg val_capture=96.15% val_bank=96.15% val_acq_acc=100.00% score=8.726 best=8.689 patience=2/4
temporal epoch=028/100 loss=13.59181 center_teacher=1.000 acq_teacher=1.000 capture=100.00% bank_capture=100.00% acq_acc=100.00% acq_conf=0.624 radius=0.0m pred_step=1.399 target_step=5.743 pred_v=1.664 target_v=5.743 val_mle=8.076m val_p90=9.883m val_speed_mae=5.659 heading=-2.0/-1.6deg val_progress_mae=6.770m val_heading_mae=31.2deg val_capture=96.15% val_bank=96.15% val_acq_acc=100.00% score=8.701 best=8.689 patience=3/4
temporal epoch=029/100 loss=14.22358 center_teacher=1.000 acq_teacher=1.000 capture=100.00% bank_capture=100.00% acq_acc=100.00% acq_conf=0.624 radius=0.0m pred_step=0.675 target_step=5.743 pred_v=0.855 target_v=5.743 val_mle=8.053m val_p90=9.882m val_speed_mae=5.632 heading=-2.2/-1.6deg val_progress_mae=6.769m val_heading_mae=31.2deg val_capture=96.15% val_bank=96.15% val_acq_acc=100.00% score=8.677 best=8.677 patience=0/4
temporal epoch=030/100 loss=13.49833 center_teacher=1.000 acq_teacher=1.000 capture=100.00% bank_capture=100.00% acq_acc=100.00% acq_conf=0.624 radius=0.0m pred_step=1.185 target_step=5.743 pred_v=1.679 target_v=5.743 val_mle=7.932m val_p90=9.828m val_speed_mae=3.682 heading=-2.2/-1.6deg val_progress_mae=6.534m val_heading_mae=31.2deg val_capture=100.00% val_bank=100.00% val_acq_acc=100.00% score=8.374 best=8.374 patience=0/4
temporal epoch=031/100 loss=15.03323 center_teacher=1.000 acq_teacher=1.000 capture=100.00% bank_capture=100.00% acq_acc=100.00% acq_conf=0.624 radius=0.0m pred_step=9.913 target_step=5.743 pred_v=9.416 target_v=5.743 val_mle=7.931m val_p90=9.830m val_speed_mae=8.235 heading=-2.2/-1.6deg val_progress_mae=6.609m val_heading_mae=31.3deg val_capture=100.00% val_bank=100.00% val_acq_acc=100.00% score=8.604 best=8.374 patience=1/4
temporal epoch=032/100 loss=16.30631 center_teacher=1.000 acq_teacher=1.000 capture=100.00% bank_capture=100.00% acq_acc=100.00% acq_conf=0.626 radius=0.0m pred_step=11.656 target_step=5.743 pred_v=11.168 target_v=5.743 val_mle=7.926m val_p90=9.817m val_speed_mae=4.080 heading=-2.8/-1.6deg val_progress_mae=6.560m val_heading_mae=31.5deg val_capture=100.00% val_bank=100.00% val_acq_acc=100.00% score=8.390 best=8.374 patience=2/4
temporal epoch=033/100 loss=11.08083 center_teacher=1.000 acq_teacher=1.000 capture=100.00% bank_capture=100.00% acq_acc=100.00% acq_conf=0.625 radius=0.0m pred_step=7.246 target_step=5.743 pred_v=7.002 target_v=5.743 val_mle=7.927m val_p90=9.933m val_speed_mae=3.227 heading=-3.7/-1.6deg val_progress_mae=6.746m val_heading_mae=31.5deg val_capture=100.00% val_bank=100.00% val_acq_acc=100.00% score=8.354 best=8.354 patience=0/4
temporal epoch=034/100 loss=11.25978 center_teacher=1.000 acq_teacher=1.000 capture=100.00% bank_capture=100.00% acq_acc=100.00% acq_conf=0.625 radius=0.0m pred_step=3.261 target_step=5.743 pred_v=3.521 target_v=5.743 val_mle=8.097m val_p90=10.046m val_speed_mae=2.992 heading=-3.8/-1.6deg val_progress_mae=6.781m val_heading_mae=31.5deg val_capture=100.00% val_bank=100.00% val_acq_acc=100.00% score=8.513 best=8.354 patience=1/4
temporal epoch=035/100 loss=10.53467 center_teacher=1.000 acq_teacher=1.000 capture=100.00% bank_capture=100.00% acq_acc=100.00% acq_conf=0.626 radius=0.0m pred_step=5.198 target_step=5.743 pred_v=5.165 target_v=5.743 val_mle=8.118m val_p90=10.091m val_speed_mae=3.029 heading=-3.4/-1.6deg val_progress_mae=6.834m val_heading_mae=31.4deg val_capture=100.00% val_bank=100.00% val_acq_acc=100.00% score=8.538 best=8.354 patience=2/4
temporal epoch=036/100 loss=11.62711 center_teacher=1.000 acq_teacher=1.000 capture=100.00% bank_capture=100.00% acq_acc=100.00% acq_conf=0.626 radius=0.0m pred_step=8.042 target_step=5.743 pred_v=7.617 target_v=5.743 val_mle=8.242m val_p90=10.207m val_speed_mae=2.419 heading=-3.1/-1.6deg val_progress_mae=7.000m val_heading_mae=31.4deg val_capture=100.00% val_bank=100.00% val_acq_acc=100.00% score=8.636 best=8.354 patience=3/4
temporal epoch=037/100 loss=10.38273 center_teacher=1.000 acq_teacher=1.000 capture=100.00% bank_capture=100.00% acq_acc=100.00% acq_conf=0.626 radius=0.0m pred_step=4.684 target_step=5.743 pred_v=4.701 target_v=5.743 val_mle=8.465m val_p90=10.365m val_speed_mae=3.498 heading=-3.2/-1.6deg val_progress_mae=7.275m val_heading_mae=31.4deg val_capture=100.00% val_bank=100.00% val_acq_acc=100.00% score=8.921 best=8.354 patience=4/4
EARLY STOP: controlled local-prior validation score did not improve by 0.003 for 4 epochs.
