[PREPARED] PASS | city=cityd | step=4 m | selection=soft_sequence_v13_multicity_auto_train_fullroute | existing GT/routes unchanged
[CADENCE] source=experiment_route_stats_train_01 | mean=5.465267 m | p90=10.039383 m | p95=12.083230 m
[OK] clean v39 runtime: Forward-18 SoftMS -> GRU -> Kalman -> one final MeanShift
[OK] weighted-centroid decoder removed from generated runtime source
[PATCH OK] GRU = current + delta + delta2 + SAT + SoftMS position + visual displacement + previous state
[PATCH OK] V5 3-frame direct acceleration + next-step correction
[PATCH OK] training/validation/inference motion starts from current-city cadence
[PATCH OK] Kalman = smooth confidence-adaptive measurement-preserving residual fusion
[PATCH OK] step corridor = continuous confidence relaxation
[PATCH OK] no held-out navigation result is read by this patch
[V39-BEARING] final-MS route-centerline reference patch: PASS
[ARCH-AUDIT] forward_18: PASS
[ARCH-AUDIT] base_geometry_6x6: PASS
[ARCH-AUDIT] front_softms_source: PASS
[ARCH-AUDIT] one_final_ms_source: PASS
[ARCH-AUDIT] front_decoder_softms: PASS
[ARCH-AUDIT] simple_seven_block_gru: PASS
[ARCH-AUDIT] residual_motion_head: PASS
[ARCH-AUDIT] causal_visual_displacement: PASS
[ARCH-AUDIT] cadence_initialized_tracker: PASS
[ARCH-AUDIT] motion_training_inference_aligned: PASS
[ARCH-AUDIT] training_city_motion_scale_init: PASS
[ARCH-AUDIT] forward_origin_backshift_covers_jitter: PASS
[ARCH-AUDIT] protocol: PASS
[ARCH-AUDIT] controlled_gt_reference_enabled: PASS
[ARCH-AUDIT] frame_count: PASS
[ARCH-AUDIT] gru_flag: PASS
[ARCH-AUDIT] kalman_flag: PASS
[TRAIN] reuse visual checkpoint /yh/study/uav-sat/v39_otherdata/formal_bearing_v5_smooth_20260920_233151/cityd/train_frames1/checkpoints/visual_retrieval_A_only.pt
route_A: reuse UAV backbone cache
temporal split train=[0,136) val=[140,166) route_length=789.4m
City training-sequence mean forward step=5.530m/frame p90=10.147m/frame
temporal epoch=001/100 loss=14.26619 center_teacher=1.000 acq_teacher=1.000 capture=100.00% bank_capture=100.00% acq_acc=100.00% acq_conf=0.644 radius=0.0m pred_step=5.323 target_step=5.530 pred_v=5.340 target_v=5.530 val_mle=10.152m val_p90=12.416m val_speed_mae=2.912 heading=-0.0/0.7deg val_progress_mae=10.148m val_heading_mae=30.6deg val_capture=96.15% val_bank=96.15% val_acq_acc=100.00% score=10.740 best=10.740 patience=0/4
temporal epoch=002/100 loss=14.17852 center_teacher=1.000 acq_teacher=1.000 capture=100.00% bank_capture=100.00% acq_acc=100.00% acq_conf=0.644 radius=0.0m pred_step=4.752 target_step=5.530 pred_v=4.836 target_v=5.530 val_mle=9.966m val_p90=12.227m val_speed_mae=2.914 heading=-0.2/0.7deg val_progress_mae=9.956m val_heading_mae=30.6deg val_capture=96.15% val_bank=96.15% val_acq_acc=100.00% score=10.549 best=10.549 patience=0/4
temporal epoch=003/100 loss=13.99864 center_teacher=1.000 acq_teacher=1.000 capture=100.00% bank_capture=100.00% acq_acc=100.00% acq_conf=0.644 radius=0.0m pred_step=4.763 target_step=5.530 pred_v=4.848 target_v=5.530 val_mle=9.696m val_p90=11.965m val_speed_mae=2.913 heading=-0.3/0.7deg val_progress_mae=9.677m val_heading_mae=30.6deg val_capture=96.15% val_bank=96.15% val_acq_acc=100.00% score=10.270 best=10.270 patience=0/4
temporal epoch=004/100 loss=13.77992 center_teacher=1.000 acq_teacher=1.000 capture=100.00% bank_capture=100.00% acq_acc=100.00% acq_conf=0.644 radius=0.0m pred_step=5.134 target_step=5.530 pred_v=5.177 target_v=5.530 val_mle=9.387m val_p90=11.652m val_speed_mae=2.915 heading=-0.4/0.7deg val_progress_mae=9.356m val_heading_mae=30.6deg val_capture=96.15% val_bank=96.15% val_acq_acc=100.00% score=9.951 best=9.951 patience=0/4
temporal epoch=005/100 loss=13.61205 center_teacher=1.000 acq_teacher=1.000 capture=100.00% bank_capture=100.00% acq_acc=100.00% acq_conf=0.644 radius=0.0m pred_step=5.449 target_step=5.530 pred_v=5.458 target_v=5.530 val_mle=9.063m val_p90=11.325m val_speed_mae=2.914 heading=-0.5/0.7deg val_progress_mae=9.018m val_heading_mae=30.6deg val_capture=96.15% val_bank=96.15% val_acq_acc=100.00% score=9.618 best=9.618 patience=0/4
temporal epoch=006/100 loss=13.40623 center_teacher=1.000 acq_teacher=1.000 capture=100.00% bank_capture=100.00% acq_acc=100.00% acq_conf=0.644 radius=0.0m pred_step=5.254 target_step=5.530 pred_v=5.288 target_v=5.530 val_mle=8.764m val_p90=11.022m val_speed_mae=2.912 heading=-0.5/0.7deg val_progress_mae=8.704m val_heading_mae=30.6deg val_capture=96.15% val_bank=96.15% val_acq_acc=100.00% score=9.309 best=9.309 patience=0/4
temporal epoch=007/100 loss=13.26232 center_teacher=1.000 acq_teacher=1.000 capture=100.00% bank_capture=100.00% acq_acc=100.00% acq_conf=0.644 radius=0.0m pred_step=4.909 target_step=5.530 pred_v=4.987 target_v=5.530 val_mle=8.503m val_p90=10.746m val_speed_mae=2.911 heading=-0.5/0.7deg val_progress_mae=8.428m val_heading_mae=30.6deg val_capture=96.15% val_bank=96.15% val_acq_acc=100.00% score=9.039 best=9.039 patience=0/4
temporal epoch=008/100 loss=13.11611 center_teacher=1.000 acq_teacher=1.000 capture=100.00% bank_capture=100.00% acq_acc=100.00% acq_conf=0.645 radius=0.0m pred_step=4.815 target_step=5.530 pred_v=4.907 target_v=5.530 val_mle=8.254m val_p90=10.508m val_speed_mae=2.912 heading=-0.7/0.7deg val_progress_mae=8.165m val_heading_mae=30.6deg val_capture=96.15% val_bank=96.15% val_acq_acc=100.00% score=8.782 best=8.782 patience=0/4
temporal epoch=009/100 loss=12.88312 center_teacher=1.000 acq_teacher=1.000 capture=100.00% bank_capture=100.00% acq_acc=100.00% acq_conf=0.646 radius=0.0m pred_step=5.071 target_step=5.530 pred_v=5.135 target_v=5.530 val_mle=8.055m val_p90=10.308m val_speed_mae=2.914 heading=-0.8/0.7deg val_progress_mae=7.952m val_heading_mae=30.6deg val_capture=96.15% val_bank=96.15% val_acq_acc=100.00% score=8.578 best=8.578 patience=0/4
temporal epoch=010/100 loss=12.85182 center_teacher=1.000 acq_teacher=1.000 capture=100.00% bank_capture=100.00% acq_acc=100.00% acq_conf=0.645 radius=0.0m pred_step=5.364 target_step=5.530 pred_v=5.392 target_v=5.530 val_mle=7.891m val_p90=10.140m val_speed_mae=2.914 heading=-0.9/0.7deg val_progress_mae=7.775m val_heading_mae=30.6deg val_capture=96.15% val_bank=96.15% val_acq_acc=100.00% score=8.409 best=8.409 patience=0/4
temporal epoch=011/100 loss=12.78885 center_teacher=1.000 acq_teacher=1.000 capture=100.00% bank_capture=100.00% acq_acc=100.00% acq_conf=0.645 radius=0.0m pred_step=5.315 target_step=5.530 pred_v=5.348 target_v=5.530 val_mle=7.756m val_p90=10.000m val_speed_mae=2.912 heading=-0.9/0.7deg val_progress_mae=7.628m val_heading_mae=30.6deg val_capture=96.15% val_bank=96.15% val_acq_acc=100.00% score=8.268 best=8.268 patience=0/4
temporal epoch=012/100 loss=12.71745 center_teacher=1.000 acq_teacher=1.000 capture=100.00% bank_capture=100.00% acq_acc=100.00% acq_conf=0.647 radius=0.0m pred_step=4.988 target_step=5.530 pred_v=5.058 target_v=5.530 val_mle=7.651m val_p90=9.890m val_speed_mae=2.910 heading=-0.9/0.7deg val_progress_mae=7.514m val_heading_mae=30.6deg val_capture=96.15% val_bank=96.15% val_acq_acc=100.00% score=8.160 best=8.160 patience=0/4
temporal epoch=013/100 loss=12.71887 center_teacher=1.000 acq_teacher=1.000 capture=100.00% bank_capture=100.00% acq_acc=100.00% acq_conf=0.647 radius=0.0m pred_step=4.775 target_step=5.530 pred_v=4.869 target_v=5.530 val_mle=7.553m val_p90=9.799m val_speed_mae=2.910 heading=-1.0/0.7deg val_progress_mae=7.409m val_heading_mae=30.6deg val_capture=96.15% val_bank=96.15% val_acq_acc=100.00% score=8.059 best=8.059 patience=0/4
temporal epoch=014/100 loss=12.59994 center_teacher=1.000 acq_teacher=1.000 capture=100.00% bank_capture=100.00% acq_acc=100.00% acq_conf=0.648 radius=0.0m pred_step=4.900 target_step=5.530 pred_v=4.978 target_v=5.530 val_mle=7.478m val_p90=9.721m val_speed_mae=2.910 heading=-1.0/0.7deg val_progress_mae=7.328m val_heading_mae=30.6deg val_capture=96.15% val_bank=96.15% val_acq_acc=100.00% score=7.982 best=7.982 patience=0/4
temporal epoch=015/100 loss=12.55752 center_teacher=1.000 acq_teacher=1.000 capture=100.00% bank_capture=100.00% acq_acc=100.00% acq_conf=0.648 radius=0.0m pred_step=5.186 target_step=5.530 pred_v=5.229 target_v=5.530 val_mle=7.457m val_p90=9.654m val_speed_mae=2.910 heading=-1.1/0.7deg val_progress_mae=7.300m val_heading_mae=30.6deg val_capture=96.15% val_bank=96.15% val_acq_acc=100.00% score=7.959 best=7.959 patience=0/4
temporal epoch=016/100 loss=12.54024 center_teacher=1.000 acq_teacher=1.000 capture=100.00% bank_capture=100.00% acq_acc=100.00% acq_conf=0.648 radius=0.0m pred_step=5.213 target_step=5.530 pred_v=5.253 target_v=5.530 val_mle=7.409m val_p90=9.598m val_speed_mae=2.907 heading=-1.1/0.7deg val_progress_mae=7.250m val_heading_mae=30.6deg val_capture=96.15% val_bank=96.15% val_acq_acc=100.00% score=7.910 best=7.910 patience=0/4
temporal epoch=017/100 loss=12.50676 center_teacher=1.000 acq_teacher=1.000 capture=100.00% bank_capture=100.00% acq_acc=100.00% acq_conf=0.648 radius=0.0m pred_step=4.851 target_step=5.530 pred_v=4.934 target_v=5.530 val_mle=7.375m val_p90=9.557m val_speed_mae=2.905 heading=-1.1/0.7deg val_progress_mae=7.215m val_heading_mae=30.6deg val_capture=96.15% val_bank=96.15% val_acq_acc=100.00% score=7.875 best=7.875 patience=0/4
temporal epoch=018/100 loss=12.48654 center_teacher=1.000 acq_teacher=1.000 capture=100.00% bank_capture=100.00% acq_acc=100.00% acq_conf=0.648 radius=0.0m pred_step=4.908 target_step=5.530 pred_v=4.982 target_v=5.530 val_mle=7.348m val_p90=9.521m val_speed_mae=2.904 heading=-1.1/0.7deg val_progress_mae=7.188m val_heading_mae=30.6deg val_capture=96.15% val_bank=96.15% val_acq_acc=100.00% score=7.847 best=7.847 patience=0/4
temporal epoch=019/100 loss=12.47942 center_teacher=1.000 acq_teacher=1.000 capture=100.00% bank_capture=100.00% acq_acc=100.00% acq_conf=0.648 radius=0.0m pred_step=5.365 target_step=5.530 pred_v=5.382 target_v=5.530 val_mle=7.313m val_p90=9.480m val_speed_mae=2.898 heading=-1.1/0.7deg val_progress_mae=7.154m val_heading_mae=30.6deg val_capture=96.15% val_bank=96.15% val_acq_acc=100.00% score=7.811 best=7.811 patience=0/4
temporal epoch=020/100 loss=12.40670 center_teacher=1.000 acq_teacher=1.000 capture=100.00% bank_capture=100.00% acq_acc=100.00% acq_conf=0.648 radius=0.0m pred_step=4.882 target_step=5.530 pred_v=4.958 target_v=5.530 val_mle=7.288m val_p90=9.448m val_speed_mae=2.892 heading=-1.1/0.7deg val_progress_mae=7.129m val_heading_mae=30.6deg val_capture=96.15% val_bank=96.15% val_acq_acc=100.00% score=7.784 best=7.784 patience=0/4
temporal epoch=021/100 loss=12.43915 center_teacher=1.000 acq_teacher=1.000 capture=100.00% bank_capture=100.00% acq_acc=100.00% acq_conf=0.648 radius=0.0m pred_step=4.814 target_step=5.530 pred_v=4.898 target_v=5.530 val_mle=7.350m val_p90=9.877m val_speed_mae=3.455 heading=-1.2/0.7deg val_progress_mae=7.172m val_heading_mae=30.6deg val_capture=96.15% val_bank=96.15% val_acq_acc=100.00% score=7.876 best=7.784 patience=1/4
temporal epoch=022/100 loss=12.73968 center_teacher=1.000 acq_teacher=1.000 capture=100.00% bank_capture=100.00% acq_acc=100.00% acq_conf=0.648 radius=0.0m pred_step=6.131 target_step=5.530 pred_v=6.058 target_v=5.530 val_mle=7.445m val_p90=9.380m val_speed_mae=2.902 heading=-1.3/0.7deg val_progress_mae=7.144m val_heading_mae=30.6deg val_capture=96.15% val_bank=96.15% val_acq_acc=100.00% score=7.943 best=7.784 patience=2/4
temporal epoch=023/100 loss=12.82970 center_teacher=1.000 acq_teacher=1.000 capture=100.00% bank_capture=100.00% acq_acc=100.00% acq_conf=0.648 radius=0.0m pred_step=3.401 target_step=5.530 pred_v=3.661 target_v=5.530 val_mle=7.499m val_p90=9.765m val_speed_mae=3.790 heading=-1.3/0.7deg val_progress_mae=7.175m val_heading_mae=30.6deg val_capture=96.15% val_bank=96.15% val_acq_acc=100.00% score=8.042 best=7.784 patience=3/4
temporal epoch=024/100 loss=14.23915 center_teacher=1.000 acq_teacher=1.000 capture=100.00% bank_capture=100.00% acq_acc=100.00% acq_conf=0.648 radius=0.0m pred_step=7.435 target_step=5.530 pred_v=7.201 target_v=5.530 val_mle=7.499m val_p90=9.693m val_speed_mae=3.467 heading=-1.2/0.7deg val_progress_mae=7.149m val_heading_mae=30.6deg val_capture=96.15% val_bank=96.15% val_acq_acc=100.00% score=8.025 best=7.784 patience=4/4
EARLY STOP: controlled local-prior validation score did not improve by 0.003 for 4 epochs.
