[PREPARED] PASS | city=cityb | step=4 m | selection=soft_sequence_v13_multicity_auto_train_fullroute | existing GT/routes unchanged
[CADENCE] source=experiment_route_stats_train_01 | mean=5.769227 m | p90=10.316216 m | p95=11.515852 m
[OK] clean v39 runtime: Forward-18 SoftMS -> GRU -> Kalman -> one final MeanShift
[OK] weighted-centroid decoder removed from generated runtime source
[PATCH OK] GRU = current + delta + delta2 + SAT + SoftMS position + visual displacement + previous state
[PATCH OK] V5 3-frame direct acceleration + next-step correction
[PATCH OK] training/validation/inference motion starts from current-city cadence
[PATCH OK] Kalman = smooth confidence-adaptive measurement-preserving residual fusion
[PATCH OK] step corridor = continuous confidence relaxation
[PATCH OK] no held-out navigation result is read by this patch
[V39-BEARING] final-MS route-centerline reference patch: PASS
[ARCH-AUDIT] forward_18: PASS
[ARCH-AUDIT] base_geometry_6x6: PASS
[ARCH-AUDIT] front_softms_source: PASS
[ARCH-AUDIT] one_final_ms_source: PASS
[ARCH-AUDIT] front_decoder_softms: PASS
[ARCH-AUDIT] simple_seven_block_gru: PASS
[ARCH-AUDIT] residual_motion_head: PASS
[ARCH-AUDIT] causal_visual_displacement: PASS
[ARCH-AUDIT] cadence_initialized_tracker: PASS
[ARCH-AUDIT] motion_training_inference_aligned: PASS
[ARCH-AUDIT] training_city_motion_scale_init: PASS
[ARCH-AUDIT] forward_origin_backshift_covers_jitter: PASS
[ARCH-AUDIT] protocol: PASS
[ARCH-AUDIT] controlled_gt_reference_enabled: PASS
[ARCH-AUDIT] frame_count: PASS
[ARCH-AUDIT] gru_flag: PASS
[ARCH-AUDIT] kalman_flag: PASS
[TRAIN] reuse visual checkpoint /yh/study/uav-sat/v39_otherdata/formal_bearing_v5_smooth_20260920_233151/cityb/train_frames2/checkpoints/visual_retrieval_A_only.pt
route_A: reuse UAV backbone cache
temporal split train=[0,135) val=[139,165) route_length=789.4m
City training-sequence mean forward step=5.743m/frame p90=10.578m/frame
temporal epoch=001/100 loss=12.48925 center_teacher=1.000 acq_teacher=1.000 capture=100.00% bank_capture=100.00% acq_acc=100.00% acq_conf=0.624 radius=0.0m pred_step=5.509 target_step=5.743 pred_v=5.537 target_v=5.743 val_mle=11.132m val_p90=13.152m val_speed_mae=2.742 heading=0.0/-1.6deg val_progress_mae=10.268m val_heading_mae=31.1deg val_capture=96.15% val_bank=96.15% val_acq_acc=100.00% score=11.716 best=11.716 patience=0/4
temporal epoch=002/100 loss=12.38972 center_teacher=1.000 acq_teacher=1.000 capture=100.00% bank_capture=100.00% acq_acc=100.00% acq_conf=0.624 radius=0.0m pred_step=4.769 target_step=5.743 pred_v=4.877 target_v=5.743 val_mle=11.019m val_p90=12.991m val_speed_mae=2.568 heading=-0.1/-1.6deg val_progress_mae=10.120m val_heading_mae=31.1deg val_capture=96.15% val_bank=96.15% val_acq_acc=100.00% score=11.590 best=11.590 patience=0/4
temporal epoch=003/100 loss=12.13229 center_teacher=1.000 acq_teacher=1.000 capture=100.00% bank_capture=100.00% acq_acc=100.00% acq_conf=0.624 radius=0.0m pred_step=5.281 target_step=5.743 pred_v=5.327 target_v=5.743 val_mle=10.831m val_p90=12.774m val_speed_mae=2.600 heading=-0.2/-1.6deg val_progress_mae=9.904m val_heading_mae=31.1deg val_capture=96.15% val_bank=96.15% val_acq_acc=100.00% score=11.397 best=11.397 patience=0/4
temporal epoch=004/100 loss=12.04884 center_teacher=1.000 acq_teacher=1.000 capture=100.00% bank_capture=100.00% acq_acc=100.00% acq_conf=0.624 radius=0.0m pred_step=5.890 target_step=5.743 pred_v=5.865 target_v=5.743 val_mle=10.621m val_p90=12.533m val_speed_mae=2.620 heading=-0.2/-1.6deg val_progress_mae=9.663m val_heading_mae=31.1deg val_capture=96.15% val_bank=96.15% val_acq_acc=100.00% score=11.181 best=11.181 patience=0/4
temporal epoch=005/100 loss=11.86960 center_teacher=1.000 acq_teacher=1.000 capture=100.00% bank_capture=100.00% acq_acc=100.00% acq_conf=0.624 radius=0.0m pred_step=5.799 target_step=5.743 pred_v=5.787 target_v=5.743 val_mle=10.398m val_p90=12.275m val_speed_mae=2.530 heading=-0.1/-1.6deg val_progress_mae=9.407m val_heading_mae=31.1deg val_capture=96.15% val_bank=96.15% val_acq_acc=100.00% score=10.946 best=10.946 patience=0/4
temporal epoch=006/100 loss=11.70107 center_teacher=1.000 acq_teacher=1.000 capture=100.00% bank_capture=100.00% acq_acc=100.00% acq_conf=0.624 radius=0.0m pred_step=5.204 target_step=5.743 pred_v=5.266 target_v=5.743 val_mle=10.167m val_p90=12.011m val_speed_mae=2.755 heading=-0.1/-1.6deg val_progress_mae=9.141m val_heading_mae=31.1deg val_capture=96.15% val_bank=96.15% val_acq_acc=100.00% score=10.718 best=10.718 patience=0/4
temporal epoch=007/100 loss=11.68225 center_teacher=1.000 acq_teacher=1.000 capture=100.00% bank_capture=100.00% acq_acc=100.00% acq_conf=0.624 radius=0.0m pred_step=4.765 target_step=5.743 pred_v=4.881 target_v=5.743 val_mle=9.926m val_p90=11.743m val_speed_mae=2.752 heading=-0.1/-1.6deg val_progress_mae=8.867m val_heading_mae=31.1deg val_capture=96.15% val_bank=96.15% val_acq_acc=100.00% score=10.469 best=10.469 patience=0/4
temporal epoch=008/100 loss=11.52324 center_teacher=1.000 acq_teacher=1.000 capture=100.00% bank_capture=100.00% acq_acc=100.00% acq_conf=0.624 radius=0.0m pred_step=4.868 target_step=5.743 pred_v=4.972 target_v=5.743 val_mle=9.691m val_p90=11.521m val_speed_mae=2.530 heading=-0.1/-1.6deg val_progress_mae=8.607m val_heading_mae=31.1deg val_capture=96.15% val_bank=96.15% val_acq_acc=100.00% score=10.215 best=10.215 patience=0/4
temporal epoch=009/100 loss=11.35458 center_teacher=1.000 acq_teacher=1.000 capture=100.00% bank_capture=100.00% acq_acc=100.00% acq_conf=0.624 radius=0.0m pred_step=5.383 target_step=5.743 pred_v=5.427 target_v=5.743 val_mle=9.493m val_p90=11.330m val_speed_mae=2.560 heading=-0.2/-1.6deg val_progress_mae=8.389m val_heading_mae=31.1deg val_capture=96.15% val_bank=96.15% val_acq_acc=100.00% score=10.012 best=10.012 patience=0/4
temporal epoch=010/100 loss=11.28050 center_teacher=1.000 acq_teacher=1.000 capture=100.00% bank_capture=100.00% acq_acc=100.00% acq_conf=0.624 radius=0.0m pred_step=5.610 target_step=5.743 pred_v=5.627 target_v=5.743 val_mle=9.333m val_p90=11.177m val_speed_mae=2.539 heading=-0.2/-1.6deg val_progress_mae=8.213m val_heading_mae=31.1deg val_capture=96.15% val_bank=96.15% val_acq_acc=100.00% score=9.846 best=9.846 patience=0/4
temporal epoch=011/100 loss=11.17725 center_teacher=1.000 acq_teacher=1.000 capture=100.00% bank_capture=100.00% acq_acc=100.00% acq_conf=0.624 radius=0.0m pred_step=5.389 target_step=5.743 pred_v=5.435 target_v=5.743 val_mle=9.202m val_p90=11.052m val_speed_mae=2.578 heading=-0.3/-1.6deg val_progress_mae=8.065m val_heading_mae=31.1deg val_capture=96.15% val_bank=96.15% val_acq_acc=100.00% score=9.712 best=9.712 patience=0/4
temporal epoch=012/100 loss=11.15673 center_teacher=1.000 acq_teacher=1.000 capture=100.00% bank_capture=100.00% acq_acc=100.00% acq_conf=0.624 radius=0.0m pred_step=5.049 target_step=5.743 pred_v=5.138 target_v=5.743 val_mle=9.086m val_p90=10.939m val_speed_mae=2.628 heading=-0.4/-1.6deg val_progress_mae=7.936m val_heading_mae=31.1deg val_capture=96.15% val_bank=96.15% val_acq_acc=100.00% score=9.594 best=9.594 patience=0/4
temporal epoch=013/100 loss=11.09012 center_teacher=1.000 acq_teacher=1.000 capture=100.00% bank_capture=100.00% acq_acc=100.00% acq_conf=0.625 radius=0.0m pred_step=4.961 target_step=5.743 pred_v=5.059 target_v=5.743 val_mle=8.976m val_p90=10.834m val_speed_mae=2.531 heading=-0.5/-1.6deg val_progress_mae=7.816m val_heading_mae=31.1deg val_capture=96.15% val_bank=96.15% val_acq_acc=100.00% score=9.476 best=9.476 patience=0/4
temporal epoch=014/100 loss=11.03463 center_teacher=1.000 acq_teacher=1.000 capture=100.00% bank_capture=100.00% acq_acc=100.00% acq_conf=0.626 radius=0.0m pred_step=5.353 target_step=5.743 pred_v=5.401 target_v=5.743 val_mle=8.874m val_p90=10.734m val_speed_mae=2.563 heading=-0.5/-1.6deg val_progress_mae=7.704m val_heading_mae=31.1deg val_capture=96.15% val_bank=96.15% val_acq_acc=100.00% score=9.373 best=9.373 patience=0/4
temporal epoch=015/100 loss=11.03631 center_teacher=1.000 acq_teacher=1.000 capture=100.00% bank_capture=100.00% acq_acc=100.00% acq_conf=0.626 radius=0.0m pred_step=5.620 target_step=5.743 pred_v=5.632 target_v=5.743 val_mle=8.781m val_p90=10.644m val_speed_mae=2.554 heading=-0.5/-1.6deg val_progress_mae=7.598m val_heading_mae=31.1deg val_capture=96.15% val_bank=96.15% val_acq_acc=100.00% score=9.275 best=9.275 patience=0/4
temporal epoch=016/100 loss=10.99878 center_teacher=1.000 acq_teacher=1.000 capture=100.00% bank_capture=100.00% acq_acc=100.00% acq_conf=0.626 radius=0.0m pred_step=5.489 target_step=5.743 pred_v=5.514 target_v=5.743 val_mle=8.696m val_p90=10.566m val_speed_mae=2.581 heading=-0.5/-1.6deg val_progress_mae=7.499m val_heading_mae=31.1deg val_capture=96.15% val_bank=96.15% val_acq_acc=100.00% score=9.190 best=9.190 patience=0/4
temporal epoch=017/100 loss=11.01956 center_teacher=1.000 acq_teacher=1.000 capture=100.00% bank_capture=100.00% acq_acc=100.00% acq_conf=0.627 radius=0.0m pred_step=4.947 target_step=5.743 pred_v=5.036 target_v=5.743 val_mle=8.615m val_p90=10.486m val_speed_mae=2.584 heading=-0.6/-1.6deg val_progress_mae=7.403m val_heading_mae=31.0deg val_capture=96.15% val_bank=96.15% val_acq_acc=100.00% score=9.105 best=9.105 patience=0/4
temporal epoch=018/100 loss=10.96912 center_teacher=1.000 acq_teacher=1.000 capture=100.00% bank_capture=100.00% acq_acc=100.00% acq_conf=0.627 radius=0.0m pred_step=5.056 target_step=5.743 pred_v=5.128 target_v=5.743 val_mle=8.532m val_p90=10.401m val_speed_mae=2.595 heading=-0.7/-1.6deg val_progress_mae=7.309m val_heading_mae=31.0deg val_capture=96.15% val_bank=96.15% val_acq_acc=100.00% score=9.020 best=9.020 patience=0/4
temporal epoch=019/100 loss=10.98250 center_teacher=1.000 acq_teacher=1.000 capture=100.00% bank_capture=100.00% acq_acc=100.00% acq_conf=0.627 radius=0.0m pred_step=5.794 target_step=5.743 pred_v=5.769 target_v=5.743 val_mle=8.456m val_p90=10.325m val_speed_mae=2.646 heading=-0.8/-1.6deg val_progress_mae=7.220m val_heading_mae=31.0deg val_capture=96.15% val_bank=96.15% val_acq_acc=100.00% score=8.944 best=8.944 patience=0/4
temporal epoch=020/100 loss=10.90410 center_teacher=1.000 acq_teacher=1.000 capture=100.00% bank_capture=100.00% acq_acc=100.00% acq_conf=0.626 radius=0.0m pred_step=5.671 target_step=5.743 pred_v=5.656 target_v=5.743 val_mle=8.388m val_p90=10.259m val_speed_mae=2.808 heading=-0.9/-1.6deg val_progress_mae=7.136m val_heading_mae=31.0deg val_capture=96.15% val_bank=96.15% val_acq_acc=100.00% score=8.882 best=8.882 patience=0/4
temporal epoch=021/100 loss=11.14037 center_teacher=1.000 acq_teacher=1.000 capture=100.00% bank_capture=100.00% acq_acc=100.00% acq_conf=0.624 radius=0.0m pred_step=4.362 target_step=5.743 pred_v=4.507 target_v=5.743 val_mle=8.313m val_p90=10.178m val_speed_mae=2.517 heading=-1.0/-1.6deg val_progress_mae=7.054m val_heading_mae=31.0deg val_capture=96.15% val_bank=96.15% val_acq_acc=100.00% score=8.790 best=8.790 patience=0/4
temporal epoch=022/100 loss=10.91134 center_teacher=1.000 acq_teacher=1.000 capture=100.00% bank_capture=100.00% acq_acc=100.00% acq_conf=0.624 radius=0.0m pred_step=5.537 target_step=5.743 pred_v=5.527 target_v=5.743 val_mle=8.243m val_p90=10.104m val_speed_mae=3.587 heading=-1.0/-1.6deg val_progress_mae=6.984m val_heading_mae=31.0deg val_capture=96.15% val_bank=96.15% val_acq_acc=100.00% score=8.771 best=8.771 patience=0/4
temporal epoch=023/100 loss=11.37421 center_teacher=1.000 acq_teacher=1.000 capture=100.00% bank_capture=100.00% acq_acc=100.00% acq_conf=0.624 radius=0.0m pred_step=6.887 target_step=5.743 pred_v=6.702 target_v=5.743 val_mle=8.190m val_p90=10.071m val_speed_mae=3.187 heading=-1.0/-1.6deg val_progress_mae=6.912m val_heading_mae=31.0deg val_capture=96.15% val_bank=96.15% val_acq_acc=100.00% score=8.695 best=8.695 patience=0/4
temporal epoch=024/100 loss=11.80627 center_teacher=1.000 acq_teacher=1.000 capture=100.00% bank_capture=100.00% acq_acc=100.00% acq_conf=0.624 radius=0.0m pred_step=3.454 target_step=5.743 pred_v=3.699 target_v=5.743 val_mle=8.143m val_p90=10.037m val_speed_mae=3.184 heading=-1.3/-1.6deg val_progress_mae=6.863m val_heading_mae=31.1deg val_capture=96.15% val_bank=96.15% val_acq_acc=100.00% score=8.647 best=8.647 patience=0/4
temporal epoch=025/100 loss=10.91103 center_teacher=1.000 acq_teacher=1.000 capture=100.00% bank_capture=100.00% acq_acc=100.00% acq_conf=0.624 radius=0.0m pred_step=5.205 target_step=5.743 pred_v=5.223 target_v=5.743 val_mle=8.112m val_p90=10.028m val_speed_mae=7.355 heading=-1.2/-1.6deg val_progress_mae=6.847m val_heading_mae=31.0deg val_capture=96.15% val_bank=96.15% val_acq_acc=100.00% score=8.824 best=8.647 patience=1/4
temporal epoch=026/100 loss=13.84072 center_teacher=1.000 acq_teacher=1.000 capture=100.00% bank_capture=100.00% acq_acc=100.00% acq_conf=0.624 radius=0.0m pred_step=9.293 target_step=5.743 pred_v=8.790 target_v=5.743 val_mle=8.064m val_p90=9.983m val_speed_mae=2.564 heading=-1.2/-1.6deg val_progress_mae=6.780m val_heading_mae=31.1deg val_capture=96.15% val_bank=96.15% val_acq_acc=100.00% score=8.535 best=8.535 patience=0/4
temporal epoch=027/100 loss=11.98353 center_teacher=1.000 acq_teacher=1.000 capture=100.00% bank_capture=100.00% acq_acc=100.00% acq_conf=0.624 radius=0.0m pred_step=3.293 target_step=5.743 pred_v=3.556 target_v=5.743 val_mle=8.172m val_p90=9.984m val_speed_mae=5.643 heading=-1.6/-1.6deg val_progress_mae=6.889m val_heading_mae=31.1deg val_capture=96.15% val_bank=96.15% val_acq_acc=100.00% score=8.800 best=8.535 patience=1/4
temporal epoch=028/100 loss=11.72400 center_teacher=1.000 acq_teacher=1.000 capture=100.00% bank_capture=100.00% acq_acc=100.00% acq_conf=0.623 radius=0.0m pred_step=2.836 target_step=5.743 pred_v=3.150 target_v=5.743 val_mle=8.100m val_p90=10.052m val_speed_mae=6.657 heading=-1.8/-1.6deg val_progress_mae=6.850m val_heading_mae=31.1deg val_capture=96.15% val_bank=96.15% val_acq_acc=100.00% score=8.777 best=8.535 patience=2/4
temporal epoch=029/100 loss=15.18068 center_teacher=1.000 acq_teacher=1.000 capture=100.00% bank_capture=100.00% acq_acc=100.00% acq_conf=0.624 radius=0.0m pred_step=10.002 target_step=5.743 pred_v=9.596 target_v=5.743 val_mle=8.220m val_p90=10.111m val_speed_mae=8.264 heading=-1.4/-1.6deg val_progress_mae=6.991m val_heading_mae=31.1deg val_capture=96.15% val_bank=96.15% val_acq_acc=100.00% score=8.982 best=8.535 patience=3/4
temporal epoch=030/100 loss=14.74777 center_teacher=1.000 acq_teacher=1.000 capture=100.00% bank_capture=100.00% acq_acc=100.00% acq_conf=0.624 radius=0.0m pred_step=10.339 target_step=5.743 pred_v=9.684 target_v=5.743 val_mle=8.090m val_p90=10.033m val_speed_mae=2.984 heading=-1.8/-1.6deg val_progress_mae=6.805m val_heading_mae=31.3deg val_capture=100.00% val_bank=100.00% val_acq_acc=100.00% score=8.506 best=8.506 patience=0/4
temporal epoch=031/100 loss=12.12233 center_teacher=1.000 acq_teacher=1.000 capture=100.00% bank_capture=100.00% acq_acc=100.00% acq_conf=0.625 radius=0.0m pred_step=2.762 target_step=5.743 pred_v=3.083 target_v=5.743 val_mle=8.277m val_p90=10.466m val_speed_mae=5.613 heading=-2.9/-1.6deg val_progress_mae=7.008m val_heading_mae=31.4deg val_capture=100.00% val_bank=100.00% val_acq_acc=100.00% score=8.831 best=8.506 patience=1/4
temporal epoch=032/100 loss=11.81487 center_teacher=1.000 acq_teacher=1.000 capture=100.00% bank_capture=100.00% acq_acc=100.00% acq_conf=0.626 radius=0.0m pred_step=2.340 target_step=5.743 pred_v=2.720 target_v=5.743 val_mle=8.572m val_p90=10.834m val_speed_mae=4.263 heading=-2.9/-1.6deg val_progress_mae=7.400m val_heading_mae=31.3deg val_capture=100.00% val_bank=100.00% val_acq_acc=100.00% score=9.070 best=8.506 patience=2/4
temporal epoch=033/100 loss=13.23606 center_teacher=1.000 acq_teacher=1.000 capture=100.00% bank_capture=100.00% acq_acc=100.00% acq_conf=0.623 radius=0.0m pred_step=8.764 target_step=5.743 pred_v=8.286 target_v=5.743 val_mle=8.629m val_p90=10.864m val_speed_mae=3.642 heading=-2.3/-1.6deg val_progress_mae=7.481m val_heading_mae=31.4deg val_capture=100.00% val_bank=100.00% val_acq_acc=100.00% score=9.098 best=8.506 patience=3/4
temporal epoch=034/100 loss=10.16641 center_teacher=1.000 acq_teacher=1.000 capture=100.00% bank_capture=100.00% acq_acc=100.00% acq_conf=0.622 radius=0.0m pred_step=5.950 target_step=5.743 pred_v=5.855 target_v=5.743 val_mle=8.402m val_p90=10.454m val_speed_mae=5.609 heading=-2.9/-1.6deg val_progress_mae=7.242m val_heading_mae=31.6deg val_capture=100.00% val_bank=100.00% val_acq_acc=100.00% score=8.963 best=8.506 patience=4/4
EARLY STOP: controlled local-prior validation score did not improve by 0.003 for 4 epochs.
