[CORE-V5 COMPAT] train_full args refs=['force_train', 'jitter_m', 'patience', 'temporal_epochs', 'train_frames', 'visual_epochs']
[CORE-V5 COMPAT] train_frames=3
[PREPARED] PASS | city=citya | step=4 m | selection=soft_sequence_v13_multicity_auto_train_fullroute | existing GT/routes unchanged
[CADENCE] source=experiment_route_stats_train_01 | mean=5.603307 m | p90=10.304821 m | p95=11.938275 m
[OK] clean v39 runtime: Forward-18 SoftMS -> GRU -> Kalman -> one final MeanShift
[OK] weighted-centroid decoder removed from generated runtime source
[PATCH OK] GRU = current + delta + delta2 + SAT + SoftMS position + visual displacement + previous state
[PATCH OK] V5 3-frame direct acceleration + next-step correction
[PATCH OK] training/validation/inference motion starts from current-city cadence
[PATCH OK] Kalman = smooth confidence-adaptive measurement-preserving residual fusion
[PATCH OK] step corridor = continuous confidence relaxation
[PATCH OK] no held-out navigation result is read by this patch
[V39-BEARING] final-MS route-centerline reference patch: PASS
[CORE-V5 CONFIG] lateral/heading pre-Smooth-V1 profile: PASS
[CORE-V5 CONFIG] longitudinal train_01 cadence ownership: PASS
[PAPER-ABLATION-AUDIT] base_geometry_6x6: PASS
[PAPER-ABLATION-AUDIT] forward_policy: PASS
[PAPER-ABLATION-AUDIT] frame_count: PASS
[PAPER-ABLATION-AUDIT] gru_flag: PASS
[PAPER-ABLATION-AUDIT] kalman_flag: PASS
[PAPER-ABLATION-AUDIT] front_decoder: PASS
[PAPER-ABLATION-AUDIT] protocol: PASS
[PAPER-ABLATION-AUDIT] controlled_gt_reference_enabled: PASS
[PAPER-ABLATION-AUDIT] ablation_decoder_switch: PASS
[PAPER-ABLATION-AUDIT] v5_temporal_source: PASS
[PAPER-ABLATION-AUDIT] final_ms_source: PASS
[CORE-V5 REUSE VISUAL] /yh/study/uav-sat/v39_otherdata/formal_bearing_v5_smooth_20260920_233151/citya/train_frames3/checkpoints/visual_retrieval_A_only.pt
[TRAIN] reuse visual checkpoint /yh/study/uav-sat/v39_otherdata/formal_bearing_v5_smooth_20260920_233151/citya/train_core_v5_restore/checkpoints/visual_retrieval_A_only.pt
route_A: reuse UAV backbone cache
temporal split train=[0,135) val=[139,165) route_length=789.4m
City training-sequence mean forward step=5.543m/frame p90=10.326m/frame
temporal epoch=001/100 loss=10.67751 center_teacher=1.000 acq_teacher=1.000 capture=100.00% bank_capture=100.00% acq_acc=100.00% acq_conf=0.695 radius=0.0m pred_step=5.473 target_step=5.543 pred_v=5.489 target_v=5.543 val_mle=11.467m val_p90=13.802m val_speed_mae=3.620 heading=-0.1/-1.7deg val_progress_mae=10.821m val_heading_mae=39.8deg val_capture=96.15% val_bank=96.15% val_acq_acc=100.00% score=12.129 best=12.129 patience=0/4
temporal epoch=002/100 loss=11.14516 center_teacher=1.000 acq_teacher=1.000 capture=100.00% bank_capture=100.00% acq_acc=100.00% acq_conf=0.693 radius=0.0m pred_step=4.322 target_step=5.543 pred_v=4.466 target_v=5.543 val_mle=11.373m val_p90=13.715m val_speed_mae=3.357 heading=-0.3/-1.7deg val_progress_mae=10.724m val_heading_mae=39.7deg val_capture=96.15% val_bank=96.15% val_acq_acc=100.00% score=12.019 best=12.019 patience=0/4
temporal epoch=003/100 loss=10.57349 center_teacher=1.000 acq_teacher=1.000 capture=100.00% bank_capture=100.00% acq_acc=100.00% acq_conf=0.695 radius=0.0m pred_step=4.906 target_step=5.543 pred_v=4.963 target_v=5.543 val_mle=11.240m val_p90=13.599m val_speed_mae=2.889 heading=-0.1/-1.7deg val_progress_mae=10.587m val_heading_mae=39.7deg val_capture=96.15% val_bank=96.15% val_acq_acc=100.00% score=11.858 best=11.858 patience=0/4
temporal epoch=004/100 loss=10.55216 center_teacher=1.000 acq_teacher=1.000 capture=100.00% bank_capture=100.00% acq_acc=100.00% acq_conf=0.695 radius=0.0m pred_step=5.892 target_step=5.543 pred_v=5.822 target_v=5.543 val_mle=11.090m val_p90=13.450m val_speed_mae=2.958 heading=0.1/-1.7deg val_progress_mae=10.425m val_heading_mae=39.7deg val_capture=96.15% val_bank=96.15% val_acq_acc=100.00% score=11.707 best=11.707 patience=0/4
temporal epoch=005/100 loss=10.41624 center_teacher=1.000 acq_teacher=1.000 capture=100.00% bank_capture=100.00% acq_acc=100.00% acq_conf=0.695 radius=0.0m pred_step=5.856 target_step=5.543 pred_v=5.785 target_v=5.543 val_mle=10.930m val_p90=13.273m val_speed_mae=2.956 heading=0.1/-1.7deg val_progress_mae=10.241m val_heading_mae=39.7deg val_capture=96.15% val_bank=96.15% val_acq_acc=100.00% score=11.541 best=11.541 patience=0/4
temporal epoch=006/100 loss=10.26262 center_teacher=1.000 acq_teacher=1.000 capture=100.00% bank_capture=100.00% acq_acc=100.00% acq_conf=0.695 radius=0.0m pred_step=5.007 target_step=5.543 pred_v=5.036 target_v=5.543 val_mle=10.748m val_p90=13.077m val_speed_mae=3.731 heading=-0.2/-1.7deg val_progress_mae=10.034m val_heading_mae=39.7deg val_capture=96.15% val_bank=96.15% val_acq_acc=100.00% score=11.392 best=11.392 patience=0/4
temporal epoch=007/100 loss=10.54269 center_teacher=1.000 acq_teacher=1.000 capture=100.00% bank_capture=100.00% acq_acc=100.00% acq_conf=0.694 radius=0.0m pred_step=4.256 target_step=5.543 pred_v=4.372 target_v=5.543 val_mle=10.544m val_p90=12.868m val_speed_mae=3.736 heading=-0.3/-1.7deg val_progress_mae=9.806m val_heading_mae=39.8deg val_capture=96.15% val_bank=96.15% val_acq_acc=100.00% score=11.181 best=11.181 patience=0/4
temporal epoch=008/100 loss=10.17381 center_teacher=1.000 acq_teacher=1.000 capture=100.00% bank_capture=100.00% acq_acc=100.00% acq_conf=0.695 radius=0.0m pred_step=4.465 target_step=5.543 pred_v=4.544 target_v=5.543 val_mle=10.330m val_p90=12.662m val_speed_mae=2.991 heading=-0.3/-1.7deg val_progress_mae=9.573m val_heading_mae=39.7deg val_capture=96.15% val_bank=96.15% val_acq_acc=100.00% score=10.923 best=10.923 patience=0/4
temporal epoch=009/100 loss=9.82864 center_teacher=1.000 acq_teacher=1.000 capture=100.00% bank_capture=100.00% acq_acc=100.00% acq_conf=0.695 radius=0.0m pred_step=5.242 target_step=5.543 pred_v=5.207 target_v=5.543 val_mle=10.146m val_p90=12.488m val_speed_mae=2.914 heading=-0.1/-1.7deg val_progress_mae=9.375m val_heading_mae=39.7deg val_capture=96.15% val_bank=96.15% val_acq_acc=100.00% score=10.729 best=10.729 patience=0/4
temporal epoch=010/100 loss=9.74672 center_teacher=1.000 acq_teacher=1.000 capture=100.00% bank_capture=100.00% acq_acc=100.00% acq_conf=0.695 radius=0.0m pred_step=5.281 target_step=5.543 pred_v=5.221 target_v=5.543 val_mle=10.016m val_p90=12.359m val_speed_mae=3.242 heading=0.1/-1.7deg val_progress_mae=9.232m val_heading_mae=39.7deg val_capture=96.15% val_bank=96.15% val_acq_acc=100.00% score=10.611 best=10.611 patience=0/4
temporal epoch=011/100 loss=9.79589 center_teacher=1.000 acq_teacher=1.000 capture=100.00% bank_capture=100.00% acq_acc=100.00% acq_conf=0.695 radius=0.0m pred_step=4.702 target_step=5.543 pred_v=4.694 target_v=5.543 val_mle=9.943m val_p90=12.284m val_speed_mae=3.427 heading=0.1/-1.7deg val_progress_mae=9.144m val_heading_mae=39.7deg val_capture=96.15% val_bank=96.15% val_acq_acc=100.00% score=10.545 best=10.545 patience=0/4
temporal epoch=012/100 loss=9.74446 center_teacher=1.000 acq_teacher=1.000 capture=100.00% bank_capture=100.00% acq_acc=100.00% acq_conf=0.695 radius=0.0m pred_step=4.648 target_step=5.543 pred_v=4.626 target_v=5.543 val_mle=9.912m val_p90=12.260m val_speed_mae=2.926 heading=-0.0/-1.7deg val_progress_mae=9.107m val_heading_mae=39.7deg val_capture=96.15% val_bank=96.15% val_acq_acc=100.00% score=10.488 best=10.488 patience=0/4
temporal epoch=013/100 loss=9.60662 center_teacher=1.000 acq_teacher=1.000 capture=100.00% bank_capture=100.00% acq_acc=100.00% acq_conf=0.695 radius=0.0m pred_step=5.260 target_step=5.543 pred_v=5.143 target_v=5.543 val_mle=9.896m val_p90=12.262m val_speed_mae=2.883 heading=-0.0/-1.7deg val_progress_mae=9.094m val_heading_mae=39.6deg val_capture=96.15% val_bank=96.15% val_acq_acc=100.00% score=10.469 best=10.469 patience=0/4
temporal epoch=014/100 loss=9.54253 center_teacher=1.000 acq_teacher=1.000 capture=100.00% bank_capture=100.00% acq_acc=100.00% acq_conf=0.695 radius=0.0m pred_step=5.556 target_step=5.543 pred_v=5.389 target_v=5.543 val_mle=9.881m val_p90=12.260m val_speed_mae=3.093 heading=0.2/-1.7deg val_progress_mae=9.089m val_heading_mae=39.6deg val_capture=96.15% val_bank=96.15% val_acq_acc=100.00% score=10.465 best=10.465 patience=0/4
temporal epoch=015/100 loss=9.54095 center_teacher=1.000 acq_teacher=1.000 capture=100.00% bank_capture=100.00% acq_acc=100.00% acq_conf=0.695 radius=0.0m pred_step=4.612 target_step=5.543 pred_v=4.554 target_v=5.543 val_mle=9.920m val_p90=12.309m val_speed_mae=2.887 heading=0.3/-1.7deg val_progress_mae=9.127m val_heading_mae=39.6deg val_capture=96.15% val_bank=96.15% val_acq_acc=100.00% score=10.494 best=10.465 patience=1/4
temporal epoch=016/100 loss=9.48744 center_teacher=1.000 acq_teacher=1.000 capture=100.00% bank_capture=100.00% acq_acc=100.00% acq_conf=0.695 radius=0.0m pred_step=5.306 target_step=5.543 pred_v=5.151 target_v=5.543 val_mle=9.991m val_p90=12.394m val_speed_mae=3.287 heading=0.2/-1.7deg val_progress_mae=9.201m val_heading_mae=39.6deg val_capture=96.15% val_bank=96.15% val_acq_acc=100.00% score=10.588 best=10.465 patience=2/4
temporal epoch=017/100 loss=9.74132 center_teacher=1.000 acq_teacher=1.000 capture=100.00% bank_capture=100.00% acq_acc=100.00% acq_conf=0.695 radius=0.0m pred_step=6.094 target_step=5.543 pred_v=5.834 target_v=5.543 val_mle=9.975m val_p90=12.373m val_speed_mae=3.514 heading=0.2/-1.7deg val_progress_mae=9.191m val_heading_mae=39.6deg val_capture=96.15% val_bank=96.15% val_acq_acc=100.00% score=10.582 best=10.465 patience=3/4
temporal epoch=018/100 loss=9.71714 center_teacher=1.000 acq_teacher=1.000 capture=100.00% bank_capture=100.00% acq_acc=100.00% acq_conf=0.695 radius=0.0m pred_step=3.730 target_step=5.543 pred_v=3.763 target_v=5.543 val_mle=9.965m val_p90=12.380m val_speed_mae=3.074 heading=0.4/-1.7deg val_progress_mae=9.185m val_heading_mae=39.5deg val_capture=96.15% val_bank=96.15% val_acq_acc=100.00% score=10.550 best=10.465 patience=4/4
EARLY STOP: controlled local-prior validation score did not improve by 0.003 for 4 epochs.
[FORMAL TRAIN-ONLY V5 CALIBRATION] {"confidence_power": 0.5, "delta2_scale": 0.0, "fixed_variance_m2": 25.0, "objective": 11.014934633719658, "prior_blend_base": 0.05, "prior_blend_cutoff": 0.7, "prior_blend_lowconf_gain": 0.3, "prior_blend_max": 0.3, "q_cross": 0.4, "q_progress": 1.5, "q_velocity": 1.0, "stage": "step", "step_relax_confidence": 0.0, "step_relax_width": 0.05, "step_visual_slack_m": 10.0, "temporal_3frame_scale": 0.9, "val_mle_m": 9.881360178105066, "val_p90_m": 12.260406692665416, "val_progress_mae": 9.089137048598086, "val_speed_mae": 3.0925274857688922}
