[CORE-V5 COMPAT] train_full args refs=['force_train', 'jitter_m', 'patience', 'temporal_epochs', 'train_frames', 'visual_epochs']
[CORE-V5 COMPAT] train_frames=3
[PREPARED] PASS | city=cityd | step=4 m | selection=soft_sequence_v13_multicity_auto_train_fullroute | existing GT/routes unchanged
[CADENCE] source=experiment_route_stats_train_01 | mean=5.465267 m | p90=10.039383 m | p95=12.083230 m
[OK] clean v39 runtime: Forward-18 SoftMS -> GRU -> Kalman -> one final MeanShift
[OK] weighted-centroid decoder removed from generated runtime source
[PATCH OK] GRU = current + delta + delta2 + SAT + SoftMS position + visual displacement + previous state
[PATCH OK] V5 3-frame direct acceleration + next-step correction
[PATCH OK] training/validation/inference motion starts from current-city cadence
[PATCH OK] Kalman = smooth confidence-adaptive measurement-preserving residual fusion
[PATCH OK] step corridor = continuous confidence relaxation
[PATCH OK] no held-out navigation result is read by this patch
[V39-BEARING] final-MS route-centerline reference patch: PASS
[CORE-V5 CONFIG] lateral/heading pre-Smooth-V1 profile: PASS
[CORE-V5 CONFIG] longitudinal train_01 cadence ownership: PASS
[PAPER-ABLATION-AUDIT] base_geometry_6x6: PASS
[PAPER-ABLATION-AUDIT] forward_policy: PASS
[PAPER-ABLATION-AUDIT] frame_count: PASS
[PAPER-ABLATION-AUDIT] gru_flag: PASS
[PAPER-ABLATION-AUDIT] kalman_flag: PASS
[PAPER-ABLATION-AUDIT] front_decoder: PASS
[PAPER-ABLATION-AUDIT] protocol: PASS
[PAPER-ABLATION-AUDIT] controlled_gt_reference_enabled: PASS
[PAPER-ABLATION-AUDIT] ablation_decoder_switch: PASS
[PAPER-ABLATION-AUDIT] v5_temporal_source: PASS
[PAPER-ABLATION-AUDIT] final_ms_source: PASS
[CORE-V5 REUSE VISUAL] /yh/study/uav-sat/v39_otherdata/formal_bearing_v5_smooth_20260920_233151/cityd/train_frames3/checkpoints/visual_retrieval_A_only.pt
[TRAIN] reuse visual checkpoint /yh/study/uav-sat/v39_otherdata/formal_bearing_v5_smooth_20260920_233151/cityd/train_core_v5_restore/checkpoints/visual_retrieval_A_only.pt
route_A: reuse UAV backbone cache
temporal split train=[0,136) val=[140,166) route_length=789.4m
City training-sequence mean forward step=5.530m/frame p90=10.147m/frame
temporal epoch=001/100 loss=14.24483 center_teacher=1.000 acq_teacher=1.000 capture=100.00% bank_capture=100.00% acq_acc=100.00% acq_conf=0.644 radius=0.0m pred_step=5.108 target_step=5.530 pred_v=5.179 target_v=5.530 val_mle=10.162m val_p90=12.432m val_speed_mae=3.027 heading=-0.0/0.7deg val_progress_mae=10.162m val_heading_mae=30.5deg val_capture=96.15% val_bank=96.15% val_acq_acc=100.00% score=10.756 best=10.756 patience=0/4
temporal epoch=002/100 loss=14.25252 center_teacher=1.000 acq_teacher=1.000 capture=100.00% bank_capture=100.00% acq_acc=100.00% acq_conf=0.644 radius=0.0m pred_step=4.319 target_step=5.530 pred_v=4.536 target_v=5.530 val_mle=9.977m val_p90=12.265m val_speed_mae=2.913 heading=-0.1/0.7deg val_progress_mae=9.972m val_heading_mae=30.5deg val_capture=96.15% val_bank=96.15% val_acq_acc=100.00% score=10.560 best=10.560 patience=0/4
temporal epoch=003/100 loss=13.94339 center_teacher=1.000 acq_teacher=1.000 capture=100.00% bank_capture=100.00% acq_acc=100.00% acq_conf=0.644 radius=0.0m pred_step=5.155 target_step=5.530 pred_v=5.211 target_v=5.530 val_mle=9.721m val_p90=12.003m val_speed_mae=2.918 heading=-0.1/0.7deg val_progress_mae=9.707m val_heading_mae=30.5deg val_capture=96.15% val_bank=96.15% val_acq_acc=100.00% score=10.296 best=10.296 patience=0/4
temporal epoch=004/100 loss=13.86627 center_teacher=1.000 acq_teacher=1.000 capture=100.00% bank_capture=100.00% acq_acc=100.00% acq_conf=0.644 radius=0.0m pred_step=5.899 target_step=5.530 pred_v=5.822 target_v=5.530 val_mle=9.400m val_p90=11.671m val_speed_mae=2.916 heading=0.0/0.7deg val_progress_mae=9.376m val_heading_mae=30.5deg val_capture=96.15% val_bank=96.15% val_acq_acc=100.00% score=9.965 best=9.965 patience=0/4
temporal epoch=005/100 loss=13.55354 center_teacher=1.000 acq_teacher=1.000 capture=100.00% bank_capture=100.00% acq_acc=100.00% acq_conf=0.644 radius=0.0m pred_step=5.302 target_step=5.530 pred_v=5.339 target_v=5.530 val_mle=9.065m val_p90=11.324m val_speed_mae=2.970 heading=0.2/0.7deg val_progress_mae=9.030m val_heading_mae=30.5deg val_capture=96.15% val_bank=96.15% val_acq_acc=100.00% score=9.622 best=9.622 patience=0/4
temporal epoch=006/100 loss=13.49986 center_teacher=1.000 acq_teacher=1.000 capture=100.00% bank_capture=100.00% acq_acc=100.00% acq_conf=0.644 radius=0.0m pred_step=4.276 target_step=5.530 pred_v=4.505 target_v=5.530 val_mle=8.729m val_p90=10.984m val_speed_mae=2.915 heading=0.2/0.7deg val_progress_mae=8.681m val_heading_mae=30.5deg val_capture=96.15% val_bank=96.15% val_acq_acc=100.00% score=9.273 best=9.273 patience=0/4
temporal epoch=007/100 loss=13.11832 center_teacher=1.000 acq_teacher=1.000 capture=100.00% bank_capture=100.00% acq_acc=100.00% acq_conf=0.644 radius=0.0m pred_step=4.773 target_step=5.530 pred_v=4.920 target_v=5.530 val_mle=8.414m val_p90=10.679m val_speed_mae=2.917 heading=0.2/0.7deg val_progress_mae=8.353m val_heading_mae=30.5deg val_capture=96.15% val_bank=96.15% val_acq_acc=100.00% score=8.948 best=8.948 patience=0/4
temporal epoch=008/100 loss=13.11811 center_teacher=1.000 acq_teacher=1.000 capture=100.00% bank_capture=100.00% acq_acc=100.00% acq_conf=0.644 radius=0.0m pred_step=5.991 target_step=5.530 pred_v=5.917 target_v=5.530 val_mle=8.167m val_p90=10.427m val_speed_mae=2.946 heading=0.3/0.7deg val_progress_mae=8.096m val_heading_mae=30.5deg val_capture=96.15% val_bank=96.15% val_acq_acc=100.00% score=8.695 best=8.695 patience=0/4
temporal epoch=009/100 loss=12.99155 center_teacher=1.000 acq_teacher=1.000 capture=100.00% bank_capture=100.00% acq_acc=100.00% acq_conf=0.644 radius=0.0m pred_step=6.005 target_step=5.530 pred_v=5.921 target_v=5.530 val_mle=7.972m val_p90=10.223m val_speed_mae=2.913 heading=0.5/0.7deg val_progress_mae=7.891m val_heading_mae=30.5deg val_capture=96.15% val_bank=96.15% val_acq_acc=100.00% score=8.493 best=8.493 patience=0/4
temporal epoch=010/100 loss=12.77492 center_teacher=1.000 acq_teacher=1.000 capture=100.00% bank_capture=100.00% acq_acc=100.00% acq_conf=0.644 radius=0.0m pred_step=4.972 target_step=5.530 pred_v=5.068 target_v=5.530 val_mle=7.827m val_p90=10.065m val_speed_mae=2.961 heading=0.6/0.7deg val_progress_mae=7.739m val_heading_mae=30.5deg val_capture=96.15% val_bank=96.15% val_acq_acc=100.00% score=8.345 best=8.345 patience=0/4
temporal epoch=011/100 loss=12.80374 center_teacher=1.000 acq_teacher=1.000 capture=100.00% bank_capture=100.00% acq_acc=100.00% acq_conf=0.644 radius=0.0m pred_step=4.330 target_step=5.530 pred_v=4.526 target_v=5.530 val_mle=7.691m val_p90=9.939m val_speed_mae=2.909 heading=0.6/0.7deg val_progress_mae=7.596m val_heading_mae=30.5deg val_capture=96.15% val_bank=96.15% val_acq_acc=100.00% score=8.202 best=8.202 patience=0/4
temporal epoch=012/100 loss=12.58608 center_teacher=1.000 acq_teacher=1.000 capture=100.00% bank_capture=100.00% acq_acc=100.00% acq_conf=0.644 radius=0.0m pred_step=5.001 target_step=5.530 pred_v=5.062 target_v=5.530 val_mle=7.577m val_p90=9.826m val_speed_mae=2.914 heading=0.7/0.7deg val_progress_mae=7.475m val_heading_mae=30.5deg val_capture=96.15% val_bank=96.15% val_acq_acc=100.00% score=8.084 best=8.084 patience=0/4
temporal epoch=013/100 loss=12.61691 center_teacher=1.000 acq_teacher=1.000 capture=100.00% bank_capture=100.00% acq_acc=100.00% acq_conf=0.644 radius=0.0m pred_step=5.811 target_step=5.530 pred_v=5.713 target_v=5.530 val_mle=7.471m val_p90=9.711m val_speed_mae=2.912 heading=0.8/0.7deg val_progress_mae=7.363m val_heading_mae=30.5deg val_capture=96.15% val_bank=96.15% val_acq_acc=100.00% score=7.975 best=7.975 patience=0/4
temporal epoch=014/100 loss=12.47176 center_teacher=1.000 acq_teacher=1.000 capture=100.00% bank_capture=100.00% acq_acc=100.00% acq_conf=0.644 radius=0.0m pred_step=5.528 target_step=5.530 pred_v=5.464 target_v=5.530 val_mle=7.377m val_p90=9.600m val_speed_mae=2.909 heading=0.9/0.7deg val_progress_mae=7.263m val_heading_mae=30.5deg val_capture=96.15% val_bank=96.15% val_acq_acc=100.00% score=7.878 best=7.878 patience=0/4
temporal epoch=015/100 loss=12.51005 center_teacher=1.000 acq_teacher=1.000 capture=100.00% bank_capture=100.00% acq_acc=100.00% acq_conf=0.644 radius=0.0m pred_step=4.413 target_step=5.530 pred_v=4.519 target_v=5.530 val_mle=7.278m val_p90=9.505m val_speed_mae=2.905 heading=1.0/0.7deg val_progress_mae=7.159m val_heading_mae=30.5deg val_capture=96.15% val_bank=96.15% val_acq_acc=100.00% score=7.776 best=7.776 patience=0/4
temporal epoch=016/100 loss=12.27853 center_teacher=1.000 acq_teacher=1.000 capture=100.00% bank_capture=100.00% acq_acc=100.00% acq_conf=0.644 radius=0.0m pred_step=4.839 target_step=5.530 pred_v=4.865 target_v=5.530 val_mle=7.193m val_p90=9.427m val_speed_mae=2.956 heading=1.1/0.7deg val_progress_mae=7.069m val_heading_mae=30.5deg val_capture=96.15% val_bank=96.15% val_acq_acc=100.00% score=7.691 best=7.691 patience=0/4
temporal epoch=017/100 loss=12.60965 center_teacher=1.000 acq_teacher=1.000 capture=100.00% bank_capture=100.00% acq_acc=100.00% acq_conf=0.644 radius=0.0m pred_step=6.368 target_step=5.530 pred_v=6.096 target_v=5.530 val_mle=7.107m val_p90=9.343m val_speed_mae=2.904 heading=1.1/0.7deg val_progress_mae=6.978m val_heading_mae=30.5deg val_capture=96.15% val_bank=96.15% val_acq_acc=100.00% score=7.600 best=7.600 patience=0/4
temporal epoch=018/100 loss=12.14471 center_teacher=1.000 acq_teacher=1.000 capture=100.00% bank_capture=100.00% acq_acc=100.00% acq_conf=0.644 radius=0.0m pred_step=4.829 target_step=5.530 pred_v=4.802 target_v=5.530 val_mle=7.034m val_p90=9.261m val_speed_mae=3.417 heading=1.2/0.7deg val_progress_mae=6.881m val_heading_mae=30.5deg val_capture=96.15% val_bank=96.15% val_acq_acc=100.00% score=7.549 best=7.549 patience=0/4
temporal epoch=019/100 loss=12.43084 center_teacher=1.000 acq_teacher=1.000 capture=100.00% bank_capture=100.00% acq_acc=100.00% acq_conf=0.643 radius=0.0m pred_step=3.850 target_step=5.530 pred_v=3.981 target_v=5.530 val_mle=6.964m val_p90=9.193m val_speed_mae=3.234 heading=1.4/0.7deg val_progress_mae=6.806m val_heading_mae=30.5deg val_capture=96.15% val_bank=96.15% val_acq_acc=100.00% score=7.468 best=7.468 patience=0/4
temporal epoch=020/100 loss=13.25022 center_teacher=1.000 acq_teacher=1.000 capture=100.00% bank_capture=100.00% acq_acc=100.00% acq_conf=0.641 radius=0.0m pred_step=7.261 target_step=5.530 pred_v=6.761 target_v=5.530 val_mle=6.900m val_p90=9.144m val_speed_mae=3.365 heading=1.6/0.7deg val_progress_mae=6.757m val_heading_mae=30.5deg val_capture=96.15% val_bank=96.15% val_acq_acc=100.00% score=7.408 best=7.408 patience=0/4
temporal epoch=021/100 loss=11.87198 center_teacher=1.000 acq_teacher=1.000 capture=100.00% bank_capture=100.00% acq_acc=100.00% acq_conf=0.642 radius=0.0m pred_step=5.847 target_step=5.530 pred_v=5.601 target_v=5.530 val_mle=6.835m val_p90=9.096m val_speed_mae=5.364 heading=1.2/0.7deg val_progress_mae=6.695m val_heading_mae=30.5deg val_capture=96.15% val_bank=96.15% val_acq_acc=100.00% score=7.442 best=7.408 patience=1/4
temporal epoch=022/100 loss=14.60280 center_teacher=1.000 acq_teacher=1.000 capture=100.00% bank_capture=100.00% acq_acc=100.00% acq_conf=0.643 radius=0.0m pred_step=1.735 target_step=5.530 pred_v=2.023 target_v=5.530 val_mle=6.810m val_p90=9.026m val_speed_mae=4.660 heading=1.3/0.7deg val_progress_mae=6.641m val_heading_mae=30.5deg val_capture=96.15% val_bank=96.15% val_acq_acc=100.00% score=7.380 best=7.380 patience=0/4
temporal epoch=023/100 loss=12.54818 center_teacher=1.000 acq_teacher=1.000 capture=100.00% bank_capture=100.00% acq_acc=100.00% acq_conf=0.643 radius=0.0m pred_step=3.865 target_step=5.530 pred_v=3.940 target_v=5.530 val_mle=6.785m val_p90=9.004m val_speed_mae=6.632 heading=1.7/0.7deg val_progress_mae=6.636m val_heading_mae=30.5deg val_capture=96.15% val_bank=96.15% val_acq_acc=100.00% score=7.453 best=7.380 patience=1/4
temporal epoch=024/100 loss=15.87681 center_teacher=1.000 acq_teacher=1.000 capture=100.00% bank_capture=100.00% acq_acc=100.00% acq_conf=0.644 radius=0.0m pred_step=9.745 target_step=5.530 pred_v=8.804 target_v=5.530 val_mle=6.713m val_p90=8.990m val_speed_mae=4.089 heading=0.9/0.7deg val_progress_mae=6.560m val_heading_mae=30.5deg val_capture=96.15% val_bank=96.15% val_acq_acc=100.00% score=7.252 best=7.252 patience=0/4
temporal epoch=025/100 loss=12.66223 center_teacher=1.000 acq_teacher=1.000 capture=100.00% bank_capture=100.00% acq_acc=100.00% acq_conf=0.644 radius=0.0m pred_step=6.506 target_step=5.530 pred_v=5.986 target_v=5.530 val_mle=6.685m val_p90=8.947m val_speed_mae=5.352 heading=0.5/0.7deg val_progress_mae=6.535m val_heading_mae=30.5deg val_capture=96.15% val_bank=96.15% val_acq_acc=100.00% score=7.287 best=7.252 patience=1/4
temporal epoch=026/100 loss=15.13678 center_teacher=1.000 acq_teacher=1.000 capture=100.00% bank_capture=100.00% acq_acc=100.00% acq_conf=0.645 radius=0.0m pred_step=1.156 target_step=5.530 pred_v=1.368 target_v=5.530 val_mle=6.836m val_p90=9.151m val_speed_mae=5.347 heading=1.8/0.7deg val_progress_mae=6.688m val_heading_mae=30.5deg val_capture=96.15% val_bank=96.15% val_acq_acc=100.00% score=7.442 best=7.252 patience=2/4
temporal epoch=027/100 loss=15.36189 center_teacher=1.000 acq_teacher=1.000 capture=100.00% bank_capture=100.00% acq_acc=100.00% acq_conf=0.645 radius=0.0m pred_step=1.735 target_step=5.530 pred_v=2.097 target_v=5.530 val_mle=6.836m val_p90=9.107m val_speed_mae=4.649 heading=2.6/0.7deg val_progress_mae=6.643m val_heading_mae=30.5deg val_capture=96.15% val_bank=96.15% val_acq_acc=100.00% score=7.406 best=7.252 patience=3/4
temporal epoch=028/100 loss=15.18679 center_teacher=1.000 acq_teacher=1.000 capture=100.00% bank_capture=100.00% acq_acc=100.00% acq_conf=0.645 radius=0.0m pred_step=9.501 target_step=5.530 pred_v=8.472 target_v=5.530 val_mle=6.411m val_p90=8.692m val_speed_mae=4.484 heading=1.8/0.7deg val_progress_mae=6.236m val_heading_mae=30.5deg val_capture=96.15% val_bank=96.15% val_acq_acc=100.00% score=6.961 best=6.961 patience=0/4
temporal epoch=029/100 loss=14.18949 center_teacher=1.000 acq_teacher=1.000 capture=100.00% bank_capture=100.00% acq_acc=100.00% acq_conf=0.645 radius=0.0m pred_step=7.707 target_step=5.530 pred_v=6.679 target_v=5.530 val_mle=6.205m val_p90=8.464m val_speed_mae=5.316 heading=1.7/0.7deg val_progress_mae=6.024m val_heading_mae=30.5deg val_capture=96.15% val_bank=96.15% val_acq_acc=100.00% score=6.790 best=6.790 patience=0/4
temporal epoch=030/100 loss=13.53588 center_teacher=1.000 acq_teacher=1.000 capture=100.00% bank_capture=100.00% acq_acc=100.00% acq_conf=0.645 radius=0.0m pred_step=1.845 target_step=5.530 pred_v=1.906 target_v=5.530 val_mle=6.400m val_p90=8.837m val_speed_mae=3.887 heading=3.7/0.7deg val_progress_mae=6.250m val_heading_mae=30.8deg val_capture=92.31% val_bank=92.31% val_acq_acc=100.00% score=6.997 best=6.790 patience=1/4
temporal epoch=031/100 loss=15.08311 center_teacher=1.000 acq_teacher=1.000 capture=100.00% bank_capture=100.00% acq_acc=100.00% acq_conf=0.643 radius=0.0m pred_step=5.264 target_step=5.530 pred_v=5.102 target_v=5.530 val_mle=5.992m val_p90=8.100m val_speed_mae=3.586 heading=5.1/0.7deg val_progress_mae=5.841m val_heading_mae=30.7deg val_capture=92.31% val_bank=92.31% val_acq_acc=100.00% score=6.562 best=6.562 patience=0/4
temporal epoch=032/100 loss=12.64131 center_teacher=1.000 acq_teacher=1.000 capture=100.00% bank_capture=100.00% acq_acc=100.00% acq_conf=0.644 radius=0.0m pred_step=7.779 target_step=5.530 pred_v=6.828 target_v=5.530 val_mle=5.691m val_p90=7.861m val_speed_mae=4.981 heading=3.9/0.7deg val_progress_mae=5.442m val_heading_mae=30.5deg val_capture=96.15% val_bank=96.15% val_acq_acc=100.00% score=6.242 best=6.242 patience=0/4
temporal epoch=033/100 loss=15.16643 center_teacher=1.000 acq_teacher=1.000 capture=100.00% bank_capture=100.00% acq_acc=100.00% acq_conf=0.646 radius=0.0m pred_step=3.171 target_step=5.530 pred_v=2.823 target_v=5.530 val_mle=5.797m val_p90=7.997m val_speed_mae=2.900 heading=2.3/0.7deg val_progress_mae=5.485m val_heading_mae=30.5deg val_capture=96.15% val_bank=96.15% val_acq_acc=100.00% score=6.245 best=6.242 patience=1/4
temporal epoch=034/100 loss=13.80786 center_teacher=1.000 acq_teacher=1.000 capture=100.00% bank_capture=100.00% acq_acc=100.00% acq_conf=0.645 radius=0.0m pred_step=7.447 target_step=5.530 pred_v=6.496 target_v=5.530 val_mle=5.565m val_p90=7.812m val_speed_mae=4.946 heading=2.8/0.7deg val_progress_mae=5.296m val_heading_mae=30.6deg val_capture=92.31% val_bank=92.31% val_acq_acc=100.00% score=6.186 best=6.186 patience=0/4
temporal epoch=035/100 loss=15.54722 center_teacher=1.000 acq_teacher=1.000 capture=100.00% bank_capture=100.00% acq_acc=100.00% acq_conf=0.644 radius=0.0m pred_step=8.636 target_step=5.530 pred_v=7.813 target_v=5.530 val_mle=5.430m val_p90=7.583m val_speed_mae=4.432 heading=4.4/0.7deg val_progress_mae=5.204m val_heading_mae=30.7deg val_capture=92.31% val_bank=92.31% val_acq_acc=100.00% score=6.023 best=6.023 patience=0/4
temporal epoch=036/100 loss=14.08132 center_teacher=1.000 acq_teacher=1.000 capture=100.00% bank_capture=100.00% acq_acc=100.00% acq_conf=0.644 radius=0.0m pred_step=3.178 target_step=5.530 pred_v=3.318 target_v=5.530 val_mle=5.383m val_p90=7.599m val_speed_mae=5.163 heading=4.1/0.7deg val_progress_mae=5.110m val_heading_mae=30.6deg val_capture=96.15% val_bank=96.15% val_acq_acc=100.00% score=5.933 best=5.933 patience=0/4
temporal epoch=037/100 loss=10.57977 center_teacher=1.000 acq_teacher=1.000 capture=100.00% bank_capture=100.00% acq_acc=100.00% acq_conf=0.646 radius=0.0m pred_step=4.059 target_step=5.530 pred_v=3.951 target_v=5.530 val_mle=5.182m val_p90=7.265m val_speed_mae=2.836 heading=3.0/0.7deg val_progress_mae=4.785m val_heading_mae=30.5deg val_capture=96.15% val_bank=96.15% val_acq_acc=100.00% score=5.606 best=5.606 patience=0/4
temporal epoch=038/100 loss=13.49045 center_teacher=1.000 acq_teacher=1.000 capture=100.00% bank_capture=100.00% acq_acc=100.00% acq_conf=0.645 radius=0.0m pred_step=8.255 target_step=5.530 pred_v=7.302 target_v=5.530 val_mle=5.081m val_p90=7.313m val_speed_mae=5.727 heading=2.8/0.7deg val_progress_mae=4.761m val_heading_mae=30.5deg val_capture=96.15% val_bank=96.15% val_acq_acc=100.00% score=5.649 best=5.606 patience=1/4
temporal epoch=039/100 loss=13.97745 center_teacher=1.000 acq_teacher=1.000 capture=100.00% bank_capture=100.00% acq_acc=100.00% acq_conf=0.645 radius=0.0m pred_step=9.653 target_step=5.530 pred_v=8.837 target_v=5.530 val_mle=5.045m val_p90=7.171m val_speed_mae=5.175 heading=3.7/0.7deg val_progress_mae=4.694m val_heading_mae=30.6deg val_capture=92.31% val_bank=92.31% val_acq_acc=100.00% score=5.659 best=5.606 patience=2/4
temporal epoch=040/100 loss=12.66212 center_teacher=1.000 acq_teacher=1.000 capture=100.00% bank_capture=100.00% acq_acc=100.00% acq_conf=0.645 radius=0.0m pred_step=2.375 target_step=5.530 pred_v=2.633 target_v=5.530 val_mle=5.047m val_p90=7.137m val_speed_mae=5.172 heading=3.6/0.7deg val_progress_mae=4.724m val_heading_mae=30.6deg val_capture=96.15% val_bank=96.15% val_acq_acc=100.00% score=5.586 best=5.586 patience=0/4
temporal epoch=041/100 loss=10.10469 center_teacher=1.000 acq_teacher=1.000 capture=100.00% bank_capture=100.00% acq_acc=100.00% acq_conf=0.645 radius=0.0m pred_step=4.309 target_step=5.530 pred_v=4.414 target_v=5.530 val_mle=4.710m val_p90=6.863m val_speed_mae=3.115 heading=3.2/0.7deg val_progress_mae=4.295m val_heading_mae=30.6deg val_capture=96.15% val_bank=96.15% val_acq_acc=100.00% score=5.133 best=5.133 patience=0/4
temporal epoch=042/100 loss=11.15162 center_teacher=1.000 acq_teacher=1.000 capture=100.00% bank_capture=100.00% acq_acc=100.00% acq_conf=0.645 radius=0.0m pred_step=6.596 target_step=5.530 pred_v=6.088 target_v=5.530 val_mle=4.644m val_p90=6.849m val_speed_mae=2.954 heading=2.9/0.7deg val_progress_mae=4.256m val_heading_mae=30.6deg val_capture=96.15% val_bank=96.15% val_acq_acc=100.00% score=5.057 best=5.057 patience=0/4
temporal epoch=043/100 loss=11.77747 center_teacher=1.000 acq_teacher=1.000 capture=100.00% bank_capture=100.00% acq_acc=100.00% acq_conf=0.645 radius=0.0m pred_step=8.878 target_step=5.530 pred_v=8.196 target_v=5.530 val_mle=5.355m val_p90=7.399m val_speed_mae=4.675 heading=3.3/0.7deg val_progress_mae=5.052m val_heading_mae=30.7deg val_capture=92.31% val_bank=92.31% val_acq_acc=100.00% score=5.956 best=5.057 patience=1/4
temporal epoch=044/100 loss=11.38505 center_teacher=1.000 acq_teacher=1.000 capture=100.00% bank_capture=100.00% acq_acc=100.00% acq_conf=0.645 radius=0.0m pred_step=3.396 target_step=5.530 pred_v=3.691 target_v=5.530 val_mle=4.793m val_p90=6.784m val_speed_mae=5.234 heading=3.6/0.7deg val_progress_mae=4.418m val_heading_mae=30.7deg val_capture=92.31% val_bank=92.31% val_acq_acc=100.00% score=5.402 best=5.057 patience=2/4
temporal epoch=045/100 loss=12.80694 center_teacher=1.000 acq_teacher=1.000 capture=100.00% bank_capture=100.00% acq_acc=100.00% acq_conf=0.645 radius=0.0m pred_step=1.555 target_step=5.530 pred_v=1.676 target_v=5.530 val_mle=5.103m val_p90=7.154m val_speed_mae=4.485 heading=3.2/0.7deg val_progress_mae=4.761m val_heading_mae=30.8deg val_capture=92.31% val_bank=92.31% val_acq_acc=100.00% score=5.685 best=5.057 patience=3/4
temporal epoch=046/100 loss=9.71649 center_teacher=1.000 acq_teacher=1.000 capture=100.00% bank_capture=100.00% acq_acc=100.00% acq_conf=0.645 radius=0.0m pred_step=6.465 target_step=5.530 pred_v=6.245 target_v=5.530 val_mle=4.897m val_p90=6.976m val_speed_mae=2.908 heading=3.1/0.7deg val_progress_mae=4.534m val_heading_mae=30.7deg val_capture=92.31% val_bank=92.31% val_acq_acc=100.00% score=5.394 best=5.057 patience=4/4
EARLY STOP: controlled local-prior validation score did not improve by 0.003 for 4 epochs.
[FORMAL TRAIN-ONLY V5 CALIBRATION] {"confidence_power": 1.0, "delta2_scale": 2.0, "fixed_variance_m2": 9.0, "objective": 5.28394615609537, "prior_blend_base": 0.05, "prior_blend_cutoff": 0.7, "prior_blend_lowconf_gain": 0.3, "prior_blend_max": 0.3, "q_cross": 0.30000000000000004, "q_progress": 1.125, "q_velocity": 0.75, "stage": "filter", "step_relax_confidence": 0.55, "step_relax_width": 0.08, "step_visual_slack_m": 3.0, "temporal_3frame_scale": 0.9, "val_mle_m": 4.636460626118824, "val_p90_m": 6.847468344645733, "val_progress_mae": 4.246477930813258, "val_speed_mae": 2.8611641548377387}
