[PREPARED] PASS | city=cityb | step=4 m | selection=soft_sequence_v13_multicity_auto_train_fullroute | existing GT/routes unchanged
[CADENCE] source=experiment_route_stats_train_01 | mean=5.769227 m | p90=10.316216 m | p95=11.515852 m
[OK] clean v39 runtime: Forward-18 SoftMS -> GRU -> Kalman -> one final MeanShift
[OK] weighted-centroid decoder removed from generated runtime source
[PATCH OK] GRU = current + delta + delta2 + SAT + SoftMS position + visual displacement + previous state
[PATCH OK] V5 3-frame direct acceleration + next-step correction
[PATCH OK] training/validation/inference motion starts from current-city cadence
[PATCH OK] Kalman = smooth confidence-adaptive measurement-preserving residual fusion
[PATCH OK] step corridor = continuous confidence relaxation
[PATCH OK] no held-out navigation result is read by this patch
[V39-BEARING] final-MS route-centerline reference patch: PASS
[CORE-V4 CAL] city=cityb val_mle=8.577126 no_kalman_val=8.681041347813089 gain=0.10391488057612008
[CORE-V4 CKPT] all variants reuse 3f Full checkpoint: /yh/study/uav-sat/v39_otherdata/formal_bearing_v5_smooth_20260920_233151/cityb/train_frames3/checkpoints
[PAPER-ABLATION-AUDIT] base_geometry_6x6: PASS
[PAPER-ABLATION-AUDIT] forward_policy: PASS
[PAPER-ABLATION-AUDIT] frame_count: PASS
[PAPER-ABLATION-AUDIT] gru_flag: PASS
[PAPER-ABLATION-AUDIT] kalman_flag: PASS
[PAPER-ABLATION-AUDIT] front_decoder: PASS
[PAPER-ABLATION-AUDIT] protocol: PASS
[PAPER-ABLATION-AUDIT] controlled_gt_reference_enabled: PASS
[PAPER-ABLATION-AUDIT] ablation_decoder_switch: PASS
[PAPER-ABLATION-AUDIT] v5_temporal_source: PASS
[PAPER-ABLATION-AUDIT] final_ms_source: PASS
route_B: reuse UAV backbone cache

=== cityb corev4_no_ms: nav50 ===
route_B final MLE=5.797m P90=10.779m LSR@15=100.00% selected_capture=100.00% bank_capture=100.00% acq_acc=100.00% speed_mae=3.330m/frame progress_mae=3.158m heading_mae=38.5deg jump_rate=6.92% max_step=22.85m final_leg=11 gt_leg=11
route_C: reuse UAV backbone cache

=== cityb corev4_no_ms: nav51 ===
route_C final MLE=6.296m P90=11.484m LSR@15=97.31% selected_capture=97.85% bank_capture=97.85% acq_acc=100.00% speed_mae=3.103m/frame progress_mae=3.192m heading_mae=41.2deg jump_rate=8.11% max_step=21.96m final_leg=9 gt_leg=9
[DONE] /yh/study/uav-sat/v39_otherdata/formal_bearing_v5_smooth_20260920_233151/cityb/variants_core_v4/corev4_no_ms/bearing_v39_summary.json
[CORE-V4 DONE] cityb corev4_no_ms
