[CORE-V5 COMPAT] train_full args refs=['force_train', 'jitter_m', 'patience', 'temporal_epochs', 'train_frames', 'visual_epochs']
[CORE-V5 COMPAT] train_frames=3
[PREPARED] PASS | city=cityb | step=4 m | selection=soft_sequence_v13_multicity_auto_train_fullroute | existing GT/routes unchanged
[CADENCE] source=experiment_route_stats_train_01 | mean=5.769227 m | p90=10.316216 m | p95=11.515852 m
[OK] clean v39 runtime: Forward-18 SoftMS -> GRU -> Kalman -> one final MeanShift
[OK] weighted-centroid decoder removed from generated runtime source
[PATCH OK] GRU = current + delta + delta2 + SAT + SoftMS position + visual displacement + previous state
[PATCH OK] V5 3-frame direct acceleration + next-step correction
[PATCH OK] training/validation/inference motion starts from current-city cadence
[PATCH OK] Kalman = smooth confidence-adaptive measurement-preserving residual fusion
[PATCH OK] step corridor = continuous confidence relaxation
[PATCH OK] no held-out navigation result is read by this patch
[V39-BEARING] final-MS route-centerline reference patch: PASS
[CORE-V5 CONFIG] lateral/heading pre-Smooth-V1 profile: PASS
[CORE-V5 CONFIG] longitudinal train_01 cadence ownership: PASS
[PAPER-ABLATION-AUDIT] base_geometry_6x6: PASS
[PAPER-ABLATION-AUDIT] forward_policy: PASS
[PAPER-ABLATION-AUDIT] frame_count: PASS
[PAPER-ABLATION-AUDIT] gru_flag: PASS
[PAPER-ABLATION-AUDIT] kalman_flag: PASS
[PAPER-ABLATION-AUDIT] front_decoder: PASS
[PAPER-ABLATION-AUDIT] protocol: PASS
[PAPER-ABLATION-AUDIT] controlled_gt_reference_enabled: PASS
[PAPER-ABLATION-AUDIT] ablation_decoder_switch: PASS
[PAPER-ABLATION-AUDIT] v5_temporal_source: PASS
[PAPER-ABLATION-AUDIT] final_ms_source: PASS
[CORE-V5 REUSE VISUAL] /yh/study/uav-sat/v39_otherdata/formal_bearing_v5_smooth_20260920_233151/cityb/train_frames3/checkpoints/visual_retrieval_A_only.pt
[TRAIN] reuse visual checkpoint /yh/study/uav-sat/v39_otherdata/formal_bearing_v5_smooth_20260920_233151/cityb/train_core_v5_restore/checkpoints/visual_retrieval_A_only.pt
route_A: reuse UAV backbone cache
temporal split train=[0,135) val=[139,165) route_length=789.4m
City training-sequence mean forward step=5.743m/frame p90=10.578m/frame
temporal epoch=001/100 loss=12.50674 center_teacher=1.000 acq_teacher=1.000 capture=100.00% bank_capture=100.00% acq_acc=100.00% acq_conf=0.624 radius=0.0m pred_step=5.383 target_step=5.743 pred_v=5.461 target_v=5.743 val_mle=11.176m val_p90=13.160m val_speed_mae=2.874 heading=0.0/-1.5deg val_progress_mae=10.289m val_heading_mae=31.0deg val_capture=96.15% val_bank=96.15% val_acq_acc=100.00% score=11.768 best=11.768 patience=0/4
temporal epoch=002/100 loss=12.41814 center_teacher=1.000 acq_teacher=1.000 capture=100.00% bank_capture=100.00% acq_acc=100.00% acq_conf=0.624 radius=0.0m pred_step=4.603 target_step=5.743 pred_v=4.813 target_v=5.743 val_mle=11.048m val_p90=13.007m val_speed_mae=2.534 heading=-0.2/-1.5deg val_progress_mae=10.136m val_heading_mae=31.0deg val_capture=96.15% val_bank=96.15% val_acq_acc=100.00% score=11.618 best=11.618 patience=0/4
temporal epoch=003/100 loss=12.17112 center_teacher=1.000 acq_teacher=1.000 capture=100.00% bank_capture=100.00% acq_acc=100.00% acq_conf=0.624 radius=0.0m pred_step=5.622 target_step=5.743 pred_v=5.616 target_v=5.743 val_mle=10.857m val_p90=12.803m val_speed_mae=2.697 heading=-0.3/-1.5deg val_progress_mae=9.927m val_heading_mae=31.0deg val_capture=96.15% val_bank=96.15% val_acq_acc=100.00% score=11.429 best=11.429 patience=0/4
temporal epoch=004/100 loss=12.09350 center_teacher=1.000 acq_teacher=1.000 capture=100.00% bank_capture=100.00% acq_acc=100.00% acq_conf=0.624 radius=0.0m pred_step=6.087 target_step=5.743 pred_v=5.987 target_v=5.743 val_mle=10.640m val_p90=12.571m val_speed_mae=2.549 heading=-0.2/-1.5deg val_progress_mae=9.693m val_heading_mae=31.0deg val_capture=96.15% val_bank=96.15% val_acq_acc=100.00% score=11.197 best=11.197 patience=0/4
temporal epoch=005/100 loss=11.87956 center_teacher=1.000 acq_teacher=1.000 capture=100.00% bank_capture=100.00% acq_acc=100.00% acq_conf=0.624 radius=0.0m pred_step=5.376 target_step=5.743 pred_v=5.404 target_v=5.743 val_mle=10.392m val_p90=12.328m val_speed_mae=2.866 heading=-0.1/-1.5deg val_progress_mae=9.432m val_heading_mae=31.0deg val_capture=96.15% val_bank=96.15% val_acq_acc=100.00% score=10.957 best=10.957 patience=0/4
temporal epoch=006/100 loss=11.97166 center_teacher=1.000 acq_teacher=1.000 capture=100.00% bank_capture=100.00% acq_acc=100.00% acq_conf=0.624 radius=0.0m pred_step=4.536 target_step=5.743 pred_v=4.718 target_v=5.743 val_mle=10.182m val_p90=12.066m val_speed_mae=2.869 heading=-0.0/-1.5deg val_progress_mae=9.182m val_heading_mae=31.0deg val_capture=96.15% val_bank=96.15% val_acq_acc=100.00% score=10.740 best=10.740 patience=0/4
temporal epoch=007/100 loss=11.64908 center_teacher=1.000 acq_teacher=1.000 capture=100.00% bank_capture=100.00% acq_acc=100.00% acq_conf=0.624 radius=0.0m pred_step=4.772 target_step=5.743 pred_v=4.915 target_v=5.743 val_mle=9.940m val_p90=11.789m val_speed_mae=2.549 heading=-0.1/-1.5deg val_progress_mae=8.902m val_heading_mae=31.0deg val_capture=96.15% val_bank=96.15% val_acq_acc=100.00% score=10.473 best=10.473 patience=0/4
temporal epoch=008/100 loss=11.38837 center_teacher=1.000 acq_teacher=1.000 capture=100.00% bank_capture=100.00% acq_acc=100.00% acq_conf=0.624 radius=0.0m pred_step=5.671 target_step=5.743 pred_v=5.662 target_v=5.743 val_mle=9.706m val_p90=11.527m val_speed_mae=2.564 heading=-0.2/-1.5deg val_progress_mae=8.634m val_heading_mae=31.0deg val_capture=96.15% val_bank=96.15% val_acq_acc=100.00% score=10.233 best=10.233 patience=0/4
temporal epoch=009/100 loss=11.26426 center_teacher=1.000 acq_teacher=1.000 capture=100.00% bank_capture=100.00% acq_acc=100.00% acq_conf=0.624 radius=0.0m pred_step=5.552 target_step=5.743 pred_v=5.583 target_v=5.743 val_mle=9.523m val_p90=11.333m val_speed_mae=2.596 heading=-0.2/-1.5deg val_progress_mae=8.426m val_heading_mae=31.0deg val_capture=96.15% val_bank=96.15% val_acq_acc=100.00% score=10.044 best=10.044 patience=0/4
temporal epoch=010/100 loss=11.26583 center_teacher=1.000 acq_teacher=1.000 capture=100.00% bank_capture=100.00% acq_acc=100.00% acq_conf=0.624 radius=0.0m pred_step=4.854 target_step=5.743 pred_v=5.026 target_v=5.743 val_mle=9.379m val_p90=11.192m val_speed_mae=2.648 heading=-0.1/-1.5deg val_progress_mae=8.264m val_heading_mae=31.0deg val_capture=96.15% val_bank=96.15% val_acq_acc=100.00% score=9.898 best=9.898 patience=0/4
temporal epoch=011/100 loss=11.21257 center_teacher=1.000 acq_teacher=1.000 capture=100.00% bank_capture=100.00% acq_acc=100.00% acq_conf=0.624 radius=0.0m pred_step=4.892 target_step=5.743 pred_v=5.072 target_v=5.743 val_mle=9.260m val_p90=11.078m val_speed_mae=2.554 heading=-0.1/-1.5deg val_progress_mae=8.131m val_heading_mae=31.0deg val_capture=96.15% val_bank=96.15% val_acq_acc=100.00% score=9.771 best=9.771 patience=0/4
temporal epoch=012/100 loss=11.10247 center_teacher=1.000 acq_teacher=1.000 capture=100.00% bank_capture=100.00% acq_acc=100.00% acq_conf=0.624 radius=0.0m pred_step=5.589 target_step=5.743 pred_v=5.655 target_v=5.743 val_mle=9.139m val_p90=10.982m val_speed_mae=2.708 heading=-0.0/-1.5deg val_progress_mae=8.005m val_heading_mae=31.0deg val_capture=96.15% val_bank=96.15% val_acq_acc=100.00% score=9.654 best=9.654 patience=0/4
temporal epoch=013/100 loss=11.09700 center_teacher=1.000 acq_teacher=1.000 capture=100.00% bank_capture=100.00% acq_acc=100.00% acq_conf=0.624 radius=0.0m pred_step=5.931 target_step=5.743 pred_v=5.943 target_v=5.743 val_mle=9.083m val_p90=10.904m val_speed_mae=2.553 heading=-0.0/-1.5deg val_progress_mae=7.921m val_heading_mae=31.0deg val_capture=96.15% val_bank=96.15% val_acq_acc=100.00% score=9.587 best=9.587 patience=0/4
temporal epoch=014/100 loss=10.95415 center_teacher=1.000 acq_teacher=1.000 capture=100.00% bank_capture=100.00% acq_acc=100.00% acq_conf=0.624 radius=0.0m pred_step=5.239 target_step=5.743 pred_v=5.383 target_v=5.743 val_mle=9.012m val_p90=10.834m val_speed_mae=2.628 heading=-0.1/-1.5deg val_progress_mae=7.835m val_heading_mae=31.0deg val_capture=96.15% val_bank=96.15% val_acq_acc=100.00% score=9.517 best=9.517 patience=0/4
temporal epoch=015/100 loss=11.00820 center_teacher=1.000 acq_teacher=1.000 capture=100.00% bank_capture=100.00% acq_acc=100.00% acq_conf=0.624 radius=0.0m pred_step=4.784 target_step=5.743 pred_v=5.008 target_v=5.743 val_mle=8.911m val_p90=10.755m val_speed_mae=2.554 heading=-0.1/-1.5deg val_progress_mae=7.738m val_heading_mae=31.0deg val_capture=96.15% val_bank=96.15% val_acq_acc=100.00% score=9.409 best=9.409 patience=0/4
temporal epoch=016/100 loss=10.90539 center_teacher=1.000 acq_teacher=1.000 capture=100.00% bank_capture=100.00% acq_acc=100.00% acq_conf=0.624 radius=0.0m pred_step=5.612 target_step=5.743 pred_v=5.697 target_v=5.743 val_mle=8.837m val_p90=10.679m val_speed_mae=2.892 heading=0.0/-1.5deg val_progress_mae=7.658m val_heading_mae=31.0deg val_capture=96.15% val_bank=96.15% val_acq_acc=100.00% score=9.350 best=9.350 patience=0/4
temporal epoch=017/100 loss=11.03452 center_teacher=1.000 acq_teacher=1.000 capture=100.00% bank_capture=100.00% acq_acc=100.00% acq_conf=0.624 radius=0.0m pred_step=6.216 target_step=5.743 pred_v=6.204 target_v=5.743 val_mle=8.780m val_p90=10.621m val_speed_mae=2.546 heading=0.1/-1.5deg val_progress_mae=7.591m val_heading_mae=31.0deg val_capture=96.15% val_bank=96.15% val_acq_acc=100.00% score=9.274 best=9.274 patience=0/4
temporal epoch=018/100 loss=11.00599 center_teacher=1.000 acq_teacher=1.000 capture=100.00% bank_capture=100.00% acq_acc=100.00% acq_conf=0.624 radius=0.0m pred_step=4.462 target_step=5.743 pred_v=4.746 target_v=5.743 val_mle=8.754m val_p90=10.567m val_speed_mae=2.593 heading=0.0/-1.5deg val_progress_mae=7.541m val_heading_mae=31.0deg val_capture=96.15% val_bank=96.15% val_acq_acc=100.00% score=9.249 best=9.249 patience=0/4
temporal epoch=019/100 loss=10.71155 center_teacher=1.000 acq_teacher=1.000 capture=100.00% bank_capture=100.00% acq_acc=100.00% acq_conf=0.624 radius=0.0m pred_step=5.093 target_step=5.743 pred_v=5.270 target_v=5.743 val_mle=8.700m val_p90=10.559m val_speed_mae=3.528 heading=-0.0/-1.5deg val_progress_mae=7.480m val_heading_mae=30.9deg val_capture=96.15% val_bank=96.15% val_acq_acc=100.00% score=9.240 best=9.240 patience=0/4
temporal epoch=020/100 loss=11.21754 center_teacher=1.000 acq_teacher=1.000 capture=100.00% bank_capture=100.00% acq_acc=100.00% acq_conf=0.624 radius=0.0m pred_step=6.940 target_step=5.743 pred_v=6.819 target_v=5.743 val_mle=8.670m val_p90=10.575m val_speed_mae=2.543 heading=-0.0/-1.5deg val_progress_mae=7.443m val_heading_mae=30.9deg val_capture=96.15% val_bank=96.15% val_acq_acc=100.00% score=9.159 best=9.159 patience=0/4
temporal epoch=021/100 loss=10.79708 center_teacher=1.000 acq_teacher=1.000 capture=100.00% bank_capture=100.00% acq_acc=100.00% acq_conf=0.624 radius=0.0m pred_step=4.518 target_step=5.743 pred_v=4.798 target_v=5.743 val_mle=8.653m val_p90=10.605m val_speed_mae=3.227 heading=0.0/-1.5deg val_progress_mae=7.430m val_heading_mae=30.9deg val_capture=96.15% val_bank=96.15% val_acq_acc=100.00% score=9.176 best=9.159 patience=1/4
temporal epoch=022/100 loss=10.75772 center_teacher=1.000 acq_teacher=1.000 capture=100.00% bank_capture=100.00% acq_acc=100.00% acq_conf=0.624 radius=0.0m pred_step=4.302 target_step=5.743 pred_v=4.610 target_v=5.743 val_mle=8.619m val_p90=10.578m val_speed_mae=4.624 heading=0.0/-1.5deg val_progress_mae=7.399m val_heading_mae=30.9deg val_capture=96.15% val_bank=96.15% val_acq_acc=100.00% score=9.211 best=9.159 patience=2/4
temporal epoch=023/100 loss=12.29691 center_teacher=1.000 acq_teacher=1.000 capture=100.00% bank_capture=100.00% acq_acc=100.00% acq_conf=0.625 radius=0.0m pred_step=8.093 target_step=5.743 pred_v=7.771 target_v=5.743 val_mle=8.634m val_p90=10.584m val_speed_mae=2.779 heading=0.1/-1.5deg val_progress_mae=7.415m val_heading_mae=30.9deg val_capture=96.15% val_bank=96.15% val_acq_acc=100.00% score=9.134 best=9.134 patience=0/4
temporal epoch=024/100 loss=10.45710 center_teacher=1.000 acq_teacher=1.000 capture=100.00% bank_capture=100.00% acq_acc=100.00% acq_conf=0.624 radius=0.0m pred_step=4.666 target_step=5.743 pred_v=4.901 target_v=5.743 val_mle=8.708m val_p90=10.661m val_speed_mae=3.676 heading=-0.0/-1.5deg val_progress_mae=7.503m val_heading_mae=30.9deg val_capture=96.15% val_bank=96.15% val_acq_acc=100.00% score=9.255 best=9.134 patience=1/4
temporal epoch=025/100 loss=10.68059 center_teacher=1.000 acq_teacher=1.000 capture=100.00% bank_capture=100.00% acq_acc=100.00% acq_conf=0.625 radius=0.0m pred_step=3.722 target_step=5.743 pred_v=4.105 target_v=5.743 val_mle=8.713m val_p90=10.695m val_speed_mae=7.430 heading=-0.1/-1.5deg val_progress_mae=7.526m val_heading_mae=30.9deg val_capture=96.15% val_bank=96.15% val_acq_acc=100.00% score=9.449 best=9.134 patience=2/4
temporal epoch=026/100 loss=14.18821 center_teacher=1.000 acq_teacher=1.000 capture=100.00% bank_capture=100.00% acq_acc=100.00% acq_conf=0.625 radius=0.0m pred_step=9.752 target_step=5.743 pred_v=9.220 target_v=5.743 val_mle=8.722m val_p90=10.708m val_speed_mae=3.095 heading=-0.0/-1.5deg val_progress_mae=7.540m val_heading_mae=30.9deg val_capture=96.15% val_bank=96.15% val_acq_acc=100.00% score=9.242 best=9.134 patience=3/4
temporal epoch=027/100 loss=9.92959 center_teacher=1.000 acq_teacher=1.000 capture=100.00% bank_capture=100.00% acq_acc=100.00% acq_conf=0.624 radius=0.0m pred_step=5.279 target_step=5.743 pred_v=5.395 target_v=5.743 val_mle=8.859m val_p90=10.898m val_speed_mae=3.768 heading=-0.2/-1.5deg val_progress_mae=7.715m val_heading_mae=30.9deg val_capture=96.15% val_bank=96.15% val_acq_acc=100.00% score=9.417 best=9.134 patience=4/4
EARLY STOP: controlled local-prior validation score did not improve by 0.003 for 4 epochs.
[FORMAL TRAIN-ONLY V5 CALIBRATION] {"confidence_power": 0.5, "delta2_scale": 0.0, "fixed_variance_m2": 25.0, "objective": 9.595436739909697, "prior_blend_base": 0.05, "prior_blend_cutoff": 0.7, "prior_blend_lowconf_gain": 0.3, "prior_blend_max": 0.3, "q_cross": 0.4, "q_progress": 1.5, "q_velocity": 1.0, "stage": "step", "step_relax_confidence": 0.0, "step_relax_width": 0.05, "step_visual_slack_m": 10.0, "temporal_3frame_scale": 0.9, "val_mle_m": 8.619470473026245, "val_p90_m": 10.56910286199707, "val_progress_mae": 7.408901632354527, "val_speed_mae": 2.8174510800069936}
