[CORE-V5 COMPAT] evaluate args refs=['city', 'variant']
[CORE-V5 COMPAT] train_frames=3
[PREPARED] PASS | city=cityd | step=4 m | selection=soft_sequence_v13_multicity_auto_train_fullroute | existing GT/routes unchanged
[CADENCE] source=experiment_route_stats_train_01 | mean=5.465267 m | p90=10.039383 m | p95=12.083230 m
[OK] clean v39 runtime: Forward-18 SoftMS -> GRU -> Kalman -> one final MeanShift
[OK] weighted-centroid decoder removed from generated runtime source
[PATCH OK] GRU = current + delta + delta2 + SAT + SoftMS position + visual displacement + previous state
[PATCH OK] V5 3-frame direct acceleration + next-step correction
[PATCH OK] training/validation/inference motion starts from current-city cadence
[PATCH OK] Kalman = smooth confidence-adaptive measurement-preserving residual fusion
[PATCH OK] step corridor = continuous confidence relaxation
[PATCH OK] no held-out navigation result is read by this patch
[V39-BEARING] final-MS route-centerline reference patch: PASS
[CORE-V5 CONFIG] lateral/heading pre-Smooth-V1 profile: PASS
[CORE-V5 CONFIG] longitudinal train_01 cadence ownership: PASS
[CORE-V5 CKPT] reuse restored 3f Full checkpoint: /yh/study/uav-sat/v39_otherdata/formal_bearing_v5_smooth_20260920_233151/cityd/train_core_v5_restore/checkpoints
[PAPER-ABLATION-AUDIT] base_geometry_6x6: PASS
[PAPER-ABLATION-AUDIT] forward_policy: PASS
[PAPER-ABLATION-AUDIT] frame_count: PASS
[PAPER-ABLATION-AUDIT] gru_flag: PASS
[PAPER-ABLATION-AUDIT] kalman_flag: PASS
[PAPER-ABLATION-AUDIT] front_decoder: PASS
[PAPER-ABLATION-AUDIT] protocol: PASS
[PAPER-ABLATION-AUDIT] controlled_gt_reference_enabled: PASS
[PAPER-ABLATION-AUDIT] ablation_decoder_switch: PASS
[PAPER-ABLATION-AUDIT] v5_temporal_source: PASS
[PAPER-ABLATION-AUDIT] final_ms_source: PASS
route_B: reuse UAV backbone cache

=== cityd corev5_ctx2: nav50 ===
route_B final MLE=3.387m P90=5.896m LSR@15=100.00% selected_capture=100.00% bank_capture=100.00% acq_acc=100.00% speed_mae=3.084m/frame progress_mae=1.612m heading_mae=31.0deg jump_rate=0.00% max_step=22.62m final_leg=11 gt_leg=11
route_C: reuse UAV backbone cache

=== cityd corev5_ctx2: nav51 ===
route_C final MLE=3.356m P90=5.969m LSR@15=100.00% selected_capture=98.30% bank_capture=98.30% acq_acc=100.00% speed_mae=3.470m/frame progress_mae=1.604m heading_mae=37.2deg jump_rate=1.28% max_step=22.32m final_leg=9 gt_leg=9
[DONE] /yh/study/uav-sat/v39_otherdata/formal_bearing_v5_smooth_20260920_233151/cityd/variants_core_v5_restore/corev5_ctx2/bearing_v39_summary.json
[CORE-V5 RESTORE DONE] cityd corev5_ctx2
