[CORE-V5 COMPAT] evaluate args refs=['city', 'variant']
[CORE-V5 COMPAT] train_frames=3
[PREPARED] PASS | city=cityb | step=4 m | selection=soft_sequence_v13_multicity_auto_train_fullroute | existing GT/routes unchanged
[CADENCE] source=experiment_route_stats_train_01 | mean=5.769227 m | p90=10.316216 m | p95=11.515852 m
[OK] clean v39 runtime: Forward-18 SoftMS -> GRU -> Kalman -> one final MeanShift
[OK] weighted-centroid decoder removed from generated runtime source
[PATCH OK] GRU = current + delta + delta2 + SAT + SoftMS position + visual displacement + previous state
[PATCH OK] V5 3-frame direct acceleration + next-step correction
[PATCH OK] training/validation/inference motion starts from current-city cadence
[PATCH OK] Kalman = smooth confidence-adaptive measurement-preserving residual fusion
[PATCH OK] step corridor = continuous confidence relaxation
[PATCH OK] no held-out navigation result is read by this patch
[V39-BEARING] final-MS route-centerline reference patch: PASS
[CORE-V5 CONFIG] lateral/heading pre-Smooth-V1 profile: PASS
[CORE-V5 CONFIG] longitudinal train_01 cadence ownership: PASS
[CORE-V5 CKPT] reuse restored 3f Full checkpoint: /yh/study/uav-sat/v39_otherdata/formal_bearing_v5_smooth_20260920_233151/cityb/train_core_v5_restore/checkpoints
[PAPER-ABLATION-AUDIT] base_geometry_6x6: PASS
[PAPER-ABLATION-AUDIT] forward_policy: PASS
[PAPER-ABLATION-AUDIT] frame_count: PASS
[PAPER-ABLATION-AUDIT] gru_flag: PASS
[PAPER-ABLATION-AUDIT] kalman_flag: PASS
[PAPER-ABLATION-AUDIT] front_decoder: PASS
[PAPER-ABLATION-AUDIT] protocol: PASS
[PAPER-ABLATION-AUDIT] controlled_gt_reference_enabled: PASS
[PAPER-ABLATION-AUDIT] ablation_decoder_switch: PASS
[PAPER-ABLATION-AUDIT] v5_temporal_source: PASS
[PAPER-ABLATION-AUDIT] final_ms_source: PASS
route_B: reuse UAV backbone cache

=== cityb corev5_no_ms: nav50 ===
route_B final MLE=5.819m P90=10.878m LSR@15=98.75% selected_capture=100.00% bank_capture=100.00% acq_acc=100.00% speed_mae=3.254m/frame progress_mae=3.268m heading_mae=37.3deg jump_rate=6.29% max_step=22.64m final_leg=11 gt_leg=11
route_C: reuse UAV backbone cache

=== cityb corev5_no_ms: nav51 ===
route_C final MLE=6.215m P90=11.170m LSR@15=99.46% selected_capture=97.31% bank_capture=97.31% acq_acc=100.00% speed_mae=2.900m/frame progress_mae=3.117m heading_mae=38.7deg jump_rate=6.49% max_step=21.96m final_leg=9 gt_leg=9
[DONE] /yh/study/uav-sat/v39_otherdata/formal_bearing_v5_smooth_20260920_233151/cityb/variants_core_v5_restore/corev5_no_ms/bearing_v39_summary.json
[CORE-V5 RESTORE DONE] cityb corev5_no_ms
