[PREPARED] PASS | city=cityd | step=4 m | selection=soft_sequence_v13_multicity_auto_train_fullroute | existing GT/routes unchanged
[CADENCE] source=experiment_route_stats_train_01 | mean=5.465267 m | p90=10.039383 m | p95=12.083230 m
[OK] clean v39 runtime: Forward-18 SoftMS -> GRU -> Kalman -> one final MeanShift
[OK] weighted-centroid decoder removed from generated runtime source
[PATCH OK] GRU = current + delta + delta2 + SAT + SoftMS position + visual displacement + previous state
[PATCH OK] V5 3-frame direct acceleration + next-step correction
[PATCH OK] training/validation/inference motion starts from current-city cadence
[PATCH OK] Kalman = smooth confidence-adaptive measurement-preserving residual fusion
[PATCH OK] step corridor = continuous confidence relaxation
[PATCH OK] no held-out navigation result is read by this patch
[V39-BEARING] final-MS route-centerline reference patch: PASS
[ARCH-AUDIT] forward_18: PASS
[ARCH-AUDIT] base_geometry_6x6: PASS
[ARCH-AUDIT] front_softms_source: PASS
[ARCH-AUDIT] one_final_ms_source: PASS
[ARCH-AUDIT] front_decoder_softms: PASS
[ARCH-AUDIT] simple_seven_block_gru: PASS
[ARCH-AUDIT] residual_motion_head: PASS
[ARCH-AUDIT] causal_visual_displacement: PASS
[ARCH-AUDIT] cadence_initialized_tracker: PASS
[ARCH-AUDIT] motion_training_inference_aligned: PASS
[ARCH-AUDIT] training_city_motion_scale_init: PASS
[ARCH-AUDIT] forward_origin_backshift_covers_jitter: PASS
[ARCH-AUDIT] protocol: PASS
[ARCH-AUDIT] controlled_gt_reference_enabled: PASS
[ARCH-AUDIT] frame_count: PASS
[ARCH-AUDIT] gru_flag: PASS
[ARCH-AUDIT] kalman_flag: PASS
[TRAIN] reuse visual checkpoint /yh/study/uav-sat/v39_otherdata/formal_bearing_v5_smooth_20260920_233151/paper_temporal_multiseed_v3/seed_2033/cityd/train_frames1/checkpoints/visual_retrieval_A_only.pt
route_A: reuse UAV backbone cache
temporal split train=[0,136) val=[140,166) route_length=789.4m
City training-sequence mean forward step=5.530m/frame p90=10.147m/frame
temporal epoch=001/100 loss=14.26109 center_teacher=1.000 acq_teacher=1.000 capture=100.00% bank_capture=100.00% acq_acc=100.00% acq_conf=0.644 radius=0.0m pred_step=5.320 target_step=5.530 pred_v=5.337 target_v=5.530 val_mle=10.226m val_p90=12.532m val_speed_mae=2.912 heading=-0.0/0.7deg val_progress_mae=10.221m val_heading_mae=30.6deg val_capture=96.15% val_bank=96.15% val_acq_acc=100.00% score=10.816 best=10.816 patience=0/4
temporal epoch=002/100 loss=14.15813 center_teacher=1.000 acq_teacher=1.000 capture=100.00% bank_capture=100.00% acq_acc=100.00% acq_conf=0.644 radius=0.0m pred_step=4.710 target_step=5.530 pred_v=4.798 target_v=5.530 val_mle=10.010m val_p90=12.315m val_speed_mae=2.914 heading=-0.1/0.7deg val_progress_mae=9.997m val_heading_mae=30.6deg val_capture=96.15% val_bank=96.15% val_acq_acc=100.00% score=10.594 best=10.594 patience=0/4
temporal epoch=003/100 loss=13.94815 center_teacher=1.000 acq_teacher=1.000 capture=100.00% bank_capture=100.00% acq_acc=100.00% acq_conf=0.644 radius=0.0m pred_step=4.779 target_step=5.530 pred_v=4.861 target_v=5.530 val_mle=9.699m val_p90=12.012m val_speed_mae=2.914 heading=-0.2/0.7deg val_progress_mae=9.675m val_heading_mae=30.6deg val_capture=96.15% val_bank=96.15% val_acq_acc=100.00% score=10.273 best=10.273 patience=0/4
temporal epoch=004/100 loss=13.71348 center_teacher=1.000 acq_teacher=1.000 capture=100.00% bank_capture=100.00% acq_acc=100.00% acq_conf=0.644 radius=0.0m pred_step=5.262 target_step=5.530 pred_v=5.289 target_v=5.530 val_mle=9.343m val_p90=11.653m val_speed_mae=2.916 heading=-0.3/0.7deg val_progress_mae=9.305m val_heading_mae=30.6deg val_capture=96.15% val_bank=96.15% val_acq_acc=100.00% score=9.906 best=9.906 patience=0/4
temporal epoch=005/100 loss=13.52487 center_teacher=1.000 acq_teacher=1.000 capture=100.00% bank_capture=100.00% acq_acc=100.00% acq_conf=0.644 radius=0.0m pred_step=5.505 target_step=5.530 pred_v=5.506 target_v=5.530 val_mle=8.993m val_p90=11.301m val_speed_mae=2.914 heading=-0.2/0.7deg val_progress_mae=8.939m val_heading_mae=30.6deg val_capture=96.15% val_bank=96.15% val_acq_acc=100.00% score=9.545 best=9.545 patience=0/4
temporal epoch=006/100 loss=13.33587 center_teacher=1.000 acq_teacher=1.000 capture=100.00% bank_capture=100.00% acq_acc=100.00% acq_conf=0.644 radius=0.0m pred_step=5.169 target_step=5.530 pred_v=5.212 target_v=5.530 val_mle=8.687m val_p90=10.988m val_speed_mae=2.912 heading=-0.2/0.7deg val_progress_mae=8.617m val_heading_mae=30.6deg val_capture=96.15% val_bank=96.15% val_acq_acc=100.00% score=9.229 best=9.229 patience=0/4
temporal epoch=007/100 loss=13.16872 center_teacher=1.000 acq_teacher=1.000 capture=100.00% bank_capture=100.00% acq_acc=100.00% acq_conf=0.644 radius=0.0m pred_step=4.836 target_step=5.530 pred_v=4.921 target_v=5.530 val_mle=8.411m val_p90=10.712m val_speed_mae=2.912 heading=-0.3/0.7deg val_progress_mae=8.323m val_heading_mae=30.6deg val_capture=96.15% val_bank=96.15% val_acq_acc=100.00% score=8.944 best=8.944 patience=0/4
temporal epoch=008/100 loss=13.01465 center_teacher=1.000 acq_teacher=1.000 capture=100.00% bank_capture=100.00% acq_acc=100.00% acq_conf=0.644 radius=0.0m pred_step=4.970 target_step=5.530 pred_v=5.040 target_v=5.530 val_mle=8.178m val_p90=10.480m val_speed_mae=2.914 heading=-0.4/0.7deg val_progress_mae=8.074m val_heading_mae=30.6deg val_capture=96.15% val_bank=96.15% val_acq_acc=100.00% score=8.704 best=8.704 patience=0/4
temporal epoch=009/100 loss=12.94916 center_teacher=1.000 acq_teacher=1.000 capture=100.00% bank_capture=100.00% acq_acc=100.00% acq_conf=0.644 radius=0.0m pred_step=5.372 target_step=5.530 pred_v=5.393 target_v=5.530 val_mle=7.991m val_p90=10.289m val_speed_mae=2.915 heading=-0.5/0.7deg val_progress_mae=7.872m val_heading_mae=30.6deg val_capture=96.15% val_bank=96.15% val_acq_acc=100.00% score=8.511 best=8.511 patience=0/4
temporal epoch=010/100 loss=12.91295 center_teacher=1.000 acq_teacher=1.000 capture=100.00% bank_capture=100.00% acq_acc=100.00% acq_conf=0.644 radius=0.0m pred_step=5.442 target_step=5.530 pred_v=5.452 target_v=5.530 val_mle=7.840m val_p90=10.134m val_speed_mae=2.913 heading=-0.5/0.7deg val_progress_mae=7.709m val_heading_mae=30.6deg val_capture=96.15% val_bank=96.15% val_acq_acc=100.00% score=8.355 best=8.355 patience=0/4
temporal epoch=011/100 loss=12.83744 center_teacher=1.000 acq_teacher=1.000 capture=100.00% bank_capture=100.00% acq_acc=100.00% acq_conf=0.644 radius=0.0m pred_step=5.156 target_step=5.530 pred_v=5.198 target_v=5.530 val_mle=7.725m val_p90=10.013m val_speed_mae=2.910 heading=-0.5/0.7deg val_progress_mae=7.583m val_heading_mae=30.6deg val_capture=96.15% val_bank=96.15% val_acq_acc=100.00% score=8.236 best=8.236 patience=0/4
temporal epoch=012/100 loss=12.80072 center_teacher=1.000 acq_teacher=1.000 capture=100.00% bank_capture=100.00% acq_acc=100.00% acq_conf=0.644 radius=0.0m pred_step=4.819 target_step=5.530 pred_v=4.899 target_v=5.530 val_mle=7.629m val_p90=9.919m val_speed_mae=2.909 heading=-0.6/0.7deg val_progress_mae=7.481m val_heading_mae=30.6deg val_capture=96.15% val_bank=96.15% val_acq_acc=100.00% score=8.137 best=8.137 patience=0/4
temporal epoch=013/100 loss=12.74935 center_teacher=1.000 acq_teacher=1.000 capture=100.00% bank_capture=100.00% acq_acc=100.00% acq_conf=0.646 radius=0.0m pred_step=4.903 target_step=5.530 pred_v=4.972 target_v=5.530 val_mle=7.552m val_p90=9.839m val_speed_mae=2.911 heading=-0.6/0.7deg val_progress_mae=7.398m val_heading_mae=30.6deg val_capture=96.15% val_bank=96.15% val_acq_acc=100.00% score=8.058 best=8.058 patience=0/4
temporal epoch=014/100 loss=12.70983 center_teacher=1.000 acq_teacher=1.000 capture=100.00% bank_capture=100.00% acq_acc=100.00% acq_conf=0.647 radius=0.0m pred_step=5.410 target_step=5.530 pred_v=5.417 target_v=5.530 val_mle=7.481m val_p90=9.762m val_speed_mae=2.910 heading=-0.7/0.7deg val_progress_mae=7.323m val_heading_mae=30.6deg val_capture=96.15% val_bank=96.15% val_acq_acc=100.00% score=7.985 best=7.985 patience=0/4
temporal epoch=015/100 loss=12.58537 center_teacher=1.000 acq_teacher=1.000 capture=100.00% bank_capture=100.00% acq_acc=100.00% acq_conf=0.645 radius=0.0m pred_step=5.346 target_step=5.530 pred_v=5.360 target_v=5.530 val_mle=7.412m val_p90=9.686m val_speed_mae=2.905 heading=-0.8/0.7deg val_progress_mae=7.249m val_heading_mae=30.6deg val_capture=96.15% val_bank=96.15% val_acq_acc=100.00% score=7.913 best=7.913 patience=0/4
temporal epoch=016/100 loss=12.56603 center_teacher=1.000 acq_teacher=1.000 capture=100.00% bank_capture=100.00% acq_acc=100.00% acq_conf=0.647 radius=0.0m pred_step=4.769 target_step=5.530 pred_v=4.850 target_v=5.530 val_mle=7.358m val_p90=9.625m val_speed_mae=2.903 heading=-0.9/0.7deg val_progress_mae=7.193m val_heading_mae=30.6deg val_capture=96.15% val_bank=96.15% val_acq_acc=100.00% score=7.857 best=7.857 patience=0/4
temporal epoch=017/100 loss=12.55022 center_teacher=1.000 acq_teacher=1.000 capture=100.00% bank_capture=100.00% acq_acc=100.00% acq_conf=0.647 radius=0.0m pred_step=5.153 target_step=5.530 pred_v=5.186 target_v=5.530 val_mle=7.317m val_p90=9.579m val_speed_mae=2.903 heading=-1.0/0.7deg val_progress_mae=7.151m val_heading_mae=30.6deg val_capture=96.15% val_bank=96.15% val_acq_acc=100.00% score=7.815 best=7.815 patience=0/4
temporal epoch=018/100 loss=12.50008 center_teacher=1.000 acq_teacher=1.000 capture=100.00% bank_capture=100.00% acq_acc=100.00% acq_conf=0.648 radius=0.0m pred_step=5.455 target_step=5.530 pred_v=5.452 target_v=5.530 val_mle=7.300m val_p90=9.526m val_speed_mae=2.896 heading=-1.1/0.7deg val_progress_mae=7.135m val_heading_mae=30.6deg val_capture=96.15% val_bank=96.15% val_acq_acc=100.00% score=7.797 best=7.797 patience=0/4
temporal epoch=019/100 loss=12.45940 center_teacher=1.000 acq_teacher=1.000 capture=100.00% bank_capture=100.00% acq_acc=100.00% acq_conf=0.648 radius=0.0m pred_step=4.506 target_step=5.530 pred_v=4.616 target_v=5.530 val_mle=7.280m val_p90=9.500m val_speed_mae=2.915 heading=-1.1/0.7deg val_progress_mae=7.117m val_heading_mae=30.6deg val_capture=96.15% val_bank=96.15% val_acq_acc=100.00% score=7.777 best=7.777 patience=0/4
temporal epoch=020/100 loss=12.69610 center_teacher=1.000 acq_teacher=1.000 capture=100.00% bank_capture=100.00% acq_acc=100.00% acq_conf=0.648 radius=0.0m pred_step=5.919 target_step=5.530 pred_v=5.858 target_v=5.530 val_mle=7.239m val_p90=9.453m val_speed_mae=2.887 heading=-1.2/0.7deg val_progress_mae=7.075m val_heading_mae=30.6deg val_capture=96.15% val_bank=96.15% val_acq_acc=100.00% score=7.733 best=7.733 patience=0/4
temporal epoch=021/100 loss=12.41874 center_teacher=1.000 acq_teacher=1.000 capture=100.00% bank_capture=100.00% acq_acc=100.00% acq_conf=0.648 radius=0.0m pred_step=4.512 target_step=5.530 pred_v=4.621 target_v=5.530 val_mle=7.496m val_p90=9.790m val_speed_mae=2.882 heading=-1.3/0.7deg val_progress_mae=7.166m val_heading_mae=30.6deg val_capture=96.15% val_bank=96.15% val_acq_acc=100.00% score=7.993 best=7.733 patience=1/4
temporal epoch=022/100 loss=12.63453 center_teacher=1.000 acq_teacher=1.000 capture=100.00% bank_capture=100.00% acq_acc=100.00% acq_conf=0.648 radius=0.0m pred_step=5.625 target_step=5.530 pred_v=5.602 target_v=5.530 val_mle=7.492m val_p90=9.754m val_speed_mae=3.063 heading=-1.3/0.7deg val_progress_mae=7.166m val_heading_mae=30.6deg val_capture=96.15% val_bank=96.15% val_acq_acc=100.00% score=7.998 best=7.733 patience=2/4
temporal epoch=023/100 loss=12.51955 center_teacher=1.000 acq_teacher=1.000 capture=100.00% bank_capture=100.00% acq_acc=100.00% acq_conf=0.648 radius=0.0m pred_step=5.611 target_step=5.530 pred_v=5.592 target_v=5.530 val_mle=7.485m val_p90=9.677m val_speed_mae=4.827 heading=-1.4/0.7deg val_progress_mae=7.128m val_heading_mae=30.6deg val_capture=96.15% val_bank=96.15% val_acq_acc=100.00% score=8.079 best=7.733 patience=3/4
temporal epoch=024/100 loss=13.26094 center_teacher=1.000 acq_teacher=1.000 capture=100.00% bank_capture=100.00% acq_acc=100.00% acq_conf=0.647 radius=0.0m pred_step=2.892 target_step=5.530 pred_v=3.202 target_v=5.530 val_mle=7.595m val_p90=9.799m val_speed_mae=8.536 heading=-1.6/0.7deg val_progress_mae=7.254m val_heading_mae=30.6deg val_capture=96.15% val_bank=96.15% val_acq_acc=100.00% score=8.378 best=7.733 patience=4/4
EARLY STOP: controlled local-prior validation score did not improve by 0.003 for 4 epochs.
