[PREPARED] PASS | city=cityb | step=4 m | selection=soft_sequence_v13_multicity_auto_train_fullroute | existing GT/routes unchanged
[CADENCE] source=experiment_route_stats_train_01 | mean=5.769227 m | p90=10.316216 m | p95=11.515852 m
[OK] clean v39 runtime: Forward-18 SoftMS -> GRU -> Kalman -> one final MeanShift
[OK] weighted-centroid decoder removed from generated runtime source
[PATCH OK] GRU = current + delta + delta2 + SAT + SoftMS position + visual displacement + previous state
[PATCH OK] V5 3-frame direct acceleration + next-step correction
[PATCH OK] training/validation/inference motion starts from current-city cadence
[PATCH OK] Kalman = smooth confidence-adaptive measurement-preserving residual fusion
[PATCH OK] step corridor = continuous confidence relaxation
[PATCH OK] no held-out navigation result is read by this patch
[V39-BEARING] final-MS route-centerline reference patch: PASS
[ARCH-AUDIT] forward_18: PASS
[ARCH-AUDIT] base_geometry_6x6: PASS
[ARCH-AUDIT] front_softms_source: PASS
[ARCH-AUDIT] one_final_ms_source: PASS
[ARCH-AUDIT] front_decoder_softms: PASS
[ARCH-AUDIT] simple_seven_block_gru: PASS
[ARCH-AUDIT] residual_motion_head: PASS
[ARCH-AUDIT] causal_visual_displacement: PASS
[ARCH-AUDIT] cadence_initialized_tracker: PASS
[ARCH-AUDIT] motion_training_inference_aligned: PASS
[ARCH-AUDIT] training_city_motion_scale_init: PASS
[ARCH-AUDIT] forward_origin_backshift_covers_jitter: PASS
[ARCH-AUDIT] protocol: PASS
[ARCH-AUDIT] controlled_gt_reference_enabled: PASS
[ARCH-AUDIT] frame_count: PASS
[ARCH-AUDIT] gru_flag: PASS
[ARCH-AUDIT] kalman_flag: PASS
[TRAIN] reuse visual checkpoint /yh/study/uav-sat/v39_otherdata/formal_bearing_v5_smooth_20260920_233151/paper_temporal_multiseed_v3/seed_2033/cityb/train_frames3/checkpoints/visual_retrieval_A_only.pt
route_A: reuse UAV backbone cache
temporal split train=[0,135) val=[139,165) route_length=789.4m
City training-sequence mean forward step=5.743m/frame p90=10.578m/frame
temporal epoch=001/100 loss=12.49846 center_teacher=1.000 acq_teacher=1.000 capture=100.00% bank_capture=100.00% acq_acc=100.00% acq_conf=0.624 radius=0.0m pred_step=5.367 target_step=5.743 pred_v=5.431 target_v=5.743 val_mle=11.341m val_p90=13.658m val_speed_mae=2.781 heading=0.0/-1.6deg val_progress_mae=10.504m val_heading_mae=31.1deg val_capture=96.15% val_bank=96.15% val_acq_acc=100.00% score=11.934 best=11.934 patience=0/4
temporal epoch=002/100 loss=12.38051 center_teacher=1.000 acq_teacher=1.000 capture=100.00% bank_capture=100.00% acq_acc=100.00% acq_conf=0.624 radius=0.0m pred_step=4.745 target_step=5.743 pred_v=4.897 target_v=5.743 val_mle=11.204m val_p90=13.505m val_speed_mae=2.533 heading=-0.1/-1.6deg val_progress_mae=10.349m val_heading_mae=31.1deg val_capture=96.15% val_bank=96.15% val_acq_acc=100.00% score=11.780 best=11.780 patience=0/4
temporal epoch=003/100 loss=12.17499 center_teacher=1.000 acq_teacher=1.000 capture=100.00% bank_capture=100.00% acq_acc=100.00% acq_conf=0.624 radius=0.0m pred_step=5.585 target_step=5.743 pred_v=5.590 target_v=5.743 val_mle=11.015m val_p90=13.291m val_speed_mae=2.644 heading=-0.2/-1.6deg val_progress_mae=10.133m val_heading_mae=31.1deg val_capture=96.15% val_bank=96.15% val_acq_acc=100.00% score=11.590 best=11.590 patience=0/4
temporal epoch=004/100 loss=12.07264 center_teacher=1.000 acq_teacher=1.000 capture=100.00% bank_capture=100.00% acq_acc=100.00% acq_conf=0.624 radius=0.0m pred_step=5.927 target_step=5.743 pred_v=5.866 target_v=5.743 val_mle=10.785m val_p90=13.046m val_speed_mae=2.547 heading=-0.1/-1.6deg val_progress_mae=9.880m val_heading_mae=31.1deg val_capture=96.15% val_bank=96.15% val_acq_acc=100.00% score=11.348 best=11.348 patience=0/4
temporal epoch=005/100 loss=11.87728 center_teacher=1.000 acq_teacher=1.000 capture=100.00% bank_capture=100.00% acq_acc=100.00% acq_conf=0.624 radius=0.0m pred_step=5.371 target_step=5.743 pred_v=5.391 target_v=5.743 val_mle=10.566m val_p90=12.790m val_speed_mae=2.717 heading=0.0/-1.6deg val_progress_mae=9.628m val_heading_mae=31.1deg val_capture=96.15% val_bank=96.15% val_acq_acc=100.00% score=11.130 best=11.130 patience=0/4
temporal epoch=006/100 loss=11.87643 center_teacher=1.000 acq_teacher=1.000 capture=100.00% bank_capture=100.00% acq_acc=100.00% acq_conf=0.624 radius=0.0m pred_step=4.714 target_step=5.743 pred_v=4.828 target_v=5.743 val_mle=10.333m val_p90=12.520m val_speed_mae=2.799 heading=0.0/-1.6deg val_progress_mae=9.359m val_heading_mae=31.1deg val_capture=96.15% val_bank=96.15% val_acq_acc=100.00% score=10.893 best=10.893 patience=0/4
temporal epoch=007/100 loss=11.66643 center_teacher=1.000 acq_teacher=1.000 capture=100.00% bank_capture=100.00% acq_acc=100.00% acq_conf=0.624 radius=0.0m pred_step=4.799 target_step=5.743 pred_v=4.897 target_v=5.743 val_mle=10.113m val_p90=12.244m val_speed_mae=2.530 heading=-0.1/-1.6deg val_progress_mae=9.098m val_heading_mae=31.1deg val_capture=96.15% val_bank=96.15% val_acq_acc=100.00% score=10.651 best=10.651 patience=0/4
temporal epoch=008/100 loss=11.39094 center_teacher=1.000 acq_teacher=1.000 capture=100.00% bank_capture=100.00% acq_acc=100.00% acq_conf=0.624 radius=0.0m pred_step=5.499 target_step=5.743 pred_v=5.490 target_v=5.743 val_mle=9.877m val_p90=11.984m val_speed_mae=2.572 heading=-0.2/-1.6deg val_progress_mae=8.834m val_heading_mae=31.1deg val_capture=96.15% val_bank=96.15% val_acq_acc=100.00% score=10.410 best=10.410 patience=0/4
temporal epoch=009/100 loss=11.31361 center_teacher=1.000 acq_teacher=1.000 capture=100.00% bank_capture=100.00% acq_acc=100.00% acq_conf=0.624 radius=0.0m pred_step=5.669 target_step=5.743 pred_v=5.639 target_v=5.743 val_mle=9.686m val_p90=11.766m val_speed_mae=2.533 heading=-0.3/-1.6deg val_progress_mae=8.626m val_heading_mae=31.1deg val_capture=96.15% val_bank=96.15% val_acq_acc=100.00% score=10.210 best=10.210 patience=0/4
temporal epoch=010/100 loss=11.23945 center_teacher=1.000 acq_teacher=1.000 capture=100.00% bank_capture=100.00% acq_acc=100.00% acq_conf=0.624 radius=0.0m pred_step=5.053 target_step=5.743 pred_v=5.115 target_v=5.743 val_mle=9.527m val_p90=11.589m val_speed_mae=2.651 heading=-0.3/-1.6deg val_progress_mae=8.454m val_heading_mae=31.1deg val_capture=96.15% val_bank=96.15% val_acq_acc=100.00% score=10.052 best=10.052 patience=0/4
temporal epoch=011/100 loss=11.23180 center_teacher=1.000 acq_teacher=1.000 capture=100.00% bank_capture=100.00% acq_acc=100.00% acq_conf=0.624 radius=0.0m pred_step=4.860 target_step=5.743 pred_v=4.952 target_v=5.743 val_mle=9.397m val_p90=11.442m val_speed_mae=2.527 heading=-0.3/-1.6deg val_progress_mae=8.313m val_heading_mae=31.1deg val_capture=96.15% val_bank=96.15% val_acq_acc=100.00% score=9.912 best=9.912 patience=0/4
temporal epoch=012/100 loss=11.11688 center_teacher=1.000 acq_teacher=1.000 capture=100.00% bank_capture=100.00% acq_acc=100.00% acq_conf=0.624 radius=0.0m pred_step=5.405 target_step=5.743 pred_v=5.420 target_v=5.743 val_mle=9.282m val_p90=11.314m val_speed_mae=2.625 heading=-0.3/-1.6deg val_progress_mae=8.186m val_heading_mae=31.1deg val_capture=96.15% val_bank=96.15% val_acq_acc=100.00% score=9.798 best=9.798 patience=0/4
temporal epoch=013/100 loss=11.10697 center_teacher=1.000 acq_teacher=1.000 capture=100.00% bank_capture=100.00% acq_acc=100.00% acq_conf=0.624 radius=0.0m pred_step=5.815 target_step=5.743 pred_v=5.766 target_v=5.743 val_mle=9.184m val_p90=11.195m val_speed_mae=2.544 heading=-0.3/-1.6deg val_progress_mae=8.076m val_heading_mae=31.1deg val_capture=96.15% val_bank=96.15% val_acq_acc=100.00% score=9.693 best=9.693 patience=0/4
temporal epoch=014/100 loss=10.98402 center_teacher=1.000 acq_teacher=1.000 capture=100.00% bank_capture=100.00% acq_acc=100.00% acq_conf=0.624 radius=0.0m pred_step=5.293 target_step=5.743 pred_v=5.319 target_v=5.743 val_mle=9.097m val_p90=11.084m val_speed_mae=2.648 heading=-0.4/-1.6deg val_progress_mae=7.977m val_heading_mae=31.1deg val_capture=96.15% val_bank=96.15% val_acq_acc=100.00% score=9.608 best=9.608 patience=0/4
temporal epoch=015/100 loss=11.02991 center_teacher=1.000 acq_teacher=1.000 capture=100.00% bank_capture=100.00% acq_acc=100.00% acq_conf=0.626 radius=0.0m pred_step=4.693 target_step=5.743 pred_v=4.804 target_v=5.743 val_mle=9.016m val_p90=10.983m val_speed_mae=2.531 heading=-0.4/-1.6deg val_progress_mae=7.885m val_heading_mae=31.1deg val_capture=96.15% val_bank=96.15% val_acq_acc=100.00% score=9.518 best=9.518 patience=0/4
temporal epoch=016/100 loss=10.91298 center_teacher=1.000 acq_teacher=1.000 capture=100.00% bank_capture=100.00% acq_acc=100.00% acq_conf=0.626 radius=0.0m pred_step=5.513 target_step=5.743 pred_v=5.497 target_v=5.743 val_mle=8.941m val_p90=10.889m val_speed_mae=2.885 heading=-0.4/-1.6deg val_progress_mae=7.799m val_heading_mae=31.1deg val_capture=96.15% val_bank=96.15% val_acq_acc=100.00% score=9.458 best=9.458 patience=0/4
temporal epoch=017/100 loss=11.05619 center_teacher=1.000 acq_teacher=1.000 capture=100.00% bank_capture=100.00% acq_acc=100.00% acq_conf=0.625 radius=0.0m pred_step=6.264 target_step=5.743 pred_v=6.136 target_v=5.743 val_mle=8.868m val_p90=10.790m val_speed_mae=2.521 heading=-0.4/-1.6deg val_progress_mae=7.714m val_heading_mae=31.1deg val_capture=96.15% val_bank=96.15% val_acq_acc=100.00% score=9.364 best=9.364 patience=0/4
temporal epoch=018/100 loss=10.90430 center_teacher=1.000 acq_teacher=1.000 capture=100.00% bank_capture=100.00% acq_acc=100.00% acq_conf=0.626 radius=0.0m pred_step=4.761 target_step=5.743 pred_v=4.840 target_v=5.743 val_mle=8.802m val_p90=10.701m val_speed_mae=2.829 heading=-0.5/-1.6deg val_progress_mae=7.637m val_heading_mae=31.1deg val_capture=96.15% val_bank=96.15% val_acq_acc=100.00% score=9.312 best=9.312 patience=0/4
temporal epoch=019/100 loss=10.87633 center_teacher=1.000 acq_teacher=1.000 capture=100.00% bank_capture=100.00% acq_acc=100.00% acq_conf=0.627 radius=0.0m pred_step=4.604 target_step=5.743 pred_v=4.698 target_v=5.743 val_mle=8.741m val_p90=10.646m val_speed_mae=3.575 heading=-0.5/-1.6deg val_progress_mae=7.563m val_heading_mae=31.1deg val_capture=96.15% val_bank=96.15% val_acq_acc=100.00% score=9.286 best=9.286 patience=0/4
temporal epoch=020/100 loss=11.71189 center_teacher=1.000 acq_teacher=1.000 capture=100.00% bank_capture=100.00% acq_acc=100.00% acq_conf=0.626 radius=0.0m pred_step=7.307 target_step=5.743 pred_v=7.013 target_v=5.743 val_mle=8.693m val_p90=10.593m val_speed_mae=2.694 heading=-0.5/-1.6deg val_progress_mae=7.512m val_heading_mae=31.1deg val_capture=96.15% val_bank=96.15% val_acq_acc=100.00% score=9.192 best=9.192 patience=0/4
temporal epoch=021/100 loss=10.71627 center_teacher=1.000 acq_teacher=1.000 capture=100.00% bank_capture=100.00% acq_acc=100.00% acq_conf=0.627 radius=0.0m pred_step=4.962 target_step=5.743 pred_v=5.000 target_v=5.743 val_mle=8.646m val_p90=10.552m val_speed_mae=4.367 heading=-0.6/-1.6deg val_progress_mae=7.458m val_heading_mae=31.0deg val_capture=96.15% val_bank=96.15% val_acq_acc=100.00% score=9.227 best=9.192 patience=1/4
temporal epoch=022/100 loss=11.65337 center_teacher=1.000 acq_teacher=1.000 capture=100.00% bank_capture=100.00% acq_acc=100.00% acq_conf=0.625 radius=0.0m pred_step=3.103 target_step=5.743 pred_v=3.400 target_v=5.743 val_mle=8.610m val_p90=10.556m val_speed_mae=3.928 heading=-0.7/-1.6deg val_progress_mae=7.414m val_heading_mae=31.0deg val_capture=96.15% val_bank=96.15% val_acq_acc=100.00% score=9.168 best=9.168 patience=0/4
temporal epoch=023/100 loss=12.85469 center_teacher=1.000 acq_teacher=1.000 capture=100.00% bank_capture=100.00% acq_acc=100.00% acq_conf=0.627 radius=0.0m pred_step=8.132 target_step=5.743 pred_v=7.687 target_v=5.743 val_mle=8.590m val_p90=10.573m val_speed_mae=5.476 heading=-0.5/-1.6deg val_progress_mae=7.394m val_heading_mae=31.0deg val_capture=96.15% val_bank=96.15% val_acq_acc=100.00% score=9.224 best=9.168 patience=1/4
temporal epoch=024/100 loss=10.96320 center_teacher=1.000 acq_teacher=1.000 capture=100.00% bank_capture=100.00% acq_acc=100.00% acq_conf=0.627 radius=0.0m pred_step=6.921 target_step=5.743 pred_v=6.654 target_v=5.743 val_mle=8.562m val_p90=10.568m val_speed_mae=5.581 heading=-0.6/-1.6deg val_progress_mae=7.368m val_heading_mae=31.0deg val_capture=96.15% val_bank=96.15% val_acq_acc=100.00% score=9.201 best=9.168 patience=2/4
temporal epoch=025/100 loss=13.82110 center_teacher=1.000 acq_teacher=1.000 capture=100.00% bank_capture=100.00% acq_acc=100.00% acq_conf=0.625 radius=0.0m pred_step=1.172 target_step=5.743 pred_v=1.451 target_v=5.743 val_mle=8.561m val_p90=10.615m val_speed_mae=5.584 heading=-0.9/-1.6deg val_progress_mae=7.373m val_heading_mae=31.0deg val_capture=96.15% val_bank=96.15% val_acq_acc=100.00% score=9.200 best=9.168 patience=3/4
temporal epoch=026/100 loss=14.07263 center_teacher=1.000 acq_teacher=1.000 capture=100.00% bank_capture=100.00% acq_acc=100.00% acq_conf=0.625 radius=0.0m pred_step=0.840 target_step=5.743 pred_v=1.151 target_v=5.743 val_mle=8.600m val_p90=10.713m val_speed_mae=3.058 heading=-0.9/-1.6deg val_progress_mae=7.430m val_heading_mae=31.0deg val_capture=96.15% val_bank=96.15% val_acq_acc=100.00% score=9.114 best=9.114 patience=0/4
temporal epoch=027/100 loss=11.25147 center_teacher=1.000 acq_teacher=1.000 capture=100.00% bank_capture=100.00% acq_acc=100.00% acq_conf=0.625 radius=0.0m pred_step=5.252 target_step=5.743 pred_v=5.162 target_v=5.743 val_mle=8.670m val_p90=10.864m val_speed_mae=7.293 heading=-0.8/-1.6deg val_progress_mae=7.514m val_heading_mae=31.0deg val_capture=96.15% val_bank=96.15% val_acq_acc=100.00% score=9.399 best=9.114 patience=1/4
temporal epoch=028/100 loss=13.69673 center_teacher=1.000 acq_teacher=1.000 capture=100.00% bank_capture=100.00% acq_acc=100.00% acq_conf=0.624 radius=0.0m pred_step=9.518 target_step=5.743 pred_v=8.768 target_v=5.743 val_mle=8.921m val_p90=11.008m val_speed_mae=4.402 heading=-1.0/-1.6deg val_progress_mae=7.803m val_heading_mae=31.1deg val_capture=96.15% val_bank=96.15% val_acq_acc=100.00% score=9.514 best=9.114 patience=2/4
temporal epoch=029/100 loss=12.59222 center_teacher=1.000 acq_teacher=1.000 capture=100.00% bank_capture=100.00% acq_acc=100.00% acq_conf=0.624 radius=0.0m pred_step=2.010 target_step=5.743 pred_v=2.353 target_v=5.743 val_mle=9.058m val_p90=11.275m val_speed_mae=3.677 heading=-1.7/-1.6deg val_progress_mae=7.975m val_heading_mae=31.2deg val_capture=96.15% val_bank=96.15% val_acq_acc=100.00% score=9.621 best=9.114 patience=3/4
temporal epoch=030/100 loss=10.25551 center_teacher=1.000 acq_teacher=1.000 capture=100.00% bank_capture=100.00% acq_acc=100.00% acq_conf=0.626 radius=0.0m pred_step=5.357 target_step=5.743 pred_v=5.222 target_v=5.743 val_mle=8.943m val_p90=11.191m val_speed_mae=7.402 heading=-1.5/-1.6deg val_progress_mae=7.852m val_heading_mae=31.2deg val_capture=96.15% val_bank=96.15% val_acq_acc=100.00% score=9.688 best=9.114 patience=4/4
EARLY STOP: controlled local-prior validation score did not improve by 0.003 for 4 epochs.
[FORMAL TRAIN-ONLY V5 CALIBRATION] {"confidence_power": 0.5, "delta2_scale": 2.0, "fixed_variance_m2": 25.0, "objective": 9.399444816360411, "prior_blend_base": 0.05, "prior_blend_cutoff": 0.7, "prior_blend_lowconf_gain": 0.3, "prior_blend_max": 0.3, "q_cross": 0.4, "q_progress": 1.5, "q_velocity": 1.0, "stage": "step", "step_relax_confidence": 0.0, "step_relax_width": 0.05, "step_visual_slack_m": 10.0, "temporal_3frame_scale": 0.9, "val_mle_m": 8.428827293509698, "val_p90_m": 10.481570359867804, "val_progress_mae": 7.247655550747818, "val_speed_mae": 2.9807669276905147}
