[PREPARED] PASS | city=cityd | step=4 m | selection=soft_sequence_v13_multicity_auto_train_fullroute | existing GT/routes unchanged
[CADENCE] source=experiment_route_stats_train_01 | mean=5.465267 m | p90=10.039383 m | p95=12.083230 m
[OK] clean v39 runtime: Forward-18 SoftMS -> GRU -> Kalman -> one final MeanShift
[OK] weighted-centroid decoder removed from generated runtime source
[PATCH OK] GRU = current + delta + delta2 + SAT + SoftMS position + visual displacement + previous state
[PATCH OK] V5 3-frame direct acceleration + next-step correction
[PATCH OK] training/validation/inference motion starts from current-city cadence
[PATCH OK] Kalman = smooth confidence-adaptive measurement-preserving residual fusion
[PATCH OK] step corridor = continuous confidence relaxation
[PATCH OK] no held-out navigation result is read by this patch
[V39-BEARING] final-MS route-centerline reference patch: PASS
[ARCH-AUDIT] forward_18: PASS
[ARCH-AUDIT] base_geometry_6x6: PASS
[ARCH-AUDIT] front_softms_source: PASS
[ARCH-AUDIT] one_final_ms_source: PASS
[ARCH-AUDIT] front_decoder_softms: PASS
[ARCH-AUDIT] simple_seven_block_gru: PASS
[ARCH-AUDIT] residual_motion_head: PASS
[ARCH-AUDIT] causal_visual_displacement: PASS
[ARCH-AUDIT] cadence_initialized_tracker: PASS
[ARCH-AUDIT] motion_training_inference_aligned: PASS
[ARCH-AUDIT] training_city_motion_scale_init: PASS
[ARCH-AUDIT] forward_origin_backshift_covers_jitter: PASS
[ARCH-AUDIT] protocol: PASS
[ARCH-AUDIT] controlled_gt_reference_enabled: PASS
[ARCH-AUDIT] frame_count: PASS
[ARCH-AUDIT] gru_flag: PASS
[ARCH-AUDIT] kalman_flag: PASS
[TRAIN] reuse visual checkpoint /yh/study/uav-sat/v39_otherdata/formal_bearing_v5_smooth_20260920_233151/paper_temporal_multiseed_v3/seed_2035/cityd/train_frames3/checkpoints/visual_retrieval_A_only.pt
route_A: reuse UAV backbone cache
temporal split train=[0,136) val=[140,166) route_length=789.4m
City training-sequence mean forward step=5.530m/frame p90=10.147m/frame
temporal epoch=001/100 loss=14.25648 center_teacher=1.000 acq_teacher=1.000 capture=100.00% bank_capture=100.00% acq_acc=100.00% acq_conf=0.644 radius=0.0m pred_step=5.165 target_step=5.530 pred_v=5.218 target_v=5.530 val_mle=10.251m val_p90=12.557m val_speed_mae=2.969 heading=-0.0/0.7deg val_progress_mae=10.247m val_heading_mae=30.6deg val_capture=96.15% val_bank=96.15% val_acq_acc=100.00% score=10.845 best=10.845 patience=0/4
temporal epoch=002/100 loss=14.24530 center_teacher=1.000 acq_teacher=1.000 capture=100.00% bank_capture=100.00% acq_acc=100.00% acq_conf=0.644 radius=0.0m pred_step=4.431 target_step=5.530 pred_v=4.596 target_v=5.530 val_mle=10.075m val_p90=12.388m val_speed_mae=2.913 heading=-0.1/0.7deg val_progress_mae=10.065m val_heading_mae=30.6deg val_capture=96.15% val_bank=96.15% val_acq_acc=100.00% score=10.661 best=10.661 patience=0/4
temporal epoch=003/100 loss=13.97654 center_teacher=1.000 acq_teacher=1.000 capture=100.00% bank_capture=100.00% acq_acc=100.00% acq_conf=0.644 radius=0.0m pred_step=5.057 target_step=5.530 pred_v=5.121 target_v=5.530 val_mle=9.823m val_p90=12.139m val_speed_mae=2.917 heading=-0.2/0.7deg val_progress_mae=9.804m val_heading_mae=30.6deg val_capture=96.15% val_bank=96.15% val_acq_acc=100.00% score=10.401 best=10.401 patience=0/4
temporal epoch=004/100 loss=13.85385 center_teacher=1.000 acq_teacher=1.000 capture=100.00% bank_capture=100.00% acq_acc=100.00% acq_conf=0.644 radius=0.0m pred_step=5.733 target_step=5.530 pred_v=5.689 target_v=5.530 val_mle=9.511m val_p90=11.825m val_speed_mae=2.915 heading=-0.2/0.7deg val_progress_mae=9.480m val_heading_mae=30.6deg val_capture=96.15% val_bank=96.15% val_acq_acc=100.00% score=10.079 best=10.079 patience=0/4
temporal epoch=005/100 loss=13.60294 center_teacher=1.000 acq_teacher=1.000 capture=100.00% bank_capture=100.00% acq_acc=100.00% acq_conf=0.644 radius=0.0m pred_step=5.256 target_step=5.530 pred_v=5.281 target_v=5.530 val_mle=9.182m val_p90=11.485m val_speed_mae=2.982 heading=-0.2/0.7deg val_progress_mae=9.137m val_heading_mae=30.6deg val_capture=96.15% val_bank=96.15% val_acq_acc=100.00% score=9.744 best=9.744 patience=0/4
temporal epoch=006/100 loss=13.54465 center_teacher=1.000 acq_teacher=1.000 capture=100.00% bank_capture=100.00% acq_acc=100.00% acq_conf=0.644 radius=0.0m pred_step=4.388 target_step=5.530 pred_v=4.537 target_v=5.530 val_mle=8.857m val_p90=11.158m val_speed_mae=2.920 heading=-0.3/0.7deg val_progress_mae=8.796m val_heading_mae=30.6deg val_capture=96.15% val_bank=96.15% val_acq_acc=100.00% score=9.405 best=9.405 patience=0/4
temporal epoch=007/100 loss=13.19806 center_teacher=1.000 acq_teacher=1.000 capture=100.00% bank_capture=100.00% acq_acc=100.00% acq_conf=0.644 radius=0.0m pred_step=4.836 target_step=5.530 pred_v=4.917 target_v=5.530 val_mle=8.555m val_p90=10.864m val_speed_mae=2.915 heading=-0.4/0.7deg val_progress_mae=8.477m val_heading_mae=30.6deg val_capture=96.15% val_bank=96.15% val_acq_acc=100.00% score=9.094 best=9.094 patience=0/4
temporal epoch=008/100 loss=13.12210 center_teacher=1.000 acq_teacher=1.000 capture=100.00% bank_capture=100.00% acq_acc=100.00% acq_conf=0.644 radius=0.0m pred_step=5.750 target_step=5.530 pred_v=5.693 target_v=5.530 val_mle=8.303m val_p90=10.609m val_speed_mae=2.916 heading=-0.5/0.7deg val_progress_mae=8.208m val_heading_mae=30.6deg val_capture=96.15% val_bank=96.15% val_acq_acc=100.00% score=8.833 best=8.833 patience=0/4
temporal epoch=009/100 loss=12.99563 center_teacher=1.000 acq_teacher=1.000 capture=100.00% bank_capture=100.00% acq_acc=100.00% acq_conf=0.644 radius=0.0m pred_step=5.699 target_step=5.530 pred_v=5.642 target_v=5.530 val_mle=8.091m val_p90=10.394m val_speed_mae=2.911 heading=-0.5/0.7deg val_progress_mae=7.980m val_heading_mae=30.6deg val_capture=96.15% val_bank=96.15% val_acq_acc=100.00% score=8.614 best=8.614 patience=0/4
temporal epoch=010/100 loss=12.90839 center_teacher=1.000 acq_teacher=1.000 capture=100.00% bank_capture=100.00% acq_acc=100.00% acq_conf=0.644 radius=0.0m pred_step=4.808 target_step=5.530 pred_v=4.869 target_v=5.530 val_mle=7.929m val_p90=10.222m val_speed_mae=3.085 heading=-0.5/0.7deg val_progress_mae=7.804m val_heading_mae=30.6deg val_capture=96.15% val_bank=96.15% val_acq_acc=100.00% score=8.456 best=8.456 patience=0/4
temporal epoch=011/100 loss=12.96942 center_teacher=1.000 acq_teacher=1.000 capture=100.00% bank_capture=100.00% acq_acc=100.00% acq_conf=0.644 radius=0.0m pred_step=4.327 target_step=5.530 pred_v=4.443 target_v=5.530 val_mle=7.780m val_p90=10.092m val_speed_mae=2.909 heading=-0.5/0.7deg val_progress_mae=7.643m val_heading_mae=30.6deg val_capture=96.15% val_bank=96.15% val_acq_acc=100.00% score=8.293 best=8.293 patience=0/4
temporal epoch=012/100 loss=12.70465 center_teacher=1.000 acq_teacher=1.000 capture=100.00% bank_capture=100.00% acq_acc=100.00% acq_conf=0.644 radius=0.0m pred_step=5.117 target_step=5.530 pred_v=5.103 target_v=5.530 val_mle=7.666m val_p90=9.984m val_speed_mae=2.914 heading=-0.6/0.7deg val_progress_mae=7.520m val_heading_mae=30.6deg val_capture=96.15% val_bank=96.15% val_acq_acc=100.00% score=8.176 best=8.176 patience=0/4
temporal epoch=013/100 loss=12.71683 center_teacher=1.000 acq_teacher=1.000 capture=100.00% bank_capture=100.00% acq_acc=100.00% acq_conf=0.646 radius=0.0m pred_step=5.841 target_step=5.530 pred_v=5.701 target_v=5.530 val_mle=7.562m val_p90=9.885m val_speed_mae=2.911 heading=-0.7/0.7deg val_progress_mae=7.407m val_heading_mae=30.6deg val_capture=96.15% val_bank=96.15% val_acq_acc=100.00% score=8.068 best=8.068 patience=0/4
temporal epoch=014/100 loss=12.55150 center_teacher=1.000 acq_teacher=1.000 capture=100.00% bank_capture=100.00% acq_acc=100.00% acq_conf=0.647 radius=0.0m pred_step=5.019 target_step=5.530 pred_v=4.984 target_v=5.530 val_mle=7.480m val_p90=9.797m val_speed_mae=3.166 heading=-0.7/0.7deg val_progress_mae=7.319m val_heading_mae=30.6deg val_capture=96.15% val_bank=96.15% val_acq_acc=100.00% score=7.996 best=7.996 patience=0/4
temporal epoch=015/100 loss=12.72744 center_teacher=1.000 acq_teacher=1.000 capture=100.00% bank_capture=100.00% acq_acc=100.00% acq_conf=0.646 radius=0.0m pred_step=4.137 target_step=5.530 pred_v=4.205 target_v=5.530 val_mle=7.400m val_p90=9.728m val_speed_mae=2.908 heading=-0.8/0.7deg val_progress_mae=7.235m val_heading_mae=30.6deg val_capture=96.15% val_bank=96.15% val_acq_acc=100.00% score=7.901 best=7.901 patience=0/4
temporal epoch=016/100 loss=12.44801 center_teacher=1.000 acq_teacher=1.000 capture=100.00% bank_capture=100.00% acq_acc=100.00% acq_conf=0.646 radius=0.0m pred_step=5.489 target_step=5.530 pred_v=5.342 target_v=5.530 val_mle=7.343m val_p90=9.661m val_speed_mae=3.093 heading=-0.8/0.7deg val_progress_mae=7.175m val_heading_mae=30.6deg val_capture=96.15% val_bank=96.15% val_acq_acc=100.00% score=7.851 best=7.851 patience=0/4
temporal epoch=017/100 loss=12.60551 center_teacher=1.000 acq_teacher=1.000 capture=100.00% bank_capture=100.00% acq_acc=100.00% acq_conf=0.647 radius=0.0m pred_step=6.209 target_step=5.530 pred_v=5.946 target_v=5.530 val_mle=7.283m val_p90=9.595m val_speed_mae=3.298 heading=-0.9/0.7deg val_progress_mae=7.112m val_heading_mae=30.6deg val_capture=96.15% val_bank=96.15% val_acq_acc=100.00% score=7.800 best=7.800 patience=0/4
temporal epoch=018/100 loss=13.08616 center_teacher=1.000 acq_teacher=1.000 capture=100.00% bank_capture=100.00% acq_acc=100.00% acq_conf=0.648 radius=0.0m pred_step=3.486 target_step=5.530 pred_v=3.602 target_v=5.530 val_mle=7.236m val_p90=9.544m val_speed_mae=2.980 heading=-1.0/0.7deg val_progress_mae=7.064m val_heading_mae=30.6deg val_capture=96.15% val_bank=96.15% val_acq_acc=100.00% score=7.735 best=7.735 patience=0/4
temporal epoch=019/100 loss=12.26232 center_teacher=1.000 acq_teacher=1.000 capture=100.00% bank_capture=100.00% acq_acc=100.00% acq_conf=0.648 radius=0.0m pred_step=5.032 target_step=5.530 pred_v=4.910 target_v=5.530 val_mle=7.205m val_p90=9.514m val_speed_mae=5.955 heading=-1.1/0.7deg val_progress_mae=7.034m val_heading_mae=30.6deg val_capture=96.15% val_bank=96.15% val_acq_acc=100.00% score=7.852 best=7.735 patience=1/4
temporal epoch=020/100 loss=14.28852 center_teacher=1.000 acq_teacher=1.000 capture=100.00% bank_capture=100.00% acq_acc=100.00% acq_conf=0.648 radius=0.0m pred_step=8.276 target_step=5.530 pred_v=7.677 target_v=5.530 val_mle=7.176m val_p90=9.450m val_speed_mae=2.904 heading=-1.1/0.7deg val_progress_mae=7.005m val_heading_mae=30.6deg val_capture=96.15% val_bank=96.15% val_acq_acc=100.00% score=7.669 best=7.669 patience=0/4
temporal epoch=021/100 loss=12.83866 center_teacher=1.000 acq_teacher=1.000 capture=100.00% bank_capture=100.00% acq_acc=100.00% acq_conf=0.648 radius=0.0m pred_step=3.684 target_step=5.530 pred_v=3.752 target_v=5.530 val_mle=7.151m val_p90=9.409m val_speed_mae=4.944 heading=-1.2/0.7deg val_progress_mae=6.981m val_heading_mae=30.6deg val_capture=96.15% val_bank=96.15% val_acq_acc=100.00% score=7.745 best=7.669 patience=1/4
temporal epoch=022/100 loss=12.83191 center_teacher=1.000 acq_teacher=1.000 capture=100.00% bank_capture=100.00% acq_acc=100.00% acq_conf=0.648 radius=0.0m pred_step=3.233 target_step=5.530 pred_v=3.353 target_v=5.530 val_mle=7.134m val_p90=9.399m val_speed_mae=6.409 heading=-1.3/0.7deg val_progress_mae=6.968m val_heading_mae=30.6deg val_capture=96.15% val_bank=96.15% val_acq_acc=100.00% score=7.802 best=7.669 patience=2/4
temporal epoch=023/100 loss=15.79443 center_teacher=1.000 acq_teacher=1.000 capture=100.00% bank_capture=100.00% acq_acc=100.00% acq_conf=0.648 radius=0.0m pred_step=9.271 target_step=5.530 pred_v=8.554 target_v=5.530 val_mle=7.116m val_p90=9.385m val_speed_mae=7.868 heading=-1.2/0.7deg val_progress_mae=6.951m val_heading_mae=30.6deg val_capture=96.15% val_bank=96.15% val_acq_acc=100.00% score=7.856 best=7.669 patience=3/4
temporal epoch=024/100 loss=13.81940 center_teacher=1.000 acq_teacher=1.000 capture=100.00% bank_capture=100.00% acq_acc=100.00% acq_conf=0.648 radius=0.0m pred_step=8.212 target_step=5.530 pred_v=7.596 target_v=5.530 val_mle=7.363m val_p90=9.694m val_speed_mae=5.261 heading=-1.2/0.7deg val_progress_mae=7.032m val_heading_mae=30.6deg val_capture=96.15% val_bank=96.15% val_acq_acc=100.00% score=7.975 best=7.669 patience=4/4
EARLY STOP: controlled local-prior validation score did not improve by 0.003 for 4 epochs.
[FORMAL TRAIN-ONLY V5 CALIBRATION] {"confidence_power": 0.5, "delta2_scale": 0.0, "fixed_variance_m2": 25.0, "objective": 7.974164986407149, "prior_blend_base": 0.05, "prior_blend_cutoff": 0.7, "prior_blend_lowconf_gain": 0.3, "prior_blend_max": 0.3, "q_cross": 0.4, "q_progress": 1.5, "q_velocity": 1.0, "stage": "blend", "step_relax_confidence": 0.55, "step_relax_width": 0.08, "step_visual_slack_m": 3.0, "temporal_3frame_scale": 0.9, "val_mle_m": 7.101559873471097, "val_p90_m": 9.315261390701998, "val_progress_mae": 6.928178608212582, "val_speed_mae": 2.9051207798883003}
