[PREPARED] PASS | city=citya | step=4 m | selection=soft_sequence_v13_multicity_auto_train_fullroute | existing GT/routes unchanged
[CADENCE] source=experiment_route_stats_train_01 | mean=5.603307 m | p90=10.304821 m | p95=11.938275 m
[OK] clean v39 runtime: Forward-18 SoftMS -> GRU -> Kalman -> one final MeanShift
[OK] weighted-centroid decoder removed from generated runtime source
[PATCH OK] GRU = current + delta + delta2 + SAT + SoftMS position + visual displacement + previous state
[PATCH OK] V5 3-frame direct acceleration + next-step correction
[PATCH OK] training/validation/inference motion starts from current-city cadence
[PATCH OK] Kalman = smooth confidence-adaptive measurement-preserving residual fusion
[PATCH OK] step corridor = continuous confidence relaxation
[PATCH OK] no held-out navigation result is read by this patch
[V39-BEARING] final-MS route-centerline reference patch: PASS
[ARCH-AUDIT] forward_18: PASS
[ARCH-AUDIT] base_geometry_6x6: PASS
[ARCH-AUDIT] front_softms_source: PASS
[ARCH-AUDIT] one_final_ms_source: PASS
[ARCH-AUDIT] front_decoder_softms: PASS
[ARCH-AUDIT] simple_seven_block_gru: PASS
[ARCH-AUDIT] residual_motion_head: PASS
[ARCH-AUDIT] causal_visual_displacement: PASS
[ARCH-AUDIT] cadence_initialized_tracker: PASS
[ARCH-AUDIT] motion_training_inference_aligned: PASS
[ARCH-AUDIT] training_city_motion_scale_init: PASS
[ARCH-AUDIT] forward_origin_backshift_covers_jitter: PASS
[ARCH-AUDIT] protocol: PASS
[ARCH-AUDIT] controlled_gt_reference_enabled: PASS
[ARCH-AUDIT] frame_count: PASS
[ARCH-AUDIT] gru_flag: PASS
[ARCH-AUDIT] kalman_flag: PASS
[TRAIN] reuse visual checkpoint /yh/study/uav-sat/v39_otherdata/formal_bearing_v5_smooth_20260920_233151/paper_temporal_multiseed_v3/seed_2035/citya/train_frames1/checkpoints/visual_retrieval_A_only.pt
route_A: reuse UAV backbone cache
temporal split train=[0,135) val=[139,165) route_length=789.4m
City training-sequence mean forward step=5.543m/frame p90=10.326m/frame
temporal epoch=001/100 loss=10.66939 center_teacher=1.000 acq_teacher=1.000 capture=100.00% bank_capture=100.00% acq_acc=100.00% acq_conf=0.695 radius=0.0m pred_step=5.577 target_step=5.543 pred_v=5.581 target_v=5.543 val_mle=11.700m val_p90=13.896m val_speed_mae=3.046 heading=-0.1/-1.7deg val_progress_mae=11.140m val_heading_mae=39.8deg val_capture=96.15% val_bank=96.15% val_acq_acc=100.00% score=12.343 best=12.343 patience=0/4
temporal epoch=002/100 loss=10.73459 center_teacher=1.000 acq_teacher=1.000 capture=100.00% bank_capture=100.00% acq_acc=100.00% acq_conf=0.694 radius=0.0m pred_step=4.927 target_step=5.543 pred_v=5.010 target_v=5.543 val_mle=11.617m val_p90=13.808m val_speed_mae=3.360 heading=-0.4/-1.7deg val_progress_mae=11.046m val_heading_mae=39.8deg val_capture=96.15% val_bank=96.15% val_acq_acc=100.00% score=12.272 best=12.272 patience=0/4
temporal epoch=003/100 loss=10.65624 center_teacher=1.000 acq_teacher=1.000 capture=100.00% bank_capture=100.00% acq_acc=100.00% acq_conf=0.694 radius=0.0m pred_step=4.716 target_step=5.543 pred_v=4.818 target_v=5.543 val_mle=11.504m val_p90=13.690m val_speed_mae=3.106 heading=-0.4/-1.7deg val_progress_mae=10.920m val_heading_mae=39.8deg val_capture=96.15% val_bank=96.15% val_acq_acc=100.00% score=12.143 best=12.143 patience=0/4
temporal epoch=004/100 loss=10.44942 center_teacher=1.000 acq_teacher=1.000 capture=100.00% bank_capture=100.00% acq_acc=100.00% acq_conf=0.694 radius=0.0m pred_step=5.023 target_step=5.543 pred_v=5.081 target_v=5.543 val_mle=11.356m val_p90=13.548m val_speed_mae=2.907 heading=-0.3/-1.7deg val_progress_mae=10.758m val_heading_mae=39.8deg val_capture=96.15% val_bank=96.15% val_acq_acc=100.00% score=11.981 best=11.981 patience=0/4
temporal epoch=005/100 loss=10.31338 center_teacher=1.000 acq_teacher=1.000 capture=100.00% bank_capture=100.00% acq_acc=100.00% acq_conf=0.694 radius=0.0m pred_step=5.362 target_step=5.543 pred_v=5.371 target_v=5.543 val_mle=11.195m val_p90=13.385m val_speed_mae=2.900 heading=-0.3/-1.7deg val_progress_mae=10.578m val_heading_mae=39.8deg val_capture=96.15% val_bank=96.15% val_acq_acc=100.00% score=11.814 best=11.814 patience=0/4
temporal epoch=006/100 loss=10.16202 center_teacher=1.000 acq_teacher=1.000 capture=100.00% bank_capture=100.00% acq_acc=100.00% acq_conf=0.694 radius=0.0m pred_step=5.252 target_step=5.543 pred_v=5.268 target_v=5.543 val_mle=11.013m val_p90=13.200m val_speed_mae=3.039 heading=-0.5/-1.7deg val_progress_mae=10.377m val_heading_mae=39.8deg val_capture=96.15% val_bank=96.15% val_acq_acc=100.00% score=11.633 best=11.633 patience=0/4
temporal epoch=007/100 loss=10.12106 center_teacher=1.000 acq_teacher=1.000 capture=100.00% bank_capture=100.00% acq_acc=100.00% acq_conf=0.694 radius=0.0m pred_step=4.828 target_step=5.543 pred_v=4.890 target_v=5.543 val_mle=10.824m val_p90=13.003m val_speed_mae=3.279 heading=-0.6/-1.7deg val_progress_mae=10.170m val_heading_mae=39.8deg val_capture=96.15% val_bank=96.15% val_acq_acc=100.00% score=11.450 best=11.450 patience=0/4
temporal epoch=008/100 loss=10.05734 center_teacher=1.000 acq_teacher=1.000 capture=100.00% bank_capture=100.00% acq_acc=100.00% acq_conf=0.695 radius=0.0m pred_step=4.622 target_step=5.543 pred_v=4.698 target_v=5.543 val_mle=10.622m val_p90=12.810m val_speed_mae=3.038 heading=-0.7/-1.7deg val_progress_mae=9.957m val_heading_mae=39.8deg val_capture=96.15% val_bank=96.15% val_acq_acc=100.00% score=11.229 best=11.229 patience=0/4
temporal epoch=009/100 loss=9.83114 center_teacher=1.000 acq_teacher=1.000 capture=100.00% bank_capture=100.00% acq_acc=100.00% acq_conf=0.695 radius=0.0m pred_step=4.948 target_step=5.543 pred_v=4.967 target_v=5.543 val_mle=10.446m val_p90=12.639m val_speed_mae=2.882 heading=-0.7/-1.7deg val_progress_mae=9.773m val_heading_mae=39.8deg val_capture=96.15% val_bank=96.15% val_acq_acc=100.00% score=11.040 best=11.040 patience=0/4
temporal epoch=010/100 loss=9.73764 center_teacher=1.000 acq_teacher=1.000 capture=100.00% bank_capture=100.00% acq_acc=100.00% acq_conf=0.695 radius=0.0m pred_step=5.257 target_step=5.543 pred_v=5.221 target_v=5.543 val_mle=10.300m val_p90=12.497m val_speed_mae=2.883 heading=-0.7/-1.7deg val_progress_mae=9.622m val_heading_mae=39.9deg val_capture=96.15% val_bank=96.15% val_acq_acc=100.00% score=10.889 best=10.889 patience=0/4
temporal epoch=011/100 loss=9.66777 center_teacher=1.000 acq_teacher=1.000 capture=100.00% bank_capture=100.00% acq_acc=100.00% acq_conf=0.695 radius=0.0m pred_step=5.056 target_step=5.543 pred_v=5.031 target_v=5.543 val_mle=10.188m val_p90=12.389m val_speed_mae=2.905 heading=-1.0/-1.7deg val_progress_mae=9.507m val_heading_mae=40.0deg val_capture=96.15% val_bank=96.15% val_acq_acc=100.00% score=10.775 best=10.775 patience=0/4
temporal epoch=012/100 loss=9.63343 center_teacher=1.000 acq_teacher=1.000 capture=100.00% bank_capture=100.00% acq_acc=100.00% acq_conf=0.695 radius=0.0m pred_step=4.880 target_step=5.543 pred_v=4.867 target_v=5.543 val_mle=10.115m val_p90=12.319m val_speed_mae=2.896 heading=-1.2/-1.7deg val_progress_mae=9.433m val_heading_mae=40.0deg val_capture=96.15% val_bank=96.15% val_acq_acc=100.00% score=10.700 best=10.700 patience=0/4
temporal epoch=013/100 loss=9.67395 center_teacher=1.000 acq_teacher=1.000 capture=100.00% bank_capture=100.00% acq_acc=100.00% acq_conf=0.695 radius=0.0m pred_step=5.331 target_step=5.543 pred_v=5.249 target_v=5.543 val_mle=10.066m val_p90=12.274m val_speed_mae=3.126 heading=-1.2/-1.7deg val_progress_mae=9.383m val_heading_mae=40.0deg val_capture=96.15% val_bank=96.15% val_acq_acc=100.00% score=10.661 best=10.661 patience=0/4
temporal epoch=014/100 loss=9.66334 center_teacher=1.000 acq_teacher=1.000 capture=100.00% bank_capture=100.00% acq_acc=100.00% acq_conf=0.695 radius=0.0m pred_step=5.511 target_step=5.543 pred_v=5.395 target_v=5.543 val_mle=10.024m val_p90=12.228m val_speed_mae=2.875 heading=-1.1/-1.7deg val_progress_mae=9.339m val_heading_mae=40.0deg val_capture=96.15% val_bank=96.15% val_acq_acc=100.00% score=10.605 best=10.605 patience=0/4
temporal epoch=015/100 loss=9.53341 center_teacher=1.000 acq_teacher=1.000 capture=100.00% bank_capture=100.00% acq_acc=100.00% acq_conf=0.695 radius=0.0m pred_step=4.669 target_step=5.543 pred_v=4.648 target_v=5.543 val_mle=10.009m val_p90=12.217m val_speed_mae=3.029 heading=-1.2/-1.7deg val_progress_mae=9.322m val_heading_mae=40.0deg val_capture=96.15% val_bank=96.15% val_acq_acc=100.00% score=10.597 best=10.597 patience=0/4
temporal epoch=016/100 loss=9.70916 center_teacher=1.000 acq_teacher=1.000 capture=100.00% bank_capture=100.00% acq_acc=100.00% acq_conf=0.694 radius=0.0m pred_step=5.354 target_step=5.543 pred_v=5.246 target_v=5.543 val_mle=10.014m val_p90=12.220m val_speed_mae=3.656 heading=-1.3/-1.7deg val_progress_mae=9.324m val_heading_mae=40.0deg val_capture=96.15% val_bank=96.15% val_acq_acc=100.00% score=10.633 best=10.597 patience=1/4
temporal epoch=017/100 loss=9.85771 center_teacher=1.000 acq_teacher=1.000 capture=100.00% bank_capture=100.00% acq_acc=100.00% acq_conf=0.694 radius=0.0m pred_step=5.921 target_step=5.543 pred_v=5.744 target_v=5.543 val_mle=9.994m val_p90=12.186m val_speed_mae=2.868 heading=-1.4/-1.7deg val_progress_mae=9.300m val_heading_mae=40.0deg val_capture=96.15% val_bank=96.15% val_acq_acc=100.00% score=10.573 best=10.573 patience=0/4
temporal epoch=018/100 loss=9.45911 center_teacher=1.000 acq_teacher=1.000 capture=100.00% bank_capture=100.00% acq_acc=100.00% acq_conf=0.694 radius=0.0m pred_step=4.218 target_step=5.543 pred_v=4.254 target_v=5.543 val_mle=10.009m val_p90=12.191m val_speed_mae=3.015 heading=-1.4/-1.7deg val_progress_mae=9.313m val_heading_mae=40.0deg val_capture=96.15% val_bank=96.15% val_acq_acc=100.00% score=10.596 best=10.573 patience=1/4
temporal epoch=019/100 loss=9.96769 center_teacher=1.000 acq_teacher=1.000 capture=100.00% bank_capture=100.00% acq_acc=100.00% acq_conf=0.694 radius=0.0m pred_step=5.809 target_step=5.543 pred_v=5.645 target_v=5.543 val_mle=10.066m val_p90=12.237m val_speed_mae=4.325 heading=-1.2/-1.7deg val_progress_mae=9.373m val_heading_mae=40.0deg val_capture=96.15% val_bank=96.15% val_acq_acc=100.00% score=10.720 best=10.573 patience=2/4
temporal epoch=020/100 loss=10.32987 center_teacher=1.000 acq_teacher=1.000 capture=100.00% bank_capture=100.00% acq_acc=100.00% acq_conf=0.694 radius=0.0m pred_step=6.973 target_step=5.543 pred_v=6.668 target_v=5.543 val_mle=10.151m val_p90=12.280m val_speed_mae=5.723 heading=-1.2/-1.7deg val_progress_mae=9.463m val_heading_mae=40.0deg val_capture=96.15% val_bank=96.15% val_acq_acc=100.00% score=10.878 best=10.573 patience=3/4
temporal epoch=021/100 loss=11.64902 center_teacher=1.000 acq_teacher=1.000 capture=100.00% bank_capture=100.00% acq_acc=100.00% acq_conf=0.694 radius=0.0m pred_step=2.000 target_step=5.543 pred_v=2.318 target_v=5.543 val_mle=10.206m val_p90=12.374m val_speed_mae=2.922 heading=-1.4/-1.7deg val_progress_mae=9.525m val_heading_mae=40.0deg val_capture=96.15% val_bank=96.15% val_acq_acc=100.00% score=10.795 best=10.573 patience=4/4
EARLY STOP: controlled local-prior validation score did not improve by 0.003 for 4 epochs.
