[PREPARED] PASS | city=citya | step=4 m | selection=soft_sequence_v13_multicity_auto_train_fullroute | existing GT/routes unchanged
[CADENCE] source=experiment_route_stats_train_01 | mean=5.603307 m | p90=10.304821 m | p95=11.938275 m
[OK] clean v39 runtime: Forward-18 SoftMS -> GRU -> Kalman -> one final MeanShift
[OK] weighted-centroid decoder removed from generated runtime source
[PATCH OK] GRU = current + delta + delta2 + SAT + SoftMS position + visual displacement + previous state
[PATCH OK] V5 3-frame direct acceleration + next-step correction
[PATCH OK] training/validation/inference motion starts from current-city cadence
[PATCH OK] Kalman = smooth confidence-adaptive measurement-preserving residual fusion
[PATCH OK] step corridor = continuous confidence relaxation
[PATCH OK] no held-out navigation result is read by this patch
[V39-BEARING] final-MS route-centerline reference patch: PASS
[ARCH-AUDIT] forward_18: PASS
[ARCH-AUDIT] base_geometry_6x6: PASS
[ARCH-AUDIT] front_softms_source: PASS
[ARCH-AUDIT] one_final_ms_source: PASS
[ARCH-AUDIT] front_decoder_softms: PASS
[ARCH-AUDIT] simple_seven_block_gru: PASS
[ARCH-AUDIT] residual_motion_head: PASS
[ARCH-AUDIT] causal_visual_displacement: PASS
[ARCH-AUDIT] cadence_initialized_tracker: PASS
[ARCH-AUDIT] motion_training_inference_aligned: PASS
[ARCH-AUDIT] training_city_motion_scale_init: PASS
[ARCH-AUDIT] forward_origin_backshift_covers_jitter: PASS
[ARCH-AUDIT] protocol: PASS
[ARCH-AUDIT] controlled_gt_reference_enabled: PASS
[ARCH-AUDIT] frame_count: PASS
[ARCH-AUDIT] gru_flag: PASS
[ARCH-AUDIT] kalman_flag: PASS
[TRAIN] reuse visual checkpoint /yh/study/uav-sat/v39_otherdata/formal_bearing_v5_smooth_20260920_233151/paper_temporal_multiseed_v3/seed_2033/citya/train_frames1/checkpoints/visual_retrieval_A_only.pt
route_A: reuse UAV backbone cache
temporal split train=[0,135) val=[139,165) route_length=789.4m
City training-sequence mean forward step=5.543m/frame p90=10.326m/frame
temporal epoch=001/100 loss=10.66866 center_teacher=1.000 acq_teacher=1.000 capture=100.00% bank_capture=100.00% acq_acc=100.00% acq_conf=0.695 radius=0.0m pred_step=5.573 target_step=5.543 pred_v=5.578 target_v=5.543 val_mle=11.698m val_p90=13.895m val_speed_mae=3.030 heading=-0.1/-1.7deg val_progress_mae=11.138m val_heading_mae=39.8deg val_capture=96.15% val_bank=96.15% val_acq_acc=100.00% score=12.340 best=12.340 patience=0/4
temporal epoch=002/100 loss=10.70311 center_teacher=1.000 acq_teacher=1.000 capture=100.00% bank_capture=100.00% acq_acc=100.00% acq_conf=0.693 radius=0.0m pred_step=4.958 target_step=5.543 pred_v=5.037 target_v=5.543 val_mle=11.618m val_p90=13.810m val_speed_mae=3.252 heading=-0.4/-1.7deg val_progress_mae=11.048m val_heading_mae=39.8deg val_capture=96.15% val_bank=96.15% val_acq_acc=100.00% score=12.268 best=12.268 patience=0/4
temporal epoch=003/100 loss=10.61977 center_teacher=1.000 acq_teacher=1.000 capture=100.00% bank_capture=100.00% acq_acc=100.00% acq_conf=0.694 radius=0.0m pred_step=4.810 target_step=5.543 pred_v=4.901 target_v=5.543 val_mle=11.499m val_p90=13.695m val_speed_mae=3.016 heading=-0.4/-1.7deg val_progress_mae=10.918m val_heading_mae=39.8deg val_capture=96.15% val_bank=96.15% val_acq_acc=100.00% score=12.134 best=12.134 patience=0/4
temporal epoch=004/100 loss=10.44193 center_teacher=1.000 acq_teacher=1.000 capture=100.00% bank_capture=100.00% acq_acc=100.00% acq_conf=0.694 radius=0.0m pred_step=5.144 target_step=5.543 pred_v=5.186 target_v=5.543 val_mle=11.363m val_p90=13.558m val_speed_mae=2.892 heading=-0.3/-1.7deg val_progress_mae=10.768m val_heading_mae=39.7deg val_capture=96.15% val_bank=96.15% val_acq_acc=100.00% score=11.987 best=11.987 patience=0/4
temporal epoch=005/100 loss=10.33430 center_teacher=1.000 acq_teacher=1.000 capture=100.00% bank_capture=100.00% acq_acc=100.00% acq_conf=0.694 radius=0.0m pred_step=5.442 target_step=5.543 pred_v=5.442 target_v=5.543 val_mle=11.207m val_p90=13.400m val_speed_mae=2.890 heading=-0.3/-1.7deg val_progress_mae=10.594m val_heading_mae=39.8deg val_capture=96.15% val_bank=96.15% val_acq_acc=100.00% score=11.826 best=11.826 patience=0/4
temporal epoch=006/100 loss=10.22293 center_teacher=1.000 acq_teacher=1.000 capture=100.00% bank_capture=100.00% acq_acc=100.00% acq_conf=0.694 radius=0.0m pred_step=5.318 target_step=5.543 pred_v=5.328 target_v=5.543 val_mle=11.034m val_p90=13.223m val_speed_mae=3.040 heading=-0.4/-1.7deg val_progress_mae=10.401m val_heading_mae=39.8deg val_capture=96.15% val_bank=96.15% val_acq_acc=100.00% score=11.655 best=11.655 patience=0/4
temporal epoch=007/100 loss=10.14543 center_teacher=1.000 acq_teacher=1.000 capture=100.00% bank_capture=100.00% acq_acc=100.00% acq_conf=0.694 radius=0.0m pred_step=4.857 target_step=5.543 pred_v=4.918 target_v=5.543 val_mle=10.853m val_p90=13.035m val_speed_mae=3.300 heading=-0.5/-1.7deg val_progress_mae=10.201m val_heading_mae=39.8deg val_capture=96.15% val_bank=96.15% val_acq_acc=100.00% score=11.481 best=11.481 patience=0/4
temporal epoch=008/100 loss=10.10161 center_teacher=1.000 acq_teacher=1.000 capture=100.00% bank_capture=100.00% acq_acc=100.00% acq_conf=0.694 radius=0.0m pred_step=4.586 target_step=5.543 pred_v=4.672 target_v=5.543 val_mle=10.658m val_p90=12.849m val_speed_mae=3.040 heading=-0.6/-1.7deg val_progress_mae=9.994m val_heading_mae=39.8deg val_capture=96.15% val_bank=96.15% val_acq_acc=100.00% score=11.266 best=11.266 patience=0/4
temporal epoch=009/100 loss=9.85307 center_teacher=1.000 acq_teacher=1.000 capture=100.00% bank_capture=100.00% acq_acc=100.00% acq_conf=0.695 radius=0.0m pred_step=4.993 target_step=5.543 pred_v=5.017 target_v=5.543 val_mle=10.486m val_p90=12.682m val_speed_mae=2.876 heading=-0.7/-1.7deg val_progress_mae=9.813m val_heading_mae=39.8deg val_capture=96.15% val_bank=96.15% val_acq_acc=100.00% score=11.080 best=11.080 patience=0/4
temporal epoch=010/100 loss=9.78156 center_teacher=1.000 acq_teacher=1.000 capture=100.00% bank_capture=100.00% acq_acc=100.00% acq_conf=0.695 radius=0.0m pred_step=5.469 target_step=5.543 pred_v=5.420 target_v=5.543 val_mle=10.338m val_p90=12.540m val_speed_mae=2.875 heading=-0.7/-1.7deg val_progress_mae=9.660m val_heading_mae=39.9deg val_capture=96.15% val_bank=96.15% val_acq_acc=100.00% score=10.928 best=10.928 patience=0/4
temporal epoch=011/100 loss=9.66463 center_teacher=1.000 acq_teacher=1.000 capture=100.00% bank_capture=100.00% acq_acc=100.00% acq_conf=0.694 radius=0.0m pred_step=5.257 target_step=5.543 pred_v=5.220 target_v=5.543 val_mle=10.216m val_p90=12.425m val_speed_mae=2.951 heading=-0.8/-1.7deg val_progress_mae=9.536m val_heading_mae=39.9deg val_capture=96.15% val_bank=96.15% val_acq_acc=100.00% score=10.807 best=10.807 patience=0/4
temporal epoch=012/100 loss=9.65716 center_teacher=1.000 acq_teacher=1.000 capture=100.00% bank_capture=100.00% acq_acc=100.00% acq_conf=0.695 radius=0.0m pred_step=4.739 target_step=5.543 pred_v=4.755 target_v=5.543 val_mle=10.130m val_p90=12.346m val_speed_mae=2.873 heading=-0.9/-1.7deg val_progress_mae=9.449m val_heading_mae=39.9deg val_capture=96.15% val_bank=96.15% val_acq_acc=100.00% score=10.714 best=10.714 patience=0/4
temporal epoch=013/100 loss=9.62838 center_teacher=1.000 acq_teacher=1.000 capture=100.00% bank_capture=100.00% acq_acc=100.00% acq_conf=0.695 radius=0.0m pred_step=5.234 target_step=5.543 pred_v=5.179 target_v=5.543 val_mle=10.063m val_p90=12.287m val_speed_mae=3.166 heading=-1.0/-1.7deg val_progress_mae=9.379m val_heading_mae=39.9deg val_capture=96.15% val_bank=96.15% val_acq_acc=100.00% score=10.659 best=10.659 patience=0/4
temporal epoch=014/100 loss=9.75678 center_teacher=1.000 acq_teacher=1.000 capture=100.00% bank_capture=100.00% acq_acc=100.00% acq_conf=0.695 radius=0.0m pred_step=5.774 target_step=5.543 pred_v=5.643 target_v=5.543 val_mle=10.001m val_p90=12.221m val_speed_mae=2.898 heading=-1.1/-1.7deg val_progress_mae=9.314m val_heading_mae=39.9deg val_capture=96.15% val_bank=96.15% val_acq_acc=100.00% score=10.582 best=10.582 patience=0/4
temporal epoch=015/100 loss=9.46483 center_teacher=1.000 acq_teacher=1.000 capture=100.00% bank_capture=100.00% acq_acc=100.00% acq_conf=0.695 radius=0.0m pred_step=4.871 target_step=5.543 pred_v=4.843 target_v=5.543 val_mle=9.955m val_p90=12.173m val_speed_mae=2.870 heading=-1.1/-1.7deg val_progress_mae=9.265m val_heading_mae=39.9deg val_capture=96.15% val_bank=96.15% val_acq_acc=100.00% score=10.534 best=10.534 patience=0/4
temporal epoch=016/100 loss=9.49922 center_teacher=1.000 acq_teacher=1.000 capture=100.00% bank_capture=100.00% acq_acc=100.00% acq_conf=0.695 radius=0.0m pred_step=4.942 target_step=5.543 pred_v=4.899 target_v=5.543 val_mle=9.929m val_p90=12.148m val_speed_mae=3.377 heading=-1.1/-1.7deg val_progress_mae=9.235m val_heading_mae=40.0deg val_capture=96.15% val_bank=96.15% val_acq_acc=100.00% score=10.532 best=10.534 patience=1/4
temporal epoch=017/100 loss=9.83956 center_teacher=1.000 acq_teacher=1.000 capture=100.00% bank_capture=100.00% acq_acc=100.00% acq_conf=0.694 radius=0.0m pred_step=6.007 target_step=5.543 pred_v=5.831 target_v=5.543 val_mle=9.929m val_p90=12.136m val_speed_mae=2.932 heading=-1.2/-1.7deg val_progress_mae=9.233m val_heading_mae=40.0deg val_capture=96.15% val_bank=96.15% val_acq_acc=100.00% score=10.509 best=10.509 patience=0/4
temporal epoch=018/100 loss=9.29686 center_teacher=1.000 acq_teacher=1.000 capture=100.00% bank_capture=100.00% acq_acc=100.00% acq_conf=0.694 radius=0.0m pred_step=4.948 target_step=5.543 pred_v=4.904 target_v=5.543 val_mle=9.961m val_p90=12.188m val_speed_mae=2.874 heading=-1.2/-1.7deg val_progress_mae=9.268m val_heading_mae=40.0deg val_capture=96.15% val_bank=96.15% val_acq_acc=100.00% score=10.540 best=10.509 patience=1/4
temporal epoch=019/100 loss=9.33920 center_teacher=1.000 acq_teacher=1.000 capture=100.00% bank_capture=100.00% acq_acc=100.00% acq_conf=0.695 radius=0.0m pred_step=5.115 target_step=5.543 pred_v=5.047 target_v=5.543 val_mle=9.993m val_p90=12.259m val_speed_mae=3.192 heading=-1.2/-1.7deg val_progress_mae=9.302m val_heading_mae=39.9deg val_capture=96.15% val_bank=96.15% val_acq_acc=100.00% score=10.589 best=10.509 patience=2/4
temporal epoch=020/100 loss=9.63292 center_teacher=1.000 acq_teacher=1.000 capture=100.00% bank_capture=100.00% acq_acc=100.00% acq_conf=0.695 radius=0.0m pred_step=6.246 target_step=5.543 pred_v=6.043 target_v=5.543 val_mle=10.109m val_p90=12.399m val_speed_mae=3.973 heading=-1.1/-1.7deg val_progress_mae=9.428m val_heading_mae=39.9deg val_capture=96.15% val_bank=96.15% val_acq_acc=100.00% score=10.747 best=10.509 patience=3/4
temporal epoch=021/100 loss=9.52177 center_teacher=1.000 acq_teacher=1.000 capture=100.00% bank_capture=100.00% acq_acc=100.00% acq_conf=0.694 radius=0.0m pred_step=3.828 target_step=5.543 pred_v=3.929 target_v=5.543 val_mle=10.065m val_p90=12.431m val_speed_mae=3.145 heading=-1.1/-1.7deg val_progress_mae=9.384m val_heading_mae=39.9deg val_capture=96.15% val_bank=96.15% val_acq_acc=100.00% score=10.661 best=10.509 patience=4/4
EARLY STOP: controlled local-prior validation score did not improve by 0.003 for 4 epochs.
