[PREPARED] PASS | city=citya | step=4 m | selection=soft_sequence_v13_multicity_auto_train_fullroute | existing GT/routes unchanged
[CADENCE] source=experiment_route_stats_train_01 | mean=5.603307 m | p90=10.304821 m | p95=11.938275 m
[OK] clean v39 runtime: Forward-18 SoftMS -> GRU -> Kalman -> one final MeanShift
[OK] weighted-centroid decoder removed from generated runtime source
[PATCH OK] GRU = current + delta + delta2 + SAT + SoftMS position + visual displacement + previous state
[PATCH OK] V5 3-frame direct acceleration + next-step correction
[PATCH OK] training/validation/inference motion starts from current-city cadence
[PATCH OK] Kalman = smooth confidence-adaptive measurement-preserving residual fusion
[PATCH OK] step corridor = continuous confidence relaxation
[PATCH OK] no held-out navigation result is read by this patch
[V39-BEARING] final-MS route-centerline reference patch: PASS
[ARCH-AUDIT] forward_18: PASS
[ARCH-AUDIT] base_geometry_6x6: PASS
[ARCH-AUDIT] front_softms_source: PASS
[ARCH-AUDIT] one_final_ms_source: PASS
[ARCH-AUDIT] front_decoder_softms: PASS
[ARCH-AUDIT] simple_seven_block_gru: PASS
[ARCH-AUDIT] residual_motion_head: PASS
[ARCH-AUDIT] causal_visual_displacement: PASS
[ARCH-AUDIT] cadence_initialized_tracker: PASS
[ARCH-AUDIT] motion_training_inference_aligned: PASS
[ARCH-AUDIT] training_city_motion_scale_init: PASS
[ARCH-AUDIT] forward_origin_backshift_covers_jitter: PASS
[ARCH-AUDIT] protocol: PASS
[ARCH-AUDIT] controlled_gt_reference_enabled: PASS
[ARCH-AUDIT] frame_count: PASS
[ARCH-AUDIT] gru_flag: PASS
[ARCH-AUDIT] kalman_flag: PASS
[TRAIN] reuse visual checkpoint /yh/study/uav-sat/v39_otherdata/formal_bearing_v5_smooth_20260920_233151/paper_temporal_multiseed_v3/seed_2035/citya/train_frames3/checkpoints/visual_retrieval_A_only.pt
route_A: reuse UAV backbone cache
temporal split train=[0,135) val=[139,165) route_length=789.4m
City training-sequence mean forward step=5.543m/frame p90=10.326m/frame
temporal epoch=001/100 loss=10.68504 center_teacher=1.000 acq_teacher=1.000 capture=100.00% bank_capture=100.00% acq_acc=100.00% acq_conf=0.695 radius=0.0m pred_step=5.466 target_step=5.543 pred_v=5.503 target_v=5.543 val_mle=11.696m val_p90=13.895m val_speed_mae=3.584 heading=-0.1/-1.7deg val_progress_mae=11.135m val_heading_mae=39.7deg val_capture=96.15% val_bank=96.15% val_acq_acc=100.00% score=12.365 best=12.365 patience=0/4
temporal epoch=002/100 loss=11.13580 center_teacher=1.000 acq_teacher=1.000 capture=100.00% bank_capture=100.00% acq_acc=100.00% acq_conf=0.695 radius=0.0m pred_step=4.246 target_step=5.543 pred_v=4.497 target_v=5.543 val_mle=11.609m val_p90=13.797m val_speed_mae=3.363 heading=-0.3/-1.7deg val_progress_mae=11.037m val_heading_mae=39.7deg val_capture=96.15% val_bank=96.15% val_acq_acc=100.00% score=12.264 best=12.264 patience=0/4
temporal epoch=003/100 loss=10.56897 center_teacher=1.000 acq_teacher=1.000 capture=100.00% bank_capture=100.00% acq_acc=100.00% acq_conf=0.695 radius=0.0m pred_step=4.787 target_step=5.543 pred_v=4.932 target_v=5.543 val_mle=11.467m val_p90=13.660m val_speed_mae=2.878 heading=-0.1/-1.7deg val_progress_mae=10.882m val_heading_mae=39.7deg val_capture=96.15% val_bank=96.15% val_acq_acc=100.00% score=12.094 best=12.094 patience=0/4
temporal epoch=004/100 loss=10.49294 center_teacher=1.000 acq_teacher=1.000 capture=100.00% bank_capture=100.00% acq_acc=100.00% acq_conf=0.695 radius=0.0m pred_step=5.792 target_step=5.543 pred_v=5.759 target_v=5.543 val_mle=11.305m val_p90=13.493m val_speed_mae=2.967 heading=-0.0/-1.7deg val_progress_mae=10.700m val_heading_mae=39.7deg val_capture=96.15% val_bank=96.15% val_acq_acc=100.00% score=11.931 best=11.931 patience=0/4
temporal epoch=005/100 loss=10.37869 center_teacher=1.000 acq_teacher=1.000 capture=100.00% bank_capture=100.00% acq_acc=100.00% acq_conf=0.695 radius=0.0m pred_step=5.884 target_step=5.543 pred_v=5.830 target_v=5.543 val_mle=11.119m val_p90=13.303m val_speed_mae=2.897 heading=-0.2/-1.7deg val_progress_mae=10.491m val_heading_mae=39.8deg val_capture=96.15% val_bank=96.15% val_acq_acc=100.00% score=11.735 best=11.735 patience=0/4
temporal epoch=006/100 loss=10.17394 center_teacher=1.000 acq_teacher=1.000 capture=100.00% bank_capture=100.00% acq_acc=100.00% acq_conf=0.693 radius=0.0m pred_step=5.195 target_step=5.543 pred_v=5.252 target_v=5.543 val_mle=10.923m val_p90=13.098m val_speed_mae=3.432 heading=-0.5/-1.7deg val_progress_mae=10.273m val_heading_mae=39.8deg val_capture=96.15% val_bank=96.15% val_acq_acc=100.00% score=11.560 best=11.560 patience=0/4
temporal epoch=007/100 loss=10.32938 center_teacher=1.000 acq_teacher=1.000 capture=100.00% bank_capture=100.00% acq_acc=100.00% acq_conf=0.694 radius=0.0m pred_step=4.357 target_step=5.543 pred_v=4.544 target_v=5.543 val_mle=10.719m val_p90=12.890m val_speed_mae=3.727 heading=-0.6/-1.7deg val_progress_mae=10.052m val_heading_mae=39.8deg val_capture=96.15% val_bank=96.15% val_acq_acc=100.00% score=11.363 best=11.363 patience=0/4
temporal epoch=008/100 loss=10.22100 center_teacher=1.000 acq_teacher=1.000 capture=100.00% bank_capture=100.00% acq_acc=100.00% acq_conf=0.694 radius=0.0m pred_step=4.226 target_step=5.543 pred_v=4.423 target_v=5.543 val_mle=10.518m val_p90=12.690m val_speed_mae=3.149 heading=-0.5/-1.7deg val_progress_mae=9.838m val_heading_mae=39.8deg val_capture=96.15% val_bank=96.15% val_acq_acc=100.00% score=11.127 best=11.127 patience=0/4
temporal epoch=009/100 loss=9.79570 center_teacher=1.000 acq_teacher=1.000 capture=100.00% bank_capture=100.00% acq_acc=100.00% acq_conf=0.694 radius=0.0m pred_step=4.918 target_step=5.543 pred_v=4.989 target_v=5.543 val_mle=10.332m val_p90=12.518m val_speed_mae=2.874 heading=-0.4/-1.7deg val_progress_mae=9.646m val_heading_mae=39.8deg val_capture=96.15% val_bank=96.15% val_acq_acc=100.00% score=10.922 best=10.922 patience=0/4
temporal epoch=010/100 loss=9.69838 center_teacher=1.000 acq_teacher=1.000 capture=100.00% bank_capture=100.00% acq_acc=100.00% acq_conf=0.694 radius=0.0m pred_step=5.484 target_step=5.543 pred_v=5.448 target_v=5.543 val_mle=10.193m val_p90=12.385m val_speed_mae=2.874 heading=-0.4/-1.7deg val_progress_mae=9.501m val_heading_mae=39.8deg val_capture=96.15% val_bank=96.15% val_acq_acc=100.00% score=10.778 best=10.778 patience=0/4
temporal epoch=011/100 loss=9.56681 center_teacher=1.000 acq_teacher=1.000 capture=100.00% bank_capture=100.00% acq_acc=100.00% acq_conf=0.694 radius=0.0m pred_step=5.322 target_step=5.543 pred_v=5.302 target_v=5.543 val_mle=10.096m val_p90=12.292m val_speed_mae=3.058 heading=-0.5/-1.7deg val_progress_mae=9.400m val_heading_mae=39.8deg val_capture=96.15% val_bank=96.15% val_acq_acc=100.00% score=10.688 best=10.688 patience=0/4
temporal epoch=012/100 loss=9.63669 center_teacher=1.000 acq_teacher=1.000 capture=100.00% bank_capture=100.00% acq_acc=100.00% acq_conf=0.694 radius=0.0m pred_step=4.630 target_step=5.543 pred_v=4.713 target_v=5.543 val_mle=10.038m val_p90=12.239m val_speed_mae=3.192 heading=-0.6/-1.7deg val_progress_mae=9.339m val_heading_mae=39.9deg val_capture=96.15% val_bank=96.15% val_acq_acc=100.00% score=10.634 best=10.634 patience=0/4
temporal epoch=013/100 loss=9.54731 center_teacher=1.000 acq_teacher=1.000 capture=100.00% bank_capture=100.00% acq_acc=100.00% acq_conf=0.694 radius=0.0m pred_step=4.644 target_step=5.543 pred_v=4.721 target_v=5.543 val_mle=9.999m val_p90=12.218m val_speed_mae=2.875 heading=-0.8/-1.7deg val_progress_mae=9.300m val_heading_mae=39.9deg val_capture=96.15% val_bank=96.15% val_acq_acc=100.00% score=10.578 best=10.578 patience=0/4
temporal epoch=014/100 loss=9.42887 center_teacher=1.000 acq_teacher=1.000 capture=100.00% bank_capture=100.00% acq_acc=100.00% acq_conf=0.694 radius=0.0m pred_step=5.382 target_step=5.543 pred_v=5.341 target_v=5.543 val_mle=9.982m val_p90=12.210m val_speed_mae=3.018 heading=-0.7/-1.7deg val_progress_mae=9.284m val_heading_mae=39.8deg val_capture=96.15% val_bank=96.15% val_acq_acc=100.00% score=10.568 best=10.568 patience=0/4
temporal epoch=015/100 loss=9.39008 center_teacher=1.000 acq_teacher=1.000 capture=100.00% bank_capture=100.00% acq_acc=100.00% acq_conf=0.695 radius=0.0m pred_step=5.581 target_step=5.543 pred_v=5.498 target_v=5.543 val_mle=9.977m val_p90=12.209m val_speed_mae=2.897 heading=-0.6/-1.7deg val_progress_mae=9.278m val_heading_mae=39.8deg val_capture=96.15% val_bank=96.15% val_acq_acc=100.00% score=10.557 best=10.557 patience=0/4
temporal epoch=016/100 loss=9.35691 center_teacher=1.000 acq_teacher=1.000 capture=100.00% bank_capture=100.00% acq_acc=100.00% acq_conf=0.694 radius=0.0m pred_step=4.509 target_step=5.543 pred_v=4.588 target_v=5.543 val_mle=9.998m val_p90=12.238m val_speed_mae=2.888 heading=-0.6/-1.7deg val_progress_mae=9.300m val_heading_mae=39.8deg val_capture=96.15% val_bank=96.15% val_acq_acc=100.00% score=10.578 best=10.557 patience=1/4
temporal epoch=017/100 loss=9.45469 center_teacher=1.000 acq_teacher=1.000 capture=100.00% bank_capture=100.00% acq_acc=100.00% acq_conf=0.694 radius=0.0m pred_step=5.347 target_step=5.543 pred_v=5.314 target_v=5.543 val_mle=10.048m val_p90=12.296m val_speed_mae=3.434 heading=-0.8/-1.7deg val_progress_mae=9.353m val_heading_mae=39.8deg val_capture=96.15% val_bank=96.15% val_acq_acc=100.00% score=10.657 best=10.557 patience=2/4
temporal epoch=018/100 loss=9.45363 center_teacher=1.000 acq_teacher=1.000 capture=100.00% bank_capture=100.00% acq_acc=100.00% acq_conf=0.695 radius=0.0m pred_step=5.869 target_step=5.543 pred_v=5.759 target_v=5.543 val_mle=10.115m val_p90=12.352m val_speed_mae=3.018 heading=-0.7/-1.7deg val_progress_mae=9.427m val_heading_mae=39.7deg val_capture=96.15% val_bank=96.15% val_acq_acc=100.00% score=10.705 best=10.557 patience=3/4
temporal epoch=019/100 loss=9.42880 center_teacher=1.000 acq_teacher=1.000 capture=100.00% bank_capture=100.00% acq_acc=100.00% acq_conf=0.694 radius=0.0m pred_step=3.994 target_step=5.543 pred_v=4.173 target_v=5.543 val_mle=10.173m val_p90=12.415m val_speed_mae=3.545 heading=-0.3/-1.7deg val_progress_mae=9.489m val_heading_mae=39.7deg val_capture=96.15% val_bank=96.15% val_acq_acc=100.00% score=10.791 best=10.557 patience=4/4
EARLY STOP: controlled local-prior validation score did not improve by 0.003 for 4 epochs.
[FORMAL TRAIN-ONLY V5 CALIBRATION] {"confidence_power": 0.5, "delta2_scale": 2.0, "fixed_variance_m2": 25.0, "objective": 10.850656867874362, "prior_blend_base": 0.05, "prior_blend_cutoff": 0.7, "prior_blend_lowconf_gain": 0.3, "prior_blend_max": 0.3, "q_cross": 0.4, "q_progress": 1.5, "q_velocity": 1.0, "stage": "step", "step_relax_confidence": 0.0, "step_relax_width": 0.05, "step_visual_slack_m": 10.0, "temporal_3frame_scale": 1.1, "val_mle_m": 9.734239595305867, "val_p90_m": 12.114684113628753, "val_progress_mae": 8.949272820580147, "val_speed_mae": 2.8874907636196165}
