[PREPARED] PASS | city=cityc | step=4 m | selection=soft_sequence_v13_multicity_auto_train_fullroute | existing GT/routes unchanged
[CADENCE] source=experiment_route_stats_train_01 | mean=5.807527 m | p90=11.516146 m | p95=13.307293 m
[OK] clean v39 runtime: Forward-18 SoftMS -> GRU -> Kalman -> one final MeanShift
[OK] weighted-centroid decoder removed from generated runtime source
[PATCH OK] GRU = current + delta + delta2 + SAT + SoftMS position + visual displacement + previous state
[PATCH OK] V5 3-frame direct acceleration + next-step correction
[PATCH OK] training/validation/inference motion starts from current-city cadence
[PATCH OK] Kalman = smooth confidence-adaptive measurement-preserving residual fusion
[PATCH OK] step corridor = continuous confidence relaxation
[PATCH OK] no held-out navigation result is read by this patch
[V39-BEARING] final-MS route-centerline reference patch: PASS
[ARCH-AUDIT] forward_18: PASS
[ARCH-AUDIT] base_geometry_6x6: PASS
[ARCH-AUDIT] front_softms_source: PASS
[ARCH-AUDIT] one_final_ms_source: PASS
[ARCH-AUDIT] front_decoder_softms: PASS
[ARCH-AUDIT] simple_seven_block_gru: PASS
[ARCH-AUDIT] residual_motion_head: PASS
[ARCH-AUDIT] causal_visual_displacement: PASS
[ARCH-AUDIT] cadence_initialized_tracker: PASS
[ARCH-AUDIT] motion_training_inference_aligned: PASS
[ARCH-AUDIT] training_city_motion_scale_init: PASS
[ARCH-AUDIT] forward_origin_backshift_covers_jitter: PASS
[ARCH-AUDIT] protocol: PASS
[ARCH-AUDIT] controlled_gt_reference_enabled: PASS
[ARCH-AUDIT] frame_count: PASS
[ARCH-AUDIT] gru_flag: PASS
[ARCH-AUDIT] kalman_flag: PASS
[TRAIN] reuse visual checkpoint /yh/study/uav-sat/v39_otherdata/formal_bearing_v5_smooth_20260920_233151/paper_temporal_multiseed_v3/seed_2035/cityc/train_frames3/checkpoints/visual_retrieval_A_only.pt
route_A: reuse UAV backbone cache
temporal split train=[0,133) val=[137,162) route_length=789.4m
City training-sequence mean forward step=5.556m/frame p90=11.289m/frame
temporal epoch=001/100 loss=12.79770 center_teacher=1.000 acq_teacher=1.000 capture=100.00% bank_capture=100.00% acq_acc=100.00% acq_conf=0.648 radius=0.0m pred_step=5.502 target_step=5.556 pred_v=5.550 target_v=5.556 val_mle=12.609m val_p90=14.436m val_speed_mae=3.877 heading=-0.1/-0.0deg val_progress_mae=11.895m val_heading_mae=37.5deg val_capture=88.00% val_bank=88.00% val_acq_acc=100.00% score=13.475 best=13.475 patience=0/4
temporal epoch=002/100 loss=13.22225 center_teacher=1.000 acq_teacher=1.000 capture=100.00% bank_capture=100.00% acq_acc=100.00% acq_conf=0.648 radius=0.0m pred_step=4.031 target_step=5.556 pred_v=4.305 target_v=5.556 val_mle=12.464m val_p90=14.308m val_speed_mae=3.727 heading=-0.1/-0.0deg val_progress_mae=11.720m val_heading_mae=37.5deg val_capture=88.00% val_bank=88.00% val_acq_acc=100.00% score=13.317 best=13.317 patience=0/4
temporal epoch=003/100 loss=12.55019 center_teacher=1.000 acq_teacher=1.000 capture=100.00% bank_capture=100.00% acq_acc=100.00% acq_conf=0.648 radius=0.0m pred_step=4.519 target_step=5.556 pred_v=4.683 target_v=5.556 val_mle=12.274m val_p90=14.156m val_speed_mae=3.177 heading=-0.0/-0.0deg val_progress_mae=11.491m val_heading_mae=37.5deg val_capture=88.00% val_bank=88.00% val_acq_acc=100.00% score=13.092 best=13.092 patience=0/4
temporal epoch=004/100 loss=12.26290 center_teacher=1.000 acq_teacher=1.000 capture=100.00% bank_capture=100.00% acq_acc=100.00% acq_conf=0.648 radius=0.0m pred_step=5.484 target_step=5.556 pred_v=5.467 target_v=5.556 val_mle=12.065m val_p90=13.988m val_speed_mae=3.063 heading=-0.2/-0.0deg val_progress_mae=11.241m val_heading_mae=37.5deg val_capture=88.00% val_bank=88.00% val_acq_acc=100.00% score=12.871 best=12.871 patience=0/4
temporal epoch=005/100 loss=12.22679 center_teacher=1.000 acq_teacher=1.000 capture=100.00% bank_capture=100.00% acq_acc=100.00% acq_conf=0.648 radius=0.0m pred_step=5.805 target_step=5.556 pred_v=5.713 target_v=5.556 val_mle=11.846m val_p90=13.814m val_speed_mae=3.111 heading=-0.3/-0.0deg val_progress_mae=10.974m val_heading_mae=37.5deg val_capture=88.00% val_bank=88.00% val_acq_acc=100.00% score=12.646 best=12.646 patience=0/4
temporal epoch=006/100 loss=12.08305 center_teacher=1.000 acq_teacher=1.000 capture=100.00% bank_capture=100.00% acq_acc=100.00% acq_conf=0.646 radius=0.0m pred_step=5.534 target_step=5.556 pred_v=5.463 target_v=5.556 val_mle=11.618m val_p90=13.637m val_speed_mae=3.289 heading=-0.4/-0.0deg val_progress_mae=10.693m val_heading_mae=37.5deg val_capture=88.00% val_bank=88.00% val_acq_acc=100.00% score=12.419 best=12.419 patience=0/4
temporal epoch=007/100 loss=11.84480 center_teacher=1.000 acq_teacher=1.000 capture=100.00% bank_capture=100.00% acq_acc=100.00% acq_conf=0.648 radius=0.0m pred_step=5.004 target_step=5.556 pred_v=4.999 target_v=5.556 val_mle=11.384m val_p90=13.427m val_speed_mae=3.587 heading=-0.3/-0.0deg val_progress_mae=10.400m val_heading_mae=37.5deg val_capture=88.00% val_bank=88.00% val_acq_acc=100.00% score=12.190 best=12.190 patience=0/4
temporal epoch=008/100 loss=11.82625 center_teacher=1.000 acq_teacher=1.000 capture=100.00% bank_capture=100.00% acq_acc=100.00% acq_conf=0.648 radius=0.0m pred_step=4.506 target_step=5.556 pred_v=4.565 target_v=5.556 val_mle=11.139m val_p90=13.184m val_speed_mae=3.694 heading=-0.1/-0.0deg val_progress_mae=10.089m val_heading_mae=37.5deg val_capture=88.00% val_bank=88.00% val_acq_acc=100.00% score=11.942 best=11.942 patience=0/4
temporal epoch=009/100 loss=11.61188 center_teacher=1.000 acq_teacher=1.000 capture=100.00% bank_capture=100.00% acq_acc=100.00% acq_conf=0.648 radius=0.0m pred_step=4.566 target_step=5.556 pred_v=4.606 target_v=5.556 val_mle=10.896m val_p90=12.960m val_speed_mae=3.322 heading=-0.1/-0.0deg val_progress_mae=9.774m val_heading_mae=37.5deg val_capture=88.00% val_bank=88.00% val_acq_acc=100.00% score=11.671 best=11.671 patience=0/4
temporal epoch=010/100 loss=11.43002 center_teacher=1.000 acq_teacher=1.000 capture=100.00% bank_capture=100.00% acq_acc=100.00% acq_conf=0.648 radius=0.0m pred_step=5.140 target_step=5.556 pred_v=5.087 target_v=5.556 val_mle=10.717m val_p90=12.837m val_speed_mae=3.152 heading=-0.2/-0.0deg val_progress_mae=9.536m val_heading_mae=37.5deg val_capture=88.00% val_bank=88.00% val_acq_acc=100.00% score=11.476 best=11.476 patience=0/4
temporal epoch=011/100 loss=11.45385 center_teacher=1.000 acq_teacher=1.000 capture=100.00% bank_capture=100.00% acq_acc=100.00% acq_conf=0.648 radius=0.0m pred_step=5.505 target_step=5.556 pred_v=5.391 target_v=5.556 val_mle=10.609m val_p90=12.763m val_speed_mae=3.199 heading=-0.3/-0.0deg val_progress_mae=9.393m val_heading_mae=37.5deg val_capture=88.00% val_bank=88.00% val_acq_acc=100.00% score=11.365 best=11.365 patience=0/4
temporal epoch=012/100 loss=11.35499 center_teacher=1.000 acq_teacher=1.000 capture=100.00% bank_capture=100.00% acq_acc=100.00% acq_conf=0.648 radius=0.0m pred_step=5.302 target_step=5.556 pred_v=5.213 target_v=5.556 val_mle=10.553m val_p90=12.723m val_speed_mae=3.419 heading=-0.3/-0.0deg val_progress_mae=9.325m val_heading_mae=37.5deg val_capture=88.00% val_bank=88.00% val_acq_acc=100.00% score=11.319 best=11.319 patience=0/4
temporal epoch=013/100 loss=11.32558 center_teacher=1.000 acq_teacher=1.000 capture=100.00% bank_capture=100.00% acq_acc=100.00% acq_conf=0.648 radius=0.0m pred_step=4.677 target_step=5.556 pred_v=4.678 target_v=5.556 val_mle=10.524m val_p90=12.702m val_speed_mae=3.601 heading=-0.2/-0.0deg val_progress_mae=9.296m val_heading_mae=37.5deg val_capture=88.00% val_bank=88.00% val_acq_acc=100.00% score=11.298 best=11.298 patience=0/4
temporal epoch=014/100 loss=11.23979 center_teacher=1.000 acq_teacher=1.000 capture=100.00% bank_capture=100.00% acq_acc=100.00% acq_conf=0.648 radius=0.0m pred_step=4.569 target_step=5.556 pred_v=4.586 target_v=5.556 val_mle=10.515m val_p90=12.697m val_speed_mae=3.242 heading=-0.1/-0.0deg val_progress_mae=9.294m val_heading_mae=37.5deg val_capture=88.00% val_bank=88.00% val_acq_acc=100.00% score=11.270 best=11.270 patience=0/4
temporal epoch=015/100 loss=11.08745 center_teacher=1.000 acq_teacher=1.000 capture=100.00% bank_capture=100.00% acq_acc=100.00% acq_conf=0.648 radius=0.0m pred_step=5.302 target_step=5.556 pred_v=5.211 target_v=5.556 val_mle=10.533m val_p90=12.713m val_speed_mae=3.078 heading=-0.1/-0.0deg val_progress_mae=9.327m val_heading_mae=37.5deg val_capture=88.00% val_bank=88.00% val_acq_acc=100.00% score=11.282 best=11.270 patience=1/4
temporal epoch=016/100 loss=11.15448 center_teacher=1.000 acq_teacher=1.000 capture=100.00% bank_capture=100.00% acq_acc=100.00% acq_conf=0.648 radius=0.0m pred_step=5.607 target_step=5.556 pred_v=5.469 target_v=5.556 val_mle=10.577m val_p90=12.750m val_speed_mae=3.270 heading=-0.2/-0.0deg val_progress_mae=9.386m val_heading_mae=37.5deg val_capture=88.00% val_bank=88.00% val_acq_acc=100.00% score=11.337 best=11.270 patience=2/4
temporal epoch=017/100 loss=11.11994 center_teacher=1.000 acq_teacher=1.000 capture=100.00% bank_capture=100.00% acq_acc=100.00% acq_conf=0.648 radius=0.0m pred_step=4.813 target_step=5.556 pred_v=4.782 target_v=5.556 val_mle=10.635m val_p90=12.803m val_speed_mae=3.560 heading=-0.2/-0.0deg val_progress_mae=9.456m val_heading_mae=37.5deg val_capture=88.00% val_bank=88.00% val_acq_acc=100.00% score=11.412 best=11.270 patience=3/4
temporal epoch=018/100 loss=10.85597 center_teacher=1.000 acq_teacher=1.000 capture=100.00% bank_capture=100.00% acq_acc=100.00% acq_conf=0.648 radius=0.0m pred_step=4.521 target_step=5.556 pred_v=4.533 target_v=5.556 val_mle=10.616m val_p90=12.799m val_speed_mae=3.076 heading=-0.1/-0.0deg val_progress_mae=9.422m val_heading_mae=37.5deg val_capture=88.00% val_bank=88.00% val_acq_acc=100.00% score=11.367 best=11.270 patience=4/4
EARLY STOP: controlled local-prior validation score did not improve by 0.003 for 4 epochs.
[FORMAL TRAIN-ONLY V5 CALIBRATION] {"confidence_power": 0.5, "delta2_scale": 2.0, "fixed_variance_m2": 25.0, "objective": 11.49757818943558, "prior_blend_base": 0.05, "prior_blend_cutoff": 0.7, "prior_blend_lowconf_gain": 0.3, "prior_blend_max": 0.3, "q_cross": 0.4, "q_progress": 1.5, "q_velocity": 1.0, "stage": "step", "step_relax_confidence": 0.0, "step_relax_width": 0.05, "step_visual_slack_m": 10.0, "temporal_3frame_scale": 0.9, "val_mle_m": 10.339226015569634, "val_p90_m": 12.543888285198085, "val_progress_mae": 9.104937333209163, "val_speed_mae": 3.1895868859003644}
