[PREPARED] PASS | city=cityb | step=4 m | selection=soft_sequence_v13_multicity_auto_train_fullroute | existing GT/routes unchanged
[CADENCE] source=experiment_route_stats_train_01 | mean=5.769227 m | p90=10.316216 m | p95=11.515852 m
[OK] clean v39 runtime: Forward-18 SoftMS -> GRU -> Kalman -> one final MeanShift
[OK] weighted-centroid decoder removed from generated runtime source
[PATCH OK] GRU = current + delta + delta2 + SAT + SoftMS position + visual displacement + previous state
[PATCH OK] V5 3-frame direct acceleration + next-step correction
[PATCH OK] training/validation/inference motion starts from current-city cadence
[PATCH OK] Kalman = smooth confidence-adaptive measurement-preserving residual fusion
[PATCH OK] step corridor = continuous confidence relaxation
[PATCH OK] no held-out navigation result is read by this patch
[V39-BEARING] final-MS route-centerline reference patch: PASS
[ARCH-AUDIT] forward_18: PASS
[ARCH-AUDIT] base_geometry_6x6: PASS
[ARCH-AUDIT] front_softms_source: PASS
[ARCH-AUDIT] one_final_ms_source: PASS
[ARCH-AUDIT] front_decoder_softms: PASS
[ARCH-AUDIT] simple_seven_block_gru: PASS
[ARCH-AUDIT] residual_motion_head: PASS
[ARCH-AUDIT] causal_visual_displacement: PASS
[ARCH-AUDIT] cadence_initialized_tracker: PASS
[ARCH-AUDIT] motion_training_inference_aligned: PASS
[ARCH-AUDIT] training_city_motion_scale_init: PASS
[ARCH-AUDIT] forward_origin_backshift_covers_jitter: PASS
[ARCH-AUDIT] protocol: PASS
[ARCH-AUDIT] controlled_gt_reference_enabled: PASS
[ARCH-AUDIT] frame_count: PASS
[ARCH-AUDIT] gru_flag: PASS
[ARCH-AUDIT] kalman_flag: PASS
[TRAIN] reuse visual checkpoint /yh/study/uav-sat/v39_otherdata/formal_bearing_v5_smooth_20260920_233151/paper_temporal_multiseed_v3/seed_2033/cityb/train_frames1/checkpoints/visual_retrieval_A_only.pt
route_A: reuse UAV backbone cache
temporal split train=[0,135) val=[139,165) route_length=789.4m
City training-sequence mean forward step=5.743m/frame p90=10.578m/frame
temporal epoch=001/100 loss=12.48319 center_teacher=1.000 acq_teacher=1.000 capture=100.00% bank_capture=100.00% acq_acc=100.00% acq_conf=0.624 radius=0.0m pred_step=5.618 target_step=5.743 pred_v=5.634 target_v=5.743 val_mle=11.312m val_p90=13.650m val_speed_mae=2.591 heading=0.1/-1.6deg val_progress_mae=10.483m val_heading_mae=31.1deg val_capture=96.15% val_bank=96.15% val_acq_acc=100.00% score=11.895 best=11.895 patience=0/4
temporal epoch=002/100 loss=12.34270 center_teacher=1.000 acq_teacher=1.000 capture=100.00% bank_capture=100.00% acq_acc=100.00% acq_conf=0.624 radius=0.0m pred_step=5.042 target_step=5.743 pred_v=5.122 target_v=5.743 val_mle=11.188m val_p90=13.487m val_speed_mae=2.596 heading=-0.1/-1.6deg val_progress_mae=10.332m val_heading_mae=31.1deg val_capture=96.15% val_bank=96.15% val_acq_acc=100.00% score=11.767 best=11.767 patience=0/4
temporal epoch=003/100 loss=12.14617 center_teacher=1.000 acq_teacher=1.000 capture=100.00% bank_capture=100.00% acq_acc=100.00% acq_conf=0.624 radius=0.0m pred_step=5.152 target_step=5.743 pred_v=5.220 target_v=5.743 val_mle=10.998m val_p90=13.270m val_speed_mae=2.543 heading=-0.3/-1.6deg val_progress_mae=10.115m val_heading_mae=31.1deg val_capture=96.15% val_bank=96.15% val_acq_acc=100.00% score=11.568 best=11.568 patience=0/4
temporal epoch=004/100 loss=11.97403 center_teacher=1.000 acq_teacher=1.000 capture=100.00% bank_capture=100.00% acq_acc=100.00% acq_conf=0.625 radius=0.0m pred_step=5.568 target_step=5.743 pred_v=5.588 target_v=5.743 val_mle=10.790m val_p90=13.033m val_speed_mae=2.576 heading=-0.4/-1.6deg val_progress_mae=9.874m val_heading_mae=31.1deg val_capture=96.15% val_bank=96.15% val_acq_acc=100.00% score=11.354 best=11.354 patience=0/4
temporal epoch=005/100 loss=11.82227 center_teacher=1.000 acq_teacher=1.000 capture=100.00% bank_capture=100.00% acq_acc=100.00% acq_conf=0.625 radius=0.0m pred_step=5.709 target_step=5.743 pred_v=5.712 target_v=5.743 val_mle=10.579m val_p90=12.785m val_speed_mae=2.544 heading=-0.5/-1.6deg val_progress_mae=9.630m val_heading_mae=31.1deg val_capture=96.15% val_bank=96.15% val_acq_acc=100.00% score=11.134 best=11.134 patience=0/4
temporal epoch=006/100 loss=11.65023 center_teacher=1.000 acq_teacher=1.000 capture=100.00% bank_capture=100.00% acq_acc=100.00% acq_conf=0.625 radius=0.0m pred_step=5.408 target_step=5.743 pred_v=5.447 target_v=5.743 val_mle=10.357m val_p90=12.529m val_speed_mae=2.594 heading=-0.5/-1.6deg val_progress_mae=9.376m val_heading_mae=31.1deg val_capture=96.15% val_bank=96.15% val_acq_acc=100.00% score=10.907 best=10.907 patience=0/4
temporal epoch=007/100 loss=11.57641 center_teacher=1.000 acq_teacher=1.000 capture=100.00% bank_capture=100.00% acq_acc=100.00% acq_conf=0.625 radius=0.0m pred_step=5.018 target_step=5.743 pred_v=5.103 target_v=5.743 val_mle=10.128m val_p90=12.271m val_speed_mae=2.646 heading=-0.5/-1.6deg val_progress_mae=9.119m val_heading_mae=31.1deg val_capture=96.15% val_bank=96.15% val_acq_acc=100.00% score=10.673 best=10.673 patience=0/4
temporal epoch=008/100 loss=11.47598 center_teacher=1.000 acq_teacher=1.000 capture=100.00% bank_capture=100.00% acq_acc=100.00% acq_conf=0.625 radius=0.0m pred_step=4.954 target_step=5.743 pred_v=5.046 target_v=5.743 val_mle=9.905m val_p90=12.023m val_speed_mae=2.536 heading=-0.4/-1.6deg val_progress_mae=8.873m val_heading_mae=31.1deg val_capture=96.15% val_bank=96.15% val_acq_acc=100.00% score=10.437 best=10.437 patience=0/4
temporal epoch=009/100 loss=11.35638 center_teacher=1.000 acq_teacher=1.000 capture=100.00% bank_capture=100.00% acq_acc=100.00% acq_conf=0.625 radius=0.0m pred_step=5.294 target_step=5.743 pred_v=5.345 target_v=5.743 val_mle=9.710m val_p90=11.811m val_speed_mae=2.546 heading=-0.4/-1.6deg val_progress_mae=8.661m val_heading_mae=31.1deg val_capture=96.15% val_bank=96.15% val_acq_acc=100.00% score=10.236 best=10.236 patience=0/4
temporal epoch=010/100 loss=11.27665 center_teacher=1.000 acq_teacher=1.000 capture=100.00% bank_capture=100.00% acq_acc=100.00% acq_conf=0.626 radius=0.0m pred_step=5.506 target_step=5.743 pred_v=5.533 target_v=5.743 val_mle=9.551m val_p90=11.634m val_speed_mae=2.527 heading=-0.5/-1.6deg val_progress_mae=8.489m val_heading_mae=31.1deg val_capture=96.15% val_bank=96.15% val_acq_acc=100.00% score=10.071 best=10.071 patience=0/4
temporal epoch=011/100 loss=11.17411 center_teacher=1.000 acq_teacher=1.000 capture=100.00% bank_capture=100.00% acq_acc=100.00% acq_conf=0.627 radius=0.0m pred_step=5.273 target_step=5.743 pred_v=5.330 target_v=5.743 val_mle=9.413m val_p90=11.484m val_speed_mae=2.593 heading=-0.6/-1.6deg val_progress_mae=8.341m val_heading_mae=31.1deg val_capture=96.15% val_bank=96.15% val_acq_acc=100.00% score=9.932 best=9.932 patience=0/4
temporal epoch=012/100 loss=11.17630 center_teacher=1.000 acq_teacher=1.000 capture=100.00% bank_capture=100.00% acq_acc=100.00% acq_conf=0.627 radius=0.0m pred_step=4.962 target_step=5.743 pred_v=5.058 target_v=5.743 val_mle=9.293m val_p90=11.352m val_speed_mae=2.563 heading=-0.7/-1.6deg val_progress_mae=8.212m val_heading_mae=31.1deg val_capture=96.15% val_bank=96.15% val_acq_acc=100.00% score=9.807 best=9.807 patience=0/4
temporal epoch=013/100 loss=11.10768 center_teacher=1.000 acq_teacher=1.000 capture=100.00% bank_capture=100.00% acq_acc=100.00% acq_conf=0.627 radius=0.0m pred_step=5.126 target_step=5.743 pred_v=5.201 target_v=5.743 val_mle=9.183m val_p90=11.233m val_speed_mae=2.563 heading=-0.7/-1.6deg val_progress_mae=8.091m val_heading_mae=31.1deg val_capture=96.15% val_bank=96.15% val_acq_acc=100.00% score=9.693 best=9.693 patience=0/4
temporal epoch=014/100 loss=11.09782 center_teacher=1.000 acq_teacher=1.000 capture=100.00% bank_capture=100.00% acq_acc=100.00% acq_conf=0.627 radius=0.0m pred_step=5.669 target_step=5.743 pred_v=5.676 target_v=5.743 val_mle=9.083m val_p90=11.120m val_speed_mae=2.567 heading=-0.7/-1.6deg val_progress_mae=7.981m val_heading_mae=31.1deg val_capture=96.15% val_bank=96.15% val_acq_acc=100.00% score=9.590 best=9.590 patience=0/4
temporal epoch=015/100 loss=11.04600 center_teacher=1.000 acq_teacher=1.000 capture=100.00% bank_capture=100.00% acq_acc=100.00% acq_conf=0.627 radius=0.0m pred_step=5.462 target_step=5.743 pred_v=5.493 target_v=5.743 val_mle=8.993m val_p90=11.010m val_speed_mae=2.560 heading=-0.7/-1.6deg val_progress_mae=7.880m val_heading_mae=31.1deg val_capture=96.15% val_bank=96.15% val_acq_acc=100.00% score=9.496 best=9.496 patience=0/4
temporal epoch=016/100 loss=11.07023 center_teacher=1.000 acq_teacher=1.000 capture=100.00% bank_capture=100.00% acq_acc=100.00% acq_conf=0.626 radius=0.0m pred_step=4.875 target_step=5.743 pred_v=4.975 target_v=5.743 val_mle=8.904m val_p90=10.905m val_speed_mae=2.552 heading=-0.8/-1.6deg val_progress_mae=7.779m val_heading_mae=31.1deg val_capture=96.15% val_bank=96.15% val_acq_acc=100.00% score=9.404 best=9.404 patience=0/4
temporal epoch=017/100 loss=10.98543 center_teacher=1.000 acq_teacher=1.000 capture=100.00% bank_capture=100.00% acq_acc=100.00% acq_conf=0.626 radius=0.0m pred_step=5.140 target_step=5.743 pred_v=5.204 target_v=5.743 val_mle=8.814m val_p90=10.804m val_speed_mae=2.678 heading=-0.8/-1.6deg val_progress_mae=7.677m val_heading_mae=31.0deg val_capture=96.15% val_bank=96.15% val_acq_acc=100.00% score=9.317 best=9.317 patience=0/4
temporal epoch=018/100 loss=11.01901 center_teacher=1.000 acq_teacher=1.000 capture=100.00% bank_capture=100.00% acq_acc=100.00% acq_conf=0.626 radius=0.0m pred_step=5.853 target_step=5.743 pred_v=5.827 target_v=5.743 val_mle=8.727m val_p90=10.701m val_speed_mae=2.551 heading=-0.8/-1.6deg val_progress_mae=7.577m val_heading_mae=31.0deg val_capture=96.15% val_bank=96.15% val_acq_acc=100.00% score=9.221 best=9.221 patience=0/4
temporal epoch=019/100 loss=10.92722 center_teacher=1.000 acq_teacher=1.000 capture=100.00% bank_capture=100.00% acq_acc=100.00% acq_conf=0.626 radius=0.0m pred_step=5.117 target_step=5.743 pred_v=5.181 target_v=5.743 val_mle=8.648m val_p90=10.600m val_speed_mae=2.616 heading=-0.9/-1.6deg val_progress_mae=7.487m val_heading_mae=31.0deg val_capture=96.15% val_bank=96.15% val_acq_acc=100.00% score=9.143 best=9.143 patience=0/4
temporal epoch=020/100 loss=10.94781 center_teacher=1.000 acq_teacher=1.000 capture=100.00% bank_capture=100.00% acq_acc=100.00% acq_conf=0.624 radius=0.0m pred_step=4.776 target_step=5.743 pred_v=4.879 target_v=5.743 val_mle=8.573m val_p90=10.512m val_speed_mae=3.010 heading=-1.0/-1.6deg val_progress_mae=7.400m val_heading_mae=31.0deg val_capture=96.15% val_bank=96.15% val_acq_acc=100.00% score=9.084 best=9.084 patience=0/4
temporal epoch=021/100 loss=11.25560 center_teacher=1.000 acq_teacher=1.000 capture=100.00% bank_capture=100.00% acq_acc=100.00% acq_conf=0.624 radius=0.0m pred_step=6.511 target_step=5.743 pred_v=6.395 target_v=5.743 val_mle=8.492m val_p90=10.420m val_speed_mae=2.536 heading=-1.0/-1.6deg val_progress_mae=7.306m val_heading_mae=31.0deg val_capture=96.15% val_bank=96.15% val_acq_acc=100.00% score=8.977 best=8.977 patience=0/4
temporal epoch=022/100 loss=11.02137 center_teacher=1.000 acq_teacher=1.000 capture=100.00% bank_capture=100.00% acq_acc=100.00% acq_conf=0.624 radius=0.0m pred_step=4.588 target_step=5.743 pred_v=4.710 target_v=5.743 val_mle=8.423m val_p90=10.353m val_speed_mae=2.561 heading=-1.1/-1.6deg val_progress_mae=7.226m val_heading_mae=31.0deg val_capture=96.15% val_bank=96.15% val_acq_acc=100.00% score=8.907 best=8.907 patience=0/4
temporal epoch=023/100 loss=10.93797 center_teacher=1.000 acq_teacher=1.000 capture=100.00% bank_capture=100.00% acq_acc=100.00% acq_conf=0.624 radius=0.0m pred_step=5.227 target_step=5.743 pred_v=5.263 target_v=5.743 val_mle=8.353m val_p90=10.310m val_speed_mae=4.243 heading=-1.2/-1.6deg val_progress_mae=7.138m val_heading_mae=31.0deg val_capture=96.15% val_bank=96.15% val_acq_acc=100.00% score=8.918 best=8.907 patience=1/4
temporal epoch=024/100 loss=11.44229 center_teacher=1.000 acq_teacher=1.000 capture=100.00% bank_capture=100.00% acq_acc=100.00% acq_conf=0.624 radius=0.0m pred_step=7.002 target_step=5.743 pred_v=6.816 target_v=5.743 val_mle=8.287m val_p90=10.231m val_speed_mae=5.640 heading=-1.2/-1.6deg val_progress_mae=7.065m val_heading_mae=31.1deg val_capture=96.15% val_bank=96.15% val_acq_acc=100.00% score=8.920 best=8.907 patience=2/4
temporal epoch=025/100 loss=13.53937 center_teacher=1.000 acq_teacher=1.000 capture=100.00% bank_capture=100.00% acq_acc=100.00% acq_conf=0.624 radius=0.0m pred_step=1.677 target_step=5.743 pred_v=1.968 target_v=5.743 val_mle=8.231m val_p90=10.183m val_speed_mae=5.642 heading=-1.4/-1.6deg val_progress_mae=7.000m val_heading_mae=31.1deg val_capture=96.15% val_bank=96.15% val_acq_acc=100.00% score=8.862 best=8.862 patience=0/4
temporal epoch=026/100 loss=11.91198 center_teacher=1.000 acq_teacher=1.000 capture=100.00% bank_capture=100.00% acq_acc=100.00% acq_conf=0.624 radius=0.0m pred_step=2.662 target_step=5.743 pred_v=3.012 target_v=5.743 val_mle=8.204m val_p90=10.191m val_speed_mae=8.290 heading=-1.4/-1.6deg val_progress_mae=6.967m val_heading_mae=31.1deg val_capture=96.15% val_bank=96.15% val_acq_acc=100.00% score=8.966 best=8.862 patience=1/4
temporal epoch=027/100 loss=16.57796 center_teacher=1.000 acq_teacher=1.000 capture=100.00% bank_capture=100.00% acq_acc=100.00% acq_conf=0.624 radius=0.0m pred_step=11.201 target_step=5.743 pred_v=10.930 target_v=5.743 val_mle=8.150m val_p90=10.152m val_speed_mae=8.298 heading=-1.3/-1.6deg val_progress_mae=6.902m val_heading_mae=31.1deg val_capture=96.15% val_bank=96.15% val_acq_acc=100.00% score=8.911 best=8.862 patience=2/4
temporal epoch=028/100 loss=15.97405 center_teacher=1.000 acq_teacher=1.000 capture=100.00% bank_capture=100.00% acq_acc=100.00% acq_conf=0.624 radius=0.0m pred_step=11.309 target_step=5.743 pred_v=10.824 target_v=5.743 val_mle=8.214m val_p90=10.080m val_speed_mae=3.283 heading=-1.9/-1.6deg val_progress_mae=6.963m val_heading_mae=31.2deg val_capture=96.15% val_bank=96.15% val_acq_acc=100.00% score=8.726 best=8.726 patience=0/4
temporal epoch=029/100 loss=12.85189 center_teacher=1.000 acq_teacher=1.000 capture=100.00% bank_capture=100.00% acq_acc=100.00% acq_conf=0.626 radius=0.0m pred_step=2.174 target_step=5.743 pred_v=2.602 target_v=5.743 val_mle=8.078m val_p90=10.050m val_speed_mae=3.699 heading=-2.6/-1.6deg val_progress_mae=6.804m val_heading_mae=31.3deg val_capture=100.00% val_bank=100.00% val_acq_acc=100.00% score=8.530 best=8.530 patience=0/4
temporal epoch=030/100 loss=10.88224 center_teacher=1.000 acq_teacher=1.000 capture=100.00% bank_capture=100.00% acq_acc=100.00% acq_conf=0.626 radius=0.0m pred_step=4.421 target_step=5.743 pred_v=4.570 target_v=5.743 val_mle=8.081m val_p90=10.097m val_speed_mae=7.403 heading=-2.9/-1.6deg val_progress_mae=6.802m val_heading_mae=31.3deg val_capture=100.00% val_bank=100.00% val_acq_acc=100.00% score=8.718 best=8.530 patience=1/4
temporal epoch=031/100 loss=14.76366 center_teacher=1.000 acq_teacher=1.000 capture=100.00% bank_capture=100.00% acq_acc=100.00% acq_conf=0.626 radius=0.0m pred_step=9.979 target_step=5.743 pred_v=9.424 target_v=5.743 val_mle=8.066m val_p90=10.087m val_speed_mae=3.635 heading=-2.7/-1.6deg val_progress_mae=6.800m val_heading_mae=31.3deg val_capture=100.00% val_bank=100.00% val_acq_acc=100.00% score=8.515 best=8.515 patience=0/4
temporal epoch=032/100 loss=10.69041 center_teacher=1.000 acq_teacher=1.000 capture=100.00% bank_capture=100.00% acq_acc=100.00% acq_conf=0.626 radius=0.0m pred_step=5.993 target_step=5.743 pred_v=5.904 target_v=5.743 val_mle=8.095m val_p90=10.118m val_speed_mae=5.202 heading=-2.7/-1.6deg val_progress_mae=6.848m val_heading_mae=31.3deg val_capture=100.00% val_bank=100.00% val_acq_acc=100.00% score=8.623 best=8.515 patience=1/4
temporal epoch=033/100 loss=12.43252 center_teacher=1.000 acq_teacher=1.000 capture=100.00% bank_capture=100.00% acq_acc=100.00% acq_conf=0.626 radius=0.0m pred_step=1.893 target_step=5.743 pred_v=2.332 target_v=5.743 val_mle=8.213m val_p90=10.391m val_speed_mae=3.111 heading=-3.0/-1.6deg val_progress_mae=6.970m val_heading_mae=31.4deg val_capture=100.00% val_bank=100.00% val_acq_acc=100.00% score=8.641 best=8.515 patience=2/4
temporal epoch=034/100 loss=14.31036 center_teacher=1.000 acq_teacher=1.000 capture=100.00% bank_capture=100.00% acq_acc=100.00% acq_conf=0.626 radius=0.0m pred_step=9.382 target_step=5.743 pred_v=8.868 target_v=5.743 val_mle=8.286m val_p90=10.491m val_speed_mae=7.786 heading=-3.0/-1.6deg val_progress_mae=7.058m val_heading_mae=31.4deg val_capture=100.00% val_bank=100.00% val_acq_acc=100.00% score=8.950 best=8.515 patience=3/4
temporal epoch=035/100 loss=12.79126 center_teacher=1.000 acq_teacher=1.000 capture=100.00% bank_capture=100.00% acq_acc=100.00% acq_conf=0.625 radius=0.0m pred_step=9.497 target_step=5.743 pred_v=8.953 target_v=5.743 val_mle=8.330m val_p90=10.537m val_speed_mae=3.978 heading=-3.3/-1.6deg val_progress_mae=7.129m val_heading_mae=31.4deg val_capture=100.00% val_bank=100.00% val_acq_acc=100.00% score=8.806 best=8.515 patience=4/4
EARLY STOP: controlled local-prior validation score did not improve by 0.003 for 4 epochs.
