[PREPARED] PASS | city=cityd | step=4 m | selection=soft_sequence_v13_multicity_auto_train_fullroute | existing GT/routes unchanged
[CADENCE] source=experiment_route_stats_train_01 | mean=5.465267 m | p90=10.039383 m | p95=12.083230 m
[OK] clean v39 runtime: Forward-18 SoftMS -> GRU -> Kalman -> one final MeanShift
[OK] weighted-centroid decoder removed from generated runtime source
[PATCH OK] GRU = current + delta + delta2 + SAT + SoftMS position + visual displacement + previous state
[PATCH OK] V5 3-frame direct acceleration + next-step correction
[PATCH OK] training/validation/inference motion starts from current-city cadence
[PATCH OK] Kalman = smooth confidence-adaptive measurement-preserving residual fusion
[PATCH OK] step corridor = continuous confidence relaxation
[PATCH OK] no held-out navigation result is read by this patch
[V39-BEARING] final-MS route-centerline reference patch: PASS
[ARCH-AUDIT] forward_18: PASS
[ARCH-AUDIT] base_geometry_6x6: PASS
[ARCH-AUDIT] front_softms_source: PASS
[ARCH-AUDIT] one_final_ms_source: PASS
[ARCH-AUDIT] front_decoder_softms: PASS
[ARCH-AUDIT] simple_seven_block_gru: PASS
[ARCH-AUDIT] residual_motion_head: PASS
[ARCH-AUDIT] causal_visual_displacement: PASS
[ARCH-AUDIT] cadence_initialized_tracker: PASS
[ARCH-AUDIT] motion_training_inference_aligned: PASS
[ARCH-AUDIT] training_city_motion_scale_init: PASS
[ARCH-AUDIT] forward_origin_backshift_covers_jitter: PASS
[ARCH-AUDIT] protocol: PASS
[ARCH-AUDIT] controlled_gt_reference_enabled: PASS
[ARCH-AUDIT] frame_count: PASS
[ARCH-AUDIT] gru_flag: PASS
[ARCH-AUDIT] kalman_flag: PASS
[TRAIN] reuse visual checkpoint /yh/study/uav-sat/v39_otherdata/formal_bearing_v5_smooth_20260920_233151/paper_temporal_multiseed_v3/seed_2035/cityd/train_frames2/checkpoints/visual_retrieval_A_only.pt
route_A: reuse UAV backbone cache
temporal split train=[0,136) val=[140,166) route_length=789.4m
City training-sequence mean forward step=5.530m/frame p90=10.147m/frame
temporal epoch=001/100 loss=14.25945 center_teacher=1.000 acq_teacher=1.000 capture=100.00% bank_capture=100.00% acq_acc=100.00% acq_conf=0.644 radius=0.0m pred_step=5.241 target_step=5.530 pred_v=5.268 target_v=5.530 val_mle=10.247m val_p90=12.554m val_speed_mae=2.965 heading=-0.0/0.7deg val_progress_mae=10.243m val_heading_mae=30.6deg val_capture=96.15% val_bank=96.15% val_acq_acc=100.00% score=10.840 best=10.840 patience=0/4
temporal epoch=002/100 loss=14.25775 center_teacher=1.000 acq_teacher=1.000 capture=100.00% bank_capture=100.00% acq_acc=100.00% acq_conf=0.644 radius=0.0m pred_step=4.458 target_step=5.530 pred_v=4.577 target_v=5.530 val_mle=10.076m val_p90=12.384m val_speed_mae=2.916 heading=-0.1/0.7deg val_progress_mae=10.066m val_heading_mae=30.6deg val_capture=96.15% val_bank=96.15% val_acq_acc=100.00% score=10.662 best=10.662 patience=0/4
temporal epoch=003/100 loss=13.99875 center_teacher=1.000 acq_teacher=1.000 capture=100.00% bank_capture=100.00% acq_acc=100.00% acq_conf=0.644 radius=0.0m pred_step=4.810 target_step=5.530 pred_v=4.889 target_v=5.530 val_mle=9.824m val_p90=12.139m val_speed_mae=2.915 heading=-0.3/0.7deg val_progress_mae=9.805m val_heading_mae=30.6deg val_capture=96.15% val_bank=96.15% val_acq_acc=100.00% score=10.402 best=10.402 patience=0/4
temporal epoch=004/100 loss=13.81940 center_teacher=1.000 acq_teacher=1.000 capture=100.00% bank_capture=100.00% acq_acc=100.00% acq_conf=0.644 radius=0.0m pred_step=5.493 target_step=5.530 pred_v=5.494 target_v=5.530 val_mle=9.524m val_p90=11.839m val_speed_mae=2.915 heading=-0.3/0.7deg val_progress_mae=9.495m val_heading_mae=30.6deg val_capture=96.15% val_bank=96.15% val_acq_acc=100.00% score=10.093 best=10.093 patience=0/4
temporal epoch=005/100 loss=13.62624 center_teacher=1.000 acq_teacher=1.000 capture=100.00% bank_capture=100.00% acq_acc=100.00% acq_conf=0.644 radius=0.0m pred_step=5.408 target_step=5.530 pred_v=5.422 target_v=5.530 val_mle=9.208m val_p90=11.510m val_speed_mae=2.911 heading=-0.2/0.7deg val_progress_mae=9.166m val_heading_mae=30.6deg val_capture=96.15% val_bank=96.15% val_acq_acc=100.00% score=9.767 best=9.767 patience=0/4
temporal epoch=006/100 loss=13.51412 center_teacher=1.000 acq_teacher=1.000 capture=100.00% bank_capture=100.00% acq_acc=100.00% acq_conf=0.644 radius=0.0m pred_step=4.662 target_step=5.530 pred_v=4.769 target_v=5.530 val_mle=8.898m val_p90=11.198m val_speed_mae=2.934 heading=-0.2/0.7deg val_progress_mae=8.841m val_heading_mae=30.6deg val_capture=96.15% val_bank=96.15% val_acq_acc=100.00% score=9.448 best=9.448 patience=0/4
temporal epoch=007/100 loss=13.29003 center_teacher=1.000 acq_teacher=1.000 capture=100.00% bank_capture=100.00% acq_acc=100.00% acq_conf=0.644 radius=0.0m pred_step=4.647 target_step=5.530 pred_v=4.761 target_v=5.530 val_mle=8.609m val_p90=10.917m val_speed_mae=2.913 heading=-0.3/0.7deg val_progress_mae=8.536m val_heading_mae=30.6deg val_capture=96.15% val_bank=96.15% val_acq_acc=100.00% score=9.149 best=9.149 patience=0/4
temporal epoch=008/100 loss=13.09781 center_teacher=1.000 acq_teacher=1.000 capture=100.00% bank_capture=100.00% acq_acc=100.00% acq_conf=0.644 radius=0.0m pred_step=5.287 target_step=5.530 pred_v=5.329 target_v=5.530 val_mle=8.367m val_p90=10.674m val_speed_mae=2.915 heading=-0.5/0.7deg val_progress_mae=8.279m val_heading_mae=30.6deg val_capture=96.15% val_bank=96.15% val_acq_acc=100.00% score=8.900 best=8.900 patience=0/4
temporal epoch=009/100 loss=13.05292 center_teacher=1.000 acq_teacher=1.000 capture=100.00% bank_capture=100.00% acq_acc=100.00% acq_conf=0.644 radius=0.0m pred_step=5.657 target_step=5.530 pred_v=5.656 target_v=5.530 val_mle=8.166m val_p90=10.471m val_speed_mae=2.913 heading=-0.5/0.7deg val_progress_mae=8.064m val_heading_mae=30.6deg val_capture=96.15% val_bank=96.15% val_acq_acc=100.00% score=8.692 best=8.692 patience=0/4
temporal epoch=010/100 loss=12.92777 center_teacher=1.000 acq_teacher=1.000 capture=100.00% bank_capture=100.00% acq_acc=100.00% acq_conf=0.644 radius=0.0m pred_step=5.371 target_step=5.530 pred_v=5.402 target_v=5.530 val_mle=8.008m val_p90=10.308m val_speed_mae=2.909 heading=-0.5/0.7deg val_progress_mae=7.894m val_heading_mae=30.6deg val_capture=96.15% val_bank=96.15% val_acq_acc=100.00% score=8.529 best=8.529 patience=0/4
temporal epoch=011/100 loss=12.91518 center_teacher=1.000 acq_teacher=1.000 capture=100.00% bank_capture=100.00% acq_acc=100.00% acq_conf=0.644 radius=0.0m pred_step=4.747 target_step=5.530 pred_v=4.850 target_v=5.530 val_mle=7.885m val_p90=10.178m val_speed_mae=2.912 heading=-0.5/0.7deg val_progress_mae=7.761m val_heading_mae=30.6deg val_capture=96.15% val_bank=96.15% val_acq_acc=100.00% score=8.402 best=8.402 patience=0/4
temporal epoch=012/100 loss=12.91402 center_teacher=1.000 acq_teacher=1.000 capture=100.00% bank_capture=100.00% acq_acc=100.00% acq_conf=0.644 radius=0.0m pred_step=4.664 target_step=5.530 pred_v=4.774 target_v=5.530 val_mle=7.770m val_p90=10.072m val_speed_mae=2.908 heading=-0.5/0.7deg val_progress_mae=7.637m val_heading_mae=30.6deg val_capture=96.15% val_bank=96.15% val_acq_acc=100.00% score=8.283 best=8.283 patience=0/4
temporal epoch=013/100 loss=12.78000 center_teacher=1.000 acq_teacher=1.000 capture=100.00% bank_capture=100.00% acq_acc=100.00% acq_conf=0.644 radius=0.0m pred_step=5.067 target_step=5.530 pred_v=5.128 target_v=5.530 val_mle=7.683m val_p90=9.985m val_speed_mae=2.909 heading=-0.6/0.7deg val_progress_mae=7.542m val_heading_mae=30.6deg val_capture=96.15% val_bank=96.15% val_acq_acc=100.00% score=8.193 best=8.193 patience=0/4
temporal epoch=014/100 loss=12.71971 center_teacher=1.000 acq_teacher=1.000 capture=100.00% bank_capture=100.00% acq_acc=100.00% acq_conf=0.646 radius=0.0m pred_step=5.449 target_step=5.530 pred_v=5.464 target_v=5.530 val_mle=7.608m val_p90=9.909m val_speed_mae=2.905 heading=-0.7/0.7deg val_progress_mae=7.462m val_heading_mae=30.6deg val_capture=96.15% val_bank=96.15% val_acq_acc=100.00% score=8.116 best=8.116 patience=0/4
temporal epoch=015/100 loss=12.61073 center_teacher=1.000 acq_teacher=1.000 capture=100.00% bank_capture=100.00% acq_acc=100.00% acq_conf=0.647 radius=0.0m pred_step=4.969 target_step=5.530 pred_v=5.041 target_v=5.530 val_mle=7.555m val_p90=9.845m val_speed_mae=2.900 heading=-0.8/0.7deg val_progress_mae=7.405m val_heading_mae=30.6deg val_capture=96.15% val_bank=96.15% val_acq_acc=100.00% score=8.060 best=8.060 patience=0/4
temporal epoch=016/100 loss=12.56870 center_teacher=1.000 acq_teacher=1.000 capture=100.00% bank_capture=100.00% acq_acc=100.00% acq_conf=0.646 radius=0.0m pred_step=4.675 target_step=5.530 pred_v=4.780 target_v=5.530 val_mle=7.499m val_p90=9.799m val_speed_mae=2.899 heading=-0.8/0.7deg val_progress_mae=7.347m val_heading_mae=30.6deg val_capture=96.15% val_bank=96.15% val_acq_acc=100.00% score=8.003 best=8.003 patience=0/4
temporal epoch=017/100 loss=12.56958 center_teacher=1.000 acq_teacher=1.000 capture=100.00% bank_capture=100.00% acq_acc=100.00% acq_conf=0.647 radius=0.0m pred_step=5.184 target_step=5.530 pred_v=5.226 target_v=5.530 val_mle=7.466m val_p90=9.768m val_speed_mae=2.898 heading=-0.8/0.7deg val_progress_mae=7.313m val_heading_mae=30.6deg val_capture=96.15% val_bank=96.15% val_acq_acc=100.00% score=7.968 best=7.968 patience=0/4
temporal epoch=018/100 loss=12.55421 center_teacher=1.000 acq_teacher=1.000 capture=100.00% bank_capture=100.00% acq_acc=100.00% acq_conf=0.647 radius=0.0m pred_step=5.466 target_step=5.530 pred_v=5.474 target_v=5.530 val_mle=7.449m val_p90=9.743m val_speed_mae=2.891 heading=-0.9/0.7deg val_progress_mae=7.297m val_heading_mae=30.6deg val_capture=96.15% val_bank=96.15% val_acq_acc=100.00% score=7.951 best=7.951 patience=0/4
temporal epoch=019/100 loss=12.53060 center_teacher=1.000 acq_teacher=1.000 capture=100.00% bank_capture=100.00% acq_acc=100.00% acq_conf=0.648 radius=0.0m pred_step=4.173 target_step=5.530 pred_v=4.340 target_v=5.530 val_mle=7.458m val_p90=9.734m val_speed_mae=3.091 heading=-1.1/0.7deg val_progress_mae=7.309m val_heading_mae=30.6deg val_capture=96.15% val_bank=96.15% val_acq_acc=100.00% score=7.970 best=7.951 patience=1/4
temporal epoch=020/100 loss=12.97466 center_teacher=1.000 acq_teacher=1.000 capture=100.00% bank_capture=100.00% acq_acc=100.00% acq_conf=0.648 radius=0.0m pred_step=6.480 target_step=5.530 pred_v=6.371 target_v=5.530 val_mle=7.440m val_p90=9.719m val_speed_mae=2.877 heading=-1.1/0.7deg val_progress_mae=7.292m val_heading_mae=30.6deg val_capture=96.15% val_bank=96.15% val_acq_acc=100.00% score=7.941 best=7.941 patience=0/4
temporal epoch=021/100 loss=12.36975 center_teacher=1.000 acq_teacher=1.000 capture=100.00% bank_capture=100.00% acq_acc=100.00% acq_conf=0.648 radius=0.0m pred_step=4.495 target_step=5.530 pred_v=4.623 target_v=5.530 val_mle=7.445m val_p90=9.717m val_speed_mae=2.901 heading=-1.1/0.7deg val_progress_mae=7.299m val_heading_mae=30.6deg val_capture=96.15% val_bank=96.15% val_acq_acc=100.00% score=7.947 best=7.941 patience=1/4
temporal epoch=022/100 loss=12.52610 center_teacher=1.000 acq_teacher=1.000 capture=100.00% bank_capture=100.00% acq_acc=100.00% acq_conf=0.648 radius=0.0m pred_step=4.476 target_step=5.530 pred_v=4.606 target_v=5.530 val_mle=7.704m val_p90=9.949m val_speed_mae=6.600 heading=-1.2/0.7deg val_progress_mae=7.394m val_heading_mae=30.6deg val_capture=96.15% val_bank=96.15% val_acq_acc=100.00% score=8.394 best=7.941 patience=2/4
temporal epoch=023/100 loss=14.63715 center_teacher=1.000 acq_teacher=1.000 capture=100.00% bank_capture=100.00% acq_acc=100.00% acq_conf=0.647 radius=0.0m pred_step=8.232 target_step=5.530 pred_v=7.919 target_v=5.530 val_mle=7.746m val_p90=9.937m val_speed_mae=3.400 heading=-1.4/0.7deg val_progress_mae=7.411m val_heading_mae=30.6deg val_capture=96.15% val_bank=96.15% val_acq_acc=100.00% score=8.276 best=7.941 patience=3/4
temporal epoch=024/100 loss=14.10486 center_teacher=1.000 acq_teacher=1.000 capture=100.00% bank_capture=100.00% acq_acc=100.00% acq_conf=0.647 radius=0.0m pred_step=2.238 target_step=5.530 pred_v=2.660 target_v=5.530 val_mle=7.739m val_p90=9.943m val_speed_mae=2.835 heading=-1.4/0.7deg val_progress_mae=7.408m val_heading_mae=30.6deg val_capture=96.15% val_bank=96.15% val_acq_acc=100.00% score=8.242 best=7.941 patience=4/4
EARLY STOP: controlled local-prior validation score did not improve by 0.003 for 4 epochs.
