[PREPARED] PASS | city=cityd | step=4 m | selection=soft_sequence_v13_multicity_auto_train_fullroute | existing GT/routes unchanged
[CADENCE] source=experiment_route_stats_train_01 | mean=5.465267 m | p90=10.039383 m | p95=12.083230 m
[OK] clean v39 runtime: Forward-18 SoftMS -> GRU -> Kalman -> one final MeanShift
[OK] weighted-centroid decoder removed from generated runtime source
[PATCH OK] GRU = current + delta + delta2 + SAT + SoftMS position + visual displacement + previous state
[PATCH OK] V5 3-frame direct acceleration + next-step correction
[PATCH OK] training/validation/inference motion starts from current-city cadence
[PATCH OK] Kalman = smooth confidence-adaptive measurement-preserving residual fusion
[PATCH OK] step corridor = continuous confidence relaxation
[PATCH OK] no held-out navigation result is read by this patch
[V39-BEARING] final-MS route-centerline reference patch: PASS
[ARCH-AUDIT] forward_18: PASS
[ARCH-AUDIT] base_geometry_6x6: PASS
[ARCH-AUDIT] front_softms_source: PASS
[ARCH-AUDIT] one_final_ms_source: PASS
[ARCH-AUDIT] front_decoder_softms: PASS
[ARCH-AUDIT] simple_seven_block_gru: PASS
[ARCH-AUDIT] residual_motion_head: PASS
[ARCH-AUDIT] causal_visual_displacement: PASS
[ARCH-AUDIT] cadence_initialized_tracker: PASS
[ARCH-AUDIT] motion_training_inference_aligned: PASS
[ARCH-AUDIT] training_city_motion_scale_init: PASS
[ARCH-AUDIT] forward_origin_backshift_covers_jitter: PASS
[ARCH-AUDIT] protocol: PASS
[ARCH-AUDIT] controlled_gt_reference_enabled: PASS
[ARCH-AUDIT] frame_count: PASS
[ARCH-AUDIT] gru_flag: PASS
[ARCH-AUDIT] kalman_flag: PASS
[TRAIN] reuse visual checkpoint /yh/study/uav-sat/v39_otherdata/formal_bearing_v5_smooth_20260920_233151/paper_temporal_multiseed_v3/seed_2035/cityd/train_frames1/checkpoints/visual_retrieval_A_only.pt
route_A: reuse UAV backbone cache
temporal split train=[0,136) val=[140,166) route_length=789.4m
City training-sequence mean forward step=5.530m/frame p90=10.147m/frame
temporal epoch=001/100 loss=14.26783 center_teacher=1.000 acq_teacher=1.000 capture=100.00% bank_capture=100.00% acq_acc=100.00% acq_conf=0.644 radius=0.0m pred_step=5.305 target_step=5.530 pred_v=5.324 target_v=5.530 val_mle=10.241m val_p90=12.547m val_speed_mae=2.912 heading=-0.0/0.7deg val_progress_mae=10.237m val_heading_mae=30.6deg val_capture=96.15% val_bank=96.15% val_acq_acc=100.00% score=10.832 best=10.832 patience=0/4
temporal epoch=002/100 loss=14.17637 center_teacher=1.000 acq_teacher=1.000 capture=100.00% bank_capture=100.00% acq_acc=100.00% acq_conf=0.644 radius=0.0m pred_step=4.766 target_step=5.530 pred_v=4.849 target_v=5.530 val_mle=10.061m val_p90=12.367m val_speed_mae=2.911 heading=-0.2/0.7deg val_progress_mae=10.051m val_heading_mae=30.6deg val_capture=96.15% val_bank=96.15% val_acq_acc=100.00% score=10.646 best=10.646 patience=0/4
temporal epoch=003/100 loss=13.99378 center_teacher=1.000 acq_teacher=1.000 capture=100.00% bank_capture=100.00% acq_acc=100.00% acq_conf=0.644 radius=0.0m pred_step=4.840 target_step=5.530 pred_v=4.916 target_v=5.530 val_mle=9.795m val_p90=12.109m val_speed_mae=2.913 heading=-0.3/0.7deg val_progress_mae=9.775m val_heading_mae=30.6deg val_capture=96.15% val_bank=96.15% val_acq_acc=100.00% score=10.372 best=10.372 patience=0/4
temporal epoch=004/100 loss=13.78077 center_teacher=1.000 acq_teacher=1.000 capture=100.00% bank_capture=100.00% acq_acc=100.00% acq_conf=0.644 radius=0.0m pred_step=5.200 target_step=5.530 pred_v=5.236 target_v=5.530 val_mle=9.476m val_p90=11.788m val_speed_mae=2.915 heading=-0.3/0.7deg val_progress_mae=9.444m val_heading_mae=30.6deg val_capture=96.15% val_bank=96.15% val_acq_acc=100.00% score=10.043 best=10.043 patience=0/4
temporal epoch=005/100 loss=13.59111 center_teacher=1.000 acq_teacher=1.000 capture=100.00% bank_capture=100.00% acq_acc=100.00% acq_conf=0.644 radius=0.0m pred_step=5.377 target_step=5.530 pred_v=5.395 target_v=5.530 val_mle=9.134m val_p90=11.443m val_speed_mae=2.913 heading=-0.2/0.7deg val_progress_mae=9.088m val_heading_mae=30.6deg val_capture=96.15% val_bank=96.15% val_acq_acc=100.00% score=9.690 best=9.690 patience=0/4
temporal epoch=006/100 loss=13.40044 center_teacher=1.000 acq_teacher=1.000 capture=100.00% bank_capture=100.00% acq_acc=100.00% acq_conf=0.644 radius=0.0m pred_step=5.096 target_step=5.530 pred_v=5.151 target_v=5.530 val_mle=8.817m val_p90=11.120m val_speed_mae=2.912 heading=-0.2/0.7deg val_progress_mae=8.755m val_heading_mae=30.6deg val_capture=96.15% val_bank=96.15% val_acq_acc=100.00% score=9.363 best=9.363 patience=0/4
temporal epoch=007/100 loss=13.24229 center_teacher=1.000 acq_teacher=1.000 capture=100.00% bank_capture=100.00% acq_acc=100.00% acq_conf=0.644 radius=0.0m pred_step=4.872 target_step=5.530 pred_v=4.956 target_v=5.530 val_mle=8.529m val_p90=10.833m val_speed_mae=2.912 heading=-0.3/0.7deg val_progress_mae=8.450m val_heading_mae=30.6deg val_capture=96.15% val_bank=96.15% val_acq_acc=100.00% score=9.066 best=9.066 patience=0/4
temporal epoch=008/100 loss=13.06281 center_teacher=1.000 acq_teacher=1.000 capture=100.00% bank_capture=100.00% acq_acc=100.00% acq_conf=0.644 radius=0.0m pred_step=5.054 target_step=5.530 pred_v=5.119 target_v=5.530 val_mle=8.285m val_p90=10.586m val_speed_mae=2.913 heading=-0.4/0.7deg val_progress_mae=8.191m val_heading_mae=30.6deg val_capture=96.15% val_bank=96.15% val_acq_acc=100.00% score=8.815 best=8.815 patience=0/4
temporal epoch=009/100 loss=12.98836 center_teacher=1.000 acq_teacher=1.000 capture=100.00% bank_capture=100.00% acq_acc=100.00% acq_conf=0.644 radius=0.0m pred_step=5.354 target_step=5.530 pred_v=5.383 target_v=5.530 val_mle=8.086m val_p90=10.383m val_speed_mae=2.913 heading=-0.5/0.7deg val_progress_mae=7.977m val_heading_mae=30.6deg val_capture=96.15% val_bank=96.15% val_acq_acc=100.00% score=8.609 best=8.609 patience=0/4
temporal epoch=010/100 loss=12.93840 center_teacher=1.000 acq_teacher=1.000 capture=100.00% bank_capture=100.00% acq_acc=100.00% acq_conf=0.644 radius=0.0m pred_step=5.462 target_step=5.530 pred_v=5.477 target_v=5.530 val_mle=7.923m val_p90=10.215m val_speed_mae=2.911 heading=-0.5/0.7deg val_progress_mae=7.801m val_heading_mae=30.6deg val_capture=96.15% val_bank=96.15% val_acq_acc=100.00% score=8.441 best=8.441 patience=0/4
temporal epoch=011/100 loss=12.84942 center_teacher=1.000 acq_teacher=1.000 capture=100.00% bank_capture=100.00% acq_acc=100.00% acq_conf=0.644 radius=0.0m pred_step=5.084 target_step=5.530 pred_v=5.139 target_v=5.530 val_mle=7.793m val_p90=10.076m val_speed_mae=2.908 heading=-0.5/0.7deg val_progress_mae=7.660m val_heading_mae=30.6deg val_capture=96.15% val_bank=96.15% val_acq_acc=100.00% score=8.307 best=8.307 patience=0/4
temporal epoch=012/100 loss=12.83907 center_teacher=1.000 acq_teacher=1.000 capture=100.00% bank_capture=100.00% acq_acc=100.00% acq_conf=0.644 radius=0.0m pred_step=4.767 target_step=5.530 pred_v=4.857 target_v=5.530 val_mle=7.679m val_p90=9.967m val_speed_mae=2.908 heading=-0.5/0.7deg val_progress_mae=7.537m val_heading_mae=30.6deg val_capture=96.15% val_bank=96.15% val_acq_acc=100.00% score=8.189 best=8.189 patience=0/4
temporal epoch=013/100 loss=12.79230 center_teacher=1.000 acq_teacher=1.000 capture=100.00% bank_capture=100.00% acq_acc=100.00% acq_conf=0.644 radius=0.0m pred_step=4.926 target_step=5.530 pred_v=4.995 target_v=5.530 val_mle=7.588m val_p90=9.874m val_speed_mae=2.908 heading=-0.5/0.7deg val_progress_mae=7.438m val_heading_mae=30.6deg val_capture=96.15% val_bank=96.15% val_acq_acc=100.00% score=8.095 best=8.095 patience=0/4
temporal epoch=014/100 loss=12.74554 center_teacher=1.000 acq_teacher=1.000 capture=100.00% bank_capture=100.00% acq_acc=100.00% acq_conf=0.645 radius=0.0m pred_step=5.288 target_step=5.530 pred_v=5.313 target_v=5.530 val_mle=7.504m val_p90=9.787m val_speed_mae=2.907 heading=-0.6/0.7deg val_progress_mae=7.349m val_heading_mae=30.6deg val_capture=96.15% val_bank=96.15% val_acq_acc=100.00% score=8.008 best=8.008 patience=0/4
temporal epoch=015/100 loss=12.68330 center_teacher=1.000 acq_teacher=1.000 capture=100.00% bank_capture=100.00% acq_acc=100.00% acq_conf=0.647 radius=0.0m pred_step=5.210 target_step=5.530 pred_v=5.244 target_v=5.530 val_mle=7.428m val_p90=9.705m val_speed_mae=2.903 heading=-0.7/0.7deg val_progress_mae=7.267m val_heading_mae=30.6deg val_capture=96.15% val_bank=96.15% val_acq_acc=100.00% score=7.929 best=7.929 patience=0/4
temporal epoch=016/100 loss=12.57375 center_teacher=1.000 acq_teacher=1.000 capture=100.00% bank_capture=100.00% acq_acc=100.00% acq_conf=0.646 radius=0.0m pred_step=4.674 target_step=5.530 pred_v=4.769 target_v=5.530 val_mle=7.366m val_p90=9.636m val_speed_mae=2.902 heading=-0.8/0.7deg val_progress_mae=7.203m val_heading_mae=30.6deg val_capture=96.15% val_bank=96.15% val_acq_acc=100.00% score=7.865 best=7.865 patience=0/4
temporal epoch=017/100 loss=12.52780 center_teacher=1.000 acq_teacher=1.000 capture=100.00% bank_capture=100.00% acq_acc=100.00% acq_conf=0.647 radius=0.0m pred_step=5.062 target_step=5.530 pred_v=5.110 target_v=5.530 val_mle=7.317m val_p90=9.577m val_speed_mae=2.901 heading=-0.8/0.7deg val_progress_mae=7.153m val_heading_mae=30.6deg val_capture=96.15% val_bank=96.15% val_acq_acc=100.00% score=7.815 best=7.815 patience=0/4
temporal epoch=018/100 loss=12.55509 center_teacher=1.000 acq_teacher=1.000 capture=100.00% bank_capture=100.00% acq_acc=100.00% acq_conf=0.647 radius=0.0m pred_step=5.473 target_step=5.530 pred_v=5.471 target_v=5.530 val_mle=7.264m val_p90=9.515m val_speed_mae=2.893 heading=-0.9/0.7deg val_progress_mae=7.098m val_heading_mae=30.6deg val_capture=96.15% val_bank=96.15% val_acq_acc=100.00% score=7.760 best=7.760 patience=0/4
temporal epoch=019/100 loss=12.46810 center_teacher=1.000 acq_teacher=1.000 capture=100.00% bank_capture=100.00% acq_acc=100.00% acq_conf=0.648 radius=0.0m pred_step=4.567 target_step=5.530 pred_v=4.672 target_v=5.530 val_mle=7.258m val_p90=9.465m val_speed_mae=2.890 heading=-1.0/0.7deg val_progress_mae=7.093m val_heading_mae=30.6deg val_capture=96.15% val_bank=96.15% val_acq_acc=100.00% score=7.753 best=7.753 patience=0/4
temporal epoch=020/100 loss=12.43290 center_teacher=1.000 acq_teacher=1.000 capture=100.00% bank_capture=100.00% acq_acc=100.00% acq_conf=0.648 radius=0.0m pred_step=5.120 target_step=5.530 pred_v=5.158 target_v=5.530 val_mle=7.234m val_p90=9.433m val_speed_mae=2.917 heading=-1.2/0.7deg val_progress_mae=7.071m val_heading_mae=30.6deg val_capture=96.15% val_bank=96.15% val_acq_acc=100.00% score=7.730 best=7.730 patience=0/4
temporal epoch=021/100 loss=12.43928 center_teacher=1.000 acq_teacher=1.000 capture=100.00% bank_capture=100.00% acq_acc=100.00% acq_conf=0.648 radius=0.0m pred_step=5.414 target_step=5.530 pred_v=5.417 target_v=5.530 val_mle=7.466m val_p90=9.757m val_speed_mae=2.877 heading=-1.3/0.7deg val_progress_mae=7.133m val_heading_mae=30.6deg val_capture=96.15% val_bank=96.15% val_acq_acc=100.00% score=7.962 best=7.730 patience=1/4
temporal epoch=022/100 loss=12.41254 center_teacher=1.000 acq_teacher=1.000 capture=100.00% bank_capture=100.00% acq_acc=100.00% acq_conf=0.648 radius=0.0m pred_step=4.455 target_step=5.530 pred_v=4.572 target_v=5.530 val_mle=7.452m val_p90=9.707m val_speed_mae=2.902 heading=-1.4/0.7deg val_progress_mae=7.122m val_heading_mae=30.6deg val_capture=96.15% val_bank=96.15% val_acq_acc=100.00% score=7.949 best=7.730 patience=2/4
temporal epoch=023/100 loss=12.75304 center_teacher=1.000 acq_teacher=1.000 capture=100.00% bank_capture=100.00% acq_acc=100.00% acq_conf=0.648 radius=0.0m pred_step=5.939 target_step=5.530 pred_v=5.879 target_v=5.530 val_mle=7.459m val_p90=9.642m val_speed_mae=2.858 heading=-1.4/0.7deg val_progress_mae=7.101m val_heading_mae=30.6deg val_capture=96.15% val_bank=96.15% val_acq_acc=100.00% score=7.953 best=7.730 patience=3/4
temporal epoch=024/100 loss=12.45607 center_teacher=1.000 acq_teacher=1.000 capture=100.00% bank_capture=100.00% acq_acc=100.00% acq_conf=0.647 radius=0.0m pred_step=4.358 target_step=5.530 pred_v=4.491 target_v=5.530 val_mle=7.442m val_p90=9.590m val_speed_mae=2.847 heading=-1.6/0.7deg val_progress_mae=7.086m val_heading_mae=30.6deg val_capture=96.15% val_bank=96.15% val_acq_acc=100.00% score=7.935 best=7.730 patience=4/4
EARLY STOP: controlled local-prior validation score did not improve by 0.003 for 4 epochs.
