[PREPARED] PASS | city=cityd | step=4 m | selection=soft_sequence_v13_multicity_auto_train_fullroute | existing GT/routes unchanged
[CADENCE] source=experiment_route_stats_train_01 | mean=5.465267 m | p90=10.039383 m | p95=12.083230 m
[OK] clean v39 runtime: Forward-18 SoftMS -> GRU -> Kalman -> one final MeanShift
[OK] weighted-centroid decoder removed from generated runtime source
[PATCH OK] GRU = current + delta + delta2 + SAT + SoftMS position + visual displacement + previous state
[PATCH OK] V5 3-frame direct acceleration + next-step correction
[PATCH OK] training/validation/inference motion starts from current-city cadence
[PATCH OK] Kalman = smooth confidence-adaptive measurement-preserving residual fusion
[PATCH OK] step corridor = continuous confidence relaxation
[PATCH OK] no held-out navigation result is read by this patch
[V39-BEARING] final-MS route-centerline reference patch: PASS
[ARCH-AUDIT] forward_18: PASS
[ARCH-AUDIT] base_geometry_6x6: PASS
[ARCH-AUDIT] front_softms_source: PASS
[ARCH-AUDIT] one_final_ms_source: PASS
[ARCH-AUDIT] front_decoder_softms: PASS
[ARCH-AUDIT] simple_seven_block_gru: PASS
[ARCH-AUDIT] residual_motion_head: PASS
[ARCH-AUDIT] causal_visual_displacement: PASS
[ARCH-AUDIT] cadence_initialized_tracker: PASS
[ARCH-AUDIT] motion_training_inference_aligned: PASS
[ARCH-AUDIT] training_city_motion_scale_init: PASS
[ARCH-AUDIT] forward_origin_backshift_covers_jitter: PASS
[ARCH-AUDIT] protocol: PASS
[ARCH-AUDIT] controlled_gt_reference_enabled: PASS
[ARCH-AUDIT] frame_count: PASS
[ARCH-AUDIT] gru_flag: PASS
[ARCH-AUDIT] kalman_flag: PASS
[TRAIN] reuse visual checkpoint /yh/study/uav-sat/v39_otherdata/formal_bearing_v5_smooth_20260920_233151/paper_temporal_multiseed_v3/seed_2033/cityd/train_frames3/checkpoints/visual_retrieval_A_only.pt
route_A: reuse UAV backbone cache
temporal split train=[0,136) val=[140,166) route_length=789.4m
City training-sequence mean forward step=5.530m/frame p90=10.147m/frame
temporal epoch=001/100 loss=14.26101 center_teacher=1.000 acq_teacher=1.000 capture=100.00% bank_capture=100.00% acq_acc=100.00% acq_conf=0.644 radius=0.0m pred_step=5.187 target_step=5.530 pred_v=5.233 target_v=5.530 val_mle=10.253m val_p90=12.557m val_speed_mae=2.961 heading=-0.0/0.7deg val_progress_mae=10.249m val_heading_mae=30.6deg val_capture=96.15% val_bank=96.15% val_acq_acc=100.00% score=10.847 best=10.847 patience=0/4
temporal epoch=002/100 loss=14.24463 center_teacher=1.000 acq_teacher=1.000 capture=100.00% bank_capture=100.00% acq_acc=100.00% acq_conf=0.644 radius=0.0m pred_step=4.444 target_step=5.530 pred_v=4.605 target_v=5.530 val_mle=10.090m val_p90=12.392m val_speed_mae=2.911 heading=-0.1/0.7deg val_progress_mae=10.081m val_heading_mae=30.6deg val_capture=96.15% val_bank=96.15% val_acq_acc=100.00% score=10.677 best=10.677 patience=0/4
temporal epoch=003/100 loss=13.98125 center_teacher=1.000 acq_teacher=1.000 capture=100.00% bank_capture=100.00% acq_acc=100.00% acq_conf=0.644 radius=0.0m pred_step=4.850 target_step=5.530 pred_v=4.943 target_v=5.530 val_mle=9.845m val_p90=12.154m val_speed_mae=2.915 heading=-0.1/0.7deg val_progress_mae=9.827m val_heading_mae=30.6deg val_capture=96.15% val_bank=96.15% val_acq_acc=100.00% score=10.424 best=10.424 patience=0/4
temporal epoch=004/100 loss=13.81643 center_teacher=1.000 acq_teacher=1.000 capture=100.00% bank_capture=100.00% acq_acc=100.00% acq_conf=0.644 radius=0.0m pred_step=5.506 target_step=5.530 pred_v=5.493 target_v=5.530 val_mle=9.551m val_p90=11.858m val_speed_mae=2.915 heading=-0.1/0.7deg val_progress_mae=9.522m val_heading_mae=30.6deg val_capture=96.15% val_bank=96.15% val_acq_acc=100.00% score=10.120 best=10.120 patience=0/4
temporal epoch=005/100 loss=13.62033 center_teacher=1.000 acq_teacher=1.000 capture=100.00% bank_capture=100.00% acq_acc=100.00% acq_conf=0.644 radius=0.0m pred_step=5.375 target_step=5.530 pred_v=5.379 target_v=5.530 val_mle=9.236m val_p90=11.533m val_speed_mae=2.911 heading=-0.0/0.7deg val_progress_mae=9.194m val_heading_mae=30.6deg val_capture=96.15% val_bank=96.15% val_acq_acc=100.00% score=9.796 best=9.796 patience=0/4
temporal epoch=006/100 loss=13.49205 center_teacher=1.000 acq_teacher=1.000 capture=100.00% bank_capture=100.00% acq_acc=100.00% acq_conf=0.644 radius=0.0m pred_step=4.614 target_step=5.530 pred_v=4.731 target_v=5.530 val_mle=8.923m val_p90=11.218m val_speed_mae=2.911 heading=-0.0/0.7deg val_progress_mae=8.867m val_heading_mae=30.6deg val_capture=96.15% val_bank=96.15% val_acq_acc=100.00% score=9.473 best=9.473 patience=0/4
temporal epoch=007/100 loss=13.21934 center_teacher=1.000 acq_teacher=1.000 capture=100.00% bank_capture=100.00% acq_acc=100.00% acq_conf=0.644 radius=0.0m pred_step=4.871 target_step=5.530 pred_v=4.955 target_v=5.530 val_mle=8.632m val_p90=10.935m val_speed_mae=2.915 heading=-0.1/0.7deg val_progress_mae=8.560m val_heading_mae=30.6deg val_capture=96.15% val_bank=96.15% val_acq_acc=100.00% score=9.173 best=9.173 patience=0/4
temporal epoch=008/100 loss=13.11588 center_teacher=1.000 acq_teacher=1.000 capture=100.00% bank_capture=100.00% acq_acc=100.00% acq_conf=0.644 radius=0.0m pred_step=5.654 target_step=5.530 pred_v=5.625 target_v=5.530 val_mle=8.383m val_p90=10.684m val_speed_mae=2.915 heading=-0.2/0.7deg val_progress_mae=8.296m val_heading_mae=30.6deg val_capture=96.15% val_bank=96.15% val_acq_acc=100.00% score=8.916 best=8.916 patience=0/4
temporal epoch=009/100 loss=12.99611 center_teacher=1.000 acq_teacher=1.000 capture=100.00% bank_capture=100.00% acq_acc=100.00% acq_conf=0.644 radius=0.0m pred_step=5.654 target_step=5.530 pred_v=5.629 target_v=5.530 val_mle=8.172m val_p90=10.469m val_speed_mae=2.911 heading=-0.2/0.7deg val_progress_mae=8.070m val_heading_mae=30.6deg val_capture=96.15% val_bank=96.15% val_acq_acc=100.00% score=8.697 best=8.697 patience=0/4
temporal epoch=010/100 loss=12.91116 center_teacher=1.000 acq_teacher=1.000 capture=100.00% bank_capture=100.00% acq_acc=100.00% acq_conf=0.644 radius=0.0m pred_step=4.771 target_step=5.530 pred_v=4.870 target_v=5.530 val_mle=8.011m val_p90=10.295m val_speed_mae=2.921 heading=-0.2/0.7deg val_progress_mae=7.897m val_heading_mae=30.6deg val_capture=96.15% val_bank=96.15% val_acq_acc=100.00% score=8.532 best=8.532 patience=0/4
temporal epoch=011/100 loss=12.84633 center_teacher=1.000 acq_teacher=1.000 capture=100.00% bank_capture=100.00% acq_acc=100.00% acq_conf=0.644 radius=0.0m pred_step=4.668 target_step=5.530 pred_v=4.776 target_v=5.530 val_mle=7.866m val_p90=10.156m val_speed_mae=2.911 heading=-0.2/0.7deg val_progress_mae=7.741m val_heading_mae=30.6deg val_capture=96.15% val_bank=96.15% val_acq_acc=100.00% score=8.382 best=8.382 patience=0/4
temporal epoch=012/100 loss=12.70404 center_teacher=1.000 acq_teacher=1.000 capture=100.00% bank_capture=100.00% acq_acc=100.00% acq_conf=0.644 radius=0.0m pred_step=5.458 target_step=5.530 pred_v=5.448 target_v=5.530 val_mle=7.757m val_p90=10.043m val_speed_mae=2.913 heading=-0.3/0.7deg val_progress_mae=7.623m val_heading_mae=30.6deg val_capture=96.15% val_bank=96.15% val_acq_acc=100.00% score=8.270 best=8.270 patience=0/4
temporal epoch=013/100 loss=12.70685 center_teacher=1.000 acq_teacher=1.000 capture=100.00% bank_capture=100.00% acq_acc=100.00% acq_conf=0.644 radius=0.0m pred_step=5.736 target_step=5.530 pred_v=5.689 target_v=5.530 val_mle=7.662m val_p90=9.946m val_speed_mae=2.906 heading=-0.5/0.7deg val_progress_mae=7.519m val_heading_mae=30.6deg val_capture=96.15% val_bank=96.15% val_acq_acc=100.00% score=8.171 best=8.171 patience=0/4
temporal epoch=014/100 loss=12.69026 center_teacher=1.000 acq_teacher=1.000 capture=100.00% bank_capture=100.00% acq_acc=100.00% acq_conf=0.644 radius=0.0m pred_step=4.492 target_step=5.530 pred_v=4.619 target_v=5.530 val_mle=7.588m val_p90=9.868m val_speed_mae=2.904 heading=-0.5/0.7deg val_progress_mae=7.440m val_heading_mae=30.6deg val_capture=96.15% val_bank=96.15% val_acq_acc=100.00% score=8.095 best=8.095 patience=0/4
temporal epoch=015/100 loss=12.54584 center_teacher=1.000 acq_teacher=1.000 capture=100.00% bank_capture=100.00% acq_acc=100.00% acq_conf=0.644 radius=0.0m pred_step=4.816 target_step=5.530 pred_v=4.880 target_v=5.530 val_mle=7.526m val_p90=9.804m val_speed_mae=3.187 heading=-0.5/0.7deg val_progress_mae=7.375m val_heading_mae=30.6deg val_capture=96.15% val_bank=96.15% val_acq_acc=100.00% score=8.045 best=8.045 patience=0/4
temporal epoch=016/100 loss=12.86891 center_teacher=1.000 acq_teacher=1.000 capture=100.00% bank_capture=100.00% acq_acc=100.00% acq_conf=0.647 radius=0.0m pred_step=6.409 target_step=5.530 pred_v=6.250 target_v=5.530 val_mle=7.455m val_p90=9.733m val_speed_mae=2.902 heading=-0.5/0.7deg val_progress_mae=7.300m val_heading_mae=30.6deg val_capture=96.15% val_bank=96.15% val_acq_acc=100.00% score=7.957 best=7.957 patience=0/4
temporal epoch=017/100 loss=12.58686 center_teacher=1.000 acq_teacher=1.000 capture=100.00% bank_capture=100.00% acq_acc=100.00% acq_conf=0.647 radius=0.0m pred_step=4.248 target_step=5.530 pred_v=4.387 target_v=5.530 val_mle=7.409m val_p90=9.671m val_speed_mae=2.929 heading=-0.7/0.7deg val_progress_mae=7.252m val_heading_mae=30.6deg val_capture=96.15% val_bank=96.15% val_acq_acc=100.00% score=7.911 best=7.911 patience=0/4
temporal epoch=018/100 loss=12.37124 center_teacher=1.000 acq_teacher=1.000 capture=100.00% bank_capture=100.00% acq_acc=100.00% acq_conf=0.649 radius=0.0m pred_step=4.782 target_step=5.530 pred_v=4.847 target_v=5.530 val_mle=7.389m val_p90=9.645m val_speed_mae=4.843 heading=-0.8/0.7deg val_progress_mae=7.233m val_heading_mae=30.6deg val_capture=96.15% val_bank=96.15% val_acq_acc=100.00% score=7.986 best=7.911 patience=1/4
temporal epoch=019/100 loss=13.63797 center_teacher=1.000 acq_teacher=1.000 capture=100.00% bank_capture=100.00% acq_acc=100.00% acq_conf=0.649 radius=0.0m pred_step=7.437 target_step=5.530 pred_v=7.129 target_v=5.530 val_mle=7.323m val_p90=9.566m val_speed_mae=2.950 heading=-0.8/0.7deg val_progress_mae=7.163m val_heading_mae=30.6deg val_capture=96.15% val_bank=96.15% val_acq_acc=100.00% score=7.824 best=7.824 patience=0/4
temporal epoch=020/100 loss=13.12377 center_teacher=1.000 acq_teacher=1.000 capture=100.00% bank_capture=100.00% acq_acc=100.00% acq_conf=0.648 radius=0.0m pred_step=3.178 target_step=5.530 pred_v=3.464 target_v=5.530 val_mle=7.316m val_p90=9.534m val_speed_mae=2.888 heading=-1.1/0.7deg val_progress_mae=7.159m val_heading_mae=30.6deg val_capture=96.15% val_bank=96.15% val_acq_acc=100.00% score=7.813 best=7.813 patience=0/4
temporal epoch=021/100 loss=12.71681 center_teacher=1.000 acq_teacher=1.000 capture=100.00% bank_capture=100.00% acq_acc=100.00% acq_conf=0.648 radius=0.0m pred_step=6.093 target_step=5.530 pred_v=5.971 target_v=5.530 val_mle=7.303m val_p90=9.551m val_speed_mae=8.025 heading=-1.1/0.7deg val_progress_mae=7.148m val_heading_mae=30.6deg val_capture=96.15% val_bank=96.15% val_acq_acc=100.00% score=8.057 best=7.813 patience=1/4
temporal epoch=022/100 loss=14.20752 center_teacher=1.000 acq_teacher=1.000 capture=100.00% bank_capture=100.00% acq_acc=100.00% acq_conf=0.648 radius=0.0m pred_step=8.414 target_step=5.530 pred_v=7.953 target_v=5.530 val_mle=7.532m val_p90=9.801m val_speed_mae=5.307 heading=-1.2/0.7deg val_progress_mae=7.209m val_heading_mae=30.6deg val_capture=96.15% val_bank=96.15% val_acq_acc=100.00% score=8.152 best=7.813 patience=2/4
temporal epoch=023/100 loss=15.25219 center_teacher=1.000 acq_teacher=1.000 capture=100.00% bank_capture=100.00% acq_acc=100.00% acq_conf=0.647 radius=0.0m pred_step=1.191 target_step=5.530 pred_v=1.563 target_v=5.530 val_mle=7.556m val_p90=9.757m val_speed_mae=5.360 heading=-1.5/0.7deg val_progress_mae=7.206m val_heading_mae=30.6deg val_capture=96.15% val_bank=96.15% val_acq_acc=100.00% score=8.178 best=7.813 patience=3/4
temporal epoch=024/100 loss=15.46559 center_teacher=1.000 acq_teacher=1.000 capture=100.00% bank_capture=100.00% acq_acc=100.00% acq_conf=0.648 radius=0.0m pred_step=0.952 target_step=5.530 pred_v=1.392 target_v=5.530 val_mle=7.590m val_p90=9.755m val_speed_mae=3.514 heading=-1.5/0.7deg val_progress_mae=7.250m val_heading_mae=30.6deg val_capture=96.15% val_bank=96.15% val_acq_acc=100.00% score=8.122 best=7.813 patience=4/4
EARLY STOP: controlled local-prior validation score did not improve by 0.003 for 4 epochs.
[FORMAL TRAIN-ONLY V5 CALIBRATION] {"confidence_power": 0.5, "delta2_scale": 0.0, "fixed_variance_m2": 25.0, "objective": 8.12188954425622, "prior_blend_base": 0.05, "prior_blend_cutoff": 0.7, "prior_blend_lowconf_gain": 0.3, "prior_blend_max": 0.3, "q_cross": 0.4, "q_progress": 1.5, "q_velocity": 1.0, "stage": "blend", "step_relax_confidence": 0.55, "step_relax_width": 0.08, "step_visual_slack_m": 3.0, "temporal_3frame_scale": 1.1, "val_mle_m": 7.240900014937619, "val_p90_m": 9.40518209529019, "val_progress_mae": 7.080362807487658, "val_speed_mae": 2.8885666810254325}
