[PREPARED] PASS | city=cityb | step=4 m | selection=soft_sequence_v13_multicity_auto_train_fullroute | existing GT/routes unchanged
[CADENCE] source=experiment_route_stats_train_01 | mean=5.769227 m | p90=10.316216 m | p95=11.515852 m
[OK] clean v39 runtime: Forward-18 SoftMS -> GRU -> Kalman -> one final MeanShift
[OK] weighted-centroid decoder removed from generated runtime source
[PATCH OK] GRU = current + delta + delta2 + SAT + SoftMS position + visual displacement + previous state
[PATCH OK] V5 3-frame direct acceleration + next-step correction
[PATCH OK] training/validation/inference motion starts from current-city cadence
[PATCH OK] Kalman = smooth confidence-adaptive measurement-preserving residual fusion
[PATCH OK] step corridor = continuous confidence relaxation
[PATCH OK] no held-out navigation result is read by this patch
[V39-BEARING] final-MS route-centerline reference patch: PASS
[ARCH-AUDIT] forward_18: PASS
[ARCH-AUDIT] base_geometry_6x6: PASS
[ARCH-AUDIT] front_softms_source: PASS
[ARCH-AUDIT] one_final_ms_source: PASS
[ARCH-AUDIT] front_decoder_softms: PASS
[ARCH-AUDIT] simple_seven_block_gru: PASS
[ARCH-AUDIT] residual_motion_head: PASS
[ARCH-AUDIT] causal_visual_displacement: PASS
[ARCH-AUDIT] cadence_initialized_tracker: PASS
[ARCH-AUDIT] motion_training_inference_aligned: PASS
[ARCH-AUDIT] training_city_motion_scale_init: PASS
[ARCH-AUDIT] forward_origin_backshift_covers_jitter: PASS
[ARCH-AUDIT] protocol: PASS
[ARCH-AUDIT] controlled_gt_reference_enabled: PASS
[ARCH-AUDIT] frame_count: PASS
[ARCH-AUDIT] gru_flag: PASS
[ARCH-AUDIT] kalman_flag: PASS
[TRAIN] reuse visual checkpoint /yh/study/uav-sat/v39_otherdata/formal_bearing_v5_smooth_20260920_233151/paper_temporal_multiseed_v3/seed_2035/cityb/train_frames2/checkpoints/visual_retrieval_A_only.pt
route_A: reuse UAV backbone cache
temporal split train=[0,135) val=[139,165) route_length=789.4m
City training-sequence mean forward step=5.743m/frame p90=10.578m/frame
temporal epoch=001/100 loss=12.48503 center_teacher=1.000 acq_teacher=1.000 capture=100.00% bank_capture=100.00% acq_acc=100.00% acq_conf=0.624 radius=0.0m pred_step=5.509 target_step=5.743 pred_v=5.537 target_v=5.743 val_mle=11.342m val_p90=13.660m val_speed_mae=2.856 heading=0.0/-1.6deg val_progress_mae=10.506m val_heading_mae=31.1deg val_capture=96.15% val_bank=96.15% val_acq_acc=100.00% score=11.939 best=11.939 patience=0/4
temporal epoch=002/100 loss=12.45539 center_teacher=1.000 acq_teacher=1.000 capture=100.00% bank_capture=100.00% acq_acc=100.00% acq_conf=0.624 radius=0.0m pred_step=4.631 target_step=5.743 pred_v=4.755 target_v=5.743 val_mle=11.211m val_p90=13.515m val_speed_mae=2.654 heading=-0.1/-1.6deg val_progress_mae=10.358m val_heading_mae=31.1deg val_capture=96.15% val_bank=96.15% val_acq_acc=100.00% score=11.794 best=11.794 patience=0/4
temporal epoch=003/100 loss=12.17601 center_teacher=1.000 acq_teacher=1.000 capture=100.00% bank_capture=100.00% acq_acc=100.00% acq_conf=0.624 radius=0.0m pred_step=5.073 target_step=5.743 pred_v=5.143 target_v=5.743 val_mle=11.033m val_p90=13.315m val_speed_mae=2.564 heading=-0.2/-1.6deg val_progress_mae=10.154m val_heading_mae=31.1deg val_capture=96.15% val_bank=96.15% val_acq_acc=100.00% score=11.605 best=11.605 patience=0/4
temporal epoch=004/100 loss=12.04445 center_teacher=1.000 acq_teacher=1.000 capture=100.00% bank_capture=100.00% acq_acc=100.00% acq_conf=0.624 radius=0.0m pred_step=5.754 target_step=5.743 pred_v=5.743 target_v=5.743 val_mle=10.835m val_p90=13.085m val_speed_mae=2.621 heading=-0.2/-1.6deg val_progress_mae=9.925m val_heading_mae=31.1deg val_capture=96.15% val_bank=96.15% val_acq_acc=100.00% score=11.403 best=11.403 patience=0/4
temporal epoch=005/100 loss=11.91312 center_teacher=1.000 acq_teacher=1.000 capture=100.00% bank_capture=100.00% acq_acc=100.00% acq_conf=0.624 radius=0.0m pred_step=5.866 target_step=5.743 pred_v=5.842 target_v=5.743 val_mle=10.606m val_p90=12.839m val_speed_mae=2.547 heading=-0.1/-1.6deg val_progress_mae=9.670m val_heading_mae=31.1deg val_capture=96.15% val_bank=96.15% val_acq_acc=100.00% score=11.163 best=11.163 patience=0/4
temporal epoch=006/100 loss=11.74476 center_teacher=1.000 acq_teacher=1.000 capture=100.00% bank_capture=100.00% acq_acc=100.00% acq_conf=0.624 radius=0.0m pred_step=5.450 target_step=5.743 pred_v=5.477 target_v=5.743 val_mle=10.388m val_p90=12.584m val_speed_mae=2.636 heading=-0.0/-1.6deg val_progress_mae=9.418m val_heading_mae=31.1deg val_capture=96.15% val_bank=96.15% val_acq_acc=100.00% score=10.941 best=10.941 patience=0/4
temporal epoch=007/100 loss=11.68750 center_teacher=1.000 acq_teacher=1.000 capture=100.00% bank_capture=100.00% acq_acc=100.00% acq_conf=0.624 radius=0.0m pred_step=4.909 target_step=5.743 pred_v=5.001 target_v=5.743 val_mle=10.160m val_p90=12.324m val_speed_mae=2.833 heading=-0.0/-1.6deg val_progress_mae=9.158m val_heading_mae=31.1deg val_capture=96.15% val_bank=96.15% val_acq_acc=100.00% score=10.716 best=10.716 patience=0/4
temporal epoch=008/100 loss=11.58928 center_teacher=1.000 acq_teacher=1.000 capture=100.00% bank_capture=100.00% acq_acc=100.00% acq_conf=0.624 radius=0.0m pred_step=4.792 target_step=5.743 pred_v=4.899 target_v=5.743 val_mle=9.957m val_p90=12.071m val_speed_mae=2.600 heading=-0.0/-1.6deg val_progress_mae=8.921m val_heading_mae=31.1deg val_capture=96.15% val_bank=96.15% val_acq_acc=100.00% score=10.494 best=10.494 patience=0/4
temporal epoch=009/100 loss=11.37462 center_teacher=1.000 acq_teacher=1.000 capture=100.00% bank_capture=100.00% acq_acc=100.00% acq_conf=0.624 radius=0.0m pred_step=5.175 target_step=5.743 pred_v=5.237 target_v=5.743 val_mle=9.761m val_p90=11.855m val_speed_mae=2.541 heading=-0.1/-1.6deg val_progress_mae=8.707m val_heading_mae=31.1deg val_capture=96.15% val_bank=96.15% val_acq_acc=100.00% score=10.289 best=10.289 patience=0/4
temporal epoch=010/100 loss=11.28852 center_teacher=1.000 acq_teacher=1.000 capture=100.00% bank_capture=100.00% acq_acc=100.00% acq_conf=0.624 radius=0.0m pred_step=5.556 target_step=5.743 pred_v=5.573 target_v=5.743 val_mle=9.595m val_p90=11.673m val_speed_mae=2.547 heading=-0.1/-1.6deg val_progress_mae=8.528m val_heading_mae=31.1deg val_capture=96.15% val_bank=96.15% val_acq_acc=100.00% score=10.117 best=10.117 patience=0/4
temporal epoch=011/100 loss=11.22324 center_teacher=1.000 acq_teacher=1.000 capture=100.00% bank_capture=100.00% acq_acc=100.00% acq_conf=0.624 radius=0.0m pred_step=5.499 target_step=5.743 pred_v=5.525 target_v=5.743 val_mle=9.457m val_p90=11.518m val_speed_mae=2.542 heading=-0.2/-1.6deg val_progress_mae=8.379m val_heading_mae=31.1deg val_capture=96.15% val_bank=96.15% val_acq_acc=100.00% score=9.974 best=9.974 patience=0/4
temporal epoch=012/100 loss=11.17727 center_teacher=1.000 acq_teacher=1.000 capture=100.00% bank_capture=100.00% acq_acc=100.00% acq_conf=0.624 radius=0.0m pred_step=5.195 target_step=5.743 pred_v=5.260 target_v=5.743 val_mle=9.338m val_p90=11.384m val_speed_mae=2.615 heading=-0.3/-1.6deg val_progress_mae=8.251m val_heading_mae=31.1deg val_capture=96.15% val_bank=96.15% val_acq_acc=100.00% score=9.856 best=9.856 patience=0/4
temporal epoch=013/100 loss=11.16667 center_teacher=1.000 acq_teacher=1.000 capture=100.00% bank_capture=100.00% acq_acc=100.00% acq_conf=0.624 radius=0.0m pred_step=4.998 target_step=5.743 pred_v=5.088 target_v=5.743 val_mle=9.235m val_p90=11.265m val_speed_mae=2.572 heading=-0.4/-1.6deg val_progress_mae=8.136m val_heading_mae=31.1deg val_capture=96.15% val_bank=96.15% val_acq_acc=100.00% score=9.746 best=9.746 patience=0/4
temporal epoch=014/100 loss=11.04741 center_teacher=1.000 acq_teacher=1.000 capture=100.00% bank_capture=100.00% acq_acc=100.00% acq_conf=0.625 radius=0.0m pred_step=5.209 target_step=5.743 pred_v=5.272 target_v=5.743 val_mle=9.141m val_p90=11.156m val_speed_mae=2.539 heading=-0.4/-1.6deg val_progress_mae=8.032m val_heading_mae=31.1deg val_capture=96.15% val_bank=96.15% val_acq_acc=100.00% score=9.648 best=9.648 patience=0/4
temporal epoch=015/100 loss=11.04600 center_teacher=1.000 acq_teacher=1.000 capture=100.00% bank_capture=100.00% acq_acc=100.00% acq_conf=0.626 radius=0.0m pred_step=5.516 target_step=5.743 pred_v=5.540 target_v=5.743 val_mle=9.049m val_p90=11.051m val_speed_mae=2.557 heading=-0.5/-1.6deg val_progress_mae=7.927m val_heading_mae=31.0deg val_capture=96.15% val_bank=96.15% val_acq_acc=100.00% score=9.553 best=9.553 patience=0/4
temporal epoch=016/100 loss=10.99158 center_teacher=1.000 acq_teacher=1.000 capture=100.00% bank_capture=100.00% acq_acc=100.00% acq_conf=0.627 radius=0.0m pred_step=5.518 target_step=5.743 pred_v=5.541 target_v=5.743 val_mle=8.966m val_p90=10.948m val_speed_mae=2.526 heading=-0.6/-1.6deg val_progress_mae=7.835m val_heading_mae=31.0deg val_capture=96.15% val_bank=96.15% val_acq_acc=100.00% score=9.467 best=9.467 patience=0/4
temporal epoch=017/100 loss=10.96486 center_teacher=1.000 acq_teacher=1.000 capture=100.00% bank_capture=100.00% acq_acc=100.00% acq_conf=0.627 radius=0.0m pred_step=5.273 target_step=5.743 pred_v=5.324 target_v=5.743 val_mle=8.886m val_p90=10.851m val_speed_mae=2.570 heading=-0.6/-1.6deg val_progress_mae=7.743m val_heading_mae=31.0deg val_capture=96.15% val_bank=96.15% val_acq_acc=100.00% score=9.386 best=9.386 patience=0/4
temporal epoch=018/100 loss=10.97741 center_teacher=1.000 acq_teacher=1.000 capture=100.00% bank_capture=100.00% acq_acc=100.00% acq_conf=0.627 radius=0.0m pred_step=5.113 target_step=5.743 pred_v=5.181 target_v=5.743 val_mle=8.813m val_p90=10.759m val_speed_mae=2.525 heading=-0.7/-1.6deg val_progress_mae=7.659m val_heading_mae=31.0deg val_capture=96.15% val_bank=96.15% val_acq_acc=100.00% score=9.308 best=9.308 patience=0/4
temporal epoch=019/100 loss=10.90584 center_teacher=1.000 acq_teacher=1.000 capture=100.00% bank_capture=100.00% acq_acc=100.00% acq_conf=0.626 radius=0.0m pred_step=5.423 target_step=5.743 pred_v=5.449 target_v=5.743 val_mle=8.741m val_p90=10.672m val_speed_mae=2.563 heading=-0.8/-1.6deg val_progress_mae=7.575m val_heading_mae=31.0deg val_capture=96.15% val_bank=96.15% val_acq_acc=100.00% score=9.236 best=9.236 patience=0/4
temporal epoch=020/100 loss=10.90535 center_teacher=1.000 acq_teacher=1.000 capture=100.00% bank_capture=100.00% acq_acc=100.00% acq_conf=0.626 radius=0.0m pred_step=5.594 target_step=5.743 pred_v=5.595 target_v=5.743 val_mle=8.677m val_p90=10.584m val_speed_mae=2.524 heading=-0.8/-1.6deg val_progress_mae=7.503m val_heading_mae=31.0deg val_capture=96.15% val_bank=96.15% val_acq_acc=100.00% score=9.168 best=9.168 patience=0/4
temporal epoch=021/100 loss=10.83766 center_teacher=1.000 acq_teacher=1.000 capture=100.00% bank_capture=100.00% acq_acc=100.00% acq_conf=0.626 radius=0.0m pred_step=5.265 target_step=5.743 pred_v=5.303 target_v=5.743 val_mle=8.613m val_p90=10.501m val_speed_mae=2.596 heading=-0.9/-1.6deg val_progress_mae=7.430m val_heading_mae=31.0deg val_capture=96.15% val_bank=96.15% val_acq_acc=100.00% score=9.105 best=9.105 patience=0/4
temporal epoch=022/100 loss=10.90446 center_teacher=1.000 acq_teacher=1.000 capture=100.00% bank_capture=100.00% acq_acc=100.00% acq_conf=0.624 radius=0.0m pred_step=5.078 target_step=5.743 pred_v=5.135 target_v=5.743 val_mle=8.558m val_p90=10.449m val_speed_mae=2.562 heading=-1.0/-1.6deg val_progress_mae=7.368m val_heading_mae=31.0deg val_capture=96.15% val_bank=96.15% val_acq_acc=100.00% score=9.046 best=9.046 patience=0/4
temporal epoch=023/100 loss=10.93042 center_teacher=1.000 acq_teacher=1.000 capture=100.00% bank_capture=100.00% acq_acc=100.00% acq_conf=0.624 radius=0.0m pred_step=5.831 target_step=5.743 pred_v=5.788 target_v=5.743 val_mle=8.509m val_p90=10.402m val_speed_mae=2.537 heading=-1.0/-1.6deg val_progress_mae=7.315m val_heading_mae=31.0deg val_capture=96.15% val_bank=96.15% val_acq_acc=100.00% score=8.995 best=8.995 patience=0/4
temporal epoch=024/100 loss=10.80224 center_teacher=1.000 acq_teacher=1.000 capture=100.00% bank_capture=100.00% acq_acc=100.00% acq_conf=0.624 radius=0.0m pred_step=5.199 target_step=5.743 pred_v=5.231 target_v=5.743 val_mle=8.470m val_p90=10.363m val_speed_mae=2.652 heading=-1.1/-1.6deg val_progress_mae=7.273m val_heading_mae=31.0deg val_capture=96.15% val_bank=96.15% val_acq_acc=100.00% score=8.960 best=8.960 patience=0/4
temporal epoch=025/100 loss=10.76508 center_teacher=1.000 acq_teacher=1.000 capture=100.00% bank_capture=100.00% acq_acc=100.00% acq_conf=0.624 radius=0.0m pred_step=4.970 target_step=5.743 pred_v=5.025 target_v=5.743 val_mle=8.453m val_p90=10.371m val_speed_mae=3.079 heading=-1.2/-1.6deg val_progress_mae=7.259m val_heading_mae=31.0deg val_capture=96.15% val_bank=96.15% val_acq_acc=100.00% score=8.964 best=8.960 patience=1/4
temporal epoch=026/100 loss=11.26608 center_teacher=1.000 acq_teacher=1.000 capture=100.00% bank_capture=100.00% acq_acc=100.00% acq_conf=0.624 radius=0.0m pred_step=6.769 target_step=5.743 pred_v=6.593 target_v=5.743 val_mle=8.407m val_p90=10.357m val_speed_mae=3.733 heading=-1.2/-1.6deg val_progress_mae=7.208m val_heading_mae=31.1deg val_capture=96.15% val_bank=96.15% val_acq_acc=100.00% score=8.949 best=8.949 patience=0/4
temporal epoch=027/100 loss=11.94982 center_teacher=1.000 acq_teacher=1.000 capture=100.00% bank_capture=100.00% acq_acc=100.00% acq_conf=0.624 radius=0.0m pred_step=3.101 target_step=5.743 pred_v=3.387 target_v=5.743 val_mle=8.426m val_p90=10.416m val_speed_mae=2.595 heading=-1.4/-1.6deg val_progress_mae=7.238m val_heading_mae=31.1deg val_capture=96.15% val_bank=96.15% val_acq_acc=100.00% score=8.912 best=8.912 patience=0/4
temporal epoch=028/100 loss=12.27091 center_teacher=1.000 acq_teacher=1.000 capture=100.00% bank_capture=100.00% acq_acc=100.00% acq_conf=0.624 radius=0.0m pred_step=7.431 target_step=5.743 pred_v=7.165 target_v=5.743 val_mle=8.475m val_p90=10.527m val_speed_mae=5.066 heading=-1.2/-1.6deg val_progress_mae=7.298m val_heading_mae=31.0deg val_capture=96.15% val_bank=96.15% val_acq_acc=100.00% score=9.087 best=8.912 patience=1/4
temporal epoch=029/100 loss=11.00891 center_teacher=1.000 acq_teacher=1.000 capture=100.00% bank_capture=100.00% acq_acc=100.00% acq_conf=0.624 radius=0.0m pred_step=7.043 target_step=5.743 pred_v=6.832 target_v=5.743 val_mle=8.593m val_p90=10.627m val_speed_mae=5.639 heading=-1.4/-1.6deg val_progress_mae=7.427m val_heading_mae=31.2deg val_capture=96.15% val_bank=96.15% val_acq_acc=100.00% score=9.237 best=8.912 patience=2/4
temporal epoch=030/100 loss=13.63199 center_teacher=1.000 acq_teacher=1.000 capture=100.00% bank_capture=100.00% acq_acc=100.00% acq_conf=0.624 radius=0.0m pred_step=0.990 target_step=5.743 pred_v=1.311 target_v=5.743 val_mle=8.809m val_p90=10.831m val_speed_mae=5.563 heading=-1.8/-1.6deg val_progress_mae=7.693m val_heading_mae=31.2deg val_capture=96.15% val_bank=96.15% val_acq_acc=100.00% score=9.457 best=8.912 patience=3/4
temporal epoch=031/100 loss=10.85330 center_teacher=1.000 acq_teacher=1.000 capture=100.00% bank_capture=100.00% acq_acc=100.00% acq_conf=0.624 radius=0.0m pred_step=4.318 target_step=5.743 pred_v=4.436 target_v=5.743 val_mle=9.140m val_p90=11.279m val_speed_mae=8.033 heading=-1.4/-1.6deg val_progress_mae=7.998m val_heading_mae=31.1deg val_capture=96.15% val_bank=96.15% val_acq_acc=100.00% score=9.921 best=8.912 patience=4/4
EARLY STOP: controlled local-prior validation score did not improve by 0.003 for 4 epochs.
