[PREPARED] PASS | city=cityb | step=4 m | selection=soft_sequence_v13_multicity_auto_train_fullroute | existing GT/routes unchanged
[CADENCE] source=experiment_route_stats_train_01 | mean=5.769227 m | p90=10.316216 m | p95=11.515852 m
[OK] clean v39 runtime: Forward-18 SoftMS -> GRU -> Kalman -> one final MeanShift
[OK] weighted-centroid decoder removed from generated runtime source
[PATCH OK] GRU = current + delta + delta2 + SAT + SoftMS position + visual displacement + previous state
[PATCH OK] V5 3-frame direct acceleration + next-step correction
[PATCH OK] training/validation/inference motion starts from current-city cadence
[PATCH OK] Kalman = smooth confidence-adaptive measurement-preserving residual fusion
[PATCH OK] step corridor = continuous confidence relaxation
[PATCH OK] no held-out navigation result is read by this patch
[V39-BEARING] final-MS route-centerline reference patch: PASS
[ARCH-AUDIT] forward_18: PASS
[ARCH-AUDIT] base_geometry_6x6: PASS
[ARCH-AUDIT] front_softms_source: PASS
[ARCH-AUDIT] one_final_ms_source: PASS
[ARCH-AUDIT] front_decoder_softms: PASS
[ARCH-AUDIT] simple_seven_block_gru: PASS
[ARCH-AUDIT] residual_motion_head: PASS
[ARCH-AUDIT] causal_visual_displacement: PASS
[ARCH-AUDIT] cadence_initialized_tracker: PASS
[ARCH-AUDIT] motion_training_inference_aligned: PASS
[ARCH-AUDIT] training_city_motion_scale_init: PASS
[ARCH-AUDIT] forward_origin_backshift_covers_jitter: PASS
[ARCH-AUDIT] protocol: PASS
[ARCH-AUDIT] controlled_gt_reference_enabled: PASS
[ARCH-AUDIT] frame_count: PASS
[ARCH-AUDIT] gru_flag: PASS
[ARCH-AUDIT] kalman_flag: PASS
[TRAIN] reuse visual checkpoint /yh/study/uav-sat/v39_otherdata/formal_bearing_v5_smooth_20260920_233151/paper_temporal_multiseed_v3/seed_2033/cityb/train_frames2/checkpoints/visual_retrieval_A_only.pt
route_A: reuse UAV backbone cache
temporal split train=[0,135) val=[139,165) route_length=789.4m
City training-sequence mean forward step=5.743m/frame p90=10.578m/frame
temporal epoch=001/100 loss=12.48359 center_teacher=1.000 acq_teacher=1.000 capture=100.00% bank_capture=100.00% acq_acc=100.00% acq_conf=0.624 radius=0.0m pred_step=5.511 target_step=5.743 pred_v=5.540 target_v=5.743 val_mle=11.321m val_p90=13.659m val_speed_mae=2.803 heading=0.1/-1.6deg val_progress_mae=10.493m val_heading_mae=31.1deg val_capture=96.15% val_bank=96.15% val_acq_acc=100.00% score=11.915 best=11.915 patience=0/4
temporal epoch=002/100 loss=12.43267 center_teacher=1.000 acq_teacher=1.000 capture=100.00% bank_capture=100.00% acq_acc=100.00% acq_conf=0.624 radius=0.0m pred_step=4.696 target_step=5.743 pred_v=4.813 target_v=5.743 val_mle=11.210m val_p90=13.510m val_speed_mae=2.612 heading=-0.1/-1.6deg val_progress_mae=10.357m val_heading_mae=31.1deg val_capture=96.15% val_bank=96.15% val_acq_acc=100.00% score=11.790 best=11.790 patience=0/4
temporal epoch=003/100 loss=12.16118 center_teacher=1.000 acq_teacher=1.000 capture=100.00% bank_capture=100.00% acq_acc=100.00% acq_conf=0.624 radius=0.0m pred_step=5.151 target_step=5.743 pred_v=5.211 target_v=5.743 val_mle=11.027m val_p90=13.305m val_speed_mae=2.583 heading=-0.3/-1.6deg val_progress_mae=10.147m val_heading_mae=31.1deg val_capture=96.15% val_bank=96.15% val_acq_acc=100.00% score=11.599 best=11.599 patience=0/4
temporal epoch=004/100 loss=12.06060 center_teacher=1.000 acq_teacher=1.000 capture=100.00% bank_capture=100.00% acq_acc=100.00% acq_conf=0.624 radius=0.0m pred_step=5.856 target_step=5.743 pred_v=5.831 target_v=5.743 val_mle=10.822m val_p90=13.069m val_speed_mae=2.660 heading=-0.3/-1.6deg val_progress_mae=9.912m val_heading_mae=31.1deg val_capture=96.15% val_bank=96.15% val_acq_acc=100.00% score=11.392 best=11.392 patience=0/4
temporal epoch=005/100 loss=11.91621 center_teacher=1.000 acq_teacher=1.000 capture=100.00% bank_capture=100.00% acq_acc=100.00% acq_conf=0.624 radius=0.0m pred_step=5.903 target_step=5.743 pred_v=5.871 target_v=5.743 val_mle=10.608m val_p90=12.818m val_speed_mae=2.547 heading=-0.2/-1.6deg val_progress_mae=9.664m val_heading_mae=31.1deg val_capture=96.15% val_bank=96.15% val_acq_acc=100.00% score=11.164 best=11.164 patience=0/4
temporal epoch=006/100 loss=11.72147 center_teacher=1.000 acq_teacher=1.000 capture=100.00% bank_capture=100.00% acq_acc=100.00% acq_conf=0.624 radius=0.0m pred_step=5.402 target_step=5.743 pred_v=5.431 target_v=5.743 val_mle=10.385m val_p90=12.558m val_speed_mae=2.644 heading=-0.2/-1.6deg val_progress_mae=9.406m val_heading_mae=31.1deg val_capture=96.15% val_bank=96.15% val_acq_acc=100.00% score=10.938 best=10.938 patience=0/4
temporal epoch=007/100 loss=11.67392 center_teacher=1.000 acq_teacher=1.000 capture=100.00% bank_capture=100.00% acq_acc=100.00% acq_conf=0.624 radius=0.0m pred_step=4.881 target_step=5.743 pred_v=4.973 target_v=5.743 val_mle=10.151m val_p90=12.291m val_speed_mae=2.779 heading=-0.3/-1.6deg val_progress_mae=9.139m val_heading_mae=31.1deg val_capture=96.15% val_bank=96.15% val_acq_acc=100.00% score=10.703 best=10.703 patience=0/4
temporal epoch=008/100 loss=11.54980 center_teacher=1.000 acq_teacher=1.000 capture=100.00% bank_capture=100.00% acq_acc=100.00% acq_conf=0.624 radius=0.0m pred_step=4.810 target_step=5.743 pred_v=4.911 target_v=5.743 val_mle=9.922m val_p90=12.034m val_speed_mae=2.579 heading=-0.4/-1.6deg val_progress_mae=8.883m val_heading_mae=31.1deg val_capture=96.15% val_bank=96.15% val_acq_acc=100.00% score=10.456 best=10.456 patience=0/4
temporal epoch=009/100 loss=11.33727 center_teacher=1.000 acq_teacher=1.000 capture=100.00% bank_capture=100.00% acq_acc=100.00% acq_conf=0.625 radius=0.0m pred_step=5.207 target_step=5.743 pred_v=5.263 target_v=5.743 val_mle=9.720m val_p90=11.813m val_speed_mae=2.545 heading=-0.5/-1.6deg val_progress_mae=8.662m val_heading_mae=31.1deg val_capture=96.15% val_bank=96.15% val_acq_acc=100.00% score=10.246 best=10.246 patience=0/4
temporal epoch=010/100 loss=11.23139 center_teacher=1.000 acq_teacher=1.000 capture=100.00% bank_capture=100.00% acq_acc=100.00% acq_conf=0.626 radius=0.0m pred_step=5.530 target_step=5.743 pred_v=5.548 target_v=5.743 val_mle=9.552m val_p90=11.631m val_speed_mae=2.561 heading=-0.5/-1.6deg val_progress_mae=8.479m val_heading_mae=31.1deg val_capture=96.15% val_bank=96.15% val_acq_acc=100.00% score=10.073 best=10.073 patience=0/4
temporal epoch=011/100 loss=11.19390 center_teacher=1.000 acq_teacher=1.000 capture=100.00% bank_capture=100.00% acq_acc=100.00% acq_conf=0.627 radius=0.0m pred_step=5.577 target_step=5.743 pred_v=5.591 target_v=5.743 val_mle=9.417m val_p90=11.478m val_speed_mae=2.536 heading=-0.6/-1.6deg val_progress_mae=8.335m val_heading_mae=31.1deg val_capture=96.15% val_bank=96.15% val_acq_acc=100.00% score=9.933 best=9.933 patience=0/4
temporal epoch=012/100 loss=11.14708 center_teacher=1.000 acq_teacher=1.000 capture=100.00% bank_capture=100.00% acq_acc=100.00% acq_conf=0.627 radius=0.0m pred_step=5.362 target_step=5.743 pred_v=5.404 target_v=5.743 val_mle=9.295m val_p90=11.344m val_speed_mae=2.553 heading=-0.7/-1.6deg val_progress_mae=8.203m val_heading_mae=31.1deg val_capture=96.15% val_bank=96.15% val_acq_acc=100.00% score=9.807 best=9.807 patience=0/4
temporal epoch=013/100 loss=11.11437 center_teacher=1.000 acq_teacher=1.000 capture=100.00% bank_capture=100.00% acq_acc=100.00% acq_conf=0.627 radius=0.0m pred_step=5.139 target_step=5.743 pred_v=5.208 target_v=5.743 val_mle=9.186m val_p90=11.223m val_speed_mae=2.567 heading=-0.7/-1.6deg val_progress_mae=8.084m val_heading_mae=31.1deg val_capture=96.15% val_bank=96.15% val_acq_acc=100.00% score=9.696 best=9.696 patience=0/4
temporal epoch=014/100 loss=11.07023 center_teacher=1.000 acq_teacher=1.000 capture=100.00% bank_capture=100.00% acq_acc=100.00% acq_conf=0.626 radius=0.0m pred_step=5.121 target_step=5.743 pred_v=5.192 target_v=5.743 val_mle=9.085m val_p90=11.110m val_speed_mae=2.529 heading=-0.8/-1.6deg val_progress_mae=7.974m val_heading_mae=31.1deg val_capture=96.15% val_bank=96.15% val_acq_acc=100.00% score=9.590 best=9.590 patience=0/4
temporal epoch=015/100 loss=11.01895 center_teacher=1.000 acq_teacher=1.000 capture=100.00% bank_capture=100.00% acq_acc=100.00% acq_conf=0.626 radius=0.0m pred_step=5.392 target_step=5.743 pred_v=5.428 target_v=5.743 val_mle=8.986m val_p90=11.002m val_speed_mae=2.563 heading=-0.8/-1.6deg val_progress_mae=7.864m val_heading_mae=31.1deg val_capture=96.15% val_bank=96.15% val_acq_acc=100.00% score=9.490 best=9.490 patience=0/4
temporal epoch=016/100 loss=11.00666 center_teacher=1.000 acq_teacher=1.000 capture=100.00% bank_capture=100.00% acq_acc=100.00% acq_conf=0.626 radius=0.0m pred_step=5.583 target_step=5.743 pred_v=5.594 target_v=5.743 val_mle=8.899m val_p90=10.899m val_speed_mae=2.554 heading=-0.9/-1.6deg val_progress_mae=7.767m val_heading_mae=31.1deg val_capture=96.15% val_bank=96.15% val_acq_acc=100.00% score=9.399 best=9.399 patience=0/4
temporal epoch=017/100 loss=10.95740 center_teacher=1.000 acq_teacher=1.000 capture=100.00% bank_capture=100.00% acq_acc=100.00% acq_conf=0.626 radius=0.0m pred_step=5.458 target_step=5.743 pred_v=5.482 target_v=5.743 val_mle=8.815m val_p90=10.797m val_speed_mae=2.531 heading=-0.9/-1.6deg val_progress_mae=7.675m val_heading_mae=31.1deg val_capture=96.15% val_bank=96.15% val_acq_acc=100.00% score=9.311 best=9.311 patience=0/4
temporal epoch=018/100 loss=10.96994 center_teacher=1.000 acq_teacher=1.000 capture=100.00% bank_capture=100.00% acq_acc=100.00% acq_conf=0.624 radius=0.0m pred_step=5.139 target_step=5.743 pred_v=5.200 target_v=5.743 val_mle=8.732m val_p90=10.696m val_speed_mae=2.540 heading=-1.0/-1.6deg val_progress_mae=7.581m val_heading_mae=31.1deg val_capture=96.15% val_bank=96.15% val_acq_acc=100.00% score=9.226 best=9.226 patience=0/4
temporal epoch=019/100 loss=10.95111 center_teacher=1.000 acq_teacher=1.000 capture=100.00% bank_capture=100.00% acq_acc=100.00% acq_conf=0.624 radius=0.0m pred_step=5.172 target_step=5.743 pred_v=5.225 target_v=5.743 val_mle=8.651m val_p90=10.601m val_speed_mae=2.574 heading=-1.0/-1.6deg val_progress_mae=7.487m val_heading_mae=31.1deg val_capture=96.15% val_bank=96.15% val_acq_acc=100.00% score=9.143 best=9.143 patience=0/4
temporal epoch=020/100 loss=10.96198 center_teacher=1.000 acq_teacher=1.000 capture=100.00% bank_capture=100.00% acq_acc=100.00% acq_conf=0.624 radius=0.0m pred_step=5.664 target_step=5.743 pred_v=5.653 target_v=5.743 val_mle=8.577m val_p90=10.506m val_speed_mae=2.595 heading=-1.1/-1.6deg val_progress_mae=7.402m val_heading_mae=31.1deg val_capture=96.15% val_bank=96.15% val_acq_acc=100.00% score=9.068 best=9.068 patience=0/4
temporal epoch=021/100 loss=10.91543 center_teacher=1.000 acq_teacher=1.000 capture=100.00% bank_capture=100.00% acq_acc=100.00% acq_conf=0.624 radius=0.0m pred_step=5.573 target_step=5.743 pred_v=5.570 target_v=5.743 val_mle=8.510m val_p90=10.413m val_speed_mae=2.589 heading=-1.1/-1.6deg val_progress_mae=7.326m val_heading_mae=31.1deg val_capture=96.15% val_bank=96.15% val_acq_acc=100.00% score=8.998 best=8.998 patience=0/4
temporal epoch=022/100 loss=10.96256 center_teacher=1.000 acq_teacher=1.000 capture=100.00% bank_capture=100.00% acq_acc=100.00% acq_conf=0.624 radius=0.0m pred_step=4.752 target_step=5.743 pred_v=4.845 target_v=5.743 val_mle=8.448m val_p90=10.351m val_speed_mae=2.535 heading=-1.1/-1.6deg val_progress_mae=7.252m val_heading_mae=31.1deg val_capture=96.15% val_bank=96.15% val_acq_acc=100.00% score=8.931 best=8.931 patience=0/4
temporal epoch=023/100 loss=10.90230 center_teacher=1.000 acq_teacher=1.000 capture=100.00% bank_capture=100.00% acq_acc=100.00% acq_conf=0.624 radius=0.0m pred_step=5.514 target_step=5.743 pred_v=5.508 target_v=5.743 val_mle=8.397m val_p90=10.305m val_speed_mae=3.237 heading=-1.1/-1.6deg val_progress_mae=7.193m val_heading_mae=31.1deg val_capture=96.15% val_bank=96.15% val_acq_acc=100.00% score=8.914 best=8.914 patience=0/4
temporal epoch=024/100 loss=11.11996 center_teacher=1.000 acq_teacher=1.000 capture=100.00% bank_capture=100.00% acq_acc=100.00% acq_conf=0.624 radius=0.0m pred_step=6.414 target_step=5.743 pred_v=6.293 target_v=5.743 val_mle=8.357m val_p90=10.263m val_speed_mae=2.983 heading=-1.2/-1.6deg val_progress_mae=7.147m val_heading_mae=31.1deg val_capture=96.15% val_bank=96.15% val_acq_acc=100.00% score=8.859 best=8.859 patience=0/4
temporal epoch=025/100 loss=11.44025 center_teacher=1.000 acq_teacher=1.000 capture=100.00% bank_capture=100.00% acq_acc=100.00% acq_conf=0.624 radius=0.0m pred_step=3.729 target_step=5.743 pred_v=3.934 target_v=5.743 val_mle=8.320m val_p90=10.228m val_speed_mae=2.518 heading=-1.2/-1.6deg val_progress_mae=7.106m val_heading_mae=31.1deg val_capture=96.15% val_bank=96.15% val_acq_acc=100.00% score=8.798 best=8.798 patience=0/4
temporal epoch=026/100 loss=11.07306 center_teacher=1.000 acq_teacher=1.000 capture=100.00% bank_capture=100.00% acq_acc=100.00% acq_conf=0.624 radius=0.0m pred_step=5.888 target_step=5.743 pred_v=5.823 target_v=5.743 val_mle=8.278m val_p90=10.204m val_speed_mae=5.298 heading=-1.3/-1.6deg val_progress_mae=7.052m val_heading_mae=31.1deg val_capture=96.15% val_bank=96.15% val_acq_acc=100.00% score=8.893 best=8.798 patience=1/4
temporal epoch=027/100 loss=11.90571 center_teacher=1.000 acq_teacher=1.000 capture=100.00% bank_capture=100.00% acq_acc=100.00% acq_conf=0.624 radius=0.0m pred_step=7.679 target_step=5.743 pred_v=7.390 target_v=5.743 val_mle=8.283m val_p90=10.199m val_speed_mae=4.512 heading=-1.3/-1.6deg val_progress_mae=7.069m val_heading_mae=31.1deg val_capture=96.15% val_bank=96.15% val_acq_acc=100.00% score=8.859 best=8.798 patience=2/4
temporal epoch=028/100 loss=13.00280 center_teacher=1.000 acq_teacher=1.000 capture=100.00% bank_capture=100.00% acq_acc=100.00% acq_conf=0.624 radius=0.0m pred_step=2.138 target_step=5.743 pred_v=2.452 target_v=5.743 val_mle=8.294m val_p90=10.214m val_speed_mae=5.648 heading=-1.4/-1.6deg val_progress_mae=7.086m val_heading_mae=31.1deg val_capture=96.15% val_bank=96.15% val_acq_acc=100.00% score=8.928 best=8.798 patience=3/4
temporal epoch=029/100 loss=11.61388 center_teacher=1.000 acq_teacher=1.000 capture=100.00% bank_capture=100.00% acq_acc=100.00% acq_conf=0.624 radius=0.0m pred_step=2.815 target_step=5.743 pred_v=3.122 target_v=5.743 val_mle=8.247m val_p90=10.187m val_speed_mae=7.833 heading=-1.4/-1.6deg val_progress_mae=7.028m val_heading_mae=31.1deg val_capture=96.15% val_bank=96.15% val_acq_acc=100.00% score=8.988 best=8.798 patience=4/4
EARLY STOP: controlled local-prior validation score did not improve by 0.003 for 4 epochs.
