[PREPARED] PASS | city=cityb | step=4 m | selection=soft_sequence_v13_multicity_auto_train_fullroute | existing GT/routes unchanged
[CADENCE] source=experiment_route_stats_train_01 | mean=5.769227 m | p90=10.316216 m | p95=11.515852 m
[OK] clean v39 runtime: Forward-18 SoftMS -> GRU -> Kalman -> one final MeanShift
[OK] weighted-centroid decoder removed from generated runtime source
[PATCH OK] GRU = current + delta + delta2 + SAT + SoftMS position + visual displacement + previous state
[PATCH OK] V5 3-frame direct acceleration + next-step correction
[PATCH OK] training/validation/inference motion starts from current-city cadence
[PATCH OK] Kalman = smooth confidence-adaptive measurement-preserving residual fusion
[PATCH OK] step corridor = continuous confidence relaxation
[PATCH OK] no held-out navigation result is read by this patch
[V39-BEARING] final-MS route-centerline reference patch: PASS
[ARCH-AUDIT] forward_18: PASS
[ARCH-AUDIT] base_geometry_6x6: PASS
[ARCH-AUDIT] front_softms_source: PASS
[ARCH-AUDIT] one_final_ms_source: PASS
[ARCH-AUDIT] front_decoder_softms: PASS
[ARCH-AUDIT] simple_seven_block_gru: PASS
[ARCH-AUDIT] residual_motion_head: PASS
[ARCH-AUDIT] causal_visual_displacement: PASS
[ARCH-AUDIT] cadence_initialized_tracker: PASS
[ARCH-AUDIT] motion_training_inference_aligned: PASS
[ARCH-AUDIT] training_city_motion_scale_init: PASS
[ARCH-AUDIT] forward_origin_backshift_covers_jitter: PASS
[ARCH-AUDIT] protocol: PASS
[ARCH-AUDIT] controlled_gt_reference_enabled: PASS
[ARCH-AUDIT] frame_count: PASS
[ARCH-AUDIT] gru_flag: PASS
[ARCH-AUDIT] kalman_flag: PASS
[TRAIN] reuse visual checkpoint /yh/study/uav-sat/v39_otherdata/formal_bearing_v5_smooth_20260920_233151/paper_temporal_multiseed_v3/seed_2035/cityb/train_frames3/checkpoints/visual_retrieval_A_only.pt
route_A: reuse UAV backbone cache
temporal split train=[0,135) val=[139,165) route_length=789.4m
City training-sequence mean forward step=5.743m/frame p90=10.578m/frame
temporal epoch=001/100 loss=12.50061 center_teacher=1.000 acq_teacher=1.000 capture=100.00% bank_capture=100.00% acq_acc=100.00% acq_conf=0.624 radius=0.0m pred_step=5.421 target_step=5.743 pred_v=5.477 target_v=5.743 val_mle=11.345m val_p90=13.663m val_speed_mae=2.835 heading=0.0/-1.6deg val_progress_mae=10.509m val_heading_mae=31.1deg val_capture=96.15% val_bank=96.15% val_acq_acc=100.00% score=11.941 best=11.941 patience=0/4
temporal epoch=002/100 loss=12.42320 center_teacher=1.000 acq_teacher=1.000 capture=100.00% bank_capture=100.00% acq_acc=100.00% acq_conf=0.624 radius=0.0m pred_step=4.662 target_step=5.743 pred_v=4.828 target_v=5.743 val_mle=11.215m val_p90=13.520m val_speed_mae=2.534 heading=-0.1/-1.6deg val_progress_mae=10.362m val_heading_mae=31.1deg val_capture=96.15% val_bank=96.15% val_acq_acc=100.00% score=11.792 best=11.792 patience=0/4
temporal epoch=003/100 loss=12.16695 center_teacher=1.000 acq_teacher=1.000 capture=100.00% bank_capture=100.00% acq_acc=100.00% acq_conf=0.624 radius=0.0m pred_step=5.415 target_step=5.743 pred_v=5.455 target_v=5.743 val_mle=11.036m val_p90=13.318m val_speed_mae=2.658 heading=-0.2/-1.6deg val_progress_mae=10.158m val_heading_mae=31.1deg val_capture=96.15% val_bank=96.15% val_acq_acc=100.00% score=11.613 best=11.613 patience=0/4
temporal epoch=004/100 loss=12.10757 center_teacher=1.000 acq_teacher=1.000 capture=100.00% bank_capture=100.00% acq_acc=100.00% acq_conf=0.624 radius=0.0m pred_step=6.012 target_step=5.743 pred_v=5.955 target_v=5.743 val_mle=10.817m val_p90=13.087m val_speed_mae=2.577 heading=-0.1/-1.6deg val_progress_mae=9.917m val_heading_mae=31.1deg val_capture=96.15% val_bank=96.15% val_acq_acc=100.00% score=11.382 best=11.382 patience=0/4
temporal epoch=005/100 loss=11.90256 center_teacher=1.000 acq_teacher=1.000 capture=100.00% bank_capture=100.00% acq_acc=100.00% acq_conf=0.624 radius=0.0m pred_step=5.612 target_step=5.743 pred_v=5.610 target_v=5.743 val_mle=10.613m val_p90=12.846m val_speed_mae=2.632 heading=0.0/-1.6deg val_progress_mae=9.683m val_heading_mae=31.1deg val_capture=96.15% val_bank=96.15% val_acq_acc=100.00% score=11.174 best=11.174 patience=0/4
temporal epoch=006/100 loss=11.88123 center_teacher=1.000 acq_teacher=1.000 capture=100.00% bank_capture=100.00% acq_acc=100.00% acq_conf=0.624 radius=0.0m pred_step=4.825 target_step=5.743 pred_v=4.939 target_v=5.743 val_mle=10.394m val_p90=12.594m val_speed_mae=2.887 heading=0.0/-1.6deg val_progress_mae=9.431m val_heading_mae=31.1deg val_capture=96.15% val_bank=96.15% val_acq_acc=100.00% score=10.961 best=10.961 patience=0/4
temporal epoch=007/100 loss=11.72246 center_teacher=1.000 acq_teacher=1.000 capture=100.00% bank_capture=100.00% acq_acc=100.00% acq_conf=0.624 radius=0.0m pred_step=4.706 target_step=5.743 pred_v=4.837 target_v=5.743 val_mle=10.183m val_p90=12.328m val_speed_mae=2.541 heading=-0.0/-1.6deg val_progress_mae=9.178m val_heading_mae=31.1deg val_capture=96.15% val_bank=96.15% val_acq_acc=100.00% score=10.724 best=10.724 patience=0/4
temporal epoch=008/100 loss=11.42402 center_teacher=1.000 acq_teacher=1.000 capture=100.00% bank_capture=100.00% acq_acc=100.00% acq_conf=0.624 radius=0.0m pred_step=5.365 target_step=5.743 pred_v=5.399 target_v=5.743 val_mle=9.945m val_p90=12.067m val_speed_mae=2.597 heading=-0.1/-1.6deg val_progress_mae=8.911m val_heading_mae=31.1deg val_capture=96.15% val_bank=96.15% val_acq_acc=100.00% score=10.482 best=10.482 patience=0/4
temporal epoch=009/100 loss=11.34754 center_teacher=1.000 acq_teacher=1.000 capture=100.00% bank_capture=100.00% acq_acc=100.00% acq_conf=0.624 radius=0.0m pred_step=5.839 target_step=5.743 pred_v=5.809 target_v=5.743 val_mle=9.741m val_p90=11.838m val_speed_mae=2.550 heading=-0.1/-1.6deg val_progress_mae=8.688m val_heading_mae=31.1deg val_capture=96.15% val_bank=96.15% val_acq_acc=100.00% score=10.268 best=10.268 patience=0/4
temporal epoch=010/100 loss=11.22273 center_teacher=1.000 acq_teacher=1.000 capture=100.00% bank_capture=100.00% acq_acc=100.00% acq_conf=0.624 radius=0.0m pred_step=5.397 target_step=5.743 pred_v=5.442 target_v=5.743 val_mle=9.576m val_p90=11.653m val_speed_mae=2.620 heading=-0.1/-1.6deg val_progress_mae=8.510m val_heading_mae=31.1deg val_capture=96.15% val_bank=96.15% val_acq_acc=100.00% score=10.101 best=10.101 patience=0/4
temporal epoch=011/100 loss=11.23584 center_teacher=1.000 acq_teacher=1.000 capture=100.00% bank_capture=100.00% acq_acc=100.00% acq_conf=0.624 radius=0.0m pred_step=4.876 target_step=5.743 pred_v=5.005 target_v=5.743 val_mle=9.439m val_p90=11.502m val_speed_mae=2.591 heading=-0.1/-1.6deg val_progress_mae=8.362m val_heading_mae=31.1deg val_capture=96.15% val_bank=96.15% val_acq_acc=100.00% score=9.959 best=9.959 patience=0/4
temporal epoch=012/100 loss=11.12634 center_teacher=1.000 acq_teacher=1.000 capture=100.00% bank_capture=100.00% acq_acc=100.00% acq_conf=0.624 radius=0.0m pred_step=5.126 target_step=5.743 pred_v=5.227 target_v=5.743 val_mle=9.320m val_p90=11.373m val_speed_mae=2.575 heading=-0.1/-1.6deg val_progress_mae=8.231m val_heading_mae=31.1deg val_capture=96.15% val_bank=96.15% val_acq_acc=100.00% score=9.835 best=9.835 patience=0/4
temporal epoch=013/100 loss=11.11428 center_teacher=1.000 acq_teacher=1.000 capture=100.00% bank_capture=100.00% acq_acc=100.00% acq_conf=0.624 radius=0.0m pred_step=5.794 target_step=5.743 pred_v=5.802 target_v=5.743 val_mle=9.222m val_p90=11.258m val_speed_mae=2.684 heading=-0.1/-1.6deg val_progress_mae=8.121m val_heading_mae=31.1deg val_capture=96.15% val_bank=96.15% val_acq_acc=100.00% score=9.739 best=9.739 patience=0/4
temporal epoch=014/100 loss=11.05779 center_teacher=1.000 acq_teacher=1.000 capture=100.00% bank_capture=100.00% acq_acc=100.00% acq_conf=0.624 radius=0.0m pred_step=5.835 target_step=5.743 pred_v=5.843 target_v=5.743 val_mle=9.138m val_p90=11.152m val_speed_mae=2.530 heading=-0.2/-1.6deg val_progress_mae=8.027m val_heading_mae=31.1deg val_capture=96.15% val_bank=96.15% val_acq_acc=100.00% score=9.644 best=9.644 patience=0/4
temporal epoch=015/100 loss=10.95344 center_teacher=1.000 acq_teacher=1.000 capture=100.00% bank_capture=100.00% acq_acc=100.00% acq_conf=0.624 radius=0.0m pred_step=5.111 target_step=5.743 pred_v=5.227 target_v=5.743 val_mle=9.058m val_p90=11.052m val_speed_mae=2.570 heading=-0.2/-1.6deg val_progress_mae=7.935m val_heading_mae=31.1deg val_capture=96.15% val_bank=96.15% val_acq_acc=100.00% score=9.564 best=9.564 patience=0/4
temporal epoch=016/100 loss=10.92426 center_teacher=1.000 acq_teacher=1.000 capture=100.00% bank_capture=100.00% acq_acc=100.00% acq_conf=0.624 radius=0.0m pred_step=5.013 target_step=5.743 pred_v=5.158 target_v=5.743 val_mle=8.983m val_p90=10.960m val_speed_mae=2.652 heading=-0.2/-1.6deg val_progress_mae=7.847m val_heading_mae=31.0deg val_capture=96.15% val_bank=96.15% val_acq_acc=100.00% score=9.490 best=9.490 patience=0/4
temporal epoch=017/100 loss=10.96469 center_teacher=1.000 acq_teacher=1.000 capture=100.00% bank_capture=100.00% acq_acc=100.00% acq_conf=0.624 radius=0.0m pred_step=5.879 target_step=5.743 pred_v=5.893 target_v=5.743 val_mle=8.923m val_p90=10.877m val_speed_mae=2.869 heading=-0.2/-1.6deg val_progress_mae=7.775m val_heading_mae=31.0deg val_capture=96.15% val_bank=96.15% val_acq_acc=100.00% score=9.439 best=9.439 patience=0/4
temporal epoch=018/100 loss=10.93659 center_teacher=1.000 acq_teacher=1.000 capture=100.00% bank_capture=100.00% acq_acc=100.00% acq_conf=0.624 radius=0.0m pred_step=6.007 target_step=5.743 pred_v=6.013 target_v=5.743 val_mle=8.873m val_p90=10.830m val_speed_mae=2.536 heading=-0.2/-1.6deg val_progress_mae=7.717m val_heading_mae=31.0deg val_capture=96.15% val_bank=96.15% val_acq_acc=100.00% score=9.371 best=9.371 patience=0/4
temporal epoch=019/100 loss=10.91086 center_teacher=1.000 acq_teacher=1.000 capture=100.00% bank_capture=100.00% acq_acc=100.00% acq_conf=0.624 radius=0.0m pred_step=4.546 target_step=5.743 pred_v=4.773 target_v=5.743 val_mle=8.828m val_p90=10.833m val_speed_mae=2.550 heading=-0.3/-1.6deg val_progress_mae=7.661m val_heading_mae=31.0deg val_capture=96.15% val_bank=96.15% val_acq_acc=100.00% score=9.325 best=9.325 patience=0/4
temporal epoch=020/100 loss=10.81069 center_teacher=1.000 acq_teacher=1.000 capture=100.00% bank_capture=100.00% acq_acc=100.00% acq_conf=0.624 radius=0.0m pred_step=5.698 target_step=5.743 pred_v=5.757 target_v=5.743 val_mle=8.785m val_p90=10.853m val_speed_mae=3.771 heading=-0.3/-1.6deg val_progress_mae=7.606m val_heading_mae=31.0deg val_capture=96.15% val_bank=96.15% val_acq_acc=100.00% score=9.341 best=9.325 patience=1/4
temporal epoch=021/100 loss=11.12595 center_teacher=1.000 acq_teacher=1.000 capture=100.00% bank_capture=100.00% acq_acc=100.00% acq_conf=0.625 radius=0.0m pred_step=6.779 target_step=5.743 pred_v=6.695 target_v=5.743 val_mle=8.781m val_p90=10.855m val_speed_mae=2.748 heading=-0.4/-1.6deg val_progress_mae=7.606m val_heading_mae=31.0deg val_capture=96.15% val_bank=96.15% val_acq_acc=100.00% score=9.285 best=9.285 patience=0/4
temporal epoch=022/100 loss=11.51690 center_teacher=1.000 acq_teacher=1.000 capture=100.00% bank_capture=100.00% acq_acc=100.00% acq_conf=0.626 radius=0.0m pred_step=3.373 target_step=5.743 pred_v=3.781 target_v=5.743 val_mle=8.774m val_p90=10.860m val_speed_mae=2.527 heading=-0.4/-1.6deg val_progress_mae=7.601m val_heading_mae=31.0deg val_capture=96.15% val_bank=96.15% val_acq_acc=100.00% score=9.268 best=9.268 patience=0/4
temporal epoch=023/100 loss=10.84205 center_teacher=1.000 acq_teacher=1.000 capture=100.00% bank_capture=100.00% acq_acc=100.00% acq_conf=0.626 radius=0.0m pred_step=5.686 target_step=5.743 pred_v=5.763 target_v=5.743 val_mle=8.777m val_p90=10.905m val_speed_mae=7.037 heading=-0.3/-1.6deg val_progress_mae=7.604m val_heading_mae=31.0deg val_capture=96.15% val_bank=96.15% val_acq_acc=100.00% score=9.496 best=9.268 patience=1/4
temporal epoch=024/100 loss=12.85730 center_teacher=1.000 acq_teacher=1.000 capture=100.00% bank_capture=100.00% acq_acc=100.00% acq_conf=0.626 radius=0.0m pred_step=8.736 target_step=5.743 pred_v=8.378 target_v=5.743 val_mle=8.830m val_p90=10.970m val_speed_mae=2.827 heading=-0.4/-1.6deg val_progress_mae=7.678m val_heading_mae=31.0deg val_capture=96.15% val_bank=96.15% val_acq_acc=100.00% score=9.341 best=9.268 patience=2/4
temporal epoch=025/100 loss=11.91071 center_teacher=1.000 acq_teacher=1.000 capture=100.00% bank_capture=100.00% acq_acc=100.00% acq_conf=0.625 radius=0.0m pred_step=2.974 target_step=5.743 pred_v=3.445 target_v=5.743 val_mle=8.920m val_p90=11.118m val_speed_mae=3.972 heading=-0.5/-1.6deg val_progress_mae=7.793m val_heading_mae=31.0deg val_capture=96.15% val_bank=96.15% val_acq_acc=100.00% score=9.491 best=9.268 patience=3/4
temporal epoch=026/100 loss=10.73072 center_teacher=1.000 acq_teacher=1.000 capture=100.00% bank_capture=100.00% acq_acc=100.00% acq_conf=0.625 radius=0.0m pred_step=3.986 target_step=5.743 pred_v=4.322 target_v=5.743 val_mle=8.956m val_p90=11.258m val_speed_mae=8.110 heading=-0.4/-1.6deg val_progress_mae=7.839m val_heading_mae=31.0deg val_capture=96.15% val_bank=96.15% val_acq_acc=100.00% score=9.736 best=9.268 patience=4/4
EARLY STOP: controlled local-prior validation score did not improve by 0.003 for 4 epochs.
[FORMAL TRAIN-ONLY V5 CALIBRATION] {"confidence_power": 0.5, "delta2_scale": 0.0, "fixed_variance_m2": 25.0, "objective": 9.591025340920714, "prior_blend_base": 0.05, "prior_blend_cutoff": 0.7, "prior_blend_lowconf_gain": 0.3, "prior_blend_max": 0.3, "q_cross": 0.4, "q_progress": 1.5, "q_velocity": 1.0, "stage": "step", "step_relax_confidence": 0.0, "step_relax_width": 0.05, "step_visual_slack_m": 10.0, "temporal_3frame_scale": 1.1, "val_mle_m": 8.617632730476915, "val_p90_m": 10.610063922974739, "val_progress_mae": 7.4059013067494215, "val_speed_mae": 2.5264241769162896}
