[PREPARED] PASS | city=cityd | step=4 m | selection=soft_sequence_v13_multicity_auto_train_fullroute | existing GT/routes unchanged
[CADENCE] source=experiment_route_stats_train_01 | mean=5.465267 m | p90=10.039383 m | p95=12.083230 m
[OK] clean v39 runtime: Forward-18 SoftMS -> GRU -> Kalman -> one final MeanShift
[OK] weighted-centroid decoder removed from generated runtime source
[PATCH OK] GRU = current + delta + delta2 + SAT + SoftMS position + visual displacement + previous state
[PATCH OK] V5 3-frame direct acceleration + next-step correction
[PATCH OK] training/validation/inference motion starts from current-city cadence
[PATCH OK] Kalman = smooth confidence-adaptive measurement-preserving residual fusion
[PATCH OK] step corridor = continuous confidence relaxation
[PATCH OK] no held-out navigation result is read by this patch
[V39-BEARING] final-MS route-centerline reference patch: PASS
[ARCH-AUDIT] forward_18: PASS
[ARCH-AUDIT] base_geometry_6x6: PASS
[ARCH-AUDIT] front_softms_source: PASS
[ARCH-AUDIT] one_final_ms_source: PASS
[ARCH-AUDIT] front_decoder_softms: PASS
[ARCH-AUDIT] simple_seven_block_gru: PASS
[ARCH-AUDIT] residual_motion_head: PASS
[ARCH-AUDIT] causal_visual_displacement: PASS
[ARCH-AUDIT] cadence_initialized_tracker: PASS
[ARCH-AUDIT] motion_training_inference_aligned: PASS
[ARCH-AUDIT] training_city_motion_scale_init: PASS
[ARCH-AUDIT] forward_origin_backshift_covers_jitter: PASS
[ARCH-AUDIT] protocol: PASS
[ARCH-AUDIT] controlled_gt_reference_enabled: PASS
[ARCH-AUDIT] frame_count: PASS
[ARCH-AUDIT] gru_flag: PASS
[ARCH-AUDIT] kalman_flag: PASS
[TRAIN] reuse visual checkpoint /yh/study/uav-sat/v39_otherdata/formal_bearing_v5_smooth_20260920_233151/paper_temporal_multiseed_v3/seed_2034/cityd/train_frames3/checkpoints/visual_retrieval_A_only.pt
route_A: reuse UAV backbone cache
temporal split train=[0,136) val=[140,166) route_length=789.4m
City training-sequence mean forward step=5.530m/frame p90=10.147m/frame
temporal epoch=001/100 loss=14.26373 center_teacher=1.000 acq_teacher=1.000 capture=100.00% bank_capture=100.00% acq_acc=100.00% acq_conf=0.644 radius=0.0m pred_step=5.112 target_step=5.530 pred_v=5.173 target_v=5.530 val_mle=10.255m val_p90=12.562m val_speed_mae=3.004 heading=-0.0/0.7deg val_progress_mae=10.252m val_heading_mae=30.6deg val_capture=96.15% val_bank=96.15% val_acq_acc=100.00% score=10.851 best=10.851 patience=0/4
temporal epoch=002/100 loss=14.29240 center_teacher=1.000 acq_teacher=1.000 capture=100.00% bank_capture=100.00% acq_acc=100.00% acq_conf=0.644 radius=0.0m pred_step=4.377 target_step=5.530 pred_v=4.551 target_v=5.530 val_mle=10.089m val_p90=12.400m val_speed_mae=2.912 heading=-0.1/0.7deg val_progress_mae=10.080m val_heading_mae=30.6deg val_capture=96.15% val_bank=96.15% val_acq_acc=100.00% score=10.676 best=10.676 patience=0/4
temporal epoch=003/100 loss=13.99467 center_teacher=1.000 acq_teacher=1.000 capture=100.00% bank_capture=100.00% acq_acc=100.00% acq_conf=0.644 radius=0.0m pred_step=5.043 target_step=5.530 pred_v=5.101 target_v=5.530 val_mle=9.841m val_p90=12.156m val_speed_mae=2.916 heading=-0.2/0.7deg val_progress_mae=9.823m val_heading_mae=30.6deg val_capture=96.15% val_bank=96.15% val_acq_acc=100.00% score=10.420 best=10.420 patience=0/4
temporal epoch=004/100 loss=13.86704 center_teacher=1.000 acq_teacher=1.000 capture=100.00% bank_capture=100.00% acq_acc=100.00% acq_conf=0.644 radius=0.0m pred_step=5.715 target_step=5.530 pred_v=5.661 target_v=5.530 val_mle=9.537m val_p90=11.850m val_speed_mae=2.915 heading=-0.2/0.7deg val_progress_mae=9.509m val_heading_mae=30.6deg val_capture=96.15% val_bank=96.15% val_acq_acc=100.00% score=10.106 best=10.106 patience=0/4
temporal epoch=005/100 loss=13.60718 center_teacher=1.000 acq_teacher=1.000 capture=100.00% bank_capture=100.00% acq_acc=100.00% acq_conf=0.644 radius=0.0m pred_step=5.252 target_step=5.530 pred_v=5.267 target_v=5.530 val_mle=9.211m val_p90=11.512m val_speed_mae=3.000 heading=-0.2/0.7deg val_progress_mae=9.169m val_heading_mae=30.6deg val_capture=96.15% val_bank=96.15% val_acq_acc=100.00% score=9.774 best=9.774 patience=0/4
temporal epoch=006/100 loss=13.58571 center_teacher=1.000 acq_teacher=1.000 capture=100.00% bank_capture=100.00% acq_acc=100.00% acq_conf=0.644 radius=0.0m pred_step=4.362 target_step=5.530 pred_v=4.511 target_v=5.530 val_mle=8.886m val_p90=11.184m val_speed_mae=2.918 heading=-0.1/0.7deg val_progress_mae=8.829m val_heading_mae=30.6deg val_capture=96.15% val_bank=96.15% val_acq_acc=100.00% score=9.435 best=9.435 patience=0/4
temporal epoch=007/100 loss=13.20341 center_teacher=1.000 acq_teacher=1.000 capture=100.00% bank_capture=100.00% acq_acc=100.00% acq_conf=0.644 radius=0.0m pred_step=4.844 target_step=5.530 pred_v=4.923 target_v=5.530 val_mle=8.589m val_p90=10.894m val_speed_mae=2.915 heading=-0.2/0.7deg val_progress_mae=8.516m val_heading_mae=30.6deg val_capture=96.15% val_bank=96.15% val_acq_acc=100.00% score=9.128 best=9.128 patience=0/4
temporal epoch=008/100 loss=13.12435 center_teacher=1.000 acq_teacher=1.000 capture=100.00% bank_capture=100.00% acq_acc=100.00% acq_conf=0.644 radius=0.0m pred_step=5.761 target_step=5.530 pred_v=5.705 target_v=5.530 val_mle=8.343m val_p90=10.645m val_speed_mae=2.916 heading=-0.3/0.7deg val_progress_mae=8.255m val_heading_mae=30.6deg val_capture=96.15% val_bank=96.15% val_acq_acc=100.00% score=8.874 best=8.874 patience=0/4
temporal epoch=009/100 loss=13.03160 center_teacher=1.000 acq_teacher=1.000 capture=100.00% bank_capture=100.00% acq_acc=100.00% acq_conf=0.644 radius=0.0m pred_step=5.790 target_step=5.530 pred_v=5.729 target_v=5.530 val_mle=8.138m val_p90=10.438m val_speed_mae=2.912 heading=-0.3/0.7deg val_progress_mae=8.037m val_heading_mae=30.6deg val_capture=96.15% val_bank=96.15% val_acq_acc=100.00% score=8.663 best=8.663 patience=0/4
temporal epoch=010/100 loss=12.89564 center_teacher=1.000 acq_teacher=1.000 capture=100.00% bank_capture=100.00% acq_acc=100.00% acq_conf=0.644 radius=0.0m pred_step=4.979 target_step=5.530 pred_v=5.049 target_v=5.530 val_mle=7.983m val_p90=10.271m val_speed_mae=2.967 heading=-0.2/0.7deg val_progress_mae=7.869m val_heading_mae=30.6deg val_capture=96.15% val_bank=96.15% val_acq_acc=100.00% score=8.506 best=8.506 patience=0/4
temporal epoch=011/100 loss=12.93850 center_teacher=1.000 acq_teacher=1.000 capture=100.00% bank_capture=100.00% acq_acc=100.00% acq_conf=0.644 radius=0.0m pred_step=4.435 target_step=5.530 pred_v=4.585 target_v=5.530 val_mle=7.849m val_p90=10.135m val_speed_mae=2.909 heading=-0.2/0.7deg val_progress_mae=7.724m val_heading_mae=30.6deg val_capture=96.15% val_bank=96.15% val_acq_acc=100.00% score=8.365 best=8.365 patience=0/4
temporal epoch=012/100 loss=12.75837 center_teacher=1.000 acq_teacher=1.000 capture=100.00% bank_capture=100.00% acq_acc=100.00% acq_conf=0.644 radius=0.0m pred_step=4.903 target_step=5.530 pred_v=4.986 target_v=5.530 val_mle=7.730m val_p90=10.025m val_speed_mae=2.914 heading=-0.3/0.7deg val_progress_mae=7.596m val_heading_mae=30.6deg val_capture=96.15% val_bank=96.15% val_acq_acc=100.00% score=8.242 best=8.242 patience=0/4
temporal epoch=013/100 loss=12.72020 center_teacher=1.000 acq_teacher=1.000 capture=100.00% bank_capture=100.00% acq_acc=100.00% acq_conf=0.644 radius=0.0m pred_step=5.711 target_step=5.530 pred_v=5.670 target_v=5.530 val_mle=7.640m val_p90=9.934m val_speed_mae=2.913 heading=-0.4/0.7deg val_progress_mae=7.498m val_heading_mae=30.6deg val_capture=96.15% val_bank=96.15% val_acq_acc=100.00% score=8.148 best=8.148 patience=0/4
temporal epoch=014/100 loss=12.63178 center_teacher=1.000 acq_teacher=1.000 capture=100.00% bank_capture=100.00% acq_acc=100.00% acq_conf=0.644 radius=0.0m pred_step=5.417 target_step=5.530 pred_v=5.424 target_v=5.530 val_mle=7.573m val_p90=9.857m val_speed_mae=2.930 heading=-0.4/0.7deg val_progress_mae=7.426m val_heading_mae=30.6deg val_capture=96.15% val_bank=96.15% val_acq_acc=100.00% score=8.080 best=8.080 patience=0/4
temporal epoch=015/100 loss=12.76111 center_teacher=1.000 acq_teacher=1.000 capture=100.00% bank_capture=100.00% acq_acc=100.00% acq_conf=0.644 radius=0.0m pred_step=4.272 target_step=5.530 pred_v=4.443 target_v=5.530 val_mle=7.503m val_p90=9.797m val_speed_mae=2.908 heading=-0.3/0.7deg val_progress_mae=7.352m val_heading_mae=30.6deg val_capture=96.15% val_bank=96.15% val_acq_acc=100.00% score=8.007 best=8.007 patience=0/4
temporal epoch=016/100 loss=12.54131 center_teacher=1.000 acq_teacher=1.000 capture=100.00% bank_capture=100.00% acq_acc=100.00% acq_conf=0.644 radius=0.0m pred_step=5.077 target_step=5.530 pred_v=5.128 target_v=5.530 val_mle=7.452m val_p90=9.750m val_speed_mae=2.984 heading=-0.3/0.7deg val_progress_mae=7.299m val_heading_mae=30.6deg val_capture=96.15% val_bank=96.15% val_acq_acc=100.00% score=7.959 best=7.959 patience=0/4
temporal epoch=017/100 loss=12.68609 center_teacher=1.000 acq_teacher=1.000 capture=100.00% bank_capture=100.00% acq_acc=100.00% acq_conf=0.644 radius=0.0m pred_step=6.194 target_step=5.530 pred_v=6.088 target_v=5.530 val_mle=7.409m val_p90=9.709m val_speed_mae=2.907 heading=-0.3/0.7deg val_progress_mae=7.254m val_heading_mae=30.6deg val_capture=96.15% val_bank=96.15% val_acq_acc=100.00% score=7.910 best=7.910 patience=0/4
temporal epoch=018/100 loss=12.53531 center_teacher=1.000 acq_teacher=1.000 capture=100.00% bank_capture=100.00% acq_acc=100.00% acq_conf=0.644 radius=0.0m pred_step=4.445 target_step=5.530 pred_v=4.590 target_v=5.530 val_mle=7.392m val_p90=9.689m val_speed_mae=3.124 heading=-0.4/0.7deg val_progress_mae=7.237m val_heading_mae=30.6deg val_capture=96.15% val_bank=96.15% val_acq_acc=100.00% score=7.903 best=7.903 patience=0/4
temporal epoch=019/100 loss=12.43327 center_teacher=1.000 acq_teacher=1.000 capture=100.00% bank_capture=100.00% acq_acc=100.00% acq_conf=0.644 radius=0.0m pred_step=4.405 target_step=5.530 pred_v=4.561 target_v=5.530 val_mle=7.368m val_p90=9.683m val_speed_mae=4.122 heading=-0.3/0.7deg val_progress_mae=7.215m val_heading_mae=30.6deg val_capture=96.15% val_bank=96.15% val_acq_acc=100.00% score=7.929 best=7.903 patience=1/4
temporal epoch=020/100 loss=13.51455 center_teacher=1.000 acq_teacher=1.000 capture=100.00% bank_capture=100.00% acq_acc=100.00% acq_conf=0.644 radius=0.0m pred_step=7.282 target_step=5.530 pred_v=7.005 target_v=5.530 val_mle=7.348m val_p90=9.670m val_speed_mae=2.906 heading=-0.2/0.7deg val_progress_mae=7.196m val_heading_mae=30.6deg val_capture=96.15% val_bank=96.15% val_acq_acc=100.00% score=7.847 best=7.847 patience=0/4
temporal epoch=021/100 loss=12.20420 center_teacher=1.000 acq_teacher=1.000 capture=100.00% bank_capture=100.00% acq_acc=100.00% acq_conf=0.646 radius=0.0m pred_step=4.559 target_step=5.530 pred_v=4.699 target_v=5.530 val_mle=7.348m val_p90=9.676m val_speed_mae=3.956 heading=-0.5/0.7deg val_progress_mae=7.198m val_heading_mae=30.6deg val_capture=96.15% val_bank=96.15% val_acq_acc=100.00% score=7.899 best=7.847 patience=1/4
temporal epoch=022/100 loss=12.94221 center_teacher=1.000 acq_teacher=1.000 capture=100.00% bank_capture=100.00% acq_acc=100.00% acq_conf=0.649 radius=0.0m pred_step=3.153 target_step=5.530 pred_v=3.499 target_v=5.530 val_mle=7.351m val_p90=9.692m val_speed_mae=7.398 heading=-0.6/0.7deg val_progress_mae=7.204m val_heading_mae=30.6deg val_capture=96.15% val_bank=96.15% val_acq_acc=100.00% score=8.075 best=7.847 patience=2/4
temporal epoch=023/100 loss=16.58773 center_teacher=1.000 acq_teacher=1.000 capture=100.00% bank_capture=100.00% acq_acc=100.00% acq_conf=0.647 radius=0.0m pred_step=9.691 target_step=5.530 pred_v=9.184 target_v=5.530 val_mle=7.310m val_p90=9.660m val_speed_mae=7.249 heading=-0.2/0.7deg val_progress_mae=7.163m val_heading_mae=30.6deg val_capture=96.15% val_bank=96.15% val_acq_acc=100.00% score=8.026 best=7.847 patience=3/4
temporal epoch=024/100 loss=12.96415 center_teacher=1.000 acq_teacher=1.000 capture=100.00% bank_capture=100.00% acq_acc=100.00% acq_conf=0.650 radius=0.0m pred_step=7.436 target_step=5.530 pred_v=7.158 target_v=5.530 val_mle=7.479m val_p90=9.606m val_speed_mae=5.257 heading=-0.7/0.7deg val_progress_mae=7.190m val_heading_mae=30.6deg val_capture=96.15% val_bank=96.15% val_acq_acc=100.00% score=8.096 best=7.847 patience=4/4
EARLY STOP: controlled local-prior validation score did not improve by 0.003 for 4 epochs.
[FORMAL TRAIN-ONLY V5 CALIBRATION] {"confidence_power": 0.5, "delta2_scale": 0.0, "fixed_variance_m2": 25.0, "objective": 8.161235780867615, "prior_blend_base": 0.05, "prior_blend_cutoff": 0.7, "prior_blend_lowconf_gain": 0.3, "prior_blend_max": 0.3, "q_cross": 0.4, "q_progress": 1.5, "q_velocity": 1.0, "stage": "blend", "step_relax_confidence": 0.55, "step_relax_width": 0.08, "step_visual_slack_m": 3.0, "temporal_3frame_scale": 0.9, "val_mle_m": 7.26939922967316, "val_p90_m": 9.531442371347516, "val_progress_mae": 7.118447450193532, "val_speed_mae": 2.9068343492359756}
