[PREPARED] PASS | city=cityb | step=4 m | selection=soft_sequence_v13_multicity_auto_train_fullroute | existing GT/routes unchanged
[CADENCE] source=experiment_route_stats_train_01 | mean=5.769227 m | p90=10.316216 m | p95=11.515852 m
[OK] clean v39 runtime: Forward-18 SoftMS -> GRU -> Kalman -> one final MeanShift
[OK] weighted-centroid decoder removed from generated runtime source
[PATCH OK] GRU = current + delta + delta2 + SAT + SoftMS position + visual displacement + previous state
[PATCH OK] V5 3-frame direct acceleration + next-step correction
[PATCH OK] training/validation/inference motion starts from current-city cadence
[PATCH OK] Kalman = smooth confidence-adaptive measurement-preserving residual fusion
[PATCH OK] step corridor = continuous confidence relaxation
[PATCH OK] no held-out navigation result is read by this patch
[V39-BEARING] final-MS route-centerline reference patch: PASS
[ARCH-AUDIT] forward_18: PASS
[ARCH-AUDIT] base_geometry_6x6: PASS
[ARCH-AUDIT] front_softms_source: PASS
[ARCH-AUDIT] one_final_ms_source: PASS
[ARCH-AUDIT] front_decoder_softms: PASS
[ARCH-AUDIT] simple_seven_block_gru: PASS
[ARCH-AUDIT] residual_motion_head: PASS
[ARCH-AUDIT] causal_visual_displacement: PASS
[ARCH-AUDIT] cadence_initialized_tracker: PASS
[ARCH-AUDIT] motion_training_inference_aligned: PASS
[ARCH-AUDIT] training_city_motion_scale_init: PASS
[ARCH-AUDIT] forward_origin_backshift_covers_jitter: PASS
[ARCH-AUDIT] protocol: PASS
[ARCH-AUDIT] controlled_gt_reference_enabled: PASS
[ARCH-AUDIT] frame_count: PASS
[ARCH-AUDIT] gru_flag: PASS
[ARCH-AUDIT] kalman_flag: PASS
[TRAIN] reuse visual checkpoint /yh/study/uav-sat/v39_otherdata/formal_bearing_v5_smooth_20260920_233151/paper_temporal_multiseed_v3/seed_2034/cityb/train_frames2/checkpoints/visual_retrieval_A_only.pt
route_A: reuse UAV backbone cache
temporal split train=[0,135) val=[139,165) route_length=789.4m
City training-sequence mean forward step=5.743m/frame p90=10.578m/frame
temporal epoch=001/100 loss=12.48621 center_teacher=1.000 acq_teacher=1.000 capture=100.00% bank_capture=100.00% acq_acc=100.00% acq_conf=0.624 radius=0.0m pred_step=5.495 target_step=5.743 pred_v=5.524 target_v=5.743 val_mle=11.304m val_p90=13.640m val_speed_mae=2.819 heading=0.1/-1.6deg val_progress_mae=10.474m val_heading_mae=31.1deg val_capture=96.15% val_bank=96.15% val_acq_acc=100.00% score=11.898 best=11.898 patience=0/4
temporal epoch=002/100 loss=12.40324 center_teacher=1.000 acq_teacher=1.000 capture=100.00% bank_capture=100.00% acq_acc=100.00% acq_conf=0.624 radius=0.0m pred_step=4.705 target_step=5.743 pred_v=4.820 target_v=5.743 val_mle=11.156m val_p90=13.450m val_speed_mae=2.608 heading=-0.1/-1.6deg val_progress_mae=10.297m val_heading_mae=31.1deg val_capture=96.15% val_bank=96.15% val_acq_acc=100.00% score=11.734 best=11.734 patience=0/4
temporal epoch=003/100 loss=12.10793 center_teacher=1.000 acq_teacher=1.000 capture=100.00% bank_capture=100.00% acq_acc=100.00% acq_conf=0.624 radius=0.0m pred_step=5.177 target_step=5.743 pred_v=5.236 target_v=5.743 val_mle=10.937m val_p90=13.203m val_speed_mae=2.570 heading=-0.3/-1.6deg val_progress_mae=10.046m val_heading_mae=31.1deg val_capture=96.15% val_bank=96.15% val_acq_acc=100.00% score=11.506 best=11.506 patience=0/4
temporal epoch=004/100 loss=11.96543 center_teacher=1.000 acq_teacher=1.000 capture=100.00% bank_capture=100.00% acq_acc=100.00% acq_conf=0.624 radius=0.0m pred_step=5.770 target_step=5.743 pred_v=5.759 target_v=5.743 val_mle=10.704m val_p90=12.934m val_speed_mae=2.613 heading=-0.3/-1.6deg val_progress_mae=9.777m val_heading_mae=31.1deg val_capture=96.15% val_bank=96.15% val_acq_acc=100.00% score=11.267 best=11.267 patience=0/4
temporal epoch=005/100 loss=11.80224 center_teacher=1.000 acq_teacher=1.000 capture=100.00% bank_capture=100.00% acq_acc=100.00% acq_conf=0.624 radius=0.0m pred_step=5.818 target_step=5.743 pred_v=5.802 target_v=5.743 val_mle=10.465m val_p90=12.653m val_speed_mae=2.543 heading=-0.3/-1.6deg val_progress_mae=9.501m val_heading_mae=31.1deg val_capture=96.15% val_bank=96.15% val_acq_acc=100.00% score=11.016 best=11.016 patience=0/4
temporal epoch=006/100 loss=11.62148 center_teacher=1.000 acq_teacher=1.000 capture=100.00% bank_capture=100.00% acq_acc=100.00% acq_conf=0.624 radius=0.0m pred_step=5.387 target_step=5.743 pred_v=5.423 target_v=5.743 val_mle=10.215m val_p90=12.365m val_speed_mae=2.646 heading=-0.2/-1.6deg val_progress_mae=9.213m val_heading_mae=31.1deg val_capture=96.15% val_bank=96.15% val_acq_acc=100.00% score=10.763 best=10.763 patience=0/4
temporal epoch=007/100 loss=11.58467 center_teacher=1.000 acq_teacher=1.000 capture=100.00% bank_capture=100.00% acq_acc=100.00% acq_conf=0.624 radius=0.0m pred_step=4.864 target_step=5.743 pred_v=4.965 target_v=5.743 val_mle=9.965m val_p90=12.082m val_speed_mae=2.791 heading=-0.2/-1.6deg val_progress_mae=8.932m val_heading_mae=31.1deg val_capture=96.15% val_bank=96.15% val_acq_acc=100.00% score=10.511 best=10.511 patience=0/4
temporal epoch=008/100 loss=11.47833 center_teacher=1.000 acq_teacher=1.000 capture=100.00% bank_capture=100.00% acq_acc=100.00% acq_conf=0.624 radius=0.0m pred_step=4.819 target_step=5.743 pred_v=4.927 target_v=5.743 val_mle=9.743m val_p90=11.835m val_speed_mae=2.584 heading=-0.3/-1.6deg val_progress_mae=8.687m val_heading_mae=31.1deg val_capture=96.15% val_bank=96.15% val_acq_acc=100.00% score=10.272 best=10.272 patience=0/4
temporal epoch=009/100 loss=11.29263 center_teacher=1.000 acq_teacher=1.000 capture=100.00% bank_capture=100.00% acq_acc=100.00% acq_conf=0.624 radius=0.0m pred_step=5.190 target_step=5.743 pred_v=5.256 target_v=5.743 val_mle=9.558m val_p90=11.633m val_speed_mae=2.545 heading=-0.4/-1.6deg val_progress_mae=8.486m val_heading_mae=31.1deg val_capture=96.15% val_bank=96.15% val_acq_acc=100.00% score=10.079 best=10.079 patience=0/4
temporal epoch=010/100 loss=11.18261 center_teacher=1.000 acq_teacher=1.000 capture=100.00% bank_capture=100.00% acq_acc=100.00% acq_conf=0.626 radius=0.0m pred_step=5.566 target_step=5.743 pred_v=5.588 target_v=5.743 val_mle=9.402m val_p90=11.464m val_speed_mae=2.560 heading=-0.5/-1.6deg val_progress_mae=8.315m val_heading_mae=31.1deg val_capture=96.15% val_bank=96.15% val_acq_acc=100.00% score=9.918 best=9.918 patience=0/4
temporal epoch=011/100 loss=11.12669 center_teacher=1.000 acq_teacher=1.000 capture=100.00% bank_capture=100.00% acq_acc=100.00% acq_conf=0.627 radius=0.0m pred_step=5.571 target_step=5.743 pred_v=5.594 target_v=5.743 val_mle=9.271m val_p90=11.315m val_speed_mae=2.528 heading=-0.6/-1.6deg val_progress_mae=8.175m val_heading_mae=31.1deg val_capture=96.15% val_bank=96.15% val_acq_acc=100.00% score=9.782 best=9.782 patience=0/4
temporal epoch=012/100 loss=11.08125 center_teacher=1.000 acq_teacher=1.000 capture=100.00% bank_capture=100.00% acq_acc=100.00% acq_conf=0.627 radius=0.0m pred_step=5.278 target_step=5.743 pred_v=5.337 target_v=5.743 val_mle=9.154m val_p90=11.183m val_speed_mae=2.589 heading=-0.7/-1.6deg val_progress_mae=8.047m val_heading_mae=31.1deg val_capture=96.15% val_bank=96.15% val_acq_acc=100.00% score=9.664 best=9.664 patience=0/4
temporal epoch=013/100 loss=11.09191 center_teacher=1.000 acq_teacher=1.000 capture=100.00% bank_capture=100.00% acq_acc=100.00% acq_conf=0.627 radius=0.0m pred_step=4.990 target_step=5.743 pred_v=5.085 target_v=5.743 val_mle=9.050m val_p90=11.063m val_speed_mae=2.557 heading=-0.7/-1.6deg val_progress_mae=7.932m val_heading_mae=31.1deg val_capture=96.15% val_bank=96.15% val_acq_acc=100.00% score=9.554 best=9.554 patience=0/4
temporal epoch=014/100 loss=11.04073 center_teacher=1.000 acq_teacher=1.000 capture=100.00% bank_capture=100.00% acq_acc=100.00% acq_conf=0.627 radius=0.0m pred_step=5.191 target_step=5.743 pred_v=5.258 target_v=5.743 val_mle=8.952m val_p90=10.953m val_speed_mae=2.552 heading=-0.7/-1.6deg val_progress_mae=7.823m val_heading_mae=31.1deg val_capture=96.15% val_bank=96.15% val_acq_acc=100.00% score=9.454 best=9.454 patience=0/4
temporal epoch=015/100 loss=11.05006 center_teacher=1.000 acq_teacher=1.000 capture=100.00% bank_capture=100.00% acq_acc=100.00% acq_conf=0.627 radius=0.0m pred_step=5.594 target_step=5.743 pred_v=5.609 target_v=5.743 val_mle=8.862m val_p90=10.847m val_speed_mae=2.565 heading=-0.7/-1.6deg val_progress_mae=7.721m val_heading_mae=31.1deg val_capture=96.15% val_bank=96.15% val_acq_acc=100.00% score=9.361 best=9.361 patience=0/4
temporal epoch=016/100 loss=10.97816 center_teacher=1.000 acq_teacher=1.000 capture=100.00% bank_capture=100.00% acq_acc=100.00% acq_conf=0.627 radius=0.0m pred_step=5.537 target_step=5.743 pred_v=5.557 target_v=5.743 val_mle=8.780m val_p90=10.741m val_speed_mae=2.526 heading=-0.7/-1.6deg val_progress_mae=7.628m val_heading_mae=31.1deg val_capture=96.15% val_bank=96.15% val_acq_acc=100.00% score=9.274 best=9.274 patience=0/4
temporal epoch=017/100 loss=10.94122 center_teacher=1.000 acq_teacher=1.000 capture=100.00% bank_capture=100.00% acq_acc=100.00% acq_conf=0.626 radius=0.0m pred_step=5.051 target_step=5.743 pred_v=5.129 target_v=5.743 val_mle=8.698m val_p90=10.639m val_speed_mae=2.558 heading=-0.8/-1.6deg val_progress_mae=7.533m val_heading_mae=31.1deg val_capture=96.15% val_bank=96.15% val_acq_acc=100.00% score=9.191 best=9.191 patience=0/4
temporal epoch=018/100 loss=10.92053 center_teacher=1.000 acq_teacher=1.000 capture=100.00% bank_capture=100.00% acq_acc=100.00% acq_conf=0.626 radius=0.0m pred_step=5.094 target_step=5.743 pred_v=5.163 target_v=5.743 val_mle=8.619m val_p90=10.544m val_speed_mae=2.609 heading=-0.9/-1.6deg val_progress_mae=7.442m val_heading_mae=31.1deg val_capture=96.15% val_bank=96.15% val_acq_acc=100.00% score=9.112 best=9.112 patience=0/4
temporal epoch=019/100 loss=10.96595 center_teacher=1.000 acq_teacher=1.000 capture=100.00% bank_capture=100.00% acq_acc=100.00% acq_conf=0.624 radius=0.0m pred_step=5.879 target_step=5.743 pred_v=5.847 target_v=5.743 val_mle=8.544m val_p90=10.447m val_speed_mae=2.566 heading=-1.0/-1.6deg val_progress_mae=7.356m val_heading_mae=31.1deg val_capture=96.15% val_bank=96.15% val_acq_acc=100.00% score=9.032 best=9.032 patience=0/4
temporal epoch=020/100 loss=10.88137 center_teacher=1.000 acq_teacher=1.000 capture=100.00% bank_capture=100.00% acq_acc=100.00% acq_conf=0.624 radius=0.0m pred_step=5.445 target_step=5.743 pred_v=5.464 target_v=5.743 val_mle=8.475m val_p90=10.378m val_speed_mae=2.798 heading=-1.0/-1.6deg val_progress_mae=7.278m val_heading_mae=31.1deg val_capture=96.15% val_bank=96.15% val_acq_acc=100.00% score=8.972 best=8.972 patience=0/4
temporal epoch=021/100 loss=10.99766 center_teacher=1.000 acq_teacher=1.000 capture=100.00% bank_capture=100.00% acq_acc=100.00% acq_conf=0.624 radius=0.0m pred_step=4.557 target_step=5.743 pred_v=4.681 target_v=5.743 val_mle=8.424m val_p90=10.332m val_speed_mae=2.682 heading=-1.1/-1.6deg val_progress_mae=7.219m val_heading_mae=31.1deg val_capture=96.15% val_bank=96.15% val_acq_acc=100.00% score=8.913 best=8.913 patience=0/4
temporal epoch=022/100 loss=11.16088 center_teacher=1.000 acq_teacher=1.000 capture=100.00% bank_capture=100.00% acq_acc=100.00% acq_conf=0.624 radius=0.0m pred_step=6.305 target_step=5.743 pred_v=6.205 target_v=5.743 val_mle=8.382m val_p90=10.292m val_speed_mae=2.953 heading=-1.1/-1.6deg val_progress_mae=7.172m val_heading_mae=31.1deg val_capture=96.15% val_bank=96.15% val_acq_acc=100.00% score=8.884 best=8.884 patience=0/4
temporal epoch=023/100 loss=10.79513 center_teacher=1.000 acq_teacher=1.000 capture=100.00% bank_capture=100.00% acq_acc=100.00% acq_conf=0.624 radius=0.0m pred_step=5.719 target_step=5.743 pred_v=5.690 target_v=5.743 val_mle=8.330m val_p90=10.242m val_speed_mae=4.678 heading=-1.2/-1.6deg val_progress_mae=7.116m val_heading_mae=31.1deg val_capture=96.15% val_bank=96.15% val_acq_acc=100.00% score=8.917 best=8.884 patience=1/4
temporal epoch=024/100 loss=12.22885 center_teacher=1.000 acq_teacher=1.000 capture=100.00% bank_capture=100.00% acq_acc=100.00% acq_conf=0.624 radius=0.0m pred_step=2.763 target_step=5.743 pred_v=3.101 target_v=5.743 val_mle=8.325m val_p90=10.253m val_speed_mae=3.850 heading=-1.3/-1.6deg val_progress_mae=7.107m val_heading_mae=31.1deg val_capture=96.15% val_bank=96.15% val_acq_acc=100.00% score=8.870 best=8.870 patience=0/4
temporal epoch=025/100 loss=13.56223 center_teacher=1.000 acq_teacher=1.000 capture=100.00% bank_capture=100.00% acq_acc=100.00% acq_conf=0.624 radius=0.0m pred_step=8.560 target_step=5.743 pred_v=8.165 target_v=5.743 val_mle=8.334m val_p90=10.300m val_speed_mae=6.580 heading=-1.2/-1.6deg val_progress_mae=7.121m val_heading_mae=31.1deg val_capture=96.15% val_bank=96.15% val_acq_acc=100.00% score=9.015 best=8.870 patience=1/4
temporal epoch=026/100 loss=11.31654 center_teacher=1.000 acq_teacher=1.000 capture=100.00% bank_capture=100.00% acq_acc=100.00% acq_conf=0.624 radius=0.0m pred_step=7.371 target_step=5.743 pred_v=7.129 target_v=5.743 val_mle=8.253m val_p90=10.235m val_speed_mae=5.658 heading=-1.4/-1.6deg val_progress_mae=7.126m val_heading_mae=31.1deg val_capture=96.15% val_bank=96.15% val_acq_acc=100.00% score=8.888 best=8.870 patience=2/4
temporal epoch=027/100 loss=14.06052 center_teacher=1.000 acq_teacher=1.000 capture=100.00% bank_capture=100.00% acq_acc=100.00% acq_conf=0.622 radius=0.0m pred_step=0.966 target_step=5.743 pred_v=1.177 target_v=5.743 val_mle=8.413m val_p90=10.328m val_speed_mae=5.671 heading=-1.7/-1.6deg val_progress_mae=7.204m val_heading_mae=31.2deg val_capture=96.15% val_bank=96.15% val_acq_acc=100.00% score=9.052 best=8.870 patience=3/4
temporal epoch=028/100 loss=14.31695 center_teacher=1.000 acq_teacher=1.000 capture=100.00% bank_capture=100.00% acq_acc=100.00% acq_conf=0.622 radius=0.0m pred_step=0.618 target_step=5.743 pred_v=0.777 target_v=5.743 val_mle=8.549m val_p90=10.546m val_speed_mae=5.642 heading=-1.8/-1.6deg val_progress_mae=7.373m val_heading_mae=31.1deg val_capture=96.15% val_bank=96.15% val_acq_acc=100.00% score=9.192 best=8.870 patience=4/4
EARLY STOP: controlled local-prior validation score did not improve by 0.003 for 4 epochs.
