[PREPARED] PASS | city=cityd | step=4 m | selection=soft_sequence_v13_multicity_auto_train_fullroute | existing GT/routes unchanged
[CADENCE] source=experiment_route_stats_train_01 | mean=5.465267 m | p90=10.039383 m | p95=12.083230 m
[OK] clean v39 runtime: Forward-18 SoftMS -> GRU -> Kalman -> one final MeanShift
[OK] weighted-centroid decoder removed from generated runtime source
[PATCH OK] GRU = current + delta + delta2 + SAT + SoftMS position + visual displacement + previous state
[PATCH OK] V5 3-frame direct acceleration + next-step correction
[PATCH OK] training/validation/inference motion starts from current-city cadence
[PATCH OK] Kalman = smooth confidence-adaptive measurement-preserving residual fusion
[PATCH OK] step corridor = continuous confidence relaxation
[PATCH OK] no held-out navigation result is read by this patch
[V39-BEARING] final-MS route-centerline reference patch: PASS
[ARCH-AUDIT] forward_18: PASS
[ARCH-AUDIT] base_geometry_6x6: PASS
[ARCH-AUDIT] front_softms_source: PASS
[ARCH-AUDIT] one_final_ms_source: PASS
[ARCH-AUDIT] front_decoder_softms: PASS
[ARCH-AUDIT] simple_seven_block_gru: PASS
[ARCH-AUDIT] residual_motion_head: PASS
[ARCH-AUDIT] causal_visual_displacement: PASS
[ARCH-AUDIT] cadence_initialized_tracker: PASS
[ARCH-AUDIT] motion_training_inference_aligned: PASS
[ARCH-AUDIT] training_city_motion_scale_init: PASS
[ARCH-AUDIT] forward_origin_backshift_covers_jitter: PASS
[ARCH-AUDIT] protocol: PASS
[ARCH-AUDIT] controlled_gt_reference_enabled: PASS
[ARCH-AUDIT] frame_count: PASS
[ARCH-AUDIT] gru_flag: PASS
[ARCH-AUDIT] kalman_flag: PASS
[TRAIN] reuse visual checkpoint /yh/study/uav-sat/v39_otherdata/formal_bearing_v5_smooth_20260920_233151/paper_temporal_multiseed_v3/seed_2034/cityd/train_frames1/checkpoints/visual_retrieval_A_only.pt
route_A: reuse UAV backbone cache
temporal split train=[0,136) val=[140,166) route_length=789.4m
City training-sequence mean forward step=5.530m/frame p90=10.147m/frame
temporal epoch=001/100 loss=14.26567 center_teacher=1.000 acq_teacher=1.000 capture=100.00% bank_capture=100.00% acq_acc=100.00% acq_conf=0.644 radius=0.0m pred_step=5.312 target_step=5.530 pred_v=5.330 target_v=5.530 val_mle=10.241m val_p90=12.547m val_speed_mae=2.911 heading=-0.0/0.7deg val_progress_mae=10.237m val_heading_mae=30.6deg val_capture=96.15% val_bank=96.15% val_acq_acc=100.00% score=10.832 best=10.832 patience=0/4
temporal epoch=002/100 loss=14.19774 center_teacher=1.000 acq_teacher=1.000 capture=100.00% bank_capture=100.00% acq_acc=100.00% acq_conf=0.644 radius=0.0m pred_step=4.659 target_step=5.530 pred_v=4.755 target_v=5.530 val_mle=10.056m val_p90=12.360m val_speed_mae=2.914 heading=-0.2/0.7deg val_progress_mae=10.045m val_heading_mae=30.6deg val_capture=96.15% val_bank=96.15% val_acq_acc=100.00% score=10.641 best=10.641 patience=0/4
temporal epoch=003/100 loss=13.99162 center_teacher=1.000 acq_teacher=1.000 capture=100.00% bank_capture=100.00% acq_acc=100.00% acq_conf=0.644 radius=0.0m pred_step=4.780 target_step=5.530 pred_v=4.864 target_v=5.530 val_mle=9.783m val_p90=12.095m val_speed_mae=2.914 heading=-0.4/0.7deg val_progress_mae=9.763m val_heading_mae=30.6deg val_capture=96.15% val_bank=96.15% val_acq_acc=100.00% score=10.359 best=10.359 patience=0/4
temporal epoch=004/100 loss=13.78505 center_teacher=1.000 acq_teacher=1.000 capture=100.00% bank_capture=100.00% acq_acc=100.00% acq_conf=0.644 radius=0.0m pred_step=5.263 target_step=5.530 pred_v=5.293 target_v=5.530 val_mle=9.465m val_p90=11.775m val_speed_mae=2.915 heading=-0.4/0.7deg val_progress_mae=9.433m val_heading_mae=30.6deg val_capture=96.15% val_bank=96.15% val_acq_acc=100.00% score=10.032 best=10.032 patience=0/4
temporal epoch=005/100 loss=13.59576 center_teacher=1.000 acq_teacher=1.000 capture=100.00% bank_capture=100.00% acq_acc=100.00% acq_conf=0.644 radius=0.0m pred_step=5.463 target_step=5.530 pred_v=5.472 target_v=5.530 val_mle=9.131m val_p90=11.440m val_speed_mae=2.914 heading=-0.4/0.7deg val_progress_mae=9.085m val_heading_mae=30.6deg val_capture=96.15% val_bank=96.15% val_acq_acc=100.00% score=9.687 best=9.687 patience=0/4
temporal epoch=006/100 loss=13.41906 center_teacher=1.000 acq_teacher=1.000 capture=100.00% bank_capture=100.00% acq_acc=100.00% acq_conf=0.644 radius=0.0m pred_step=5.100 target_step=5.530 pred_v=5.156 target_v=5.530 val_mle=8.827m val_p90=11.123m val_speed_mae=2.911 heading=-0.3/0.7deg val_progress_mae=8.766m val_heading_mae=30.6deg val_capture=96.15% val_bank=96.15% val_acq_acc=100.00% score=9.374 best=9.374 patience=0/4
temporal epoch=007/100 loss=13.27575 center_teacher=1.000 acq_teacher=1.000 capture=100.00% bank_capture=100.00% acq_acc=100.00% acq_conf=0.644 radius=0.0m pred_step=4.769 target_step=5.530 pred_v=4.866 target_v=5.530 val_mle=8.545m val_p90=10.839m val_speed_mae=2.911 heading=-0.3/0.7deg val_progress_mae=8.468m val_heading_mae=30.6deg val_capture=96.15% val_bank=96.15% val_acq_acc=100.00% score=9.083 best=9.083 patience=0/4
temporal epoch=008/100 loss=13.12061 center_teacher=1.000 acq_teacher=1.000 capture=100.00% bank_capture=100.00% acq_acc=100.00% acq_conf=0.644 radius=0.0m pred_step=4.832 target_step=5.530 pred_v=4.925 target_v=5.530 val_mle=8.291m val_p90=10.593m val_speed_mae=2.913 heading=-0.5/0.7deg val_progress_mae=8.198m val_heading_mae=30.6deg val_capture=96.15% val_bank=96.15% val_acq_acc=100.00% score=8.821 best=8.821 patience=0/4
temporal epoch=009/100 loss=12.98539 center_teacher=1.000 acq_teacher=1.000 capture=100.00% bank_capture=100.00% acq_acc=100.00% acq_conf=0.644 radius=0.0m pred_step=5.153 target_step=5.530 pred_v=5.209 target_v=5.530 val_mle=8.090m val_p90=10.388m val_speed_mae=2.914 heading=-0.6/0.7deg val_progress_mae=7.982m val_heading_mae=30.6deg val_capture=96.15% val_bank=96.15% val_acq_acc=100.00% score=8.613 best=8.613 patience=0/4
temporal epoch=010/100 loss=12.90723 center_teacher=1.000 acq_teacher=1.000 capture=100.00% bank_capture=100.00% acq_acc=100.00% acq_conf=0.646 radius=0.0m pred_step=5.313 target_step=5.530 pred_v=5.350 target_v=5.530 val_mle=7.927m val_p90=10.221m val_speed_mae=2.914 heading=-0.7/0.7deg val_progress_mae=7.805m val_heading_mae=30.6deg val_capture=96.15% val_bank=96.15% val_acq_acc=100.00% score=8.445 best=8.445 patience=0/4
temporal epoch=011/100 loss=12.84589 center_teacher=1.000 acq_teacher=1.000 capture=100.00% bank_capture=100.00% acq_acc=100.00% acq_conf=0.646 radius=0.0m pred_step=5.316 target_step=5.530 pred_v=5.350 target_v=5.530 val_mle=7.790m val_p90=10.086m val_speed_mae=2.913 heading=-0.6/0.7deg val_progress_mae=7.657m val_heading_mae=30.6deg val_capture=96.15% val_bank=96.15% val_acq_acc=100.00% score=8.304 best=8.304 patience=0/4
temporal epoch=012/100 loss=12.83717 center_teacher=1.000 acq_teacher=1.000 capture=100.00% bank_capture=100.00% acq_acc=100.00% acq_conf=0.645 radius=0.0m pred_step=5.111 target_step=5.530 pred_v=5.167 target_v=5.530 val_mle=7.676m val_p90=9.977m val_speed_mae=2.911 heading=-0.6/0.7deg val_progress_mae=7.534m val_heading_mae=30.6deg val_capture=96.15% val_bank=96.15% val_acq_acc=100.00% score=8.186 best=8.186 patience=0/4
temporal epoch=013/100 loss=12.78781 center_teacher=1.000 acq_teacher=1.000 capture=100.00% bank_capture=100.00% acq_acc=100.00% acq_conf=0.646 radius=0.0m pred_step=4.885 target_step=5.530 pred_v=4.966 target_v=5.530 val_mle=7.583m val_p90=9.880m val_speed_mae=2.910 heading=-0.6/0.7deg val_progress_mae=7.433m val_heading_mae=30.6deg val_capture=96.15% val_bank=96.15% val_acq_acc=100.00% score=8.090 best=8.090 patience=0/4
temporal epoch=014/100 loss=12.75731 center_teacher=1.000 acq_teacher=1.000 capture=100.00% bank_capture=100.00% acq_acc=100.00% acq_conf=0.647 radius=0.0m pred_step=4.845 target_step=5.530 pred_v=4.929 target_v=5.530 val_mle=7.489m val_p90=9.792m val_speed_mae=2.910 heading=-0.7/0.7deg val_progress_mae=7.332m val_heading_mae=30.6deg val_capture=96.15% val_bank=96.15% val_acq_acc=100.00% score=7.992 best=7.992 patience=0/4
temporal epoch=015/100 loss=12.63019 center_teacher=1.000 acq_teacher=1.000 capture=100.00% bank_capture=100.00% acq_acc=100.00% acq_conf=0.645 radius=0.0m pred_step=4.952 target_step=5.530 pred_v=5.023 target_v=5.530 val_mle=7.411m val_p90=9.711m val_speed_mae=2.911 heading=-0.8/0.7deg val_progress_mae=7.248m val_heading_mae=30.6deg val_capture=96.15% val_bank=96.15% val_acq_acc=100.00% score=7.912 best=7.912 patience=0/4
temporal epoch=016/100 loss=12.63149 center_teacher=1.000 acq_teacher=1.000 capture=100.00% bank_capture=100.00% acq_acc=100.00% acq_conf=0.647 radius=0.0m pred_step=5.145 target_step=5.530 pred_v=5.192 target_v=5.530 val_mle=7.341m val_p90=9.638m val_speed_mae=2.910 heading=-1.0/0.7deg val_progress_mae=7.175m val_heading_mae=30.6deg val_capture=96.15% val_bank=96.15% val_acq_acc=100.00% score=7.840 best=7.840 patience=0/4
temporal epoch=017/100 loss=12.52513 center_teacher=1.000 acq_teacher=1.000 capture=100.00% bank_capture=100.00% acq_acc=100.00% acq_conf=0.648 radius=0.0m pred_step=5.216 target_step=5.530 pred_v=5.254 target_v=5.530 val_mle=7.313m val_p90=9.572m val_speed_mae=2.909 heading=-1.0/0.7deg val_progress_mae=7.145m val_heading_mae=30.6deg val_capture=96.15% val_bank=96.15% val_acq_acc=100.00% score=7.811 best=7.811 patience=0/4
temporal epoch=018/100 loss=12.51636 center_teacher=1.000 acq_teacher=1.000 capture=100.00% bank_capture=100.00% acq_acc=100.00% acq_conf=0.648 radius=0.0m pred_step=5.002 target_step=5.530 pred_v=5.065 target_v=5.530 val_mle=7.264m val_p90=9.516m val_speed_mae=2.906 heading=-1.1/0.7deg val_progress_mae=7.095m val_heading_mae=30.6deg val_capture=96.15% val_bank=96.15% val_acq_acc=100.00% score=7.761 best=7.761 patience=0/4
temporal epoch=019/100 loss=12.49540 center_teacher=1.000 acq_teacher=1.000 capture=100.00% bank_capture=100.00% acq_acc=100.00% acq_conf=0.648 radius=0.0m pred_step=4.850 target_step=5.530 pred_v=4.930 target_v=5.530 val_mle=7.228m val_p90=9.471m val_speed_mae=2.905 heading=-1.2/0.7deg val_progress_mae=7.059m val_heading_mae=30.6deg val_capture=96.15% val_bank=96.15% val_acq_acc=100.00% score=7.723 best=7.723 patience=0/4
temporal epoch=020/100 loss=12.48772 center_teacher=1.000 acq_teacher=1.000 capture=100.00% bank_capture=100.00% acq_acc=100.00% acq_conf=0.648 radius=0.0m pred_step=4.981 target_step=5.530 pred_v=5.043 target_v=5.530 val_mle=7.203m val_p90=9.435m val_speed_mae=2.905 heading=-1.2/0.7deg val_progress_mae=7.035m val_heading_mae=30.6deg val_capture=96.15% val_bank=96.15% val_acq_acc=100.00% score=7.697 best=7.697 patience=0/4
temporal epoch=021/100 loss=12.45449 center_teacher=1.000 acq_teacher=1.000 capture=100.00% bank_capture=100.00% acq_acc=100.00% acq_conf=0.648 radius=0.0m pred_step=5.333 target_step=5.530 pred_v=5.351 target_v=5.530 val_mle=7.178m val_p90=9.398m val_speed_mae=2.901 heading=-1.2/0.7deg val_progress_mae=7.013m val_heading_mae=30.6deg val_capture=96.15% val_bank=96.15% val_acq_acc=100.00% score=7.672 best=7.672 patience=0/4
temporal epoch=022/100 loss=12.41060 center_teacher=1.000 acq_teacher=1.000 capture=100.00% bank_capture=100.00% acq_acc=100.00% acq_conf=0.648 radius=0.0m pred_step=4.888 target_step=5.530 pred_v=4.960 target_v=5.530 val_mle=7.438m val_p90=9.798m val_speed_mae=2.896 heading=-1.3/0.7deg val_progress_mae=7.107m val_heading_mae=30.6deg val_capture=96.15% val_bank=96.15% val_acq_acc=100.00% score=7.934 best=7.672 patience=1/4
temporal epoch=023/100 loss=12.40779 center_teacher=1.000 acq_teacher=1.000 capture=100.00% bank_capture=100.00% acq_acc=100.00% acq_conf=0.648 radius=0.0m pred_step=4.859 target_step=5.530 pred_v=4.935 target_v=5.530 val_mle=7.426m val_p90=9.762m val_speed_mae=2.895 heading=-1.4/0.7deg val_progress_mae=7.098m val_heading_mae=30.6deg val_capture=96.15% val_bank=96.15% val_acq_acc=100.00% score=7.922 best=7.672 patience=2/4
temporal epoch=024/100 loss=12.46374 center_teacher=1.000 acq_teacher=1.000 capture=100.00% bank_capture=100.00% acq_acc=100.00% acq_conf=0.648 radius=0.0m pred_step=5.507 target_step=5.530 pred_v=5.503 target_v=5.530 val_mle=7.446m val_p90=9.714m val_speed_mae=2.885 heading=-1.4/0.7deg val_progress_mae=7.090m val_heading_mae=30.6deg val_capture=96.15% val_bank=96.15% val_acq_acc=100.00% score=7.941 best=7.672 patience=3/4
temporal epoch=025/100 loss=12.39330 center_teacher=1.000 acq_teacher=1.000 capture=100.00% bank_capture=100.00% acq_acc=100.00% acq_conf=0.648 radius=0.0m pred_step=4.551 target_step=5.530 pred_v=4.666 target_v=5.530 val_mle=7.441m val_p90=9.677m val_speed_mae=2.879 heading=-1.5/0.7deg val_progress_mae=7.089m val_heading_mae=30.6deg val_capture=96.15% val_bank=96.15% val_acq_acc=100.00% score=7.936 best=7.672 patience=4/4
EARLY STOP: controlled local-prior validation score did not improve by 0.003 for 4 epochs.
