[PREPARED] PASS | city=cityb | step=4 m | selection=soft_sequence_v13_multicity_auto_train_fullroute | existing GT/routes unchanged
[CADENCE] source=experiment_route_stats_train_01 | mean=5.769227 m | p90=10.316216 m | p95=11.515852 m
[OK] clean v39 runtime: Forward-18 SoftMS -> GRU -> Kalman -> one final MeanShift
[OK] weighted-centroid decoder removed from generated runtime source
[PATCH OK] GRU = current + delta + delta2 + SAT + SoftMS position + visual displacement + previous state
[PATCH OK] V5 3-frame direct acceleration + next-step correction
[PATCH OK] training/validation/inference motion starts from current-city cadence
[PATCH OK] Kalman = smooth confidence-adaptive measurement-preserving residual fusion
[PATCH OK] step corridor = continuous confidence relaxation
[PATCH OK] no held-out navigation result is read by this patch
[V39-BEARING] final-MS route-centerline reference patch: PASS
[ARCH-AUDIT] forward_18: PASS
[ARCH-AUDIT] base_geometry_6x6: PASS
[ARCH-AUDIT] front_softms_source: PASS
[ARCH-AUDIT] one_final_ms_source: PASS
[ARCH-AUDIT] front_decoder_softms: PASS
[ARCH-AUDIT] simple_seven_block_gru: PASS
[ARCH-AUDIT] residual_motion_head: PASS
[ARCH-AUDIT] causal_visual_displacement: PASS
[ARCH-AUDIT] cadence_initialized_tracker: PASS
[ARCH-AUDIT] motion_training_inference_aligned: PASS
[ARCH-AUDIT] training_city_motion_scale_init: PASS
[ARCH-AUDIT] forward_origin_backshift_covers_jitter: PASS
[ARCH-AUDIT] protocol: PASS
[ARCH-AUDIT] controlled_gt_reference_enabled: PASS
[ARCH-AUDIT] frame_count: PASS
[ARCH-AUDIT] gru_flag: PASS
[ARCH-AUDIT] kalman_flag: PASS
[TRAIN] reuse visual checkpoint /yh/study/uav-sat/v39_otherdata/formal_bearing_v5_smooth_20260920_233151/paper_temporal_multiseed_v3/seed_2035/cityb/train_frames1/checkpoints/visual_retrieval_A_only.pt
route_A: reuse UAV backbone cache
temporal split train=[0,135) val=[139,165) route_length=789.4m
City training-sequence mean forward step=5.743m/frame p90=10.578m/frame
temporal epoch=001/100 loss=12.48335 center_teacher=1.000 acq_teacher=1.000 capture=100.00% bank_capture=100.00% acq_acc=100.00% acq_conf=0.624 radius=0.0m pred_step=5.610 target_step=5.743 pred_v=5.628 target_v=5.743 val_mle=11.315m val_p90=13.652m val_speed_mae=2.621 heading=0.0/-1.6deg val_progress_mae=10.486m val_heading_mae=31.1deg val_capture=96.15% val_bank=96.15% val_acq_acc=100.00% score=11.899 best=11.899 patience=0/4
temporal epoch=002/100 loss=12.37446 center_teacher=1.000 acq_teacher=1.000 capture=100.00% bank_capture=100.00% acq_acc=100.00% acq_conf=0.624 radius=0.0m pred_step=4.919 target_step=5.743 pred_v=5.014 target_v=5.743 val_mle=11.195m val_p90=13.493m val_speed_mae=2.655 heading=-0.1/-1.6deg val_progress_mae=10.340m val_heading_mae=31.1deg val_capture=96.15% val_bank=96.15% val_acq_acc=100.00% score=11.777 best=11.777 patience=0/4
temporal epoch=003/100 loss=12.17564 center_teacher=1.000 acq_teacher=1.000 capture=100.00% bank_capture=100.00% acq_acc=100.00% acq_conf=0.624 radius=0.0m pred_step=5.006 target_step=5.743 pred_v=5.091 target_v=5.743 val_mle=11.009m val_p90=13.281m val_speed_mae=2.531 heading=-0.3/-1.6deg val_progress_mae=10.129m val_heading_mae=31.1deg val_capture=96.15% val_bank=96.15% val_acq_acc=100.00% score=11.578 best=11.578 patience=0/4
temporal epoch=004/100 loss=11.98381 center_teacher=1.000 acq_teacher=1.000 capture=100.00% bank_capture=100.00% acq_acc=100.00% acq_conf=0.624 radius=0.0m pred_step=5.495 target_step=5.743 pred_v=5.524 target_v=5.743 val_mle=10.801m val_p90=13.046m val_speed_mae=2.580 heading=-0.4/-1.6deg val_progress_mae=9.888m val_heading_mae=31.1deg val_capture=96.15% val_bank=96.15% val_acq_acc=100.00% score=11.365 best=11.365 patience=0/4
temporal epoch=005/100 loss=11.84634 center_teacher=1.000 acq_teacher=1.000 capture=100.00% bank_capture=100.00% acq_acc=100.00% acq_conf=0.625 radius=0.0m pred_step=5.758 target_step=5.743 pred_v=5.757 target_v=5.743 val_mle=10.587m val_p90=12.799m val_speed_mae=2.565 heading=-0.4/-1.6deg val_progress_mae=9.642m val_heading_mae=31.1deg val_capture=96.15% val_bank=96.15% val_acq_acc=100.00% score=11.144 best=11.144 patience=0/4
temporal epoch=006/100 loss=11.67323 center_teacher=1.000 acq_teacher=1.000 capture=100.00% bank_capture=100.00% acq_acc=100.00% acq_conf=0.625 radius=0.0m pred_step=5.574 target_step=5.743 pred_v=5.596 target_v=5.743 val_mle=10.372m val_p90=12.546m val_speed_mae=2.542 heading=-0.4/-1.6deg val_progress_mae=9.395m val_heading_mae=31.1deg val_capture=96.15% val_bank=96.15% val_acq_acc=100.00% score=10.920 best=10.920 patience=0/4
temporal epoch=007/100 loss=11.55518 center_teacher=1.000 acq_teacher=1.000 capture=100.00% bank_capture=100.00% acq_acc=100.00% acq_conf=0.625 radius=0.0m pred_step=5.126 target_step=5.743 pred_v=5.203 target_v=5.743 val_mle=10.146m val_p90=12.290m val_speed_mae=2.654 heading=-0.4/-1.6deg val_progress_mae=9.139m val_heading_mae=31.1deg val_capture=96.15% val_bank=96.15% val_acq_acc=100.00% score=10.692 best=10.692 patience=0/4
temporal epoch=008/100 loss=11.48962 center_teacher=1.000 acq_teacher=1.000 capture=100.00% bank_capture=100.00% acq_acc=100.00% acq_conf=0.625 radius=0.0m pred_step=4.935 target_step=5.743 pred_v=5.035 target_v=5.743 val_mle=9.926m val_p90=12.045m val_speed_mae=2.608 heading=-0.4/-1.6deg val_progress_mae=8.896m val_heading_mae=31.1deg val_capture=96.15% val_bank=96.15% val_acq_acc=100.00% score=10.462 best=10.462 patience=0/4
temporal epoch=009/100 loss=11.38921 center_teacher=1.000 acq_teacher=1.000 capture=100.00% bank_capture=100.00% acq_acc=100.00% acq_conf=0.625 radius=0.0m pred_step=5.070 target_step=5.743 pred_v=5.154 target_v=5.743 val_mle=9.735m val_p90=11.836m val_speed_mae=2.528 heading=-0.4/-1.6deg val_progress_mae=8.690m val_heading_mae=31.1deg val_capture=96.15% val_bank=96.15% val_acq_acc=100.00% score=10.262 best=10.262 patience=0/4
temporal epoch=010/100 loss=11.30091 center_teacher=1.000 acq_teacher=1.000 capture=100.00% bank_capture=100.00% acq_acc=100.00% acq_conf=0.626 radius=0.0m pred_step=5.415 target_step=5.743 pred_v=5.457 target_v=5.743 val_mle=9.573m val_p90=11.660m val_speed_mae=2.549 heading=-0.5/-1.6deg val_progress_mae=8.514m val_heading_mae=31.1deg val_capture=96.15% val_bank=96.15% val_acq_acc=100.00% score=10.095 best=10.095 patience=0/4
temporal epoch=011/100 loss=11.22646 center_teacher=1.000 acq_teacher=1.000 capture=100.00% bank_capture=100.00% acq_acc=100.00% acq_conf=0.626 radius=0.0m pred_step=5.528 target_step=5.743 pred_v=5.556 target_v=5.743 val_mle=9.438m val_p90=11.509m val_speed_mae=2.529 heading=-0.6/-1.6deg val_progress_mae=8.369m val_heading_mae=31.1deg val_capture=96.15% val_bank=96.15% val_acq_acc=100.00% score=9.954 best=9.954 patience=0/4
temporal epoch=012/100 loss=11.15027 center_teacher=1.000 acq_teacher=1.000 capture=100.00% bank_capture=100.00% acq_acc=100.00% acq_conf=0.627 radius=0.0m pred_step=5.357 target_step=5.743 pred_v=5.406 target_v=5.743 val_mle=9.317m val_p90=11.376m val_speed_mae=2.560 heading=-0.7/-1.6deg val_progress_mae=8.238m val_heading_mae=31.1deg val_capture=96.15% val_bank=96.15% val_acq_acc=100.00% score=9.832 best=9.832 patience=0/4
temporal epoch=013/100 loss=11.10406 center_teacher=1.000 acq_teacher=1.000 capture=100.00% bank_capture=100.00% acq_acc=100.00% acq_conf=0.626 radius=0.0m pred_step=5.117 target_step=5.743 pred_v=5.196 target_v=5.743 val_mle=9.210m val_p90=11.256m val_speed_mae=2.542 heading=-0.8/-1.6deg val_progress_mae=8.121m val_heading_mae=31.1deg val_capture=96.15% val_bank=96.15% val_acq_acc=100.00% score=9.720 best=9.720 patience=0/4
temporal epoch=014/100 loss=11.08174 center_teacher=1.000 acq_teacher=1.000 capture=100.00% bank_capture=100.00% acq_acc=100.00% acq_conf=0.626 radius=0.0m pred_step=5.264 target_step=5.743 pred_v=5.323 target_v=5.743 val_mle=9.109m val_p90=11.145m val_speed_mae=2.545 heading=-0.9/-1.6deg val_progress_mae=8.011m val_heading_mae=31.1deg val_capture=96.15% val_bank=96.15% val_acq_acc=100.00% score=9.616 best=9.616 patience=0/4
temporal epoch=015/100 loss=11.07592 center_teacher=1.000 acq_teacher=1.000 capture=100.00% bank_capture=100.00% acq_acc=100.00% acq_conf=0.626 radius=0.0m pred_step=5.551 target_step=5.743 pred_v=5.572 target_v=5.743 val_mle=9.012m val_p90=11.037m val_speed_mae=2.555 heading=-0.9/-1.6deg val_progress_mae=7.903m val_heading_mae=31.1deg val_capture=96.15% val_bank=96.15% val_acq_acc=100.00% score=9.516 best=9.516 patience=0/4
temporal epoch=016/100 loss=11.02068 center_teacher=1.000 acq_teacher=1.000 capture=100.00% bank_capture=100.00% acq_acc=100.00% acq_conf=0.626 radius=0.0m pred_step=5.497 target_step=5.743 pred_v=5.521 target_v=5.743 val_mle=8.924m val_p90=10.930m val_speed_mae=2.521 heading=-0.9/-1.6deg val_progress_mae=7.805m val_heading_mae=31.1deg val_capture=96.15% val_bank=96.15% val_acq_acc=100.00% score=9.423 best=9.423 patience=0/4
temporal epoch=017/100 loss=11.02772 center_teacher=1.000 acq_teacher=1.000 capture=100.00% bank_capture=100.00% acq_acc=100.00% acq_conf=0.624 radius=0.0m pred_step=5.154 target_step=5.743 pred_v=5.218 target_v=5.743 val_mle=8.836m val_p90=10.827m val_speed_mae=2.519 heading=-1.0/-1.6deg val_progress_mae=7.707m val_heading_mae=31.1deg val_capture=96.15% val_bank=96.15% val_acq_acc=100.00% score=9.332 best=9.332 patience=0/4
temporal epoch=018/100 loss=11.01042 center_teacher=1.000 acq_teacher=1.000 capture=100.00% bank_capture=100.00% acq_acc=100.00% acq_conf=0.624 radius=0.0m pred_step=5.311 target_step=5.743 pred_v=5.352 target_v=5.743 val_mle=8.749m val_p90=10.728m val_speed_mae=2.564 heading=-1.1/-1.6deg val_progress_mae=7.607m val_heading_mae=31.1deg val_capture=96.15% val_bank=96.15% val_acq_acc=100.00% score=9.245 best=9.245 patience=0/4
temporal epoch=019/100 loss=11.00498 center_teacher=1.000 acq_teacher=1.000 capture=100.00% bank_capture=100.00% acq_acc=100.00% acq_conf=0.624 radius=0.0m pred_step=5.677 target_step=5.743 pred_v=5.668 target_v=5.743 val_mle=8.674m val_p90=10.631m val_speed_mae=2.525 heading=-1.1/-1.6deg val_progress_mae=7.521m val_heading_mae=31.1deg val_capture=96.15% val_bank=96.15% val_acq_acc=100.00% score=9.164 best=9.164 patience=0/4
temporal epoch=020/100 loss=10.93785 center_teacher=1.000 acq_teacher=1.000 capture=100.00% bank_capture=100.00% acq_acc=100.00% acq_conf=0.624 radius=0.0m pred_step=5.201 target_step=5.743 pred_v=5.249 target_v=5.743 val_mle=8.602m val_p90=10.539m val_speed_mae=2.511 heading=-1.3/-1.6deg val_progress_mae=7.439m val_heading_mae=31.1deg val_capture=96.15% val_bank=96.15% val_acq_acc=100.00% score=9.090 best=9.090 patience=0/4
temporal epoch=021/100 loss=10.95668 center_teacher=1.000 acq_teacher=1.000 capture=100.00% bank_capture=100.00% acq_acc=100.00% acq_conf=0.624 radius=0.0m pred_step=5.333 target_step=5.743 pred_v=5.359 target_v=5.743 val_mle=8.535m val_p90=10.457m val_speed_mae=2.723 heading=-1.3/-1.6deg val_progress_mae=7.359m val_heading_mae=31.1deg val_capture=96.15% val_bank=96.15% val_acq_acc=100.00% score=9.031 best=9.031 patience=0/4
temporal epoch=022/100 loss=10.99737 center_teacher=1.000 acq_teacher=1.000 capture=100.00% bank_capture=100.00% acq_acc=100.00% acq_conf=0.624 radius=0.0m pred_step=5.891 target_step=5.743 pred_v=5.842 target_v=5.743 val_mle=8.466m val_p90=10.376m val_speed_mae=2.596 heading=-1.4/-1.6deg val_progress_mae=7.279m val_heading_mae=31.1deg val_capture=96.15% val_bank=96.15% val_acq_acc=100.00% score=8.953 best=8.953 patience=0/4
temporal epoch=023/100 loss=11.03085 center_teacher=1.000 acq_teacher=1.000 capture=100.00% bank_capture=100.00% acq_acc=100.00% acq_conf=0.624 radius=0.0m pred_step=4.498 target_step=5.743 pred_v=4.619 target_v=5.743 val_mle=8.404m val_p90=10.327m val_speed_mae=2.965 heading=-1.5/-1.6deg val_progress_mae=7.206m val_heading_mae=31.1deg val_capture=96.15% val_bank=96.15% val_acq_acc=100.00% score=8.907 best=8.907 patience=0/4
temporal epoch=024/100 loss=11.63224 center_teacher=1.000 acq_teacher=1.000 capture=100.00% bank_capture=100.00% acq_acc=100.00% acq_conf=0.624 radius=0.0m pred_step=7.026 target_step=5.743 pred_v=6.821 target_v=5.743 val_mle=8.339m val_p90=10.265m val_speed_mae=2.525 heading=-1.5/-1.6deg val_progress_mae=7.131m val_heading_mae=31.1deg val_capture=96.15% val_bank=96.15% val_acq_acc=100.00% score=8.819 best=8.819 patience=0/4
temporal epoch=025/100 loss=11.30701 center_teacher=1.000 acq_teacher=1.000 capture=100.00% bank_capture=100.00% acq_acc=100.00% acq_conf=0.623 radius=0.0m pred_step=4.024 target_step=5.743 pred_v=4.196 target_v=5.743 val_mle=8.455m val_p90=10.318m val_speed_mae=2.622 heading=-1.7/-1.6deg val_progress_mae=7.253m val_heading_mae=31.1deg val_capture=96.15% val_bank=96.15% val_acq_acc=100.00% score=8.943 best=8.819 patience=1/4
temporal epoch=026/100 loss=11.14504 center_teacher=1.000 acq_teacher=1.000 capture=100.00% bank_capture=100.00% acq_acc=100.00% acq_conf=0.623 radius=0.0m pred_step=5.963 target_step=5.743 pred_v=5.882 target_v=5.743 val_mle=8.231m val_p90=10.079m val_speed_mae=4.556 heading=-1.7/-1.6deg val_progress_mae=7.093m val_heading_mae=31.1deg val_capture=96.15% val_bank=96.15% val_acq_acc=100.00% score=8.811 best=8.811 patience=0/4
temporal epoch=027/100 loss=11.43874 center_teacher=1.000 acq_teacher=1.000 capture=100.00% bank_capture=100.00% acq_acc=100.00% acq_conf=0.622 radius=0.0m pred_step=7.149 target_step=5.743 pred_v=6.916 target_v=5.743 val_mle=8.334m val_p90=10.177m val_speed_mae=5.656 heading=-1.8/-1.6deg val_progress_mae=7.108m val_heading_mae=31.2deg val_capture=96.15% val_bank=96.15% val_acq_acc=100.00% score=8.970 best=8.811 patience=1/4
temporal epoch=028/100 loss=13.66376 center_teacher=1.000 acq_teacher=1.000 capture=100.00% bank_capture=100.00% acq_acc=100.00% acq_conf=0.624 radius=0.0m pred_step=1.242 target_step=5.743 pred_v=1.533 target_v=5.743 val_mle=8.334m val_p90=10.178m val_speed_mae=5.626 heading=-2.1/-1.6deg val_progress_mae=7.111m val_heading_mae=31.2deg val_capture=96.15% val_bank=96.15% val_acq_acc=100.00% score=8.968 best=8.811 patience=2/4
temporal epoch=029/100 loss=11.10705 center_teacher=1.000 acq_teacher=1.000 capture=100.00% bank_capture=100.00% acq_acc=100.00% acq_conf=0.621 radius=0.0m pred_step=3.934 target_step=5.743 pred_v=4.098 target_v=5.743 val_mle=8.385m val_p90=10.283m val_speed_mae=8.274 heading=-2.0/-1.6deg val_progress_mae=7.171m val_heading_mae=31.2deg val_capture=96.15% val_bank=96.15% val_acq_acc=100.00% score=9.153 best=8.811 patience=3/4
temporal epoch=030/100 loss=16.51085 center_teacher=1.000 acq_teacher=1.000 capture=100.00% bank_capture=100.00% acq_acc=100.00% acq_conf=0.623 radius=0.0m pred_step=11.276 target_step=5.743 pred_v=11.005 target_v=5.743 val_mle=8.243m val_p90=10.211m val_speed_mae=8.077 heading=-1.9/-1.6deg val_progress_mae=6.905m val_heading_mae=31.3deg val_capture=100.00% val_bank=100.00% val_acq_acc=100.00% score=8.916 best=8.811 patience=4/4
EARLY STOP: controlled local-prior validation score did not improve by 0.003 for 4 epochs.
