[PREPARED] PASS | city=cityb | step=4 m | selection=soft_sequence_v13_multicity_auto_train_fullroute | existing GT/routes unchanged
[CADENCE] source=experiment_route_stats_train_01 | mean=5.769227 m | p90=10.316216 m | p95=11.515852 m
[OK] clean v39 runtime: Forward-18 SoftMS -> GRU -> Kalman -> one final MeanShift
[OK] weighted-centroid decoder removed from generated runtime source
[PATCH OK] GRU = current + delta + delta2 + SAT + SoftMS position + visual displacement + previous state
[PATCH OK] V5 3-frame direct acceleration + next-step correction
[PATCH OK] training/validation/inference motion starts from current-city cadence
[PATCH OK] Kalman = smooth confidence-adaptive measurement-preserving residual fusion
[PATCH OK] step corridor = continuous confidence relaxation
[PATCH OK] no held-out navigation result is read by this patch
[V39-BEARING] final-MS route-centerline reference patch: PASS
[ARCH-AUDIT] forward_18: PASS
[ARCH-AUDIT] base_geometry_6x6: PASS
[ARCH-AUDIT] front_softms_source: PASS
[ARCH-AUDIT] one_final_ms_source: PASS
[ARCH-AUDIT] front_decoder_softms: PASS
[ARCH-AUDIT] simple_seven_block_gru: PASS
[ARCH-AUDIT] residual_motion_head: PASS
[ARCH-AUDIT] causal_visual_displacement: PASS
[ARCH-AUDIT] cadence_initialized_tracker: PASS
[ARCH-AUDIT] motion_training_inference_aligned: PASS
[ARCH-AUDIT] training_city_motion_scale_init: PASS
[ARCH-AUDIT] forward_origin_backshift_covers_jitter: PASS
[ARCH-AUDIT] protocol: PASS
[ARCH-AUDIT] controlled_gt_reference_enabled: PASS
[ARCH-AUDIT] frame_count: PASS
[ARCH-AUDIT] gru_flag: PASS
[ARCH-AUDIT] kalman_flag: PASS
[TRAIN] reuse visual checkpoint /yh/study/uav-sat/v39_otherdata/formal_bearing_v5_smooth_20260920_233151/paper_temporal_multiseed_v3/seed_2034/cityb/train_frames3/checkpoints/visual_retrieval_A_only.pt
route_A: reuse UAV backbone cache
temporal split train=[0,135) val=[139,165) route_length=789.4m
City training-sequence mean forward step=5.743m/frame p90=10.578m/frame
temporal epoch=001/100 loss=12.48704 center_teacher=1.000 acq_teacher=1.000 capture=100.00% bank_capture=100.00% acq_acc=100.00% acq_conf=0.624 radius=0.0m pred_step=5.453 target_step=5.743 pred_v=5.505 target_v=5.743 val_mle=11.339m val_p90=13.655m val_speed_mae=2.845 heading=0.0/-1.6deg val_progress_mae=10.502m val_heading_mae=31.1deg val_capture=96.15% val_bank=96.15% val_acq_acc=100.00% score=11.935 best=11.935 patience=0/4
temporal epoch=002/100 loss=12.43043 center_teacher=1.000 acq_teacher=1.000 capture=100.00% bank_capture=100.00% acq_acc=100.00% acq_conf=0.624 radius=0.0m pred_step=4.634 target_step=5.743 pred_v=4.800 target_v=5.743 val_mle=11.205m val_p90=13.506m val_speed_mae=2.578 heading=-0.1/-1.6deg val_progress_mae=10.351m val_heading_mae=31.1deg val_capture=96.15% val_bank=96.15% val_acq_acc=100.00% score=11.784 best=11.784 patience=0/4
temporal epoch=003/100 loss=12.15575 center_teacher=1.000 acq_teacher=1.000 capture=100.00% bank_capture=100.00% acq_acc=100.00% acq_conf=0.624 radius=0.0m pred_step=5.283 target_step=5.743 pred_v=5.326 target_v=5.743 val_mle=11.025m val_p90=13.303m val_speed_mae=2.604 heading=-0.2/-1.6deg val_progress_mae=10.145m val_heading_mae=31.1deg val_capture=96.15% val_bank=96.15% val_acq_acc=100.00% score=11.598 best=11.598 patience=0/4
temporal epoch=004/100 loss=12.07384 center_teacher=1.000 acq_teacher=1.000 capture=100.00% bank_capture=100.00% acq_acc=100.00% acq_conf=0.624 radius=0.0m pred_step=5.958 target_step=5.743 pred_v=5.882 target_v=5.743 val_mle=10.803m val_p90=13.071m val_speed_mae=2.602 heading=-0.1/-1.6deg val_progress_mae=9.901m val_heading_mae=31.1deg val_capture=96.15% val_bank=96.15% val_acq_acc=100.00% score=11.369 best=11.369 patience=0/4
temporal epoch=005/100 loss=11.91863 center_teacher=1.000 acq_teacher=1.000 capture=100.00% bank_capture=100.00% acq_acc=100.00% acq_conf=0.624 radius=0.0m pred_step=5.797 target_step=5.743 pred_v=5.740 target_v=5.743 val_mle=10.594m val_p90=12.823m val_speed_mae=2.557 heading=-0.0/-1.6deg val_progress_mae=9.660m val_heading_mae=31.1deg val_capture=96.15% val_bank=96.15% val_acq_acc=100.00% score=11.151 best=11.151 patience=0/4
temporal epoch=006/100 loss=11.79429 center_teacher=1.000 acq_teacher=1.000 capture=100.00% bank_capture=100.00% acq_acc=100.00% acq_conf=0.624 radius=0.0m pred_step=5.070 target_step=5.743 pred_v=5.124 target_v=5.743 val_mle=10.372m val_p90=12.566m val_speed_mae=2.934 heading=0.0/-1.6deg val_progress_mae=9.403m val_heading_mae=31.1deg val_capture=96.15% val_bank=96.15% val_acq_acc=100.00% score=10.939 best=10.939 patience=0/4
temporal epoch=007/100 loss=11.77424 center_teacher=1.000 acq_teacher=1.000 capture=100.00% bank_capture=100.00% acq_acc=100.00% acq_conf=0.624 radius=0.0m pred_step=4.620 target_step=5.743 pred_v=4.740 target_v=5.743 val_mle=10.163m val_p90=12.303m val_speed_mae=2.635 heading=-0.1/-1.6deg val_progress_mae=9.154m val_heading_mae=31.1deg val_capture=96.15% val_bank=96.15% val_acq_acc=100.00% score=10.708 best=10.708 patience=0/4
temporal epoch=008/100 loss=11.44763 center_teacher=1.000 acq_teacher=1.000 capture=100.00% bank_capture=100.00% acq_acc=100.00% acq_conf=0.624 radius=0.0m pred_step=5.098 target_step=5.743 pred_v=5.146 target_v=5.743 val_mle=9.932m val_p90=12.050m val_speed_mae=2.568 heading=-0.1/-1.6deg val_progress_mae=8.896m val_heading_mae=31.1deg val_capture=96.15% val_bank=96.15% val_acq_acc=100.00% score=10.467 best=10.467 patience=0/4
temporal epoch=009/100 loss=11.36357 center_teacher=1.000 acq_teacher=1.000 capture=100.00% bank_capture=100.00% acq_acc=100.00% acq_conf=0.624 radius=0.0m pred_step=5.783 target_step=5.743 pred_v=5.732 target_v=5.743 val_mle=9.737m val_p90=11.833m val_speed_mae=2.563 heading=-0.2/-1.6deg val_progress_mae=8.681m val_heading_mae=31.1deg val_capture=96.15% val_bank=96.15% val_acq_acc=100.00% score=10.264 best=10.264 patience=0/4
temporal epoch=010/100 loss=11.23059 center_teacher=1.000 acq_teacher=1.000 capture=100.00% bank_capture=100.00% acq_acc=100.00% acq_conf=0.624 radius=0.0m pred_step=5.583 target_step=5.743 pred_v=5.567 target_v=5.743 val_mle=9.580m val_p90=11.654m val_speed_mae=2.619 heading=-0.3/-1.6deg val_progress_mae=8.512m val_heading_mae=31.1deg val_capture=96.15% val_bank=96.15% val_acq_acc=100.00% score=10.105 best=10.105 patience=0/4
temporal epoch=011/100 loss=11.25467 center_teacher=1.000 acq_teacher=1.000 capture=100.00% bank_capture=100.00% acq_acc=100.00% acq_conf=0.624 radius=0.0m pred_step=4.817 target_step=5.743 pred_v=4.915 target_v=5.743 val_mle=9.448m val_p90=11.507m val_speed_mae=2.715 heading=-0.3/-1.6deg val_progress_mae=8.371m val_heading_mae=31.1deg val_capture=96.15% val_bank=96.15% val_acq_acc=100.00% score=9.974 best=9.974 patience=0/4
temporal epoch=012/100 loss=11.16864 center_teacher=1.000 acq_teacher=1.000 capture=100.00% bank_capture=100.00% acq_acc=100.00% acq_conf=0.624 radius=0.0m pred_step=4.859 target_step=5.743 pred_v=4.957 target_v=5.743 val_mle=9.334m val_p90=11.383m val_speed_mae=2.548 heading=-0.3/-1.6deg val_progress_mae=8.246m val_heading_mae=31.1deg val_capture=96.15% val_bank=96.15% val_acq_acc=100.00% score=9.848 best=9.848 patience=0/4
temporal epoch=013/100 loss=11.10495 center_teacher=1.000 acq_teacher=1.000 capture=100.00% bank_capture=100.00% acq_acc=100.00% acq_conf=0.624 radius=0.0m pred_step=5.692 target_step=5.743 pred_v=5.670 target_v=5.743 val_mle=9.237m val_p90=11.270m val_speed_mae=2.707 heading=-0.3/-1.6deg val_progress_mae=8.137m val_heading_mae=31.1deg val_capture=96.15% val_bank=96.15% val_acq_acc=100.00% score=9.755 best=9.755 patience=0/4
temporal epoch=014/100 loss=11.12073 center_teacher=1.000 acq_teacher=1.000 capture=100.00% bank_capture=100.00% acq_acc=100.00% acq_conf=0.624 radius=0.0m pred_step=5.990 target_step=5.743 pred_v=5.926 target_v=5.743 val_mle=9.150m val_p90=11.161m val_speed_mae=2.521 heading=-0.3/-1.6deg val_progress_mae=8.040m val_heading_mae=31.1deg val_capture=96.15% val_bank=96.15% val_acq_acc=100.00% score=9.656 best=9.656 patience=0/4
temporal epoch=015/100 loss=10.99102 center_teacher=1.000 acq_teacher=1.000 capture=100.00% bank_capture=100.00% acq_acc=100.00% acq_conf=0.625 radius=0.0m pred_step=5.019 target_step=5.743 pred_v=5.101 target_v=5.743 val_mle=9.066m val_p90=11.060m val_speed_mae=2.750 heading=-0.4/-1.6deg val_progress_mae=7.944m val_heading_mae=31.1deg val_capture=96.15% val_bank=96.15% val_acq_acc=100.00% score=9.581 best=9.581 patience=0/4
temporal epoch=016/100 loss=10.99091 center_teacher=1.000 acq_teacher=1.000 capture=100.00% bank_capture=100.00% acq_acc=100.00% acq_conf=0.626 radius=0.0m pred_step=4.656 target_step=5.743 pred_v=4.790 target_v=5.743 val_mle=8.989m val_p90=10.971m val_speed_mae=2.654 heading=-0.5/-1.6deg val_progress_mae=7.855m val_heading_mae=31.1deg val_capture=96.15% val_bank=96.15% val_acq_acc=100.00% score=9.496 best=9.496 patience=0/4
temporal epoch=017/100 loss=11.01898 center_teacher=1.000 acq_teacher=1.000 capture=100.00% bank_capture=100.00% acq_acc=100.00% acq_conf=0.626 radius=0.0m pred_step=6.068 target_step=5.743 pred_v=5.996 target_v=5.743 val_mle=8.919m val_p90=10.885m val_speed_mae=3.060 heading=-0.5/-1.6deg val_progress_mae=7.776m val_heading_mae=31.1deg val_capture=96.15% val_bank=96.15% val_acq_acc=100.00% score=9.444 best=9.444 patience=0/4
temporal epoch=018/100 loss=10.96027 center_teacher=1.000 acq_teacher=1.000 capture=100.00% bank_capture=100.00% acq_acc=100.00% acq_conf=0.626 radius=0.0m pred_step=6.218 target_step=5.743 pred_v=6.127 target_v=5.743 val_mle=8.848m val_p90=10.790m val_speed_mae=3.153 heading=-0.5/-1.6deg val_progress_mae=7.694m val_heading_mae=31.1deg val_capture=96.15% val_bank=96.15% val_acq_acc=100.00% score=9.376 best=9.376 patience=0/4
temporal epoch=019/100 loss=11.49101 center_teacher=1.000 acq_teacher=1.000 capture=100.00% bank_capture=100.00% acq_acc=100.00% acq_conf=0.626 radius=0.0m pred_step=3.651 target_step=5.743 pred_v=3.923 target_v=5.743 val_mle=8.788m val_p90=10.712m val_speed_mae=2.625 heading=-0.5/-1.6deg val_progress_mae=7.625m val_heading_mae=31.0deg val_capture=96.15% val_bank=96.15% val_acq_acc=100.00% score=9.287 best=9.287 patience=0/4
temporal epoch=020/100 loss=10.84549 center_teacher=1.000 acq_teacher=1.000 capture=100.00% bank_capture=100.00% acq_acc=100.00% acq_conf=0.627 radius=0.0m pred_step=5.326 target_step=5.743 pred_v=5.348 target_v=5.743 val_mle=8.731m val_p90=10.657m val_speed_mae=5.803 heading=-0.5/-1.6deg val_progress_mae=7.554m val_heading_mae=31.0deg val_capture=96.15% val_bank=96.15% val_acq_acc=100.00% score=9.386 best=9.287 patience=1/4
temporal epoch=021/100 loss=12.68370 center_teacher=1.000 acq_teacher=1.000 capture=100.00% bank_capture=100.00% acq_acc=100.00% acq_conf=0.626 radius=0.0m pred_step=8.340 target_step=5.743 pred_v=7.927 target_v=5.743 val_mle=8.678m val_p90=10.620m val_speed_mae=2.507 heading=-0.5/-1.6deg val_progress_mae=7.496m val_heading_mae=31.0deg val_capture=96.15% val_bank=96.15% val_acq_acc=100.00% score=9.167 best=9.167 patience=0/4
temporal epoch=022/100 loss=11.24955 center_teacher=1.000 acq_teacher=1.000 capture=100.00% bank_capture=100.00% acq_acc=100.00% acq_conf=0.627 radius=0.0m pred_step=3.897 target_step=5.743 pred_v=4.111 target_v=5.743 val_mle=8.638m val_p90=10.613m val_speed_mae=5.053 heading=-0.6/-1.6deg val_progress_mae=7.450m val_heading_mae=31.0deg val_capture=96.15% val_bank=96.15% val_acq_acc=100.00% score=9.253 best=9.167 patience=1/4
temporal epoch=023/100 loss=11.43669 center_teacher=1.000 acq_teacher=1.000 capture=100.00% bank_capture=100.00% acq_acc=100.00% acq_conf=0.627 radius=0.0m pred_step=3.220 target_step=5.743 pred_v=3.528 target_v=5.743 val_mle=8.603m val_p90=10.628m val_speed_mae=5.537 heading=-0.6/-1.6deg val_progress_mae=7.409m val_heading_mae=31.0deg val_capture=96.15% val_bank=96.15% val_acq_acc=100.00% score=9.242 best=9.167 patience=2/4
temporal epoch=024/100 loss=14.24077 center_teacher=1.000 acq_teacher=1.000 capture=100.00% bank_capture=100.00% acq_acc=100.00% acq_conf=0.627 radius=0.0m pred_step=9.257 target_step=5.743 pred_v=8.698 target_v=5.743 val_mle=8.584m val_p90=10.652m val_speed_mae=6.283 heading=-0.5/-1.6deg val_progress_mae=7.390m val_heading_mae=31.0deg val_capture=96.15% val_bank=96.15% val_acq_acc=100.00% score=9.259 best=9.167 patience=3/4
temporal epoch=025/100 loss=11.31695 center_teacher=1.000 acq_teacher=1.000 capture=100.00% bank_capture=100.00% acq_acc=100.00% acq_conf=0.627 radius=0.0m pred_step=7.402 target_step=5.743 pred_v=7.095 target_v=5.743 val_mle=8.593m val_p90=10.662m val_speed_mae=5.524 heading=-0.7/-1.6deg val_progress_mae=7.407m val_heading_mae=31.0deg val_capture=96.15% val_bank=96.15% val_acq_acc=100.00% score=9.231 best=9.167 patience=4/4
EARLY STOP: controlled local-prior validation score did not improve by 0.003 for 4 epochs.
[FORMAL TRAIN-ONLY V5 CALIBRATION] {"confidence_power": 0.5, "delta2_scale": 2.0, "fixed_variance_m2": 25.0, "objective": 9.486747586775017, "prior_blend_base": 0.05, "prior_blend_cutoff": 0.7, "prior_blend_lowconf_gain": 0.3, "prior_blend_max": 0.3, "q_cross": 0.4, "q_progress": 1.5, "q_velocity": 1.0, "stage": "step", "step_relax_confidence": 0.0, "step_relax_width": 0.05, "step_visual_slack_m": 10.0, "temporal_3frame_scale": 0.9, "val_mle_m": 8.5292232206937, "val_p90_m": 10.42884941258406, "val_progress_mae": 7.299220329763964, "val_speed_mae": 2.5112104888477025}
