[PREPARED] PASS | city=cityd | step=4 m | selection=soft_sequence_v13_multicity_auto_train_fullroute | existing GT/routes unchanged
[CADENCE] source=experiment_route_stats_train_01 | mean=5.465267 m | p90=10.039383 m | p95=12.083230 m
[OK] clean v39 runtime: Forward-18 SoftMS -> GRU -> Kalman -> one final MeanShift
[OK] weighted-centroid decoder removed from generated runtime source
[PATCH OK] GRU = current + delta + delta2 + SAT + SoftMS position + visual displacement + previous state
[PATCH OK] V5 3-frame direct acceleration + next-step correction
[PATCH OK] training/validation/inference motion starts from current-city cadence
[PATCH OK] Kalman = smooth confidence-adaptive measurement-preserving residual fusion
[PATCH OK] step corridor = continuous confidence relaxation
[PATCH OK] no held-out navigation result is read by this patch
[V39-BEARING] final-MS route-centerline reference patch: PASS
[ARCH-AUDIT] forward_18: PASS
[ARCH-AUDIT] base_geometry_6x6: PASS
[ARCH-AUDIT] front_softms_source: PASS
[ARCH-AUDIT] one_final_ms_source: PASS
[ARCH-AUDIT] front_decoder_softms: PASS
[ARCH-AUDIT] simple_seven_block_gru: PASS
[ARCH-AUDIT] residual_motion_head: PASS
[ARCH-AUDIT] causal_visual_displacement: PASS
[ARCH-AUDIT] cadence_initialized_tracker: PASS
[ARCH-AUDIT] motion_training_inference_aligned: PASS
[ARCH-AUDIT] training_city_motion_scale_init: PASS
[ARCH-AUDIT] forward_origin_backshift_covers_jitter: PASS
[ARCH-AUDIT] protocol: PASS
[ARCH-AUDIT] controlled_gt_reference_enabled: PASS
[ARCH-AUDIT] frame_count: PASS
[ARCH-AUDIT] gru_flag: PASS
[ARCH-AUDIT] kalman_flag: PASS
[TRAIN] reuse visual checkpoint /yh/study/uav-sat/v39_otherdata/formal_bearing_v5_smooth_20260920_233151/paper_temporal_multiseed_v3/seed_2034/cityd/train_frames2/checkpoints/visual_retrieval_A_only.pt
route_A: reuse UAV backbone cache
temporal split train=[0,136) val=[140,166) route_length=789.4m
City training-sequence mean forward step=5.530m/frame p90=10.147m/frame
temporal epoch=001/100 loss=14.25614 center_teacher=1.000 acq_teacher=1.000 capture=100.00% bank_capture=100.00% acq_acc=100.00% acq_conf=0.644 radius=0.0m pred_step=5.219 target_step=5.530 pred_v=5.248 target_v=5.530 val_mle=10.238m val_p90=12.545m val_speed_mae=2.976 heading=-0.0/0.7deg val_progress_mae=10.233m val_heading_mae=30.6deg val_capture=96.15% val_bank=96.15% val_acq_acc=100.00% score=10.832 best=10.832 patience=0/4
temporal epoch=002/100 loss=14.22697 center_teacher=1.000 acq_teacher=1.000 capture=100.00% bank_capture=100.00% acq_acc=100.00% acq_conf=0.644 radius=0.0m pred_step=4.468 target_step=5.530 pred_v=4.585 target_v=5.530 val_mle=10.037m val_p90=12.344m val_speed_mae=2.912 heading=-0.1/0.7deg val_progress_mae=10.025m val_heading_mae=30.6deg val_capture=96.15% val_bank=96.15% val_acq_acc=100.00% score=10.621 best=10.621 patience=0/4
temporal epoch=003/100 loss=13.94672 center_teacher=1.000 acq_teacher=1.000 capture=100.00% bank_capture=100.00% acq_acc=100.00% acq_conf=0.644 radius=0.0m pred_step=4.860 target_step=5.530 pred_v=4.932 target_v=5.530 val_mle=9.737m val_p90=12.052m val_speed_mae=2.915 heading=-0.2/0.7deg val_progress_mae=9.716m val_heading_mae=30.6deg val_capture=96.15% val_bank=96.15% val_acq_acc=100.00% score=10.313 best=10.313 patience=0/4
temporal epoch=004/100 loss=13.75262 center_teacher=1.000 acq_teacher=1.000 capture=100.00% bank_capture=100.00% acq_acc=100.00% acq_conf=0.644 radius=0.0m pred_step=5.494 target_step=5.530 pred_v=5.493 target_v=5.530 val_mle=9.383m val_p90=11.695m val_speed_mae=2.915 heading=-0.2/0.7deg val_progress_mae=9.348m val_heading_mae=30.6deg val_capture=96.15% val_bank=96.15% val_acq_acc=100.00% score=9.948 best=9.948 patience=0/4
temporal epoch=005/100 loss=13.53270 center_teacher=1.000 acq_teacher=1.000 capture=100.00% bank_capture=100.00% acq_acc=100.00% acq_conf=0.644 radius=0.0m pred_step=5.357 target_step=5.530 pred_v=5.376 target_v=5.530 val_mle=9.032m val_p90=11.332m val_speed_mae=2.911 heading=-0.2/0.7deg val_progress_mae=8.981m val_heading_mae=30.6deg val_capture=96.15% val_bank=96.15% val_acq_acc=100.00% score=9.586 best=9.586 patience=0/4
temporal epoch=006/100 loss=13.38615 center_teacher=1.000 acq_teacher=1.000 capture=100.00% bank_capture=100.00% acq_acc=100.00% acq_conf=0.644 radius=0.0m pred_step=4.742 target_step=5.530 pred_v=4.838 target_v=5.530 val_mle=8.703m val_p90=10.999m val_speed_mae=2.938 heading=-0.1/0.7deg val_progress_mae=8.635m val_heading_mae=30.6deg val_capture=96.15% val_bank=96.15% val_acq_acc=100.00% score=9.247 best=9.247 patience=0/4
temporal epoch=007/100 loss=13.16829 center_teacher=1.000 acq_teacher=1.000 capture=100.00% bank_capture=100.00% acq_acc=100.00% acq_conf=0.644 radius=0.0m pred_step=4.690 target_step=5.530 pred_v=4.796 target_v=5.530 val_mle=8.399m val_p90=10.703m val_speed_mae=2.911 heading=-0.2/0.7deg val_progress_mae=8.313m val_heading_mae=30.6deg val_capture=96.15% val_bank=96.15% val_acq_acc=100.00% score=8.932 best=8.932 patience=0/4
temporal epoch=008/100 loss=13.00501 center_teacher=1.000 acq_teacher=1.000 capture=100.00% bank_capture=100.00% acq_acc=100.00% acq_conf=0.644 radius=0.0m pred_step=5.204 target_step=5.530 pred_v=5.252 target_v=5.530 val_mle=8.154m val_p90=10.455m val_speed_mae=2.914 heading=-0.4/0.7deg val_progress_mae=8.051m val_heading_mae=30.6deg val_capture=96.15% val_bank=96.15% val_acq_acc=100.00% score=8.679 best=8.679 patience=0/4
temporal epoch=009/100 loss=12.94952 center_teacher=1.000 acq_teacher=1.000 capture=100.00% bank_capture=100.00% acq_acc=100.00% acq_conf=0.644 radius=0.0m pred_step=5.592 target_step=5.530 pred_v=5.595 target_v=5.530 val_mle=7.957m val_p90=10.255m val_speed_mae=2.912 heading=-0.4/0.7deg val_progress_mae=7.838m val_heading_mae=30.6deg val_capture=96.15% val_bank=96.15% val_acq_acc=100.00% score=8.476 best=8.476 patience=0/4
temporal epoch=010/100 loss=12.87426 center_teacher=1.000 acq_teacher=1.000 capture=100.00% bank_capture=100.00% acq_acc=100.00% acq_conf=0.644 radius=0.0m pred_step=5.404 target_step=5.530 pred_v=5.427 target_v=5.530 val_mle=7.802m val_p90=10.095m val_speed_mae=2.909 heading=-0.3/0.7deg val_progress_mae=7.670m val_heading_mae=30.6deg val_capture=96.15% val_bank=96.15% val_acq_acc=100.00% score=8.316 best=8.316 patience=0/4
temporal epoch=011/100 loss=12.82477 center_teacher=1.000 acq_teacher=1.000 capture=100.00% bank_capture=100.00% acq_acc=100.00% acq_conf=0.644 radius=0.0m pred_step=4.861 target_step=5.530 pred_v=4.948 target_v=5.530 val_mle=7.683m val_p90=9.969m val_speed_mae=2.933 heading=-0.3/0.7deg val_progress_mae=7.540m val_heading_mae=30.6deg val_capture=96.15% val_bank=96.15% val_acq_acc=100.00% score=8.194 best=8.194 patience=0/4
temporal epoch=012/100 loss=12.80930 center_teacher=1.000 acq_teacher=1.000 capture=100.00% bank_capture=100.00% acq_acc=100.00% acq_conf=0.644 radius=0.0m pred_step=4.619 target_step=5.530 pred_v=4.733 target_v=5.530 val_mle=7.571m val_p90=9.869m val_speed_mae=2.907 heading=-0.4/0.7deg val_progress_mae=7.420m val_heading_mae=30.6deg val_capture=96.15% val_bank=96.15% val_acq_acc=100.00% score=8.077 best=8.077 patience=0/4
temporal epoch=013/100 loss=12.74273 center_teacher=1.000 acq_teacher=1.000 capture=100.00% bank_capture=100.00% acq_acc=100.00% acq_conf=0.644 radius=0.0m pred_step=5.059 target_step=5.530 pred_v=5.120 target_v=5.530 val_mle=7.487m val_p90=9.784m val_speed_mae=2.908 heading=-0.5/0.7deg val_progress_mae=7.331m val_heading_mae=30.6deg val_capture=96.15% val_bank=96.15% val_acq_acc=100.00% score=7.991 best=7.991 patience=0/4
temporal epoch=014/100 loss=12.74509 center_teacher=1.000 acq_teacher=1.000 capture=100.00% bank_capture=100.00% acq_acc=100.00% acq_conf=0.644 radius=0.0m pred_step=5.612 target_step=5.530 pred_v=5.606 target_v=5.530 val_mle=7.411m val_p90=9.704m val_speed_mae=2.905 heading=-0.6/0.7deg val_progress_mae=7.250m val_heading_mae=30.6deg val_capture=96.15% val_bank=96.15% val_acq_acc=100.00% score=7.912 best=7.912 patience=0/4
temporal epoch=015/100 loss=12.62565 center_teacher=1.000 acq_teacher=1.000 capture=100.00% bank_capture=100.00% acq_acc=100.00% acq_conf=0.646 radius=0.0m pred_step=4.987 target_step=5.530 pred_v=5.056 target_v=5.530 val_mle=7.356m val_p90=9.633m val_speed_mae=2.902 heading=-0.7/0.7deg val_progress_mae=7.191m val_heading_mae=30.6deg val_capture=96.15% val_bank=96.15% val_acq_acc=100.00% score=7.855 best=7.855 patience=0/4
temporal epoch=016/100 loss=12.65276 center_teacher=1.000 acq_teacher=1.000 capture=100.00% bank_capture=100.00% acq_acc=100.00% acq_conf=0.647 radius=0.0m pred_step=4.566 target_step=5.530 pred_v=4.684 target_v=5.530 val_mle=7.300m val_p90=9.587m val_speed_mae=2.900 heading=-0.7/0.7deg val_progress_mae=7.134m val_heading_mae=30.6deg val_capture=96.15% val_bank=96.15% val_acq_acc=100.00% score=7.797 best=7.797 patience=0/4
temporal epoch=017/100 loss=12.60861 center_teacher=1.000 acq_teacher=1.000 capture=100.00% bank_capture=100.00% acq_acc=100.00% acq_conf=0.647 radius=0.0m pred_step=5.404 target_step=5.530 pred_v=5.419 target_v=5.530 val_mle=7.264m val_p90=9.554m val_speed_mae=2.898 heading=-0.7/0.7deg val_progress_mae=7.098m val_heading_mae=30.6deg val_capture=96.15% val_bank=96.15% val_acq_acc=100.00% score=7.760 best=7.760 patience=0/4
temporal epoch=018/100 loss=12.56145 center_teacher=1.000 acq_teacher=1.000 capture=100.00% bank_capture=100.00% acq_acc=100.00% acq_conf=0.648 radius=0.0m pred_step=5.568 target_step=5.530 pred_v=5.563 target_v=5.530 val_mle=7.235m val_p90=9.518m val_speed_mae=2.926 heading=-0.7/0.7deg val_progress_mae=7.070m val_heading_mae=30.6deg val_capture=96.15% val_bank=96.15% val_acq_acc=100.00% score=7.732 best=7.732 patience=0/4
temporal epoch=019/100 loss=12.59835 center_teacher=1.000 acq_teacher=1.000 capture=100.00% bank_capture=100.00% acq_acc=100.00% acq_conf=0.647 radius=0.0m pred_step=4.121 target_step=5.530 pred_v=4.290 target_v=5.530 val_mle=7.223m val_p90=9.520m val_speed_mae=2.925 heading=-0.9/0.7deg val_progress_mae=7.060m val_heading_mae=30.6deg val_capture=96.15% val_bank=96.15% val_acq_acc=100.00% score=7.719 best=7.719 patience=0/4
temporal epoch=020/100 loss=12.92712 center_teacher=1.000 acq_teacher=1.000 capture=100.00% bank_capture=100.00% acq_acc=100.00% acq_conf=0.648 radius=0.0m pred_step=6.346 target_step=5.530 pred_v=6.247 target_v=5.530 val_mle=7.216m val_p90=9.518m val_speed_mae=2.960 heading=-0.9/0.7deg val_progress_mae=7.055m val_heading_mae=30.6deg val_capture=96.15% val_bank=96.15% val_acq_acc=100.00% score=7.713 best=7.713 patience=0/4
temporal epoch=021/100 loss=12.27837 center_teacher=1.000 acq_teacher=1.000 capture=100.00% bank_capture=100.00% acq_acc=100.00% acq_conf=0.648 radius=0.0m pred_step=5.150 target_step=5.530 pred_v=5.197 target_v=5.530 val_mle=7.242m val_p90=9.506m val_speed_mae=4.355 heading=-1.0/0.7deg val_progress_mae=7.088m val_heading_mae=30.6deg val_capture=96.15% val_bank=96.15% val_acq_acc=100.00% score=7.810 best=7.713 patience=1/4
temporal epoch=022/100 loss=13.19631 center_teacher=1.000 acq_teacher=1.000 capture=100.00% bank_capture=100.00% acq_acc=100.00% acq_conf=0.648 radius=0.0m pred_step=2.875 target_step=5.530 pred_v=3.196 target_v=5.530 val_mle=7.305m val_p90=9.598m val_speed_mae=8.027 heading=-1.1/0.7deg val_progress_mae=7.159m val_heading_mae=30.6deg val_capture=96.15% val_bank=96.15% val_acq_acc=100.00% score=8.060 best=7.713 patience=2/4
temporal epoch=023/100 loss=16.79405 center_teacher=1.000 acq_teacher=1.000 capture=100.00% bank_capture=100.00% acq_acc=100.00% acq_conf=0.648 radius=0.0m pred_step=9.857 target_step=5.530 pred_v=9.549 target_v=5.530 val_mle=7.566m val_p90=9.803m val_speed_mae=8.432 heading=-1.1/0.7deg val_progress_mae=7.255m val_heading_mae=30.6deg val_capture=96.15% val_bank=96.15% val_acq_acc=100.00% score=8.343 best=7.713 patience=3/4
temporal epoch=024/100 loss=13.88519 center_teacher=1.000 acq_teacher=1.000 capture=100.00% bank_capture=100.00% acq_acc=100.00% acq_conf=0.647 radius=0.0m pred_step=7.959 target_step=5.530 pred_v=7.678 target_v=5.530 val_mle=7.493m val_p90=9.681m val_speed_mae=5.368 heading=-1.5/0.7deg val_progress_mae=7.148m val_heading_mae=30.6deg val_capture=96.15% val_bank=96.15% val_acq_acc=100.00% score=8.114 best=7.713 patience=4/4
EARLY STOP: controlled local-prior validation score did not improve by 0.003 for 4 epochs.
