[PREPARED] PASS | city=cityb | step=4 m | selection=soft_sequence_v13_multicity_auto_train_fullroute | existing GT/routes unchanged
[CADENCE] source=experiment_route_stats_train_01 | mean=5.769227 m | p90=10.316216 m | p95=11.515852 m
[OK] clean v39 runtime: Forward-18 SoftMS -> GRU -> Kalman -> one final MeanShift
[OK] weighted-centroid decoder removed from generated runtime source
[PATCH OK] GRU = current + delta + delta2 + SAT + SoftMS position + visual displacement + previous state
[PATCH OK] V5 3-frame direct acceleration + next-step correction
[PATCH OK] training/validation/inference motion starts from current-city cadence
[PATCH OK] Kalman = smooth confidence-adaptive measurement-preserving residual fusion
[PATCH OK] step corridor = continuous confidence relaxation
[PATCH OK] no held-out navigation result is read by this patch
[V39-BEARING] final-MS route-centerline reference patch: PASS
[ARCH-AUDIT] forward_18: PASS
[ARCH-AUDIT] base_geometry_6x6: PASS
[ARCH-AUDIT] front_softms_source: PASS
[ARCH-AUDIT] one_final_ms_source: PASS
[ARCH-AUDIT] front_decoder_softms: PASS
[ARCH-AUDIT] simple_seven_block_gru: PASS
[ARCH-AUDIT] residual_motion_head: PASS
[ARCH-AUDIT] causal_visual_displacement: PASS
[ARCH-AUDIT] cadence_initialized_tracker: PASS
[ARCH-AUDIT] motion_training_inference_aligned: PASS
[ARCH-AUDIT] training_city_motion_scale_init: PASS
[ARCH-AUDIT] forward_origin_backshift_covers_jitter: PASS
[ARCH-AUDIT] protocol: PASS
[ARCH-AUDIT] controlled_gt_reference_enabled: PASS
[ARCH-AUDIT] frame_count: PASS
[ARCH-AUDIT] gru_flag: PASS
[ARCH-AUDIT] kalman_flag: PASS
[TRAIN] reuse visual checkpoint /yh/study/uav-sat/v39_otherdata/formal_bearing_v5_smooth_20260920_233151/paper_temporal_multiseed_v3/seed_2034/cityb/train_frames1/checkpoints/visual_retrieval_A_only.pt
route_A: reuse UAV backbone cache
temporal split train=[0,135) val=[139,165) route_length=789.4m
City training-sequence mean forward step=5.743m/frame p90=10.578m/frame
temporal epoch=001/100 loss=12.49511 center_teacher=1.000 acq_teacher=1.000 capture=100.00% bank_capture=100.00% acq_acc=100.00% acq_conf=0.624 radius=0.0m pred_step=5.592 target_step=5.743 pred_v=5.608 target_v=5.743 val_mle=11.346m val_p90=13.663m val_speed_mae=2.629 heading=0.0/-1.6deg val_progress_mae=10.510m val_heading_mae=31.1deg val_capture=96.15% val_bank=96.15% val_acq_acc=100.00% score=11.931 best=11.931 patience=0/4
temporal epoch=002/100 loss=12.39005 center_teacher=1.000 acq_teacher=1.000 capture=100.00% bank_capture=100.00% acq_acc=100.00% acq_conf=0.624 radius=0.0m pred_step=4.942 target_step=5.743 pred_v=5.031 target_v=5.743 val_mle=11.219m val_p90=13.521m val_speed_mae=2.621 heading=-0.1/-1.6deg val_progress_mae=10.368m val_heading_mae=31.1deg val_capture=96.15% val_bank=96.15% val_acq_acc=100.00% score=11.800 best=11.800 patience=0/4
temporal epoch=003/100 loss=12.18178 center_teacher=1.000 acq_teacher=1.000 capture=100.00% bank_capture=100.00% acq_acc=100.00% acq_conf=0.624 radius=0.0m pred_step=5.122 target_step=5.743 pred_v=5.189 target_v=5.743 val_mle=11.040m val_p90=13.319m val_speed_mae=2.545 heading=-0.3/-1.6deg val_progress_mae=10.165m val_heading_mae=31.1deg val_capture=96.15% val_bank=96.15% val_acq_acc=100.00% score=11.612 best=11.612 patience=0/4
temporal epoch=004/100 loss=12.01274 center_teacher=1.000 acq_teacher=1.000 capture=100.00% bank_capture=100.00% acq_acc=100.00% acq_conf=0.625 radius=0.0m pred_step=5.614 target_step=5.743 pred_v=5.621 target_v=5.743 val_mle=10.836m val_p90=13.087m val_speed_mae=2.579 heading=-0.5/-1.6deg val_progress_mae=9.930m val_heading_mae=31.1deg val_capture=96.15% val_bank=96.15% val_acq_acc=100.00% score=11.402 best=11.402 patience=0/4
temporal epoch=005/100 loss=11.86086 center_teacher=1.000 acq_teacher=1.000 capture=100.00% bank_capture=100.00% acq_acc=100.00% acq_conf=0.626 radius=0.0m pred_step=5.772 target_step=5.743 pred_v=5.759 target_v=5.743 val_mle=10.627m val_p90=12.843m val_speed_mae=2.544 heading=-0.5/-1.6deg val_progress_mae=9.690m val_heading_mae=31.1deg val_capture=96.15% val_bank=96.15% val_acq_acc=100.00% score=11.184 best=11.184 patience=0/4
temporal epoch=006/100 loss=11.69905 center_teacher=1.000 acq_teacher=1.000 capture=100.00% bank_capture=100.00% acq_acc=100.00% acq_conf=0.626 radius=0.0m pred_step=5.443 target_step=5.743 pred_v=5.468 target_v=5.743 val_mle=10.410m val_p90=12.592m val_speed_mae=2.610 heading=-0.6/-1.6deg val_progress_mae=9.442m val_heading_mae=31.1deg val_capture=96.15% val_bank=96.15% val_acq_acc=100.00% score=10.963 best=10.963 patience=0/4
temporal epoch=007/100 loss=11.61879 center_teacher=1.000 acq_teacher=1.000 capture=100.00% bank_capture=100.00% acq_acc=100.00% acq_conf=0.627 radius=0.0m pred_step=5.004 target_step=5.743 pred_v=5.081 target_v=5.743 val_mle=10.191m val_p90=12.344m val_speed_mae=2.765 heading=-0.6/-1.6deg val_progress_mae=9.195m val_heading_mae=31.1deg val_capture=96.15% val_bank=96.15% val_acq_acc=100.00% score=10.744 best=10.744 patience=0/4
temporal epoch=008/100 loss=11.56240 center_teacher=1.000 acq_teacher=1.000 capture=100.00% bank_capture=100.00% acq_acc=100.00% acq_conf=0.627 radius=0.0m pred_step=4.866 target_step=5.743 pred_v=4.959 target_v=5.743 val_mle=9.982m val_p90=12.113m val_speed_mae=2.596 heading=-0.6/-1.6deg val_progress_mae=8.965m val_heading_mae=31.1deg val_capture=96.15% val_bank=96.15% val_acq_acc=100.00% score=10.520 best=10.520 patience=0/4
temporal epoch=009/100 loss=11.41694 center_teacher=1.000 acq_teacher=1.000 capture=100.00% bank_capture=100.00% acq_acc=100.00% acq_conf=0.627 radius=0.0m pred_step=5.198 target_step=5.743 pred_v=5.252 target_v=5.743 val_mle=9.800m val_p90=11.913m val_speed_mae=2.535 heading=-0.6/-1.6deg val_progress_mae=8.768m val_heading_mae=31.1deg val_capture=96.15% val_bank=96.15% val_acq_acc=100.00% score=10.328 best=10.328 patience=0/4
temporal epoch=010/100 loss=11.34105 center_teacher=1.000 acq_teacher=1.000 capture=100.00% bank_capture=100.00% acq_acc=100.00% acq_conf=0.627 radius=0.0m pred_step=5.530 target_step=5.743 pred_v=5.545 target_v=5.743 val_mle=9.645m val_p90=11.746m val_speed_mae=2.535 heading=-0.7/-1.6deg val_progress_mae=8.603m val_heading_mae=31.1deg val_capture=96.15% val_bank=96.15% val_acq_acc=100.00% score=10.169 best=10.169 patience=0/4
temporal epoch=011/100 loss=11.23273 center_teacher=1.000 acq_teacher=1.000 capture=100.00% bank_capture=100.00% acq_acc=100.00% acq_conf=0.626 radius=0.0m pred_step=5.468 target_step=5.743 pred_v=5.493 target_v=5.743 val_mle=9.511m val_p90=11.600m val_speed_mae=2.590 heading=-0.8/-1.6deg val_progress_mae=8.459m val_heading_mae=31.1deg val_capture=96.15% val_bank=96.15% val_acq_acc=100.00% score=10.033 best=10.033 patience=0/4
temporal epoch=012/100 loss=11.20039 center_teacher=1.000 acq_teacher=1.000 capture=100.00% bank_capture=100.00% acq_acc=100.00% acq_conf=0.626 radius=0.0m pred_step=5.076 target_step=5.743 pred_v=5.150 target_v=5.743 val_mle=9.393m val_p90=11.471m val_speed_mae=2.653 heading=-0.9/-1.6deg val_progress_mae=8.333m val_heading_mae=31.1deg val_capture=96.15% val_bank=96.15% val_acq_acc=100.00% score=9.914 best=9.914 patience=0/4
temporal epoch=013/100 loss=11.17826 center_teacher=1.000 acq_teacher=1.000 capture=100.00% bank_capture=100.00% acq_acc=100.00% acq_conf=0.624 radius=0.0m pred_step=5.012 target_step=5.743 pred_v=5.095 target_v=5.743 val_mle=9.287m val_p90=11.355m val_speed_mae=2.524 heading=-1.0/-1.6deg val_progress_mae=8.220m val_heading_mae=31.1deg val_capture=96.15% val_bank=96.15% val_acq_acc=100.00% score=9.799 best=9.799 patience=0/4
temporal epoch=014/100 loss=11.13597 center_teacher=1.000 acq_teacher=1.000 capture=100.00% bank_capture=100.00% acq_acc=100.00% acq_conf=0.624 radius=0.0m pred_step=5.476 target_step=5.743 pred_v=5.499 target_v=5.743 val_mle=9.184m val_p90=11.244m val_speed_mae=2.562 heading=-1.0/-1.6deg val_progress_mae=8.108m val_heading_mae=31.1deg val_capture=96.15% val_bank=96.15% val_acq_acc=100.00% score=9.695 best=9.695 patience=0/4
temporal epoch=015/100 loss=11.10157 center_teacher=1.000 acq_teacher=1.000 capture=100.00% bank_capture=100.00% acq_acc=100.00% acq_conf=0.624 radius=0.0m pred_step=5.747 target_step=5.743 pred_v=5.736 target_v=5.743 val_mle=9.093m val_p90=11.136m val_speed_mae=2.525 heading=-1.0/-1.6deg val_progress_mae=8.008m val_heading_mae=31.1deg val_capture=96.15% val_bank=96.15% val_acq_acc=100.00% score=9.599 best=9.599 patience=0/4
temporal epoch=016/100 loss=11.07596 center_teacher=1.000 acq_teacher=1.000 capture=100.00% bank_capture=100.00% acq_acc=100.00% acq_conf=0.624 radius=0.0m pred_step=5.243 target_step=5.743 pred_v=5.292 target_v=5.743 val_mle=9.005m val_p90=11.033m val_speed_mae=2.720 heading=-1.1/-1.6deg val_progress_mae=7.910m val_heading_mae=31.1deg val_capture=96.15% val_bank=96.15% val_acq_acc=100.00% score=9.517 best=9.517 patience=0/4
temporal epoch=017/100 loss=11.12721 center_teacher=1.000 acq_teacher=1.000 capture=100.00% bank_capture=100.00% acq_acc=100.00% acq_conf=0.624 radius=0.0m pred_step=4.914 target_step=5.743 pred_v=5.002 target_v=5.743 val_mle=8.923m val_p90=10.940m val_speed_mae=2.542 heading=-1.1/-1.6deg val_progress_mae=7.817m val_heading_mae=31.1deg val_capture=96.15% val_bank=96.15% val_acq_acc=100.00% score=9.424 best=9.424 patience=0/4
temporal epoch=018/100 loss=11.10610 center_teacher=1.000 acq_teacher=1.000 capture=100.00% bank_capture=100.00% acq_acc=100.00% acq_conf=0.624 radius=0.0m pred_step=5.894 target_step=5.743 pred_v=5.858 target_v=5.743 val_mle=8.847m val_p90=10.848m val_speed_mae=2.607 heading=-1.1/-1.6deg val_progress_mae=7.729m val_heading_mae=31.1deg val_capture=96.15% val_bank=96.15% val_acq_acc=100.00% score=9.348 best=9.348 patience=0/4
temporal epoch=019/100 loss=11.00022 center_teacher=1.000 acq_teacher=1.000 capture=100.00% bank_capture=100.00% acq_acc=100.00% acq_conf=0.624 radius=0.0m pred_step=5.652 target_step=5.743 pred_v=5.643 target_v=5.743 val_mle=8.767m val_p90=10.744m val_speed_mae=3.111 heading=-1.1/-1.6deg val_progress_mae=7.637m val_heading_mae=31.1deg val_capture=96.15% val_bank=96.15% val_acq_acc=100.00% score=9.291 best=9.291 patience=0/4
temporal epoch=020/100 loss=11.23016 center_teacher=1.000 acq_teacher=1.000 capture=100.00% bank_capture=100.00% acq_acc=100.00% acq_conf=0.624 radius=0.0m pred_step=4.364 target_step=5.743 pred_v=4.513 target_v=5.743 val_mle=8.700m val_p90=10.663m val_speed_mae=2.556 heading=-1.2/-1.6deg val_progress_mae=7.557m val_heading_mae=31.1deg val_capture=96.15% val_bank=96.15% val_acq_acc=100.00% score=9.193 best=9.193 patience=0/4
temporal epoch=021/100 loss=11.15196 center_teacher=1.000 acq_teacher=1.000 capture=100.00% bank_capture=100.00% acq_acc=100.00% acq_conf=0.624 radius=0.0m pred_step=6.254 target_step=5.743 pred_v=6.162 target_v=5.743 val_mle=8.636m val_p90=10.579m val_speed_mae=2.991 heading=-1.1/-1.6deg val_progress_mae=7.482m val_heading_mae=31.1deg val_capture=96.15% val_bank=96.15% val_acq_acc=100.00% score=9.149 best=9.149 patience=0/4
temporal epoch=022/100 loss=10.99733 center_teacher=1.000 acq_teacher=1.000 capture=100.00% bank_capture=100.00% acq_acc=100.00% acq_conf=0.624 radius=0.0m pred_step=6.064 target_step=5.743 pred_v=5.995 target_v=5.743 val_mle=8.546m val_p90=10.462m val_speed_mae=5.386 heading=-1.2/-1.6deg val_progress_mae=7.377m val_heading_mae=31.1deg val_capture=96.15% val_bank=96.15% val_acq_acc=100.00% score=9.175 best=9.149 patience=1/4
temporal epoch=023/100 loss=12.83885 center_teacher=1.000 acq_teacher=1.000 capture=100.00% bank_capture=100.00% acq_acc=100.00% acq_conf=0.624 radius=0.0m pred_step=2.593 target_step=5.743 pred_v=2.938 target_v=5.743 val_mle=8.498m val_p90=10.409m val_speed_mae=2.521 heading=-1.3/-1.6deg val_progress_mae=7.320m val_heading_mae=31.1deg val_capture=96.15% val_bank=96.15% val_acq_acc=100.00% score=8.983 best=8.983 patience=0/4
temporal epoch=024/100 loss=11.50041 center_teacher=1.000 acq_teacher=1.000 capture=100.00% bank_capture=100.00% acq_acc=100.00% acq_conf=0.624 radius=0.0m pred_step=6.876 target_step=5.743 pred_v=6.697 target_v=5.743 val_mle=8.435m val_p90=10.365m val_speed_mae=3.698 heading=-1.2/-1.6deg val_progress_mae=7.241m val_heading_mae=31.1deg val_capture=96.15% val_bank=96.15% val_acq_acc=100.00% score=8.976 best=8.976 patience=0/4
temporal epoch=025/100 loss=10.88026 center_teacher=1.000 acq_teacher=1.000 capture=100.00% bank_capture=100.00% acq_acc=100.00% acq_conf=0.624 radius=0.0m pred_step=6.117 target_step=5.743 pred_v=6.040 target_v=5.743 val_mle=8.339m val_p90=10.257m val_speed_mae=5.649 heading=-1.3/-1.6deg val_progress_mae=7.132m val_heading_mae=31.1deg val_capture=96.15% val_bank=96.15% val_acq_acc=100.00% score=8.974 best=8.976 patience=1/4
temporal epoch=026/100 loss=13.35744 center_teacher=1.000 acq_teacher=1.000 capture=100.00% bank_capture=100.00% acq_acc=100.00% acq_conf=0.624 radius=0.0m pred_step=1.881 target_step=5.743 pred_v=2.204 target_v=5.743 val_mle=8.302m val_p90=10.228m val_speed_mae=3.238 heading=-1.5/-1.6deg val_progress_mae=7.089m val_heading_mae=31.1deg val_capture=96.15% val_bank=96.15% val_acq_acc=100.00% score=8.816 best=8.816 patience=0/4
temporal epoch=027/100 loss=10.91308 center_teacher=1.000 acq_teacher=1.000 capture=100.00% bank_capture=100.00% acq_acc=100.00% acq_conf=0.624 radius=0.0m pred_step=5.666 target_step=5.743 pred_v=5.641 target_v=5.743 val_mle=8.278m val_p90=10.229m val_speed_mae=6.045 heading=-1.4/-1.6deg val_progress_mae=7.056m val_heading_mae=31.1deg val_capture=96.15% val_bank=96.15% val_acq_acc=100.00% score=8.931 best=8.816 patience=1/4
temporal epoch=028/100 loss=12.35095 center_teacher=1.000 acq_teacher=1.000 capture=100.00% bank_capture=100.00% acq_acc=100.00% acq_conf=0.624 radius=0.0m pred_step=8.455 target_step=5.743 pred_v=8.079 target_v=5.743 val_mle=8.326m val_p90=10.178m val_speed_mae=5.620 heading=-1.4/-1.6deg val_progress_mae=7.100m val_heading_mae=31.1deg val_capture=96.15% val_bank=96.15% val_acq_acc=100.00% score=8.959 best=8.816 patience=2/4
temporal epoch=029/100 loss=13.95330 center_teacher=1.000 acq_teacher=1.000 capture=100.00% bank_capture=100.00% acq_acc=100.00% acq_conf=0.622 radius=0.0m pred_step=1.158 target_step=5.743 pred_v=1.380 target_v=5.743 val_mle=8.246m val_p90=10.095m val_speed_mae=5.664 heading=-1.8/-1.6deg val_progress_mae=7.003m val_heading_mae=31.2deg val_capture=96.15% val_bank=96.15% val_acq_acc=100.00% score=8.878 best=8.816 patience=3/4
temporal epoch=030/100 loss=14.28646 center_teacher=1.000 acq_teacher=1.000 capture=100.00% bank_capture=100.00% acq_acc=100.00% acq_conf=0.624 radius=0.0m pred_step=0.618 target_step=5.743 pred_v=0.781 target_v=5.743 val_mle=8.269m val_p90=10.135m val_speed_mae=5.611 heading=-2.0/-1.6deg val_progress_mae=7.037m val_heading_mae=31.2deg val_capture=96.15% val_bank=96.15% val_acq_acc=100.00% score=8.900 best=8.816 patience=4/4
EARLY STOP: controlled local-prior validation score did not improve by 0.003 for 4 epochs.
