[PREPARED] PASS | city=cityd | step=4 m | selection=soft_sequence_v13_multicity_auto_train_fullroute | existing GT/routes unchanged
[CADENCE] source=experiment_route_stats_train_01 | mean=5.465267 m | p90=10.039383 m | p95=12.083230 m
[OK] clean v39 runtime: Forward-18 SoftMS -> GRU -> Kalman -> one final MeanShift
[OK] weighted-centroid decoder removed from generated runtime source
[PATCH OK] GRU = current + delta + delta2 + SAT + SoftMS position + visual displacement + previous state
[PATCH OK] V5 3-frame direct acceleration + next-step correction
[PATCH OK] training/validation/inference motion starts from current-city cadence
[PATCH OK] Kalman = smooth confidence-adaptive measurement-preserving residual fusion
[PATCH OK] step corridor = continuous confidence relaxation
[PATCH OK] no held-out navigation result is read by this patch
[V39-BEARING] final-MS route-centerline reference patch: PASS
[ARCH-AUDIT] forward_18: PASS
[ARCH-AUDIT] base_geometry_6x6: PASS
[ARCH-AUDIT] front_softms_source: PASS
[ARCH-AUDIT] one_final_ms_source: PASS
[ARCH-AUDIT] front_decoder_softms: PASS
[ARCH-AUDIT] simple_seven_block_gru: PASS
[ARCH-AUDIT] residual_motion_head: PASS
[ARCH-AUDIT] causal_visual_displacement: PASS
[ARCH-AUDIT] cadence_initialized_tracker: PASS
[ARCH-AUDIT] motion_training_inference_aligned: PASS
[ARCH-AUDIT] training_city_motion_scale_init: PASS
[ARCH-AUDIT] forward_origin_backshift_covers_jitter: PASS
[ARCH-AUDIT] protocol: PASS
[ARCH-AUDIT] controlled_gt_reference_enabled: PASS
[ARCH-AUDIT] frame_count: PASS
[ARCH-AUDIT] gru_flag: PASS
[ARCH-AUDIT] kalman_flag: PASS
[TRAIN] reuse visual checkpoint /yh/study/uav-sat/v39_otherdata/formal_bearing_v5_smooth_20260920_233151/paper_temporal_multiseed_v3/seed_2033/cityd/train_frames2/checkpoints/visual_retrieval_A_only.pt
route_A: reuse UAV backbone cache
temporal split train=[0,136) val=[140,166) route_length=789.4m
City training-sequence mean forward step=5.530m/frame p90=10.147m/frame
temporal epoch=001/100 loss=14.25775 center_teacher=1.000 acq_teacher=1.000 capture=100.00% bank_capture=100.00% acq_acc=100.00% acq_conf=0.644 radius=0.0m pred_step=5.224 target_step=5.530 pred_v=5.253 target_v=5.530 val_mle=10.254m val_p90=12.561m val_speed_mae=3.020 heading=-0.0/0.7deg val_progress_mae=10.250m val_heading_mae=30.6deg val_capture=96.15% val_bank=96.15% val_acq_acc=100.00% score=10.850 best=10.850 patience=0/4
temporal epoch=002/100 loss=14.29827 center_teacher=1.000 acq_teacher=1.000 capture=100.00% bank_capture=100.00% acq_acc=100.00% acq_conf=0.644 radius=0.0m pred_step=4.363 target_step=5.530 pred_v=4.493 target_v=5.530 val_mle=10.087m val_p90=12.394m val_speed_mae=2.937 heading=-0.2/0.7deg val_progress_mae=10.078m val_heading_mae=30.6deg val_capture=96.15% val_bank=96.15% val_acq_acc=100.00% score=10.675 best=10.675 patience=0/4
temporal epoch=003/100 loss=14.02371 center_teacher=1.000 acq_teacher=1.000 capture=100.00% bank_capture=100.00% acq_acc=100.00% acq_conf=0.644 radius=0.0m pred_step=4.730 target_step=5.530 pred_v=4.819 target_v=5.530 val_mle=9.837m val_p90=12.153m val_speed_mae=2.915 heading=-0.3/0.7deg val_progress_mae=9.818m val_heading_mae=30.6deg val_capture=96.15% val_bank=96.15% val_acq_acc=100.00% score=10.415 best=10.415 patience=0/4
temporal epoch=004/100 loss=13.83044 center_teacher=1.000 acq_teacher=1.000 capture=100.00% bank_capture=100.00% acq_acc=100.00% acq_conf=0.644 radius=0.0m pred_step=5.435 target_step=5.530 pred_v=5.442 target_v=5.530 val_mle=9.538m val_p90=11.852m val_speed_mae=2.916 heading=-0.3/0.7deg val_progress_mae=9.508m val_heading_mae=30.6deg val_capture=96.15% val_bank=96.15% val_acq_acc=100.00% score=10.107 best=10.107 patience=0/4
temporal epoch=005/100 loss=13.63914 center_teacher=1.000 acq_teacher=1.000 capture=100.00% bank_capture=100.00% acq_acc=100.00% acq_conf=0.644 radius=0.0m pred_step=5.512 target_step=5.530 pred_v=5.513 target_v=5.530 val_mle=9.207m val_p90=11.520m val_speed_mae=2.912 heading=-0.3/0.7deg val_progress_mae=9.164m val_heading_mae=30.6deg val_capture=96.15% val_bank=96.15% val_acq_acc=100.00% score=9.766 best=9.766 patience=0/4
temporal epoch=006/100 loss=13.45821 center_teacher=1.000 acq_teacher=1.000 capture=100.00% bank_capture=100.00% acq_acc=100.00% acq_conf=0.644 radius=0.0m pred_step=4.850 target_step=5.530 pred_v=4.934 target_v=5.530 val_mle=8.907m val_p90=11.210m val_speed_mae=2.920 heading=-0.2/0.7deg val_progress_mae=8.849m val_heading_mae=30.6deg val_capture=96.15% val_bank=96.15% val_acq_acc=100.00% score=9.457 best=9.457 patience=0/4
temporal epoch=007/100 loss=13.32708 center_teacher=1.000 acq_teacher=1.000 capture=100.00% bank_capture=100.00% acq_acc=100.00% acq_conf=0.644 radius=0.0m pred_step=4.695 target_step=5.530 pred_v=4.802 target_v=5.530 val_mle=8.624m val_p90=10.936m val_speed_mae=2.913 heading=-0.3/0.7deg val_progress_mae=8.551m val_heading_mae=30.6deg val_capture=96.15% val_bank=96.15% val_acq_acc=100.00% score=9.164 best=9.164 patience=0/4
temporal epoch=008/100 loss=13.12718 center_teacher=1.000 acq_teacher=1.000 capture=100.00% bank_capture=100.00% acq_acc=100.00% acq_conf=0.644 radius=0.0m pred_step=5.203 target_step=5.530 pred_v=5.254 target_v=5.530 val_mle=8.386m val_p90=10.697m val_speed_mae=2.915 heading=-0.4/0.7deg val_progress_mae=8.298m val_heading_mae=30.6deg val_capture=96.15% val_bank=96.15% val_acq_acc=100.00% score=8.919 best=8.919 patience=0/4
temporal epoch=009/100 loss=13.07877 center_teacher=1.000 acq_teacher=1.000 capture=100.00% bank_capture=100.00% acq_acc=100.00% acq_conf=0.644 radius=0.0m pred_step=5.694 target_step=5.530 pred_v=5.688 target_v=5.530 val_mle=8.186m val_p90=10.497m val_speed_mae=2.914 heading=-0.5/0.7deg val_progress_mae=8.084m val_heading_mae=30.6deg val_capture=96.15% val_bank=96.15% val_acq_acc=100.00% score=8.712 best=8.712 patience=0/4
temporal epoch=010/100 loss=12.93581 center_teacher=1.000 acq_teacher=1.000 capture=100.00% bank_capture=100.00% acq_acc=100.00% acq_conf=0.645 radius=0.0m pred_step=5.392 target_step=5.530 pred_v=5.422 target_v=5.530 val_mle=8.018m val_p90=10.328m val_speed_mae=2.911 heading=-0.6/0.7deg val_progress_mae=7.902m val_heading_mae=30.6deg val_capture=96.15% val_bank=96.15% val_acq_acc=100.00% score=8.538 best=8.538 patience=0/4
temporal epoch=011/100 loss=12.87952 center_teacher=1.000 acq_teacher=1.000 capture=100.00% bank_capture=100.00% acq_acc=100.00% acq_conf=0.645 radius=0.0m pred_step=4.863 target_step=5.530 pred_v=4.953 target_v=5.530 val_mle=7.890m val_p90=10.190m val_speed_mae=2.908 heading=-0.6/0.7deg val_progress_mae=7.764m val_heading_mae=30.6deg val_capture=96.15% val_bank=96.15% val_acq_acc=100.00% score=8.407 best=8.407 patience=0/4
temporal epoch=012/100 loss=12.86591 center_teacher=1.000 acq_teacher=1.000 capture=100.00% bank_capture=100.00% acq_acc=100.00% acq_conf=0.645 radius=0.0m pred_step=4.721 target_step=5.530 pred_v=4.826 target_v=5.530 val_mle=7.769m val_p90=10.078m val_speed_mae=2.910 heading=-0.6/0.7deg val_progress_mae=7.633m val_heading_mae=30.6deg val_capture=96.15% val_bank=96.15% val_acq_acc=100.00% score=8.281 best=8.281 patience=0/4
temporal epoch=013/100 loss=12.80211 center_teacher=1.000 acq_teacher=1.000 capture=100.00% bank_capture=100.00% acq_acc=100.00% acq_conf=0.645 radius=0.0m pred_step=5.179 target_step=5.530 pred_v=5.226 target_v=5.530 val_mle=7.675m val_p90=9.985m val_speed_mae=2.911 heading=-0.6/0.7deg val_progress_mae=7.532m val_heading_mae=30.6deg val_capture=96.15% val_bank=96.15% val_acq_acc=100.00% score=8.185 best=8.185 patience=0/4
temporal epoch=014/100 loss=12.75970 center_teacher=1.000 acq_teacher=1.000 capture=100.00% bank_capture=100.00% acq_acc=100.00% acq_conf=0.647 radius=0.0m pred_step=5.500 target_step=5.530 pred_v=5.509 target_v=5.530 val_mle=7.591m val_p90=9.900m val_speed_mae=2.907 heading=-0.7/0.7deg val_progress_mae=7.441m val_heading_mae=30.6deg val_capture=96.15% val_bank=96.15% val_acq_acc=100.00% score=8.097 best=8.097 patience=0/4
temporal epoch=015/100 loss=12.57813 center_teacher=1.000 acq_teacher=1.000 capture=100.00% bank_capture=100.00% acq_acc=100.00% acq_conf=0.645 radius=0.0m pred_step=4.965 target_step=5.530 pred_v=5.038 target_v=5.530 val_mle=7.527m val_p90=9.828m val_speed_mae=2.902 heading=-0.8/0.7deg val_progress_mae=7.372m val_heading_mae=30.6deg val_capture=96.15% val_bank=96.15% val_acq_acc=100.00% score=8.032 best=8.032 patience=0/4
temporal epoch=016/100 loss=12.59344 center_teacher=1.000 acq_teacher=1.000 capture=100.00% bank_capture=100.00% acq_acc=100.00% acq_conf=0.647 radius=0.0m pred_step=4.666 target_step=5.530 pred_v=4.776 target_v=5.530 val_mle=7.470m val_p90=9.783m val_speed_mae=2.903 heading=-0.9/0.7deg val_progress_mae=7.313m val_heading_mae=30.6deg val_capture=96.15% val_bank=96.15% val_acq_acc=100.00% score=7.973 best=7.973 patience=0/4
temporal epoch=017/100 loss=12.61564 center_teacher=1.000 acq_teacher=1.000 capture=100.00% bank_capture=100.00% acq_acc=100.00% acq_conf=0.647 radius=0.0m pred_step=5.512 target_step=5.530 pred_v=5.516 target_v=5.530 val_mle=7.428m val_p90=9.746m val_speed_mae=2.900 heading=-0.9/0.7deg val_progress_mae=7.268m val_heading_mae=30.6deg val_capture=96.15% val_bank=96.15% val_acq_acc=100.00% score=7.929 best=7.929 patience=0/4
temporal epoch=018/100 loss=12.49693 center_teacher=1.000 acq_teacher=1.000 capture=100.00% bank_capture=100.00% acq_acc=100.00% acq_conf=0.647 radius=0.0m pred_step=5.173 target_step=5.530 pred_v=5.216 target_v=5.530 val_mle=7.387m val_p90=9.702m val_speed_mae=2.975 heading=-0.9/0.7deg val_progress_mae=7.226m val_heading_mae=30.6deg val_capture=96.15% val_bank=96.15% val_acq_acc=100.00% score=7.891 best=7.891 patience=0/4
temporal epoch=019/100 loss=12.57581 center_teacher=1.000 acq_teacher=1.000 capture=100.00% bank_capture=100.00% acq_acc=100.00% acq_conf=0.648 radius=0.0m pred_step=4.137 target_step=5.530 pred_v=4.306 target_v=5.530 val_mle=7.377m val_p90=9.711m val_speed_mae=3.895 heading=-1.0/0.7deg val_progress_mae=7.218m val_heading_mae=30.6deg val_capture=96.15% val_bank=96.15% val_acq_acc=100.00% score=7.926 best=7.891 patience=1/4
temporal epoch=020/100 loss=13.51659 center_teacher=1.000 acq_teacher=1.000 capture=100.00% bank_capture=100.00% acq_acc=100.00% acq_conf=0.648 radius=0.0m pred_step=7.227 target_step=5.530 pred_v=7.023 target_v=5.530 val_mle=7.361m val_p90=9.661m val_speed_mae=2.880 heading=-1.1/0.7deg val_progress_mae=7.201m val_heading_mae=30.6deg val_capture=96.15% val_bank=96.15% val_acq_acc=100.00% score=7.859 best=7.859 patience=0/4
temporal epoch=021/100 loss=13.14401 center_teacher=1.000 acq_teacher=1.000 capture=100.00% bank_capture=100.00% acq_acc=100.00% acq_conf=0.648 radius=0.0m pred_step=3.309 target_step=5.530 pred_v=3.588 target_v=5.530 val_mle=7.623m val_p90=9.930m val_speed_mae=2.881 heading=-1.3/0.7deg val_progress_mae=7.298m val_heading_mae=30.6deg val_capture=96.15% val_bank=96.15% val_acq_acc=100.00% score=8.124 best=7.859 patience=1/4
temporal epoch=022/100 loss=13.23932 center_teacher=1.000 acq_teacher=1.000 capture=100.00% bank_capture=100.00% acq_acc=100.00% acq_conf=0.648 radius=0.0m pred_step=6.406 target_step=5.530 pred_v=6.302 target_v=5.530 val_mle=7.446m val_p90=9.959m val_speed_mae=6.915 heading=-1.3/0.7deg val_progress_mae=7.273m val_heading_mae=30.6deg val_capture=96.15% val_bank=96.15% val_acq_acc=100.00% score=8.148 best=7.859 patience=2/4
temporal epoch=023/100 loss=13.49947 center_teacher=1.000 acq_teacher=1.000 capture=100.00% bank_capture=100.00% acq_acc=100.00% acq_conf=0.648 radius=0.0m pred_step=7.509 target_step=5.530 pred_v=7.273 target_v=5.530 val_mle=7.594m val_p90=9.850m val_speed_mae=5.380 heading=-1.3/0.7deg val_progress_mae=7.240m val_heading_mae=30.6deg val_capture=96.15% val_bank=96.15% val_acq_acc=100.00% score=8.218 best=7.859 patience=3/4
temporal epoch=024/100 loss=15.92460 center_teacher=1.000 acq_teacher=1.000 capture=100.00% bank_capture=100.00% acq_acc=100.00% acq_conf=0.646 radius=0.0m pred_step=0.795 target_step=5.530 pred_v=1.037 target_v=5.530 val_mle=7.572m val_p90=9.832m val_speed_mae=5.393 heading=-1.8/0.7deg val_progress_mae=7.219m val_heading_mae=30.6deg val_capture=96.15% val_bank=96.15% val_acq_acc=100.00% score=8.196 best=7.859 patience=4/4
EARLY STOP: controlled local-prior validation score did not improve by 0.003 for 4 epochs.
