[PREPARED] PASS | city=citya | step=4 m | selection=soft_sequence_v13_multicity_auto_train_fullroute | existing GT/routes unchanged
[CADENCE] source=experiment_route_stats_train_01 | mean=5.603307 m | p90=10.304821 m | p95=11.938275 m
[OK] clean v39 runtime: Forward-18 SoftMS -> GRU -> Kalman -> one final MeanShift
[OK] weighted-centroid decoder removed from generated runtime source
[PATCH OK] GRU = current + delta + delta2 + SAT + SoftMS position + visual displacement + previous state
[PATCH OK] V5 3-frame direct acceleration + next-step correction
[PATCH OK] training/validation/inference motion starts from current-city cadence
[PATCH OK] Kalman = smooth confidence-adaptive measurement-preserving residual fusion
[PATCH OK] step corridor = continuous confidence relaxation
[PATCH OK] no held-out navigation result is read by this patch
[V39-BEARING] final-MS route-centerline reference patch: PASS
[ARCH-AUDIT] forward_18: PASS
[ARCH-AUDIT] base_geometry_6x6: PASS
[ARCH-AUDIT] front_softms_source: PASS
[ARCH-AUDIT] one_final_ms_source: PASS
[ARCH-AUDIT] front_decoder_softms: PASS
[ARCH-AUDIT] simple_seven_block_gru: PASS
[ARCH-AUDIT] residual_motion_head: PASS
[ARCH-AUDIT] causal_visual_displacement: PASS
[ARCH-AUDIT] cadence_initialized_tracker: PASS
[ARCH-AUDIT] motion_training_inference_aligned: PASS
[ARCH-AUDIT] training_city_motion_scale_init: PASS
[ARCH-AUDIT] forward_origin_backshift_covers_jitter: PASS
[ARCH-AUDIT] protocol: PASS
[ARCH-AUDIT] controlled_gt_reference_enabled: PASS
[ARCH-AUDIT] frame_count: PASS
[ARCH-AUDIT] gru_flag: PASS
[ARCH-AUDIT] kalman_flag: PASS
[TRAIN] reuse visual checkpoint /yh/study/uav-sat/v39_otherdata/formal_bearing_v5_smooth_20260920_233151/paper_temporal_multiseed_v3/seed_2033/citya/train_frames3/checkpoints/visual_retrieval_A_only.pt
route_A: reuse UAV backbone cache
temporal split train=[0,135) val=[139,165) route_length=789.4m
City training-sequence mean forward step=5.543m/frame p90=10.326m/frame
temporal epoch=001/100 loss=10.67750 center_teacher=1.000 acq_teacher=1.000 capture=100.00% bank_capture=100.00% acq_acc=100.00% acq_conf=0.695 radius=0.0m pred_step=5.452 target_step=5.543 pred_v=5.489 target_v=5.543 val_mle=11.692m val_p90=13.891m val_speed_mae=3.599 heading=-0.1/-1.7deg val_progress_mae=11.132m val_heading_mae=39.8deg val_capture=96.15% val_bank=96.15% val_acq_acc=100.00% score=12.363 best=12.363 patience=0/4
temporal epoch=002/100 loss=11.14502 center_teacher=1.000 acq_teacher=1.000 capture=100.00% bank_capture=100.00% acq_acc=100.00% acq_conf=0.694 radius=0.0m pred_step=4.247 target_step=5.543 pred_v=4.488 target_v=5.543 val_mle=11.602m val_p90=13.791m val_speed_mae=3.368 heading=-0.3/-1.7deg val_progress_mae=11.030m val_heading_mae=39.7deg val_capture=96.15% val_bank=96.15% val_acq_acc=100.00% score=12.258 best=12.258 patience=0/4
temporal epoch=003/100 loss=10.56522 center_teacher=1.000 acq_teacher=1.000 capture=100.00% bank_capture=100.00% acq_acc=100.00% acq_conf=0.695 radius=0.0m pred_step=4.785 target_step=5.543 pred_v=4.924 target_v=5.543 val_mle=11.462m val_p90=13.654m val_speed_mae=2.877 heading=-0.2/-1.7deg val_progress_mae=10.876m val_heading_mae=39.7deg val_capture=96.15% val_bank=96.15% val_acq_acc=100.00% score=12.088 best=12.088 patience=0/4
temporal epoch=004/100 loss=10.46691 center_teacher=1.000 acq_teacher=1.000 capture=100.00% bank_capture=100.00% acq_acc=100.00% acq_conf=0.695 radius=0.0m pred_step=5.749 target_step=5.543 pred_v=5.720 target_v=5.543 val_mle=11.295m val_p90=13.484m val_speed_mae=2.954 heading=-0.1/-1.7deg val_progress_mae=10.688m val_heading_mae=39.7deg val_capture=96.15% val_bank=96.15% val_acq_acc=100.00% score=11.920 best=11.920 patience=0/4
temporal epoch=005/100 loss=10.33196 center_teacher=1.000 acq_teacher=1.000 capture=100.00% bank_capture=100.00% acq_acc=100.00% acq_conf=0.695 radius=0.0m pred_step=5.820 target_step=5.543 pred_v=5.770 target_v=5.543 val_mle=11.099m val_p90=13.285m val_speed_mae=2.913 heading=-0.3/-1.7deg val_progress_mae=10.469m val_heading_mae=39.8deg val_capture=96.15% val_bank=96.15% val_acq_acc=100.00% score=11.715 best=11.715 patience=0/4
temporal epoch=006/100 loss=10.11722 center_teacher=1.000 acq_teacher=1.000 capture=100.00% bank_capture=100.00% acq_acc=100.00% acq_conf=0.694 radius=0.0m pred_step=5.082 target_step=5.543 pred_v=5.142 target_v=5.543 val_mle=10.889m val_p90=13.068m val_speed_mae=3.522 heading=-0.5/-1.7deg val_progress_mae=10.236m val_heading_mae=39.8deg val_capture=96.15% val_bank=96.15% val_acq_acc=100.00% score=11.529 best=11.529 patience=0/4
temporal epoch=007/100 loss=10.33508 center_teacher=1.000 acq_teacher=1.000 capture=100.00% bank_capture=100.00% acq_acc=100.00% acq_conf=0.695 radius=0.0m pred_step=4.316 target_step=5.543 pred_v=4.489 target_v=5.543 val_mle=10.671m val_p90=12.847m val_speed_mae=3.685 heading=-0.7/-1.7deg val_progress_mae=10.001m val_heading_mae=39.8deg val_capture=96.15% val_bank=96.15% val_acq_acc=100.00% score=11.312 best=11.312 patience=0/4
temporal epoch=008/100 loss=10.08203 center_teacher=1.000 acq_teacher=1.000 capture=100.00% bank_capture=100.00% acq_acc=100.00% acq_conf=0.695 radius=0.0m pred_step=4.378 target_step=5.543 pred_v=4.526 target_v=5.543 val_mle=10.465m val_p90=12.643m val_speed_mae=3.093 heading=-0.6/-1.7deg val_progress_mae=9.785m val_heading_mae=39.8deg val_capture=96.15% val_bank=96.15% val_acq_acc=100.00% score=11.070 best=11.070 patience=0/4
temporal epoch=009/100 loss=9.71069 center_teacher=1.000 acq_teacher=1.000 capture=100.00% bank_capture=100.00% acq_acc=100.00% acq_conf=0.694 radius=0.0m pred_step=5.056 target_step=5.543 pred_v=5.081 target_v=5.543 val_mle=10.292m val_p90=12.479m val_speed_mae=2.882 heading=-0.4/-1.7deg val_progress_mae=9.607m val_heading_mae=39.8deg val_capture=96.15% val_bank=96.15% val_acq_acc=100.00% score=10.881 best=10.881 patience=0/4
temporal epoch=010/100 loss=9.61786 center_teacher=1.000 acq_teacher=1.000 capture=100.00% bank_capture=100.00% acq_acc=100.00% acq_conf=0.694 radius=0.0m pred_step=5.493 target_step=5.543 pred_v=5.432 target_v=5.543 val_mle=10.168m val_p90=12.357m val_speed_mae=2.899 heading=-0.5/-1.7deg val_progress_mae=9.480m val_heading_mae=39.8deg val_capture=96.15% val_bank=96.15% val_acq_acc=100.00% score=10.754 best=10.754 patience=0/4
temporal epoch=011/100 loss=9.53976 center_teacher=1.000 acq_teacher=1.000 capture=100.00% bank_capture=100.00% acq_acc=100.00% acq_conf=0.695 radius=0.0m pred_step=5.208 target_step=5.543 pred_v=5.183 target_v=5.543 val_mle=10.100m val_p90=12.281m val_speed_mae=3.163 heading=-0.6/-1.7deg val_progress_mae=9.409m val_heading_mae=39.8deg val_capture=96.15% val_bank=96.15% val_acq_acc=100.00% score=10.697 best=10.697 patience=0/4
temporal epoch=012/100 loss=9.59188 center_teacher=1.000 acq_teacher=1.000 capture=100.00% bank_capture=100.00% acq_acc=100.00% acq_conf=0.695 radius=0.0m pred_step=4.654 target_step=5.543 pred_v=4.703 target_v=5.543 val_mle=10.084m val_p90=12.259m val_speed_mae=3.166 heading=-0.7/-1.7deg val_progress_mae=9.394m val_heading_mae=39.8deg val_capture=96.15% val_bank=96.15% val_acq_acc=100.00% score=10.680 best=10.680 patience=0/4
temporal epoch=013/100 loss=9.41806 center_teacher=1.000 acq_teacher=1.000 capture=100.00% bank_capture=100.00% acq_acc=100.00% acq_conf=0.695 radius=0.0m pred_step=4.804 target_step=5.543 pred_v=4.822 target_v=5.543 val_mle=10.112m val_p90=12.291m val_speed_mae=2.887 heading=-0.7/-1.7deg val_progress_mae=9.428m val_heading_mae=39.8deg val_capture=96.15% val_bank=96.15% val_acq_acc=100.00% score=10.696 best=10.680 patience=1/4
temporal epoch=014/100 loss=9.41930 center_teacher=1.000 acq_teacher=1.000 capture=100.00% bank_capture=100.00% acq_acc=100.00% acq_conf=0.695 radius=0.0m pred_step=5.510 target_step=5.543 pred_v=5.407 target_v=5.543 val_mle=10.170m val_p90=12.344m val_speed_mae=2.997 heading=-0.7/-1.7deg val_progress_mae=9.491m val_heading_mae=39.8deg val_capture=96.15% val_bank=96.15% val_acq_acc=100.00% score=10.761 best=10.680 patience=2/4
temporal epoch=015/100 loss=9.33413 center_teacher=1.000 acq_teacher=1.000 capture=100.00% bank_capture=100.00% acq_acc=100.00% acq_conf=0.696 radius=0.0m pred_step=5.577 target_step=5.543 pred_v=5.462 target_v=5.543 val_mle=10.238m val_p90=12.424m val_speed_mae=2.977 heading=-0.7/-1.7deg val_progress_mae=9.565m val_heading_mae=39.9deg val_capture=96.15% val_bank=96.15% val_acq_acc=100.00% score=10.830 best=10.680 patience=3/4
temporal epoch=016/100 loss=9.31967 center_teacher=1.000 acq_teacher=1.000 capture=100.00% bank_capture=100.00% acq_acc=100.00% acq_conf=0.696 radius=0.0m pred_step=4.478 target_step=5.543 pred_v=4.526 target_v=5.543 val_mle=10.311m val_p90=12.521m val_speed_mae=2.896 heading=-0.8/-1.7deg val_progress_mae=9.645m val_heading_mae=39.9deg val_capture=96.15% val_bank=96.15% val_acq_acc=100.00% score=10.902 best=10.680 patience=4/4
EARLY STOP: controlled local-prior validation score did not improve by 0.003 for 4 epochs.
[FORMAL TRAIN-ONLY V5 CALIBRATION] {"confidence_power": 0.5, "delta2_scale": 0.0, "fixed_variance_m2": 25.0, "objective": 10.954695567435934, "prior_blend_base": 0.05, "prior_blend_cutoff": 0.7, "prior_blend_lowconf_gain": 0.3, "prior_blend_max": 0.3, "q_cross": 0.4, "q_progress": 1.5, "q_velocity": 1.0, "stage": "step", "step_relax_confidence": 0.0, "step_relax_width": 0.05, "step_visual_slack_m": 10.0, "temporal_3frame_scale": 0.9, "val_mle_m": 9.82791760444773, "val_p90_m": 12.167316223873234, "val_progress_mae": 9.055077384544527, "val_speed_mae": 3.1420945616449814}
