[PREPARED] PASS | city=cityb | step=4 m | selection=soft_sequence_v13_multicity_auto_train_fullroute | existing GT/routes unchanged
[CADENCE] source=experiment_route_stats_train_01 | mean=5.550783 m | p90=9.862441 m | p95=11.094216 m
[OK] clean v39 runtime: Forward-18 SoftMS -> GRU -> Kalman -> one final MeanShift
[OK] weighted-centroid decoder removed from generated runtime source
[PATCH OK] GRU = current + delta + delta2 + SAT + SoftMS position + visual displacement + previous state
[PATCH OK] 3-frame delta2 directly corrects acceleration + next_step
[PATCH OK] training/validation/inference motion starts from current-city cadence
[PATCH OK] Kalman = smooth confidence-adaptive measurement-preserving residual fusion
[PATCH OK] step corridor = continuous confidence relaxation
[PATCH OK] no held-out navigation result is read by this patch
[V39-BEARING] final-MS route-centerline reference patch: PASS
[ARCH-AUDIT] forward_18: PASS
[ARCH-AUDIT] base_geometry_6x6: PASS
[ARCH-AUDIT] front_softms_source: PASS
[ARCH-AUDIT] one_final_ms_source: PASS
[ARCH-AUDIT] front_decoder_softms: PASS
[ARCH-AUDIT] simple_seven_block_gru: PASS
[ARCH-AUDIT] residual_motion_head: PASS
[ARCH-AUDIT] causal_visual_displacement: PASS
[ARCH-AUDIT] cadence_initialized_tracker: PASS
[ARCH-AUDIT] motion_training_inference_aligned: PASS
[ARCH-AUDIT] training_city_motion_scale_init: PASS
[ARCH-AUDIT] forward_origin_backshift_covers_jitter: PASS
[ARCH-AUDIT] protocol: PASS
[ARCH-AUDIT] controlled_gt_reference_enabled: PASS
[ARCH-AUDIT] frame_count: PASS
[ARCH-AUDIT] gru_flag: PASS
[ARCH-AUDIT] kalman_flag: PASS
[TRAIN] reuse visual checkpoint /yh/study/uav-sat/v39_otherdata/output/minimal_loss_correct_gt_20260921_223816/cityb/train_frames2/checkpoints/visual_retrieval_A_only.pt
route_A: reuse UAV backbone cache
temporal split train=[0,135) val=[139,164) route_length=781.2m
City training-sequence mean forward step=5.317m/frame p90=9.734m/frame
temporal epoch=001/100 loss=10.61428 center_teacher=1.000 acq_teacher=1.000 capture=100.00% bank_capture=100.00% acq_acc=100.00% acq_conf=0.714 radius=0.0m pred_step=5.253 target_step=5.317 pred_v=5.289 target_v=5.317 val_mle=11.169m val_p90=13.846m val_speed_mae=2.939 heading=-0.1/2.4deg val_progress_mae=11.306m val_heading_mae=31.9deg val_capture=84.00% val_bank=84.00% val_acq_acc=100.00% score=12.038 best=12.038 patience=0/8
temporal epoch=002/100 loss=10.92023 center_teacher=1.000 acq_teacher=1.000 capture=100.00% bank_capture=100.00% acq_acc=100.00% acq_conf=0.719 radius=0.0m pred_step=4.283 target_step=5.317 pred_v=4.436 target_v=5.317 val_mle=11.075m val_p90=13.750m val_speed_mae=2.792 heading=0.1/2.4deg val_progress_mae=11.201m val_heading_mae=31.9deg val_capture=84.00% val_bank=84.00% val_acq_acc=100.00% score=11.934 best=11.934 patience=0/8
temporal epoch=003/100 loss=10.58542 center_teacher=1.000 acq_teacher=1.000 capture=100.00% bank_capture=100.00% acq_acc=100.00% acq_conf=0.719 radius=0.0m pred_step=4.737 target_step=5.317 pred_v=4.835 target_v=5.317 val_mle=10.949m val_p90=13.614m val_speed_mae=2.756 heading=0.1/2.4deg val_progress_mae=11.063m val_heading_mae=31.9deg val_capture=84.00% val_bank=84.00% val_acq_acc=100.00% score=11.802 best=11.802 patience=0/8
temporal epoch=004/100 loss=10.34148 center_teacher=1.000 acq_teacher=1.000 capture=100.00% bank_capture=100.00% acq_acc=100.00% acq_conf=0.714 radius=0.0m pred_step=5.452 target_step=5.317 pred_v=5.464 target_v=5.317 val_mle=10.796m val_p90=13.450m val_speed_mae=2.839 heading=-0.1/2.4deg val_progress_mae=10.874m val_heading_mae=31.8deg val_capture=84.00% val_bank=84.00% val_acq_acc=100.00% score=11.648 best=11.648 patience=0/8
temporal epoch=005/100 loss=10.24884 center_teacher=1.000 acq_teacher=1.000 capture=100.00% bank_capture=100.00% acq_acc=100.00% acq_conf=0.714 radius=0.0m pred_step=5.648 target_step=5.317 pred_v=5.636 target_v=5.317 val_mle=10.614m val_p90=13.259m val_speed_mae=2.769 heading=-0.2/2.4deg val_progress_mae=10.672m val_heading_mae=31.8deg val_capture=84.00% val_bank=84.00% val_acq_acc=100.00% score=11.456 best=11.456 patience=0/8
temporal epoch=006/100 loss=10.12426 center_teacher=1.000 acq_teacher=1.000 capture=100.00% bank_capture=100.00% acq_acc=100.00% acq_conf=0.714 radius=0.0m pred_step=5.301 target_step=5.317 pred_v=5.331 target_v=5.317 val_mle=10.401m val_p90=13.050m val_speed_mae=2.737 heading=-0.2/2.4deg val_progress_mae=10.456m val_heading_mae=31.8deg val_capture=84.00% val_bank=84.00% val_acq_acc=100.00% score=11.235 best=11.235 patience=0/8
temporal epoch=007/100 loss=10.11190 center_teacher=1.000 acq_teacher=1.000 capture=100.00% bank_capture=100.00% acq_acc=100.00% acq_conf=0.714 radius=0.0m pred_step=4.801 target_step=5.317 pred_v=4.891 target_v=5.317 val_mle=10.176m val_p90=12.816m val_speed_mae=2.809 heading=-0.1/2.4deg val_progress_mae=10.209m val_heading_mae=31.9deg val_capture=84.00% val_bank=84.00% val_acq_acc=100.00% score=11.006 best=11.006 patience=0/8
temporal epoch=008/100 loss=10.13696 center_teacher=1.000 acq_teacher=1.000 capture=100.00% bank_capture=100.00% acq_acc=100.00% acq_conf=0.719 radius=0.0m pred_step=4.533 target_step=5.317 pred_v=4.656 target_v=5.317 val_mle=9.935m val_p90=12.564m val_speed_mae=2.778 heading=0.0/2.4deg val_progress_mae=9.946m val_heading_mae=31.9deg val_capture=84.00% val_bank=84.00% val_acq_acc=100.00% score=10.756 best=10.756 patience=0/8
temporal epoch=009/100 loss=9.91703 center_teacher=1.000 acq_teacher=1.000 capture=100.00% bank_capture=100.00% acq_acc=100.00% acq_conf=0.717 radius=0.0m pred_step=4.688 target_step=5.317 pred_v=4.792 target_v=5.317 val_mle=9.681m val_p90=12.297m val_speed_mae=2.734 heading=-0.0/2.4deg val_progress_mae=9.674m val_heading_mae=31.9deg val_capture=84.00% val_bank=84.00% val_acq_acc=100.00% score=10.492 best=10.492 patience=0/8
temporal epoch=010/100 loss=9.70377 center_teacher=1.000 acq_teacher=1.000 capture=100.00% bank_capture=100.00% acq_acc=100.00% acq_conf=0.714 radius=0.0m pred_step=4.961 target_step=5.317 pred_v=5.032 target_v=5.317 val_mle=9.421m val_p90=12.021m val_speed_mae=2.724 heading=-0.1/2.4deg val_progress_mae=9.400m val_heading_mae=31.8deg val_capture=84.00% val_bank=84.00% val_acq_acc=100.00% score=10.223 best=10.223 patience=0/8
temporal epoch=011/100 loss=9.60481 center_teacher=1.000 acq_teacher=1.000 capture=100.00% bank_capture=100.00% acq_acc=100.00% acq_conf=0.714 radius=0.0m pred_step=5.033 target_step=5.317 pred_v=5.095 target_v=5.317 val_mle=9.177m val_p90=11.762m val_speed_mae=2.756 heading=-0.1/2.4deg val_progress_mae=9.145m val_heading_mae=31.8deg val_capture=84.00% val_bank=84.00% val_acq_acc=100.00% score=9.972 best=9.972 patience=0/8
temporal epoch=012/100 loss=9.69336 center_teacher=1.000 acq_teacher=1.000 capture=100.00% bank_capture=100.00% acq_acc=100.00% acq_conf=0.715 radius=0.0m pred_step=4.618 target_step=5.317 pred_v=4.730 target_v=5.317 val_mle=8.999m val_p90=11.570m val_speed_mae=2.833 heading=-0.0/2.4deg val_progress_mae=8.967m val_heading_mae=31.9deg val_capture=84.00% val_bank=84.00% val_acq_acc=100.00% score=9.794 best=9.794 patience=0/8
temporal epoch=013/100 loss=9.67884 center_teacher=1.000 acq_teacher=1.000 capture=100.00% bank_capture=100.00% acq_acc=100.00% acq_conf=0.719 radius=0.0m pred_step=4.511 target_step=5.317 pred_v=4.636 target_v=5.317 val_mle=8.897m val_p90=11.456m val_speed_mae=2.730 heading=0.1/2.4deg val_progress_mae=8.871m val_heading_mae=31.9deg val_capture=84.00% val_bank=84.00% val_acq_acc=100.00% score=9.683 best=9.683 patience=0/8
temporal epoch=014/100 loss=9.46329 center_teacher=1.000 acq_teacher=1.000 capture=100.00% bank_capture=100.00% acq_acc=100.00% acq_conf=0.718 radius=0.0m pred_step=4.975 target_step=5.317 pred_v=5.044 target_v=5.317 val_mle=8.845m val_p90=11.393m val_speed_mae=2.796 heading=0.1/2.4deg val_progress_mae=8.831m val_heading_mae=31.9deg val_capture=84.00% val_bank=84.00% val_acq_acc=100.00% score=9.634 best=9.634 patience=0/8
temporal epoch=015/100 loss=9.41369 center_teacher=1.000 acq_teacher=1.000 capture=100.00% bank_capture=100.00% acq_acc=100.00% acq_conf=0.718 radius=0.0m pred_step=5.480 target_step=5.317 pred_v=5.489 target_v=5.317 val_mle=8.824m val_p90=11.365m val_speed_mae=2.723 heading=-0.0/2.4deg val_progress_mae=8.820m val_heading_mae=31.9deg val_capture=84.00% val_bank=84.00% val_acq_acc=100.00% score=9.608 best=9.608 patience=0/8
temporal epoch=016/100 loss=9.49719 center_teacher=1.000 acq_teacher=1.000 capture=100.00% bank_capture=100.00% acq_acc=100.00% acq_conf=0.719 radius=0.0m pred_step=4.787 target_step=5.317 pred_v=4.879 target_v=5.317 val_mle=8.842m val_p90=11.381m val_speed_mae=2.873 heading=0.0/2.4deg val_progress_mae=8.849m val_heading_mae=31.9deg val_capture=84.00% val_bank=84.00% val_acq_acc=100.00% score=9.635 best=9.608 patience=1/8
temporal epoch=017/100 loss=9.58705 center_teacher=1.000 acq_teacher=1.000 capture=100.00% bank_capture=100.00% acq_acc=100.00% acq_conf=0.719 radius=0.0m pred_step=4.313 target_step=5.317 pred_v=4.462 target_v=5.317 val_mle=8.920m val_p90=11.455m val_speed_mae=2.743 heading=0.1/2.4deg val_progress_mae=8.942m val_heading_mae=31.9deg val_capture=84.00% val_bank=84.00% val_acq_acc=100.00% score=9.709 best=9.608 patience=2/8
temporal epoch=018/100 loss=9.29257 center_teacher=1.000 acq_teacher=1.000 capture=100.00% bank_capture=100.00% acq_acc=100.00% acq_conf=0.719 radius=0.0m pred_step=5.411 target_step=5.317 pred_v=5.427 target_v=5.317 val_mle=9.015m val_p90=11.545m val_speed_mae=2.741 heading=0.0/2.4deg val_progress_mae=9.048m val_heading_mae=31.9deg val_capture=84.00% val_bank=84.00% val_acq_acc=100.00% score=9.807 best=9.608 patience=3/8
temporal epoch=019/100 loss=9.31062 center_teacher=1.000 acq_teacher=1.000 capture=100.00% bank_capture=100.00% acq_acc=100.00% acq_conf=0.719 radius=0.0m pred_step=4.829 target_step=5.317 pred_v=4.917 target_v=5.317 val_mle=8.990m val_p90=11.502m val_speed_mae=4.037 heading=0.2/2.4deg val_progress_mae=9.020m val_heading_mae=31.9deg val_capture=84.00% val_bank=84.00% val_acq_acc=100.00% score=9.846 best=9.608 patience=4/8
temporal epoch=020/100 loss=9.95624 center_teacher=1.000 acq_teacher=1.000 capture=100.00% bank_capture=100.00% acq_acc=100.00% acq_conf=0.719 radius=0.0m pred_step=3.240 target_step=5.317 pred_v=3.519 target_v=5.317 val_mle=8.954m val_p90=11.458m val_speed_mae=2.847 heading=0.3/2.4deg val_progress_mae=8.962m val_heading_mae=31.8deg val_capture=84.00% val_bank=84.00% val_acq_acc=100.00% score=9.749 best=9.608 patience=5/8
temporal epoch=021/100 loss=9.59867 center_teacher=1.000 acq_teacher=1.000 capture=100.00% bank_capture=100.00% acq_acc=100.00% acq_conf=0.714 radius=0.0m pred_step=6.317 target_step=5.317 pred_v=6.225 target_v=5.317 val_mle=8.737m val_p90=11.252m val_speed_mae=2.845 heading=-0.2/2.4deg val_progress_mae=8.754m val_heading_mae=31.9deg val_capture=84.00% val_bank=84.00% val_acq_acc=100.00% score=9.526 best=9.526 patience=0/8
temporal epoch=022/100 loss=8.95406 center_teacher=1.000 acq_teacher=1.000 capture=100.00% bank_capture=100.00% acq_acc=100.00% acq_conf=0.720 radius=0.0m pred_step=4.874 target_step=5.317 pred_v=4.960 target_v=5.317 val_mle=8.682m val_p90=11.169m val_speed_mae=5.085 heading=0.7/2.4deg val_progress_mae=8.622m val_heading_mae=32.1deg val_capture=88.00% val_bank=88.00% val_acq_acc=100.00% score=9.499 best=9.499 patience=0/8
temporal epoch=023/100 loss=10.27544 center_teacher=1.000 acq_teacher=1.000 capture=100.00% bank_capture=100.00% acq_acc=100.00% acq_conf=0.720 radius=0.0m pred_step=2.577 target_step=5.317 pred_v=2.946 target_v=5.317 val_mle=8.975m val_p90=11.678m val_speed_mae=2.729 heading=1.2/2.4deg val_progress_mae=9.007m val_heading_mae=32.1deg val_capture=84.00% val_bank=84.00% val_acq_acc=100.00% score=9.766 best=9.499 patience=1/8
temporal epoch=024/100 loss=9.42895 center_teacher=1.000 acq_teacher=1.000 capture=100.00% bank_capture=100.00% acq_acc=100.00% acq_conf=0.719 radius=0.0m pred_step=6.145 target_step=5.317 pred_v=6.068 target_v=5.317 val_mle=8.414m val_p90=10.771m val_speed_mae=3.023 heading=0.8/2.4deg val_progress_mae=8.340m val_heading_mae=32.1deg val_capture=88.00% val_bank=88.00% val_acq_acc=100.00% score=9.119 best=9.119 patience=0/8
temporal epoch=025/100 loss=8.69429 center_teacher=1.000 acq_teacher=1.000 capture=100.00% bank_capture=100.00% acq_acc=100.00% acq_conf=0.720 radius=0.0m pred_step=5.465 target_step=5.317 pred_v=5.474 target_v=5.317 val_mle=8.617m val_p90=10.939m val_speed_mae=4.653 heading=1.4/2.4deg val_progress_mae=8.255m val_heading_mae=32.3deg val_capture=88.00% val_bank=88.00% val_acq_acc=100.00% score=9.402 best=9.119 patience=1/8
temporal epoch=026/100 loss=9.49494 center_teacher=1.000 acq_teacher=1.000 capture=100.00% bank_capture=100.00% acq_acc=100.00% acq_conf=0.724 radius=0.0m pred_step=2.811 target_step=5.317 pred_v=3.150 target_v=5.317 val_mle=9.316m val_p90=11.895m val_speed_mae=3.019 heading=2.0/2.4deg val_progress_mae=8.999m val_heading_mae=32.4deg val_capture=88.00% val_bank=88.00% val_acq_acc=100.00% score=10.041 best=9.119 patience=2/8
temporal epoch=027/100 loss=10.04606 center_teacher=1.000 acq_teacher=1.000 capture=100.00% bank_capture=100.00% acq_acc=100.00% acq_conf=0.724 radius=0.0m pred_step=6.817 target_step=5.317 pred_v=6.653 target_v=5.317 val_mle=8.870m val_p90=11.339m val_speed_mae=2.966 heading=2.1/2.4deg val_progress_mae=8.584m val_heading_mae=32.5deg val_capture=88.00% val_bank=88.00% val_acq_acc=100.00% score=9.580 best=9.119 patience=3/8
temporal epoch=028/100 loss=8.42731 center_teacher=1.000 acq_teacher=1.000 capture=100.00% bank_capture=100.00% acq_acc=100.00% acq_conf=0.720 radius=0.0m pred_step=5.259 target_step=5.317 pred_v=5.298 target_v=5.317 val_mle=9.094m val_p90=11.667m val_speed_mae=4.404 heading=2.9/2.4deg val_progress_mae=8.812m val_heading_mae=32.6deg val_capture=88.00% val_bank=88.00% val_acq_acc=100.00% score=9.884 best=9.119 patience=4/8
temporal epoch=029/100 loss=9.06258 center_teacher=1.000 acq_teacher=1.000 capture=100.00% bank_capture=100.00% acq_acc=100.00% acq_conf=0.722 radius=0.0m pred_step=2.920 target_step=5.317 pred_v=3.244 target_v=5.317 val_mle=9.161m val_p90=11.853m val_speed_mae=2.745 heading=3.4/2.4deg val_progress_mae=8.875m val_heading_mae=32.7deg val_capture=88.00% val_bank=88.00% val_acq_acc=100.00% score=9.870 best=9.119 patience=5/8
temporal epoch=030/100 loss=9.57746 center_teacher=1.000 acq_teacher=1.000 capture=100.00% bank_capture=100.00% acq_acc=100.00% acq_conf=0.720 radius=0.0m pred_step=6.689 target_step=5.317 pred_v=6.523 target_v=5.317 val_mle=8.732m val_p90=11.393m val_speed_mae=3.813 heading=3.3/2.4deg val_progress_mae=8.415m val_heading_mae=32.8deg val_capture=88.00% val_bank=88.00% val_acq_acc=100.00% score=9.480 best=9.119 patience=6/8
temporal epoch=031/100 loss=8.93081 center_teacher=1.000 acq_teacher=1.000 capture=100.00% bank_capture=100.00% acq_acc=100.00% acq_conf=0.721 radius=0.0m pred_step=6.709 target_step=5.317 pred_v=6.549 target_v=5.317 val_mle=9.443m val_p90=12.424m val_speed_mae=2.873 heading=4.1/2.4deg val_progress_mae=9.190m val_heading_mae=33.1deg val_capture=92.00% val_bank=92.00% val_acq_acc=100.00% score=10.089 best=9.119 patience=7/8
temporal epoch=032/100 loss=8.87600 center_teacher=1.000 acq_teacher=1.000 capture=100.00% bank_capture=100.00% acq_acc=100.00% acq_conf=0.719 radius=0.0m pred_step=3.429 target_step=5.317 pred_v=3.710 target_v=5.317 val_mle=9.056m val_p90=11.994m val_speed_mae=5.223 heading=5.4/2.4deg val_progress_mae=8.761m val_heading_mae=33.0deg val_capture=92.00% val_bank=92.00% val_acq_acc=100.00% score=9.806 best=9.119 patience=8/8
EARLY STOP: controlled local-prior validation score did not improve by 0.003 for 8 epochs.
