[PREPARED] PASS | city=cityc | step=4 m | selection=soft_sequence_v13_multicity_auto_train_fullroute | existing GT/routes unchanged
[CADENCE] source=experiment_route_stats_train_01 | mean=5.515042 m | p90=10.181094 m | p95=11.000646 m
[OK] clean v39 runtime: Forward-18 SoftMS -> GRU -> Kalman -> one final MeanShift
[OK] weighted-centroid decoder removed from generated runtime source
[PATCH OK] GRU = current + delta + delta2 + SAT + SoftMS position + visual displacement + previous state
[PATCH OK] 3-frame delta2 directly corrects acceleration + next_step
[PATCH OK] training/validation/inference motion starts from current-city cadence
[PATCH OK] Kalman = smooth confidence-adaptive measurement-preserving residual fusion
[PATCH OK] step corridor = continuous confidence relaxation
[PATCH OK] no held-out navigation result is read by this patch
[V39-BEARING] final-MS route-centerline reference patch: PASS
[ARCH-AUDIT] forward_18: PASS
[ARCH-AUDIT] base_geometry_6x6: PASS
[ARCH-AUDIT] front_softms_source: PASS
[ARCH-AUDIT] one_final_ms_source: PASS
[ARCH-AUDIT] front_decoder_softms: PASS
[ARCH-AUDIT] simple_seven_block_gru: PASS
[ARCH-AUDIT] residual_motion_head: PASS
[ARCH-AUDIT] causal_visual_displacement: PASS
[ARCH-AUDIT] cadence_initialized_tracker: PASS
[ARCH-AUDIT] motion_training_inference_aligned: PASS
[ARCH-AUDIT] training_city_motion_scale_init: PASS
[ARCH-AUDIT] forward_origin_backshift_covers_jitter: PASS
[ARCH-AUDIT] protocol: PASS
[ARCH-AUDIT] controlled_gt_reference_enabled: PASS
[ARCH-AUDIT] frame_count: PASS
[ARCH-AUDIT] gru_flag: PASS
[ARCH-AUDIT] kalman_flag: PASS
[TRAIN] reuse visual checkpoint /yh/study/uav-sat/v39_otherdata/output/minimal_loss_correct_gt_20260921_223816/cityc/train_frames3/checkpoints/visual_retrieval_A_only.pt
route_A: reuse UAV backbone cache
temporal split train=[0,135) val=[139,164) route_length=781.2m
City training-sequence mean forward step=5.375m/frame p90=10.217m/frame
temporal epoch=001/100 loss=10.38643 center_teacher=1.000 acq_teacher=1.000 capture=100.00% bank_capture=100.00% acq_acc=100.00% acq_conf=0.711 radius=0.0m pred_step=5.138 target_step=5.375 pred_v=5.208 target_v=5.375 val_mle=11.003m val_p90=12.980m val_speed_mae=3.036 heading=0.0/-0.6deg val_progress_mae=10.324m val_heading_mae=29.2deg val_capture=92.00% val_bank=92.00% val_acq_acc=100.00% score=11.683 best=11.683 patience=0/8
temporal epoch=002/100 loss=10.66474 center_teacher=1.000 acq_teacher=1.000 capture=100.00% bank_capture=100.00% acq_acc=100.00% acq_conf=0.711 radius=0.0m pred_step=3.908 target_step=5.375 pred_v=4.201 target_v=5.375 val_mle=10.884m val_p90=12.853m val_speed_mae=2.814 heading=-0.2/-0.6deg val_progress_mae=10.198m val_heading_mae=29.2deg val_capture=92.00% val_bank=92.00% val_acq_acc=100.00% score=11.549 best=11.549 patience=0/8
temporal epoch=003/100 loss=10.16655 center_teacher=1.000 acq_teacher=1.000 capture=100.00% bank_capture=100.00% acq_acc=100.00% acq_conf=0.711 radius=0.0m pred_step=4.610 target_step=5.375 pred_v=4.794 target_v=5.375 val_mle=10.724m val_p90=12.623m val_speed_mae=2.373 heading=-0.1/-0.6deg val_progress_mae=10.030m val_heading_mae=29.2deg val_capture=92.00% val_bank=92.00% val_acq_acc=100.00% score=11.362 best=11.362 patience=0/8
temporal epoch=004/100 loss=10.41502 center_teacher=1.000 acq_teacher=1.000 capture=100.00% bank_capture=100.00% acq_acc=100.00% acq_conf=0.710 radius=0.0m pred_step=5.712 target_step=5.375 pred_v=5.719 target_v=5.375 val_mle=10.546m val_p90=12.435m val_speed_mae=2.421 heading=0.1/-0.6deg val_progress_mae=9.845m val_heading_mae=29.2deg val_capture=92.00% val_bank=92.00% val_acq_acc=100.00% score=11.181 best=11.181 patience=0/8
temporal epoch=005/100 loss=10.24775 center_teacher=1.000 acq_teacher=1.000 capture=100.00% bank_capture=100.00% acq_acc=100.00% acq_conf=0.710 radius=0.0m pred_step=5.729 target_step=5.375 pred_v=5.733 target_v=5.375 val_mle=10.357m val_p90=12.301m val_speed_mae=2.452 heading=0.1/-0.6deg val_progress_mae=9.652m val_heading_mae=29.2deg val_capture=92.00% val_bank=92.00% val_acq_acc=100.00% score=10.988 best=10.988 patience=0/8
temporal epoch=006/100 loss=9.79607 center_teacher=1.000 acq_teacher=1.000 capture=100.00% bank_capture=100.00% acq_acc=100.00% acq_conf=0.711 radius=0.0m pred_step=4.793 target_step=5.375 pred_v=4.944 target_v=5.375 val_mle=10.145m val_p90=12.059m val_speed_mae=3.129 heading=-0.1/-0.6deg val_progress_mae=9.432m val_heading_mae=29.2deg val_capture=92.00% val_bank=92.00% val_acq_acc=100.00% score=10.803 best=10.803 patience=0/8
temporal epoch=007/100 loss=10.10525 center_teacher=1.000 acq_teacher=1.000 capture=100.00% bank_capture=100.00% acq_acc=100.00% acq_conf=0.711 radius=0.0m pred_step=3.855 target_step=5.375 pred_v=4.152 target_v=5.375 val_mle=9.929m val_p90=11.830m val_speed_mae=3.207 heading=-0.2/-0.6deg val_progress_mae=9.206m val_heading_mae=29.2deg val_capture=92.00% val_bank=92.00% val_acq_acc=100.00% score=10.584 best=10.584 patience=0/8
temporal epoch=008/100 loss=9.78098 center_teacher=1.000 acq_teacher=1.000 capture=100.00% bank_capture=100.00% acq_acc=100.00% acq_conf=0.711 radius=0.0m pred_step=4.005 target_step=5.375 pred_v=4.277 target_v=5.375 val_mle=9.722m val_p90=11.621m val_speed_mae=2.466 heading=-0.2/-0.6deg val_progress_mae=8.984m val_heading_mae=29.2deg val_capture=92.00% val_bank=92.00% val_acq_acc=100.00% score=10.333 best=10.333 patience=0/8
temporal epoch=009/100 loss=9.58856 center_teacher=1.000 acq_teacher=1.000 capture=100.00% bank_capture=100.00% acq_acc=100.00% acq_conf=0.711 radius=0.0m pred_step=5.199 target_step=5.375 pred_v=5.289 target_v=5.375 val_mle=9.529m val_p90=11.344m val_speed_mae=2.381 heading=0.0/-0.6deg val_progress_mae=8.773m val_heading_mae=29.2deg val_capture=92.00% val_bank=92.00% val_acq_acc=100.00% score=10.129 best=10.129 patience=0/8
temporal epoch=010/100 loss=9.63204 center_teacher=1.000 acq_teacher=1.000 capture=100.00% bank_capture=100.00% acq_acc=100.00% acq_conf=0.710 radius=0.0m pred_step=5.643 target_step=5.375 pred_v=5.670 target_v=5.375 val_mle=9.387m val_p90=11.251m val_speed_mae=2.445 heading=0.1/-0.6deg val_progress_mae=8.618m val_heading_mae=29.2deg val_capture=92.00% val_bank=92.00% val_acq_acc=100.00% score=9.986 best=9.986 patience=0/8
temporal epoch=011/100 loss=9.31968 center_teacher=1.000 acq_teacher=1.000 capture=100.00% bank_capture=100.00% acq_acc=100.00% acq_conf=0.711 radius=0.0m pred_step=4.752 target_step=5.375 pred_v=4.925 target_v=5.375 val_mle=9.300m val_p90=11.139m val_speed_mae=3.063 heading=0.0/-0.6deg val_progress_mae=8.521m val_heading_mae=29.2deg val_capture=92.00% val_bank=92.00% val_acq_acc=100.00% score=9.928 best=9.928 patience=0/8
temporal epoch=012/100 loss=9.54982 center_teacher=1.000 acq_teacher=1.000 capture=100.00% bank_capture=100.00% acq_acc=100.00% acq_conf=0.711 radius=0.0m pred_step=3.901 target_step=5.375 pred_v=4.215 target_v=5.375 val_mle=9.286m val_p90=11.109m val_speed_mae=2.608 heading=-0.1/-0.6deg val_progress_mae=8.502m val_heading_mae=29.2deg val_capture=92.00% val_bank=92.00% val_acq_acc=100.00% score=9.890 best=9.890 patience=0/8
temporal epoch=013/100 loss=9.22627 center_teacher=1.000 acq_teacher=1.000 capture=100.00% bank_capture=100.00% acq_acc=100.00% acq_conf=0.711 radius=0.0m pred_step=4.880 target_step=5.375 pred_v=5.064 target_v=5.375 val_mle=9.320m val_p90=11.070m val_speed_mae=2.470 heading=-0.0/-0.6deg val_progress_mae=8.534m val_heading_mae=29.2deg val_capture=92.00% val_bank=92.00% val_acq_acc=100.00% score=9.918 best=9.890 patience=1/8
temporal epoch=014/100 loss=9.47218 center_teacher=1.000 acq_teacher=1.000 capture=100.00% bank_capture=100.00% acq_acc=100.00% acq_conf=0.710 radius=0.0m pred_step=5.783 target_step=5.375 pred_v=5.848 target_v=5.375 val_mle=9.329m val_p90=11.061m val_speed_mae=2.462 heading=0.1/-0.6deg val_progress_mae=8.543m val_heading_mae=29.2deg val_capture=92.00% val_bank=92.00% val_acq_acc=100.00% score=9.927 best=9.890 patience=2/8
temporal epoch=015/100 loss=9.13337 center_teacher=1.000 acq_teacher=1.000 capture=100.00% bank_capture=100.00% acq_acc=100.00% acq_conf=0.710 radius=0.0m pred_step=4.423 target_step=5.375 pred_v=4.700 target_v=5.375 val_mle=9.257m val_p90=10.909m val_speed_mae=3.190 heading=0.1/-0.6deg val_progress_mae=8.461m val_heading_mae=29.2deg val_capture=92.00% val_bank=92.00% val_acq_acc=100.00% score=9.888 best=9.890 patience=3/8
temporal epoch=016/100 loss=9.05570 center_teacher=1.000 acq_teacher=1.000 capture=100.00% bank_capture=100.00% acq_acc=100.00% acq_conf=0.711 radius=0.0m pred_step=3.844 target_step=5.375 pred_v=4.222 target_v=5.375 val_mle=9.062m val_p90=10.606m val_speed_mae=3.006 heading=-0.1/-0.6deg val_progress_mae=8.246m val_heading_mae=29.2deg val_capture=92.00% val_bank=92.00% val_acq_acc=100.00% score=9.678 best=9.678 patience=0/8
temporal epoch=017/100 loss=10.28553 center_teacher=1.000 acq_teacher=1.000 capture=100.00% bank_capture=100.00% acq_acc=100.00% acq_conf=0.711 radius=0.0m pred_step=6.743 target_step=5.375 pred_v=6.706 target_v=5.375 val_mle=8.871m val_p90=10.342m val_speed_mae=3.012 heading=-0.0/-0.6deg val_progress_mae=8.035m val_heading_mae=29.2deg val_capture=92.00% val_bank=92.00% val_acq_acc=100.00% score=9.481 best=9.481 patience=0/8
temporal epoch=018/100 loss=8.75752 center_teacher=1.000 acq_teacher=1.000 capture=100.00% bank_capture=100.00% acq_acc=100.00% acq_conf=0.710 radius=0.0m pred_step=5.546 target_step=5.375 pred_v=5.688 target_v=5.375 val_mle=8.720m val_p90=10.164m val_speed_mae=5.236 heading=0.3/-0.6deg val_progress_mae=7.867m val_heading_mae=29.2deg val_capture=92.00% val_bank=92.00% val_acq_acc=100.00% score=9.436 best=9.436 patience=0/8
temporal epoch=019/100 loss=11.16434 center_teacher=1.000 acq_teacher=1.000 capture=100.00% bank_capture=100.00% acq_acc=100.00% acq_conf=0.711 radius=0.0m pred_step=1.589 target_step=5.375 pred_v=2.203 target_v=5.375 val_mle=8.428m val_p90=9.831m val_speed_mae=2.885 heading=0.2/-0.6deg val_progress_mae=7.544m val_heading_mae=29.2deg val_capture=92.00% val_bank=92.00% val_acq_acc=100.00% score=9.017 best=9.017 patience=0/8
temporal epoch=020/100 loss=9.00971 center_teacher=1.000 acq_teacher=1.000 capture=100.00% bank_capture=100.00% acq_acc=100.00% acq_conf=0.711 radius=0.0m pred_step=4.918 target_step=5.375 pred_v=5.139 target_v=5.375 val_mle=8.170m val_p90=9.558m val_speed_mae=7.593 heading=-0.0/-0.6deg val_progress_mae=7.261m val_heading_mae=29.2deg val_capture=92.00% val_bank=92.00% val_acq_acc=100.00% score=8.986 best=8.986 patience=0/8
temporal epoch=021/100 loss=12.68744 center_teacher=1.000 acq_teacher=1.000 capture=100.00% bank_capture=100.00% acq_acc=100.00% acq_conf=0.710 radius=0.0m pred_step=8.934 target_step=5.375 pred_v=8.555 target_v=5.375 val_mle=7.892m val_p90=9.306m val_speed_mae=2.389 heading=0.3/-0.6deg val_progress_mae=6.944m val_heading_mae=29.2deg val_capture=92.00% val_bank=92.00% val_acq_acc=100.00% score=8.438 best=8.438 patience=0/8
temporal epoch=022/100 loss=8.39025 center_teacher=1.000 acq_teacher=1.000 capture=100.00% bank_capture=100.00% acq_acc=100.00% acq_conf=0.710 radius=0.0m pred_step=4.387 target_step=5.375 pred_v=4.675 target_v=5.375 val_mle=7.945m val_p90=9.292m val_speed_mae=4.688 heading=0.8/-0.6deg val_progress_mae=7.007m val_heading_mae=29.2deg val_capture=92.00% val_bank=92.00% val_acq_acc=100.00% score=8.608 best=8.438 patience=1/8
temporal epoch=023/100 loss=9.11213 center_teacher=1.000 acq_teacher=1.000 capture=100.00% bank_capture=100.00% acq_acc=100.00% acq_conf=0.711 radius=0.0m pred_step=2.693 target_step=5.375 pred_v=3.235 target_v=5.375 val_mle=7.661m val_p90=9.070m val_speed_mae=2.875 heading=0.5/-0.6deg val_progress_mae=6.693m val_heading_mae=29.2deg val_capture=92.00% val_bank=92.00% val_acq_acc=100.00% score=8.223 best=8.223 patience=0/8
temporal epoch=024/100 loss=11.37852 center_teacher=1.000 acq_teacher=1.000 capture=100.00% bank_capture=100.00% acq_acc=100.00% acq_conf=0.710 radius=0.0m pred_step=7.415 target_step=5.375 pred_v=7.222 target_v=5.375 val_mle=7.353m val_p90=9.092m val_speed_mae=8.523 heading=0.5/-0.6deg val_progress_mae=6.492m val_heading_mae=29.2deg val_capture=96.00% val_bank=96.00% val_acq_acc=100.00% score=8.112 best=8.112 patience=0/8
temporal epoch=025/100 loss=13.16564 center_teacher=1.000 acq_teacher=1.000 capture=100.00% bank_capture=100.00% acq_acc=100.00% acq_conf=0.712 radius=0.0m pred_step=9.649 target_step=5.375 pred_v=9.191 target_v=5.375 val_mle=7.431m val_p90=9.138m val_speed_mae=2.341 heading=1.2/-0.6deg val_progress_mae=6.584m val_heading_mae=29.2deg val_capture=96.00% val_bank=96.00% val_acq_acc=100.00% score=7.884 best=7.884 patience=0/8
temporal epoch=026/100 loss=7.99296 center_teacher=1.000 acq_teacher=1.000 capture=100.00% bank_capture=100.00% acq_acc=100.00% acq_conf=0.710 radius=0.0m pred_step=4.205 target_step=5.375 pred_v=4.539 target_v=5.375 val_mle=7.681m val_p90=9.153m val_speed_mae=5.164 heading=0.8/-0.6deg val_progress_mae=6.733m val_heading_mae=29.2deg val_capture=92.00% val_bank=92.00% val_acq_acc=100.00% score=8.360 best=7.884 patience=1/8
temporal epoch=027/100 loss=10.29150 center_teacher=1.000 acq_teacher=1.000 capture=100.00% bank_capture=100.00% acq_acc=100.00% acq_conf=0.711 radius=0.0m pred_step=2.050 target_step=5.375 pred_v=2.712 target_v=5.375 val_mle=7.823m val_p90=9.250m val_speed_mae=5.528 heading=-0.1/-0.6deg val_progress_mae=6.895m val_heading_mae=29.2deg val_capture=92.00% val_bank=92.00% val_acq_acc=100.00% score=8.525 best=7.884 patience=2/8
temporal epoch=028/100 loss=12.94392 center_teacher=1.000 acq_teacher=1.000 capture=100.00% bank_capture=100.00% acq_acc=100.00% acq_conf=0.711 radius=0.0m pred_step=9.435 target_step=5.375 pred_v=9.177 target_v=5.375 val_mle=7.492m val_p90=8.963m val_speed_mae=8.628 heading=0.3/-0.6deg val_progress_mae=6.527m val_heading_mae=29.2deg val_capture=92.00% val_bank=92.00% val_acq_acc=100.00% score=8.337 best=7.884 patience=3/8
temporal epoch=029/100 loss=14.24174 center_teacher=1.000 acq_teacher=1.000 capture=100.00% bank_capture=100.00% acq_acc=100.00% acq_conf=0.710 radius=0.0m pred_step=10.556 target_step=5.375 pred_v=10.249 target_v=5.375 val_mle=7.762m val_p90=9.290m val_speed_mae=8.567 heading=0.4/-0.6deg val_progress_mae=6.878m val_heading_mae=29.2deg val_capture=92.00% val_bank=92.00% val_acq_acc=100.00% score=8.615 best=7.884 patience=4/8
temporal epoch=030/100 loss=12.53336 center_teacher=1.000 acq_teacher=1.000 capture=100.00% bank_capture=100.00% acq_acc=100.00% acq_conf=0.709 radius=0.0m pred_step=9.643 target_step=5.375 pred_v=9.295 target_v=5.375 val_mle=7.824m val_p90=9.399m val_speed_mae=2.853 heading=-1.5/-0.6deg val_progress_mae=6.886m val_heading_mae=29.4deg val_capture=92.00% val_bank=92.00% val_acq_acc=100.00% score=8.392 best=7.884 patience=5/8
temporal epoch=031/100 loss=9.90905 center_teacher=1.000 acq_teacher=1.000 capture=100.00% bank_capture=100.00% acq_acc=100.00% acq_conf=0.709 radius=0.0m pred_step=2.119 target_step=5.375 pred_v=2.871 target_v=5.375 val_mle=7.830m val_p90=9.336m val_speed_mae=5.005 heading=-2.0/-0.6deg val_progress_mae=6.952m val_heading_mae=29.3deg val_capture=92.00% val_bank=92.00% val_acq_acc=100.00% score=8.507 best=7.884 patience=6/8
temporal epoch=032/100 loss=11.48982 center_teacher=1.000 acq_teacher=1.000 capture=100.00% bank_capture=100.00% acq_acc=100.00% acq_conf=0.708 radius=0.0m pred_step=1.739 target_step=5.375 pred_v=2.587 target_v=5.375 val_mle=7.541m val_p90=9.016m val_speed_mae=3.163 heading=-1.2/-0.6deg val_progress_mae=6.634m val_heading_mae=29.3deg val_capture=92.00% val_bank=92.00% val_acq_acc=100.00% score=8.116 best=7.884 patience=7/8
temporal epoch=033/100 loss=11.73752 center_teacher=1.000 acq_teacher=1.000 capture=100.00% bank_capture=100.00% acq_acc=100.00% acq_conf=0.708 radius=0.0m pred_step=7.875 target_step=5.375 pred_v=7.740 target_v=5.375 val_mle=7.701m val_p90=9.300m val_speed_mae=8.536 heading=-1.7/-0.6deg val_progress_mae=6.749m val_heading_mae=29.5deg val_capture=92.00% val_bank=92.00% val_acq_acc=100.00% score=8.549 best=7.884 patience=8/8
EARLY STOP: controlled local-prior validation score did not improve by 0.003 for 8 epochs.
[TRAIN-ONLY V5 CALIBRATION] {"confidence_power": 1.0, "delta2_scale": 0.0, "fixed_variance_m2": 9.0, "objective": 8.144357794014999, "prior_blend_base": 0.05, "prior_blend_cutoff": 0.7, "prior_blend_lowconf_gain": 0.3, "prior_blend_max": 0.3, "q_cross": 0.30000000000000004, "q_progress": 1.125, "q_velocity": 0.75, "stage": "filter", "step_relax_confidence": 0.0, "step_relax_width": 0.05, "step_visual_slack_m": 10.0, "temporal_3frame_scale": 1.1, "val_mle_m": 7.316511456449181, "val_p90_m": 8.955945020598277, "val_progress_mae": 6.444952093777237, "val_speed_mae": 2.3460607490091747}
[TRAIN-ONLY V5 NO-KALMAN DIAGNOSTIC] {"mle_m": 7.422359108676354, "p90_m": 9.024011511488284}
