[PATCH OK] v39_otherdata/bearing_iclr_ablation.py
[PATCH OK] dataset domains = citya/cityb/cityc/cityd; paper labels = nav50/nav51
[PATCH OK] active runner = Forward-18 SoftMS -> residual temporal GRU -> constrained Kalman -> final MeanShift
[PATCH OK] recurrent/Kalman state starts at current-city training cadence
[PATCH OK] Kalman profile is selected from current-city training validation only
[PATCH OK] 1/2/3-frame rows use separately trained temporal checkpoints
[PATCH OK] no held-out nav50/nav51 metric was read or modified
[TEMPORAL V5] direct delta2 acceleration + next-step supervision: PASS
[PATCH ORDER] legacy 5-block Context-GRU prepatch disabled: PASS
[CALIBRATION V5] direct delta2 + residual Kalman train-validation search: PASS
[RUNNER V5] patience=4, next-step=3.0, acceleration=0.50: PASS
[PRE-RUN AUDIT] single_city_runner: PASS
[PRE-RUN AUDIT] other_cities_not_looped: PASS
[PRE-RUN AUDIT] patience_is_4: PASS
[PRE-RUN AUDIT] fresh_prepare_current_city_only: PASS
[PRE-RUN AUDIT] legacy_context_gru_disabled: PASS
[PRE-RUN AUDIT] active_runner_has_no_legacy_centroid_decoder: PASS
[PRE-RUN AUDIT] runner_requests_front_softms: PASS
[PRE-RUN AUDIT] quadratic_next_step: PASS
[PRE-RUN AUDIT] separate_1_2_3_checkpoints: PASS
[PRE-RUN AUDIT] seven_block_current_delta_delta2_gru: PASS
[PRE-RUN AUDIT] direct_delta2_acceleration: PASS
[PRE-RUN AUDIT] direct_delta2_next_step: PASS
[PRE-RUN AUDIT] smooth_measurement_preserving_kalman: PASS
[PRE-RUN AUDIT] continuous_step_relaxation: PASS
[PRE-RUN AUDIT] raw_visual_previous_measurement: PASS
[PRE-RUN AUDIT] v5_train_only_calibration: PASS
[PRE-RUN AUDIT] calibration_loads_delta2: PASS
[PRE-RUN AUDIT] forward_backshift_enabled: PASS
================================================================================
[FRESH BEARING PREP] ONLY cityc
[FRESH BEARING PREP] source=/yh/study/cvpr_data/Bearing_UAV_90K
[FRESH BEARING PREP] cityb/cityc/cityd WILL NOT RUN unless CITY is changed
================================================================================
[TURN-DIVERSITY-AUDIT] PASS
{
  "city": "cityc",
  "routes": {
    "test_01": {
      "source": "Bearing-UAV official wps37bc_50.json",
      "waypoints": 13,
      "turn_delta_mod360_deg": [
        283.3,
        110.1,
        45.3,
        356.4,
        271.1,
        346.3,
        336.9,
        310.7,
        3.7,
        356.2,
        268.3
      ],
      "meaningful_20_350_deg": [
        283.3,
        110.1,
        45.3,
        271.1,
        346.3,
        336.9,
        310.7,
        268.3
      ]
    },
    "test_02": {
      "source": "Bearing-UAV official wps37bc_51.json",
      "waypoints": 11,
      "turn_delta_mod360_deg": [
        349.1,
        309.4,
        58.2,
        351.4,
        311.4,
        350.8,
        90.4,
        253.9,
        112.8
      ],
      "meaningful_20_350_deg": [
        349.1,
        309.4,
        58.2,
        311.4,
        90.4,
        253.9,
        112.8
      ]
    }
  },
  "combined": {
    "meaningful_turn_count": 15,
    "occupied_turn_bins": [
      0,
      1,
      4,
      5
    ],
    "near_90_fraction": 0.26666666666666666,
    "rule": "meaningful delta in [20,350] deg; >=4 bins across two tests; <=65% near 90deg"
  }
}
[TRAIN-ROUTE-PROBE] city=cityc profile=strict
{
  "train_01": {
    "candidate": "train_01",
    "status": "ok",
    "full": true,
    "frames": 196,
    "targets": 196,
    "selected_ratio": 1.0,
    "first_target": 0,
    "last_target": 195,
    "target_span_ratio": 1.0,
    "start_m": 4.95188561680051,
    "end_m": 7.129644133846016,
    "worst_waypoint_m": 6.614724721326079,
    "centerline_cross_p90_m": 6.430249478924221,
    "same_leg_lateral_delta_p90_m": 4.292132412559953,
    "backward_step_pct": 17.435897435897434,
    "actual_step_p90_m": 10.181094484033606
  },
  "train_02": {
    "candidate": "train_02",
    "status": "ok",
    "full": true,
    "frames": 196,
    "targets": 198,
    "selected_ratio": 0.98989898989899,
    "first_target": 0,
    "last_target": 197,
    "target_span_ratio": 1.0,
    "start_m": 5.954255268039213,
    "end_m": 6.822230030399121,
    "worst_waypoint_m": 7.804761760501425,
    "centerline_cross_p90_m": 6.332216149381889,
    "same_leg_lateral_delta_p90_m": 4.541588796686153,
    "backward_step_pct": 17.435897435897434,
    "actual_step_p90_m": 10.212814301602426
  },
  "train_03": {
    "candidate": "train_03",
    "status": "ok",
    "full": true,
    "frames": 166,
    "targets": 203,
    "selected_ratio": 0.8177339901477833,
    "first_target": 0,
    "last_target": 202,
    "target_span_ratio": 1.0,
    "start_m": 6.234876881024557,
    "end_m": 9.40626564737032,
    "worst_waypoint_m": 6.2100240167436125,
    "centerline_cross_p90_m": 6.922893521919052,
    "same_leg_lateral_delta_p90_m": 3.8511971430206193,
    "backward_step_pct": 6.666666666666667,
    "actual_step_p90_m": 11.23261540840018
  }
}
[SEQUENCE-V12-FULLROUTE] train_01 {
  "split": "train",
  "planned_length_m": 781.1736496816332,
  "waypoints": 6,
  "frames": 196,
  "sample_step_m": 4.0,
  "selection_version": "soft_sequence_v13_multicity_auto_train_fullroute",
  "max_sample_distance_m": 10.0,
  "preferred_step_m": 4.0,
  "safety_max_step_m": 22.0,
  "point_cross_weight": 20.0,
  "lateral_smooth_weight": 35.0,
  "big_turn_threshold_deg": 20.0,
  "heading_weight_px_per_deg": 0.0,
  "targets": 196,
  "dense_frames_before_prune": 196,
  "dense_selected_ratio": 1.0,
  "selected_ratio": 1.0,
  "prune_keep_ratio": 1.0,
  "skipped_targets": 0,
  "per_leg_prune": [
    {
      "leg": 0,
      "dense": 196,
      "kept": 196,
      "coverage": 1.0,
      "mode": "dense_fallback_for_coverage",
      "first_target": 0,
      "last_target": 195
    }
  ],
  "mean_target_error_m": 5.631633194093209,
  "max_target_error_m": 9.762560827587418,
  "centerline_cross_mean_m": 3.1719397438640193,
  "centerline_cross_p90_m": 6.430249478924221,
  "centerline_cross_max_m": 8.783376322091513,
  "same_leg_lateral_delta_p90_m": 4.292132412559953,
  "same_leg_lateral_delta_max_m": 8.230267055077064,
  "actual_step_mean_m": 5.5150419524042755,
  "actual_step_p50_m": 4.963723664401518,
  "actual_step_p90_m": 10.181094484033606,
  "actual_step_p95_m": 11.000646148276504,
  "actual_step_max_m": 16.206791706740045,
  "step_over_7m_pct": 32.30769230769231,
  "step_over_10m_pct": 10.76923076923077,
  "step_over_14m_pct": 1.0256410256410255,
  "cross_step_p90_m": 4.292132412559953,
  "backward_step_pct": 17.435897435897434,
  "same_leg_backward_step_pct": 17.435897435897434,
  "max_cross_track_rule_m": 8.5,
  "max_same_leg_lateral_jump_rule_m": 4.0,
  "max_same_leg_backward_rule_m": 0.25
}
[SEQUENCE-V12-FULLROUTE] test_01 {
  "split": "inference",
  "planned_length_m": 750.8491472570564,
  "waypoints": 13,
  "frames": 148,
  "sample_step_m": 4.0,
  "selection_version": "soft_sequence_v13_multicity_auto_train_fullroute",
  "max_sample_distance_m": 10.0,
  "preferred_step_m": 4.0,
  "safety_max_step_m": 22.0,
  "point_cross_weight": 20.0,
  "lateral_smooth_weight": 35.0,
  "big_turn_threshold_deg": 20.0,
  "heading_weight_px_per_deg": 0.0,
  "targets": 189,
  "dense_frames_before_prune": 189,
  "dense_selected_ratio": 1.0,
  "selected_ratio": 0.783068783068783,
  "prune_keep_ratio": 0.783068783068783,
  "skipped_targets": 41,
  "per_leg_prune": [
    {
      "leg": 0,
      "dense": 37,
      "kept": 37,
      "coverage": 1.0,
      "mode": "dense_fallback_for_coverage",
      "first_target": 0,
      "last_target": 36
    },
    {
      "leg": 1,
      "dense": 23,
      "kept": 19,
      "coverage": 0.9545454545454546,
      "mode": "smoothed_full_span",
      "first_target": 37,
      "last_target": 59
    },
    {
      "leg": 2,
      "dense": 20,
      "kept": 14,
      "coverage": 1.0,
      "mode": "smoothed_full_span",
      "first_target": 60,
      "last_target": 79
    },
    {
      "leg": 3,
      "dense": 19,
      "kept": 14,
      "coverage": 0.9444444444444444,
      "mode": "smoothed_full_span",
      "first_target": 80,
      "last_target": 98
    },
    {
      "leg": 4,
      "dense": 23,
      "kept": 16,
      "coverage": 0.9090909090909091,
      "mode": "smoothed_full_span",
      "first_target": 99,
      "last_target": 121
    },
    {
      "leg": 5,
      "dense": 28,
      "kept": 19,
      "coverage": 0.9629629629629629,
      "mode": "smoothed_full_span",
      "first_target": 122,
      "last_target": 149
    },
    {
      "leg": 6,
      "dense": 28,
      "kept": 19,
      "coverage": 1.0,
      "mode": "smoothed_full_span",
      "first_target": 150,
      "last_target": 177
    },
    {
      "leg": 7,
      "dense": 11,
      "kept": 10,
      "coverage": 1.0,
      "mode": "smoothed_full_span",
      "first_target": 178,
      "last_target": 188
    }
  ],
  "mean_target_error_m": 5.561676036408063,
  "max_target_error_m": 9.97972381775018,
  "centerline_cross_mean_m": 3.015210202097175,
  "centerline_cross_p90_m": 5.655063846438457,
  "centerline_cross_max_m": 8.54102680767106,
  "same_leg_lateral_delta_p90_m": 3.355915999568269,
  "same_leg_lateral_delta_max_m": 5.286933800283629,
  "actual_step_mean_m": 6.037990064169097,
  "actual_step_p50_m": 4.968660734216577,
  "actual_step_p90_m": 11.61258142602395,
  "actual_step_p95_m": 13.41898267114774,
  "actual_step_max_m": 19.552788467127467,
  "step_over_7m_pct": 34.01360544217687,
  "step_over_10m_pct": 14.965986394557824,
  "step_over_14m_pct": 4.081632653061225,
  "cross_step_p90_m": 3.546878223568593,
  "backward_step_pct": 7.482993197278912,
  "same_leg_backward_step_pct": 7.482993197278912,
  "max_cross_track_rule_m": 8.5,
  "max_same_leg_lateral_jump_rule_m": 4.0,
  "max_same_leg_backward_rule_m": 0.25
}
[SEQUENCE-V12-FULLROUTE] test_02 {
  "split": "inference",
  "planned_length_m": 1164.7307744629352,
  "waypoints": 11,
  "frames": 226,
  "sample_step_m": 4.0,
  "selection_version": "soft_sequence_v13_multicity_auto_train_fullroute",
  "max_sample_distance_m": 10.0,
  "preferred_step_m": 4.0,
  "safety_max_step_m": 22.0,
  "point_cross_weight": 20.0,
  "lateral_smooth_weight": 35.0,
  "big_turn_threshold_deg": 20.0,
  "heading_weight_px_per_deg": 0.0,
  "targets": 292,
  "dense_frames_before_prune": 292,
  "dense_selected_ratio": 1.0,
  "selected_ratio": 0.773972602739726,
  "prune_keep_ratio": 0.773972602739726,
  "skipped_targets": 66,
  "per_leg_prune": [
    {
      "leg": 0,
      "dense": 52,
      "kept": 30,
      "coverage": 1.0,
      "mode": "smoothed_full_span",
      "first_target": 0,
      "last_target": 51
    },
    {
      "leg": 1,
      "dense": 20,
      "kept": 15,
      "coverage": 1.0,
      "mode": "smoothed_full_span",
      "first_target": 52,
      "last_target": 71
    },
    {
      "leg": 2,
      "dense": 48,
      "kept": 32,
      "coverage": 0.9787234042553191,
      "mode": "smoothed_full_span",
      "first_target": 72,
      "last_target": 119
    },
    {
      "leg": 3,
      "dense": 42,
      "kept": 27,
      "coverage": 1.0,
      "mode": "smoothed_full_span",
      "first_target": 120,
      "last_target": 161
    },
    {
      "leg": 4,
      "dense": 45,
      "kept": 45,
      "coverage": 1.0,
      "mode": "dense_fallback_for_coverage",
      "first_target": 162,
      "last_target": 206
    },
    {
      "leg": 5,
      "dense": 28,
      "kept": 20,
      "coverage": 1.0,
      "mode": "smoothed_full_span",
      "first_target": 207,
      "last_target": 234
    },
    {
      "leg": 6,
      "dense": 57,
      "kept": 57,
      "coverage": 1.0,
      "mode": "dense_fallback_for_coverage",
      "first_target": 235,
      "last_target": 291
    }
  ],
  "mean_target_error_m": 5.500982636207494,
  "max_target_error_m": 9.970523968772516,
  "centerline_cross_mean_m": 3.228234615093183,
  "centerline_cross_p90_m": 6.9318714979577365,
  "centerline_cross_max_m": 9.928119712513894,
  "same_leg_lateral_delta_p90_m": 3.7121218732489245,
  "same_leg_lateral_delta_max_m": 11.836285525774779,
  "actual_step_mean_m": 6.446811753450307,
  "actual_step_p50_m": 5.708763885704391,
  "actual_step_p90_m": 11.7300911800116,
  "actual_step_p95_m": 13.8078236798781,
  "actual_step_max_m": 20.867261328228604,
  "step_over_7m_pct": 36.888888888888886,
  "step_over_10m_pct": 20.0,
  "step_over_14m_pct": 4.888888888888889,
  "cross_step_p90_m": 3.8309765354191057,
  "backward_step_pct": 7.111111111111111,
  "same_leg_backward_step_pct": 6.222222222222222,
  "max_cross_track_rule_m": 8.5,
  "max_same_leg_lateral_jump_rule_m": 4.0,
  "max_same_leg_backward_rule_m": 0.25
}
[DONE] experiment: /yh/study/uav-sat/v39_otherdata/output/minimal_loss_correct_gt_20260921_223816/cityc/prepared__building/experiment.json
[MULTICITY-PREP] PASS city=cityc Route-A source=train_01 profile=strict
{
  "train_01": {
    "frames": 196,
    "waypoints": 6,
    "start_m": 4.951885541940956,
    "end_m": 7.129644503511367,
    "worst_waypoint_m": 6.614724274508565
  },
  "test_01": {
    "frames": 148,
    "waypoints": 13,
    "start_m": 5.198166896078365,
    "end_m": 4.096920689705394,
    "worst_waypoint_m": 7.435520984719577
  },
  "test_02": {
    "frames": 226,
    "waypoints": 11,
    "start_m": 7.297150169615617,
    "end_m": 8.323630743604342,
    "worst_waypoint_m": 7.813090195515277
  }
}
[BEARING GT/LOSS AUDIT] {"active_losses": ["measurement", "next_step", "variance_nll"], "checked_frames": 766, "city": "cityc", "coordinate_formula": "block*256 + 256 + norm*128", "derived_temporal_targets": ["step", "velocity", "acceleration", "ground_track_heading"], "max_meter_error": 4.997994835775899e-07, "max_pixel_error": 4.998577196602128e-07, "meters_per_pixel": 0.25, "native_gt": ["block_x", "block_y", "x_norm", "y_norm", "theta"], "status": "PASS"}
================================================================================
Bearing-UAV SINGLE-CITY ablation v4
CITY            : cityc
Held-out tracks : nav50 / nav51 inside cityc
Patience        : 8
Architecture    : Forward18 SoftMS -> 3-frame delta2 residual GRU
                  -> confidence-adaptive residual Kalman
                  -> final MeanShift -> XY
Other cities    : NOT RUN
================================================================================
[PREPARED] PASS | city=cityc | step=4 m | selection=soft_sequence_v13_multicity_auto_train_fullroute | existing GT/routes unchanged
[CADENCE] source=experiment_route_stats_train_01 | mean=5.515042 m | p90=10.181094 m | p95=11.000646 m
[TRAIN START] cityc frames=1 GPU0 patience=8
[PREPARED] PASS | city=cityc | step=4 m | selection=soft_sequence_v13_multicity_auto_train_fullroute | existing GT/routes unchanged
[CADENCE] source=experiment_route_stats_train_01 | mean=5.515042 m | p90=10.181094 m | p95=11.000646 m
[OK] clean v39 runtime: Forward-18 SoftMS -> GRU -> Kalman -> one final MeanShift
[OK] weighted-centroid decoder removed from generated runtime source
[PATCH OK] GRU = current + delta + delta2 + SAT + SoftMS position + visual displacement + previous state
[PATCH OK] 3-frame delta2 directly corrects acceleration + next_step
[PATCH OK] training/validation/inference motion starts from current-city cadence
[PATCH OK] Kalman = smooth confidence-adaptive measurement-preserving residual fusion
[PATCH OK] step corridor = continuous confidence relaxation
[PATCH OK] no held-out navigation result is read by this patch
[V39-BEARING] final-MS route-centerline reference patch: PASS
[ARCH-AUDIT] forward_18: PASS
[ARCH-AUDIT] base_geometry_6x6: PASS
[ARCH-AUDIT] front_softms_source: PASS
[ARCH-AUDIT] one_final_ms_source: PASS
[ARCH-AUDIT] front_decoder_softms: PASS
[ARCH-AUDIT] simple_seven_block_gru: PASS
[ARCH-AUDIT] residual_motion_head: PASS
[ARCH-AUDIT] causal_visual_displacement: PASS
[ARCH-AUDIT] cadence_initialized_tracker: PASS
[ARCH-AUDIT] motion_training_inference_aligned: PASS
[ARCH-AUDIT] training_city_motion_scale_init: PASS
[ARCH-AUDIT] forward_origin_backshift_covers_jitter: PASS
[ARCH-AUDIT] protocol: PASS
[ARCH-AUDIT] controlled_gt_reference_enabled: PASS
[ARCH-AUDIT] frame_count: PASS
[ARCH-AUDIT] gru_flag: PASS
[ARCH-AUDIT] kalman_flag: PASS
satellite backbone cache: 256/47961
satellite backbone cache: 5376/47961
satellite backbone cache: 10496/47961
satellite backbone cache: 15616/47961
satellite backbone cache: 20736/47961
satellite backbone cache: 25856/47961
satellite backbone cache: 30976/47961
satellite backbone cache: 36096/47961
satellite backbone cache: 41216/47961
satellite backbone cache: 46336/47961
satellite backbone cache: 47961/47961
satellite gallery size=47961
Route A backbone cache: 196/196
Route A visual candidate capture=100.00%
visual epoch=001/30 loss=4.49473 val_softms_mle=10.609m val_p90=15.749m val_lsr10=56.00%
visual epoch=002/30 loss=4.06409 val_softms_mle=9.002m val_p90=15.541m val_lsr10=68.00%
visual epoch=003/30 loss=3.96566 val_softms_mle=8.666m val_p90=16.431m val_lsr10=72.00%
visual epoch=004/30 loss=3.82187 val_softms_mle=8.419m val_p90=14.957m val_lsr10=76.00%
visual epoch=005/30 loss=3.84893 val_softms_mle=8.224m val_p90=14.311m val_lsr10=76.00%
visual epoch=006/30 loss=3.61525 val_softms_mle=7.834m val_p90=15.231m val_lsr10=80.00%
visual epoch=007/30 loss=3.37300 val_softms_mle=8.169m val_p90=16.086m val_lsr10=80.00%
visual epoch=008/30 loss=3.26676 val_softms_mle=8.754m val_p90=15.906m val_lsr10=76.00%
visual epoch=009/30 loss=3.41158 val_softms_mle=9.042m val_p90=15.336m val_lsr10=76.00%
visual epoch=010/30 loss=3.13480 val_softms_mle=8.968m val_p90=14.691m val_lsr10=68.00%
visual epoch=011/30 loss=2.90669 val_softms_mle=9.258m val_p90=14.176m val_lsr10=68.00%
visual epoch=012/30 loss=2.88463 val_softms_mle=9.888m val_p90=14.595m val_lsr10=68.00%
visual epoch=013/30 loss=2.59655 val_softms_mle=10.492m val_p90=15.763m val_lsr10=56.00%
visual epoch=014/30 loss=2.60027 val_softms_mle=10.262m val_p90=15.425m val_lsr10=52.00%
visual early stopping: Route A validation stopped improving
best Route A visual validation SoftMS MLE=7.834m
route_A backbone cache: 196/196
temporal split train=[0,135) val=[139,164) route_length=781.2m
City training-sequence mean forward step=5.375m/frame p90=10.217m/frame
temporal epoch=001/100 loss=10.44029 center_teacher=1.000 acq_teacher=1.000 capture=100.00% bank_capture=100.00% acq_acc=100.00% acq_conf=0.711 radius=0.0m pred_step=5.336 target_step=5.375 pred_v=5.358 target_v=5.375 val_mle=11.015m val_p90=12.993m val_speed_mae=2.728 heading=-0.0/-0.6deg val_progress_mae=10.337m val_heading_mae=29.2deg val_capture=92.00% val_bank=92.00% val_acq_acc=100.00% score=11.680 best=11.680 patience=0/8
temporal epoch=002/100 loss=10.39236 center_teacher=1.000 acq_teacher=1.000 capture=100.00% bank_capture=100.00% acq_acc=100.00% acq_conf=0.711 radius=0.0m pred_step=4.399 target_step=5.375 pred_v=4.534 target_v=5.375 val_mle=10.899m val_p90=12.869m val_speed_mae=3.010 heading=-0.2/-0.6deg val_progress_mae=10.214m val_heading_mae=29.2deg val_capture=92.00% val_bank=92.00% val_acq_acc=100.00% score=11.575 best=11.575 patience=0/8
temporal epoch=003/100 loss=10.28466 center_teacher=1.000 acq_teacher=1.000 capture=100.00% bank_capture=100.00% acq_acc=100.00% acq_conf=0.711 radius=0.0m pred_step=4.292 target_step=5.375 pred_v=4.440 target_v=5.375 val_mle=10.745m val_p90=12.708m val_speed_mae=2.599 heading=-0.2/-0.6deg val_progress_mae=10.052m val_heading_mae=29.2deg val_capture=92.00% val_bank=92.00% val_acq_acc=100.00% score=11.395 best=11.395 patience=0/8
temporal epoch=004/100 loss=10.06861 center_teacher=1.000 acq_teacher=1.000 capture=100.00% bank_capture=100.00% acq_acc=100.00% acq_conf=0.711 radius=0.0m pred_step=4.879 target_step=5.375 pred_v=4.956 target_v=5.375 val_mle=10.568m val_p90=12.482m val_speed_mae=2.398 heading=-0.1/-0.6deg val_progress_mae=9.867m val_heading_mae=29.2deg val_capture=92.00% val_bank=92.00% val_acq_acc=100.00% score=11.203 best=11.203 patience=0/8
temporal epoch=005/100 loss=10.10946 center_teacher=1.000 acq_teacher=1.000 capture=100.00% bank_capture=100.00% acq_acc=100.00% acq_conf=0.711 radius=0.0m pred_step=5.299 target_step=5.375 pred_v=5.325 target_v=5.375 val_mle=10.379m val_p90=12.269m val_speed_mae=2.394 heading=-0.0/-0.6deg val_progress_mae=9.669m val_heading_mae=29.2deg val_capture=92.00% val_bank=92.00% val_acq_acc=100.00% score=11.007 best=11.007 patience=0/8
temporal epoch=006/100 loss=9.88736 center_teacher=1.000 acq_teacher=1.000 capture=100.00% bank_capture=100.00% acq_acc=100.00% acq_conf=0.711 radius=0.0m pred_step=5.231 target_step=5.375 pred_v=5.266 target_v=5.375 val_mle=10.181m val_p90=12.109m val_speed_mae=2.520 heading=-0.0/-0.6deg val_progress_mae=9.463m val_heading_mae=29.2deg val_capture=92.00% val_bank=92.00% val_acq_acc=100.00% score=10.809 best=10.809 patience=0/8
temporal epoch=007/100 loss=9.69929 center_teacher=1.000 acq_teacher=1.000 capture=100.00% bank_capture=100.00% acq_acc=100.00% acq_conf=0.711 radius=0.0m pred_step=4.803 target_step=5.375 pred_v=4.890 target_v=5.375 val_mle=9.967m val_p90=11.875m val_speed_mae=2.865 heading=-0.2/-0.6deg val_progress_mae=9.239m val_heading_mae=29.2deg val_capture=92.00% val_bank=92.00% val_acq_acc=100.00% score=10.606 best=10.606 patience=0/8
temporal epoch=008/100 loss=9.70492 center_teacher=1.000 acq_teacher=1.000 capture=100.00% bank_capture=100.00% acq_acc=100.00% acq_conf=0.711 radius=0.0m pred_step=4.309 target_step=5.375 pred_v=4.456 target_v=5.375 val_mle=9.755m val_p90=11.643m val_speed_mae=2.973 heading=-0.3/-0.6deg val_progress_mae=9.014m val_heading_mae=29.2deg val_capture=92.00% val_bank=92.00% val_acq_acc=100.00% score=10.393 best=10.393 patience=0/8
temporal epoch=009/100 loss=9.57600 center_teacher=1.000 acq_teacher=1.000 capture=100.00% bank_capture=100.00% acq_acc=100.00% acq_conf=0.709 radius=0.0m pred_step=4.327 target_step=5.375 pred_v=4.472 target_v=5.375 val_mle=9.560m val_p90=11.432m val_speed_mae=2.596 heading=-0.3/-0.6deg val_progress_mae=8.803m val_heading_mae=29.2deg val_capture=92.00% val_bank=92.00% val_acq_acc=100.00% score=10.173 best=10.173 patience=0/8
temporal epoch=010/100 loss=9.41089 center_teacher=1.000 acq_teacher=1.000 capture=100.00% bank_capture=100.00% acq_acc=100.00% acq_conf=0.711 radius=0.0m pred_step=4.832 target_step=5.375 pred_v=4.915 target_v=5.375 val_mle=9.412m val_p90=11.246m val_speed_mae=2.403 heading=-0.3/-0.6deg val_progress_mae=8.639m val_heading_mae=29.2deg val_capture=92.00% val_bank=92.00% val_acq_acc=100.00% score=10.010 best=10.010 patience=0/8
temporal epoch=011/100 loss=9.39319 center_teacher=1.000 acq_teacher=1.000 capture=100.00% bank_capture=100.00% acq_acc=100.00% acq_conf=0.711 radius=0.0m pred_step=5.134 target_step=5.375 pred_v=5.181 target_v=5.375 val_mle=9.316m val_p90=11.161m val_speed_mae=2.534 heading=-0.2/-0.6deg val_progress_mae=8.531m val_heading_mae=29.2deg val_capture=92.00% val_bank=92.00% val_acq_acc=100.00% score=9.917 best=9.917 patience=0/8
temporal epoch=012/100 loss=9.32457 center_teacher=1.000 acq_teacher=1.000 capture=100.00% bank_capture=100.00% acq_acc=100.00% acq_conf=0.711 radius=0.0m pred_step=4.602 target_step=5.375 pred_v=4.713 target_v=5.375 val_mle=9.273m val_p90=11.108m val_speed_mae=2.784 heading=-0.2/-0.6deg val_progress_mae=8.481m val_heading_mae=29.2deg val_capture=92.00% val_bank=92.00% val_acq_acc=100.00% score=9.885 best=9.885 patience=0/8
temporal epoch=013/100 loss=9.31708 center_teacher=1.000 acq_teacher=1.000 capture=100.00% bank_capture=100.00% acq_acc=100.00% acq_conf=0.711 radius=0.0m pred_step=4.398 target_step=5.375 pred_v=4.533 target_v=5.375 val_mle=9.282m val_p90=11.075m val_speed_mae=2.389 heading=-0.2/-0.6deg val_progress_mae=8.489m val_heading_mae=29.2deg val_capture=92.00% val_bank=92.00% val_acq_acc=100.00% score=9.875 best=9.875 patience=0/8
temporal epoch=014/100 loss=9.37307 center_teacher=1.000 acq_teacher=1.000 capture=100.00% bank_capture=100.00% acq_acc=100.00% acq_conf=0.711 radius=0.0m pred_step=5.259 target_step=5.375 pred_v=5.290 target_v=5.375 val_mle=9.302m val_p90=11.032m val_speed_mae=2.356 heading=-0.2/-0.6deg val_progress_mae=8.508m val_heading_mae=29.2deg val_capture=92.00% val_bank=92.00% val_acq_acc=100.00% score=9.893 best=9.875 patience=1/8
temporal epoch=015/100 loss=9.19622 center_teacher=1.000 acq_teacher=1.000 capture=100.00% bank_capture=100.00% acq_acc=100.00% acq_conf=0.711 radius=0.0m pred_step=5.033 target_step=5.375 pred_v=5.092 target_v=5.375 val_mle=9.305m val_p90=11.022m val_speed_mae=3.163 heading=-0.2/-0.6deg val_progress_mae=8.510m val_heading_mae=29.2deg val_capture=92.00% val_bank=92.00% val_acq_acc=100.00% score=9.937 best=9.875 patience=2/8
temporal epoch=016/100 loss=9.40829 center_teacher=1.000 acq_teacher=1.000 capture=100.00% bank_capture=100.00% acq_acc=100.00% acq_conf=0.711 radius=0.0m pred_step=3.667 target_step=5.375 pred_v=3.890 target_v=5.375 val_mle=9.312m val_p90=10.898m val_speed_mae=2.748 heading=-0.2/-0.6deg val_progress_mae=8.515m val_heading_mae=29.2deg val_capture=92.00% val_bank=92.00% val_acq_acc=100.00% score=9.923 best=9.875 patience=3/8
temporal epoch=017/100 loss=10.42900 center_teacher=1.000 acq_teacher=1.000 capture=100.00% bank_capture=100.00% acq_acc=100.00% acq_conf=0.711 radius=0.0m pred_step=6.552 target_step=5.375 pred_v=6.427 target_v=5.375 val_mle=9.245m val_p90=10.764m val_speed_mae=2.694 heading=-0.2/-0.6deg val_progress_mae=8.438m val_heading_mae=29.2deg val_capture=92.00% val_bank=92.00% val_acq_acc=100.00% score=9.851 best=9.851 patience=0/8
temporal epoch=018/100 loss=8.96753 center_teacher=1.000 acq_teacher=1.000 capture=100.00% bank_capture=100.00% acq_acc=100.00% acq_conf=0.711 radius=0.0m pred_step=5.108 target_step=5.375 pred_v=5.158 target_v=5.375 val_mle=9.115m val_p90=10.590m val_speed_mae=4.761 heading=0.0/-0.6deg val_progress_mae=8.295m val_heading_mae=29.1deg val_capture=92.00% val_bank=92.00% val_acq_acc=100.00% score=9.820 best=9.820 patience=0/8
temporal epoch=019/100 loss=10.01714 center_teacher=1.000 acq_teacher=1.000 capture=100.00% bank_capture=100.00% acq_acc=100.00% acq_conf=0.711 radius=0.0m pred_step=2.671 target_step=5.375 pred_v=3.013 target_v=5.375 val_mle=9.072m val_p90=10.470m val_speed_mae=3.238 heading=0.1/-0.6deg val_progress_mae=8.252m val_heading_mae=29.1deg val_capture=92.00% val_bank=92.00% val_acq_acc=100.00% score=9.700 best=9.700 patience=0/8
temporal epoch=020/100 loss=11.43549 center_teacher=1.000 acq_teacher=1.000 capture=100.00% bank_capture=100.00% acq_acc=100.00% acq_conf=0.711 radius=0.0m pred_step=7.308 target_step=5.375 pred_v=7.090 target_v=5.375 val_mle=8.865m val_p90=10.238m val_speed_mae=5.484 heading=0.1/-0.6deg val_progress_mae=8.022m val_heading_mae=29.1deg val_capture=92.00% val_bank=92.00% val_acq_acc=100.00% score=9.598 best=9.598 patience=0/8
temporal epoch=021/100 loss=9.95676 center_teacher=1.000 acq_teacher=1.000 capture=100.00% bank_capture=100.00% acq_acc=100.00% acq_conf=0.711 radius=0.0m pred_step=6.829 target_step=5.375 pred_v=6.670 target_v=5.375 val_mle=8.587m val_p90=9.953m val_speed_mae=4.726 heading=0.2/-0.6deg val_progress_mae=7.707m val_heading_mae=29.1deg val_capture=92.00% val_bank=92.00% val_acq_acc=100.00% score=9.273 best=9.273 patience=0/8
temporal epoch=022/100 loss=10.57730 center_teacher=1.000 acq_teacher=1.000 capture=100.00% bank_capture=100.00% acq_acc=100.00% acq_conf=0.711 radius=0.0m pred_step=2.039 target_step=5.375 pred_v=2.446 target_v=5.375 val_mle=8.575m val_p90=9.902m val_speed_mae=3.008 heading=0.2/-0.6deg val_progress_mae=7.693m val_heading_mae=29.1deg val_capture=92.00% val_bank=92.00% val_acq_acc=100.00% score=9.174 best=9.174 patience=0/8
temporal epoch=023/100 loss=9.25516 center_teacher=1.000 acq_teacher=1.000 capture=100.00% bank_capture=100.00% acq_acc=100.00% acq_conf=0.711 radius=0.0m pred_step=4.999 target_step=5.375 pred_v=5.057 target_v=5.375 val_mle=8.294m val_p90=9.610m val_speed_mae=5.150 heading=0.4/-0.6deg val_progress_mae=7.383m val_heading_mae=29.1deg val_capture=92.00% val_bank=92.00% val_acq_acc=100.00% score=8.991 best=8.991 patience=0/8
temporal epoch=024/100 loss=11.59046 center_teacher=1.000 acq_teacher=1.000 capture=100.00% bank_capture=100.00% acq_acc=100.00% acq_conf=0.711 radius=0.0m pred_step=8.070 target_step=5.375 pred_v=7.762 target_v=5.375 val_mle=8.129m val_p90=9.435m val_speed_mae=2.304 heading=0.9/-0.6deg val_progress_mae=7.188m val_heading_mae=29.1deg val_capture=92.00% val_bank=92.00% val_acq_acc=100.00% score=8.678 best=8.678 patience=0/8
temporal epoch=025/100 loss=8.43891 center_teacher=1.000 acq_teacher=1.000 capture=100.00% bank_capture=100.00% acq_acc=100.00% acq_conf=0.710 radius=0.0m pred_step=4.555 target_step=5.375 pred_v=4.670 target_v=5.375 val_mle=8.346m val_p90=9.704m val_speed_mae=3.250 heading=0.7/-0.6deg val_progress_mae=7.437m val_heading_mae=29.1deg val_capture=92.00% val_bank=92.00% val_acq_acc=100.00% score=8.950 best=8.678 patience=1/8
temporal epoch=026/100 loss=8.59491 center_teacher=1.000 acq_teacher=1.000 capture=100.00% bank_capture=100.00% acq_acc=100.00% acq_conf=0.710 radius=0.0m pred_step=3.918 target_step=5.375 pred_v=4.108 target_v=5.375 val_mle=7.996m val_p90=9.345m val_speed_mae=2.377 heading=0.5/-0.6deg val_progress_mae=7.044m val_heading_mae=29.1deg val_capture=92.00% val_bank=92.00% val_acq_acc=100.00% score=8.544 best=8.544 patience=0/8
temporal epoch=027/100 loss=8.82217 center_teacher=1.000 acq_teacher=1.000 capture=100.00% bank_capture=100.00% acq_acc=100.00% acq_conf=0.711 radius=0.0m pred_step=5.667 target_step=5.375 pred_v=5.648 target_v=5.375 val_mle=7.982m val_p90=9.280m val_speed_mae=3.142 heading=0.9/-0.6deg val_progress_mae=7.038m val_heading_mae=29.1deg val_capture=92.00% val_bank=92.00% val_acq_acc=100.00% score=8.568 best=8.544 patience=1/8
temporal epoch=028/100 loss=9.89745 center_teacher=1.000 acq_teacher=1.000 capture=100.00% bank_capture=100.00% acq_acc=100.00% acq_conf=0.711 radius=0.0m pred_step=7.410 target_step=5.375 pred_v=7.183 target_v=5.375 val_mle=8.195m val_p90=9.527m val_speed_mae=4.908 heading=0.9/-0.6deg val_progress_mae=7.276m val_heading_mae=29.1deg val_capture=92.00% val_bank=92.00% val_acq_acc=100.00% score=8.877 best=8.544 patience=2/8
temporal epoch=029/100 loss=10.49500 center_teacher=1.000 acq_teacher=1.000 capture=100.00% bank_capture=100.00% acq_acc=100.00% acq_conf=0.711 radius=0.0m pred_step=1.654 target_step=5.375 pred_v=2.072 target_v=5.375 val_mle=8.342m val_p90=9.680m val_speed_mae=4.048 heading=0.4/-0.6deg val_progress_mae=7.446m val_heading_mae=29.1deg val_capture=92.00% val_bank=92.00% val_acq_acc=100.00% score=8.986 best=8.544 patience=3/8
temporal epoch=030/100 loss=8.38753 center_teacher=1.000 acq_teacher=1.000 capture=100.00% bank_capture=100.00% acq_acc=100.00% acq_conf=0.712 radius=0.0m pred_step=4.431 target_step=5.375 pred_v=4.559 target_v=5.375 val_mle=7.783m val_p90=9.154m val_speed_mae=2.278 heading=1.0/-0.6deg val_progress_mae=6.818m val_heading_mae=29.1deg val_capture=92.00% val_bank=92.00% val_acq_acc=100.00% score=8.319 best=8.319 patience=0/8
temporal epoch=031/100 loss=8.96434 center_teacher=1.000 acq_teacher=1.000 capture=100.00% bank_capture=100.00% acq_acc=100.00% acq_conf=0.715 radius=0.0m pred_step=6.270 target_step=5.375 pred_v=6.185 target_v=5.375 val_mle=8.034m val_p90=9.472m val_speed_mae=2.244 heading=1.3/-0.6deg val_progress_mae=7.110m val_heading_mae=29.1deg val_capture=92.00% val_bank=92.00% val_acq_acc=100.00% score=8.578 best=8.319 patience=1/8
temporal epoch=032/100 loss=8.93349 center_teacher=1.000 acq_teacher=1.000 capture=100.00% bank_capture=100.00% acq_acc=100.00% acq_conf=0.714 radius=0.0m pred_step=7.047 target_step=5.375 pred_v=6.861 target_v=5.375 val_mle=8.302m val_p90=9.860m val_speed_mae=4.223 heading=0.7/-0.6deg val_progress_mae=7.464m val_heading_mae=29.2deg val_capture=92.00% val_bank=92.00% val_acq_acc=100.00% score=8.956 best=8.319 patience=2/8
temporal epoch=033/100 loss=9.81559 center_teacher=1.000 acq_teacher=1.000 capture=100.00% bank_capture=100.00% acq_acc=100.00% acq_conf=0.712 radius=0.0m pred_step=2.244 target_step=5.375 pred_v=2.618 target_v=5.375 val_mle=8.024m val_p90=9.690m val_speed_mae=2.808 heading=1.2/-0.6deg val_progress_mae=7.190m val_heading_mae=29.1deg val_capture=96.00% val_bank=96.00% val_acq_acc=100.00% score=8.518 best=8.319 patience=3/8
temporal epoch=034/100 loss=8.59673 center_teacher=1.000 acq_teacher=1.000 capture=100.00% bank_capture=100.00% acq_acc=100.00% acq_conf=0.711 radius=0.0m pred_step=5.415 target_step=5.375 pred_v=5.450 target_v=5.375 val_mle=7.998m val_p90=9.661m val_speed_mae=2.179 heading=2.7/-0.6deg val_progress_mae=7.167m val_heading_mae=29.1deg val_capture=96.00% val_bank=96.00% val_acq_acc=100.00% score=8.460 best=8.319 patience=4/8
temporal epoch=035/100 loss=8.25043 center_teacher=1.000 acq_teacher=1.000 capture=100.00% bank_capture=100.00% acq_acc=100.00% acq_conf=0.712 radius=0.0m pred_step=6.495 target_step=5.375 pred_v=6.368 target_v=5.375 val_mle=7.962m val_p90=9.536m val_speed_mae=2.803 heading=1.3/-0.6deg val_progress_mae=7.099m val_heading_mae=29.2deg val_capture=92.00% val_bank=92.00% val_acq_acc=100.00% score=8.534 best=8.319 patience=5/8
temporal epoch=036/100 loss=8.79604 center_teacher=1.000 acq_teacher=1.000 capture=100.00% bank_capture=100.00% acq_acc=100.00% acq_conf=0.709 radius=0.0m pred_step=3.040 target_step=5.375 pred_v=3.308 target_v=5.375 val_mle=8.513m val_p90=10.857m val_speed_mae=2.052 heading=1.4/-0.6deg val_progress_mae=7.606m val_heading_mae=29.2deg val_capture=96.00% val_bank=96.00% val_acq_acc=100.00% score=8.983 best=8.319 patience=6/8
temporal epoch=037/100 loss=8.55804 center_teacher=1.000 acq_teacher=1.000 capture=100.00% bank_capture=100.00% acq_acc=100.00% acq_conf=0.711 radius=0.0m pred_step=5.893 target_step=5.375 pred_v=5.896 target_v=5.375 val_mle=8.055m val_p90=10.432m val_speed_mae=2.070 heading=3.9/-0.6deg val_progress_mae=7.099m val_heading_mae=29.1deg val_capture=96.00% val_bank=96.00% val_acq_acc=100.00% score=8.509 best=8.319 patience=7/8
temporal epoch=038/100 loss=7.65134 center_teacher=1.000 acq_teacher=1.000 capture=100.00% bank_capture=100.00% acq_acc=100.00% acq_conf=0.712 radius=0.0m pred_step=5.422 target_step=5.375 pred_v=5.433 target_v=5.375 val_mle=8.281m val_p90=9.956m val_speed_mae=2.048 heading=2.5/-0.6deg val_progress_mae=7.470m val_heading_mae=29.1deg val_capture=92.00% val_bank=92.00% val_acq_acc=100.00% score=8.826 best=8.319 patience=8/8
EARLY STOP: controlled local-prior validation score did not improve by 0.003 for 8 epochs.
[TRAIN DONE] cityc frames=1
[TEMPORAL FAIRNESS] frame1/frame2/frame3 share one visual checkpoint
[TRAIN START] cityc frames=2 GPU5 patience=8
[TRAIN START] cityc frames=3 GPU6 patience=8
[PREPARED] PASS | city=cityc | step=4 m | selection=soft_sequence_v13_multicity_auto_train_fullroute | existing GT/routes unchanged
[CADENCE] source=experiment_route_stats_train_01 | mean=5.515042 m | p90=10.181094 m | p95=11.000646 m
[PREPARED] PASS | city=cityc | step=4 m | selection=soft_sequence_v13_multicity_auto_train_fullroute | existing GT/routes unchanged
[CADENCE] source=experiment_route_stats_train_01 | mean=5.515042 m | p90=10.181094 m | p95=11.000646 m
[OK] clean v39 runtime: Forward-18 SoftMS -> GRU -> Kalman -> one final MeanShift
[OK] weighted-centroid decoder removed from generated runtime source
[OK] clean v39 runtime: Forward-18 SoftMS -> GRU -> Kalman -> one final MeanShift
[OK] weighted-centroid decoder removed from generated runtime source
[PATCH OK] GRU = current + delta + delta2 + SAT + SoftMS position + visual displacement + previous state
[PATCH OK] 3-frame delta2 directly corrects acceleration + next_step
[PATCH OK] training/validation/inference motion starts from current-city cadence
[PATCH OK] Kalman = smooth confidence-adaptive measurement-preserving residual fusion
[PATCH OK] step corridor = continuous confidence relaxation
[PATCH OK] no held-out navigation result is read by this patch
[V39-BEARING] final-MS route-centerline reference patch: PASS
[PATCH OK] GRU = current + delta + delta2 + SAT + SoftMS position + visual displacement + previous state
[PATCH OK] 3-frame delta2 directly corrects acceleration + next_step
[PATCH OK] training/validation/inference motion starts from current-city cadence
[PATCH OK] Kalman = smooth confidence-adaptive measurement-preserving residual fusion
[PATCH OK] step corridor = continuous confidence relaxation
[PATCH OK] no held-out navigation result is read by this patch
[V39-BEARING] final-MS route-centerline reference patch: PASS
[ARCH-AUDIT] forward_18: PASS
[ARCH-AUDIT] base_geometry_6x6: PASS
[ARCH-AUDIT] front_softms_source: PASS
[ARCH-AUDIT] one_final_ms_source: PASS
[ARCH-AUDIT] front_decoder_softms: PASS
[ARCH-AUDIT] simple_seven_block_gru: PASS
[ARCH-AUDIT] residual_motion_head: PASS
[ARCH-AUDIT] causal_visual_displacement: PASS
[ARCH-AUDIT] cadence_initialized_tracker: PASS
[ARCH-AUDIT] motion_training_inference_aligned: PASS
[ARCH-AUDIT] training_city_motion_scale_init: PASS
[ARCH-AUDIT] forward_origin_backshift_covers_jitter: PASS
[ARCH-AUDIT] protocol: PASS
[ARCH-AUDIT] controlled_gt_reference_enabled: PASS
[ARCH-AUDIT] frame_count: PASS
[ARCH-AUDIT] gru_flag: PASS
[ARCH-AUDIT] kalman_flag: PASS
[TRAIN] reuse visual checkpoint /yh/study/uav-sat/v39_otherdata/output/minimal_loss_correct_gt_20260921_223816/cityc/train_frames2/checkpoints/visual_retrieval_A_only.pt
[ARCH-AUDIT] forward_18: PASS
[ARCH-AUDIT] base_geometry_6x6: PASS
[ARCH-AUDIT] front_softms_source: PASS
[ARCH-AUDIT] one_final_ms_source: PASS
[ARCH-AUDIT] front_decoder_softms: PASS
[ARCH-AUDIT] simple_seven_block_gru: PASS
[ARCH-AUDIT] residual_motion_head: PASS
[ARCH-AUDIT] causal_visual_displacement: PASS
[ARCH-AUDIT] cadence_initialized_tracker: PASS
[ARCH-AUDIT] motion_training_inference_aligned: PASS
[ARCH-AUDIT] training_city_motion_scale_init: PASS
[ARCH-AUDIT] forward_origin_backshift_covers_jitter: PASS
[ARCH-AUDIT] protocol: PASS
[ARCH-AUDIT] controlled_gt_reference_enabled: PASS
[ARCH-AUDIT] frame_count: PASS
[ARCH-AUDIT] gru_flag: PASS
[ARCH-AUDIT] kalman_flag: PASS
[TRAIN] reuse visual checkpoint /yh/study/uav-sat/v39_otherdata/output/minimal_loss_correct_gt_20260921_223816/cityc/train_frames3/checkpoints/visual_retrieval_A_only.pt
route_A: reuse UAV backbone cache
route_A: reuse UAV backbone cache
temporal split train=[0,135) val=[139,164) route_length=781.2m
City training-sequence mean forward step=5.375m/frame p90=10.217m/frame
temporal split train=[0,135) val=[139,164) route_length=781.2m
City training-sequence mean forward step=5.375m/frame p90=10.217m/frame
temporal epoch=001/100 loss=10.40296 center_teacher=1.000 acq_teacher=1.000 capture=100.00% bank_capture=100.00% acq_acc=100.00% acq_conf=0.711 radius=0.0m pred_step=5.224 target_step=5.375 pred_v=5.259 target_v=5.375 val_mle=10.999m val_p90=12.975m val_speed_mae=2.997 heading=0.0/-0.6deg val_progress_mae=10.319m val_heading_mae=29.2deg val_capture=92.00% val_bank=92.00% val_acq_acc=100.00% score=11.677 best=11.677 patience=0/8
temporal epoch=001/100 loss=10.38643 center_teacher=1.000 acq_teacher=1.000 capture=100.00% bank_capture=100.00% acq_acc=100.00% acq_conf=0.711 radius=0.0m pred_step=5.138 target_step=5.375 pred_v=5.208 target_v=5.375 val_mle=11.003m val_p90=12.980m val_speed_mae=3.036 heading=0.0/-0.6deg val_progress_mae=10.324m val_heading_mae=29.2deg val_capture=92.00% val_bank=92.00% val_acq_acc=100.00% score=11.683 best=11.683 patience=0/8
temporal epoch=002/100 loss=10.56110 center_teacher=1.000 acq_teacher=1.000 capture=100.00% bank_capture=100.00% acq_acc=100.00% acq_conf=0.711 radius=0.0m pred_step=4.045 target_step=5.375 pred_v=4.224 target_v=5.375 val_mle=10.869m val_p90=12.836m val_speed_mae=2.939 heading=-0.2/-0.6deg val_progress_mae=10.183m val_heading_mae=29.2deg val_capture=92.00% val_bank=92.00% val_acq_acc=100.00% score=11.540 best=11.540 patience=0/8
temporal epoch=002/100 loss=10.66474 center_teacher=1.000 acq_teacher=1.000 capture=100.00% bank_capture=100.00% acq_acc=100.00% acq_conf=0.711 radius=0.0m pred_step=3.908 target_step=5.375 pred_v=4.201 target_v=5.375 val_mle=10.884m val_p90=12.853m val_speed_mae=2.814 heading=-0.2/-0.6deg val_progress_mae=10.198m val_heading_mae=29.2deg val_capture=92.00% val_bank=92.00% val_acq_acc=100.00% score=11.549 best=11.549 patience=0/8
temporal epoch=003/100 loss=10.17994 center_teacher=1.000 acq_teacher=1.000 capture=100.00% bank_capture=100.00% acq_acc=100.00% acq_conf=0.711 radius=0.0m pred_step=4.484 target_step=5.375 pred_v=4.608 target_v=5.375 val_mle=10.705m val_p90=12.667m val_speed_mae=2.419 heading=-0.1/-0.6deg val_progress_mae=10.013m val_heading_mae=29.2deg val_capture=92.00% val_bank=92.00% val_acq_acc=100.00% score=11.345 best=11.345 patience=0/8
temporal epoch=003/100 loss=10.16655 center_teacher=1.000 acq_teacher=1.000 capture=100.00% bank_capture=100.00% acq_acc=100.00% acq_conf=0.711 radius=0.0m pred_step=4.610 target_step=5.375 pred_v=4.794 target_v=5.375 val_mle=10.724m val_p90=12.623m val_speed_mae=2.373 heading=-0.1/-0.6deg val_progress_mae=10.030m val_heading_mae=29.2deg val_capture=92.00% val_bank=92.00% val_acq_acc=100.00% score=11.362 best=11.362 patience=0/8
temporal epoch=004/100 loss=10.20418 center_teacher=1.000 acq_teacher=1.000 capture=100.00% bank_capture=100.00% acq_acc=100.00% acq_conf=0.711 radius=0.0m pred_step=5.291 target_step=5.375 pred_v=5.318 target_v=5.375 val_mle=10.510m val_p90=12.391m val_speed_mae=2.372 heading=0.0/-0.6deg val_progress_mae=9.809m val_heading_mae=29.2deg val_capture=92.00% val_bank=92.00% val_acq_acc=100.00% score=11.141 best=11.141 patience=0/8
temporal epoch=004/100 loss=10.41502 center_teacher=1.000 acq_teacher=1.000 capture=100.00% bank_capture=100.00% acq_acc=100.00% acq_conf=0.710 radius=0.0m pred_step=5.712 target_step=5.375 pred_v=5.719 target_v=5.375 val_mle=10.546m val_p90=12.435m val_speed_mae=2.421 heading=0.1/-0.6deg val_progress_mae=9.845m val_heading_mae=29.2deg val_capture=92.00% val_bank=92.00% val_acq_acc=100.00% score=11.181 best=11.181 patience=0/8
temporal epoch=005/100 loss=10.16125 center_teacher=1.000 acq_teacher=1.000 capture=100.00% bank_capture=100.00% acq_acc=100.00% acq_conf=0.710 radius=0.0m pred_step=5.548 target_step=5.375 pred_v=5.544 target_v=5.375 val_mle=10.306m val_p90=12.212m val_speed_mae=2.404 heading=0.1/-0.6deg val_progress_mae=9.599m val_heading_mae=29.2deg val_capture=92.00% val_bank=92.00% val_acq_acc=100.00% score=10.932 best=10.932 patience=0/8
temporal epoch=005/100 loss=10.24775 center_teacher=1.000 acq_teacher=1.000 capture=100.00% bank_capture=100.00% acq_acc=100.00% acq_conf=0.710 radius=0.0m pred_step=5.729 target_step=5.375 pred_v=5.733 target_v=5.375 val_mle=10.357m val_p90=12.301m val_speed_mae=2.452 heading=0.1/-0.6deg val_progress_mae=9.652m val_heading_mae=29.2deg val_capture=92.00% val_bank=92.00% val_acq_acc=100.00% score=10.988 best=10.988 patience=0/8
temporal epoch=006/100 loss=9.79267 center_teacher=1.000 acq_teacher=1.000 capture=100.00% bank_capture=100.00% acq_acc=100.00% acq_conf=0.711 radius=0.0m pred_step=5.095 target_step=5.375 pred_v=5.146 target_v=5.375 val_mle=10.080m val_p90=11.998m val_speed_mae=2.793 heading=-0.0/-0.6deg val_progress_mae=9.366m val_heading_mae=29.2deg val_capture=92.00% val_bank=92.00% val_acq_acc=100.00% score=10.719 best=10.719 patience=0/8
temporal epoch=006/100 loss=9.79607 center_teacher=1.000 acq_teacher=1.000 capture=100.00% bank_capture=100.00% acq_acc=100.00% acq_conf=0.711 radius=0.0m pred_step=4.793 target_step=5.375 pred_v=4.944 target_v=5.375 val_mle=10.145m val_p90=12.059m val_speed_mae=3.129 heading=-0.1/-0.6deg val_progress_mae=9.432m val_heading_mae=29.2deg val_capture=92.00% val_bank=92.00% val_acq_acc=100.00% score=10.803 best=10.803 patience=0/8
temporal epoch=007/100 loss=9.77253 center_teacher=1.000 acq_teacher=1.000 capture=100.00% bank_capture=100.00% acq_acc=100.00% acq_conf=0.711 radius=0.0m pred_step=4.327 target_step=5.375 pred_v=4.471 target_v=5.375 val_mle=9.844m val_p90=11.737m val_speed_mae=3.260 heading=-0.1/-0.6deg val_progress_mae=9.118m val_heading_mae=29.2deg val_capture=92.00% val_bank=92.00% val_acq_acc=100.00% score=10.499 best=10.499 patience=0/8
temporal epoch=007/100 loss=10.10525 center_teacher=1.000 acq_teacher=1.000 capture=100.00% bank_capture=100.00% acq_acc=100.00% acq_conf=0.711 radius=0.0m pred_step=3.855 target_step=5.375 pred_v=4.152 target_v=5.375 val_mle=9.929m val_p90=11.830m val_speed_mae=3.207 heading=-0.2/-0.6deg val_progress_mae=9.206m val_heading_mae=29.2deg val_capture=92.00% val_bank=92.00% val_acq_acc=100.00% score=10.584 best=10.584 patience=0/8
temporal epoch=008/100 loss=9.82824 center_teacher=1.000 acq_teacher=1.000 capture=100.00% bank_capture=100.00% acq_acc=100.00% acq_conf=0.711 radius=0.0m pred_step=3.943 target_step=5.375 pred_v=4.133 target_v=5.375 val_mle=9.614m val_p90=11.486m val_speed_mae=2.857 heading=-0.2/-0.6deg val_progress_mae=8.871m val_heading_mae=29.2deg val_capture=92.00% val_bank=92.00% val_acq_acc=100.00% score=10.241 best=10.241 patience=0/8
temporal epoch=008/100 loss=9.78098 center_teacher=1.000 acq_teacher=1.000 capture=100.00% bank_capture=100.00% acq_acc=100.00% acq_conf=0.711 radius=0.0m pred_step=4.005 target_step=5.375 pred_v=4.277 target_v=5.375 val_mle=9.722m val_p90=11.621m val_speed_mae=2.466 heading=-0.2/-0.6deg val_progress_mae=8.984m val_heading_mae=29.2deg val_capture=92.00% val_bank=92.00% val_acq_acc=100.00% score=10.333 best=10.333 patience=0/8
temporal epoch=009/100 loss=9.44524 center_teacher=1.000 acq_teacher=1.000 capture=100.00% bank_capture=100.00% acq_acc=100.00% acq_conf=0.711 radius=0.0m pred_step=4.535 target_step=5.375 pred_v=4.653 target_v=5.375 val_mle=9.422m val_p90=11.257m val_speed_mae=2.408 heading=-0.2/-0.6deg val_progress_mae=8.659m val_heading_mae=29.2deg val_capture=92.00% val_bank=92.00% val_acq_acc=100.00% score=10.021 best=10.021 patience=0/8
temporal epoch=009/100 loss=9.58856 center_teacher=1.000 acq_teacher=1.000 capture=100.00% bank_capture=100.00% acq_acc=100.00% acq_conf=0.711 radius=0.0m pred_step=5.199 target_step=5.375 pred_v=5.289 target_v=5.375 val_mle=9.529m val_p90=11.344m val_speed_mae=2.381 heading=0.0/-0.6deg val_progress_mae=8.773m val_heading_mae=29.2deg val_capture=92.00% val_bank=92.00% val_acq_acc=100.00% score=10.129 best=10.129 patience=0/8
temporal epoch=010/100 loss=9.45757 center_teacher=1.000 acq_teacher=1.000 capture=100.00% bank_capture=100.00% acq_acc=100.00% acq_conf=0.711 radius=0.0m pred_step=5.300 target_step=5.375 pred_v=5.326 target_v=5.375 val_mle=9.278m val_p90=11.063m val_speed_mae=2.392 heading=-0.1/-0.6deg val_progress_mae=8.497m val_heading_mae=29.2deg val_capture=92.00% val_bank=92.00% val_acq_acc=100.00% score=9.871 best=9.871 patience=0/8
temporal epoch=010/100 loss=9.63204 center_teacher=1.000 acq_teacher=1.000 capture=100.00% bank_capture=100.00% acq_acc=100.00% acq_conf=0.710 radius=0.0m pred_step=5.643 target_step=5.375 pred_v=5.670 target_v=5.375 val_mle=9.387m val_p90=11.251m val_speed_mae=2.445 heading=0.1/-0.6deg val_progress_mae=8.618m val_heading_mae=29.2deg val_capture=92.00% val_bank=92.00% val_acq_acc=100.00% score=9.986 best=9.986 patience=0/8
temporal epoch=011/100 loss=9.38328 center_teacher=1.000 acq_teacher=1.000 capture=100.00% bank_capture=100.00% acq_acc=100.00% acq_conf=0.711 radius=0.0m pred_step=5.108 target_step=5.375 pred_v=5.158 target_v=5.375 val_mle=9.192m val_p90=11.008m val_speed_mae=2.727 heading=0.0/-0.6deg val_progress_mae=8.400m val_heading_mae=29.2deg val_capture=92.00% val_bank=92.00% val_acq_acc=100.00% score=9.799 best=9.799 patience=0/8
temporal epoch=011/100 loss=9.31968 center_teacher=1.000 acq_teacher=1.000 capture=100.00% bank_capture=100.00% acq_acc=100.00% acq_conf=0.711 radius=0.0m pred_step=4.752 target_step=5.375 pred_v=4.925 target_v=5.375 val_mle=9.300m val_p90=11.139m val_speed_mae=3.063 heading=0.0/-0.6deg val_progress_mae=8.521m val_heading_mae=29.2deg val_capture=92.00% val_bank=92.00% val_acq_acc=100.00% score=9.928 best=9.928 patience=0/8
temporal epoch=012/100 loss=9.36554 center_teacher=1.000 acq_teacher=1.000 capture=100.00% bank_capture=100.00% acq_acc=100.00% acq_conf=0.711 radius=0.0m pred_step=4.336 target_step=5.375 pred_v=4.479 target_v=5.375 val_mle=9.155m val_p90=10.948m val_speed_mae=2.914 heading=-0.0/-0.6deg val_progress_mae=8.358m val_heading_mae=29.2deg val_capture=92.00% val_bank=92.00% val_acq_acc=100.00% score=9.770 best=9.770 patience=0/8
temporal epoch=012/100 loss=9.54982 center_teacher=1.000 acq_teacher=1.000 capture=100.00% bank_capture=100.00% acq_acc=100.00% acq_conf=0.711 radius=0.0m pred_step=3.901 target_step=5.375 pred_v=4.215 target_v=5.375 val_mle=9.286m val_p90=11.109m val_speed_mae=2.608 heading=-0.1/-0.6deg val_progress_mae=8.502m val_heading_mae=29.2deg val_capture=92.00% val_bank=92.00% val_acq_acc=100.00% score=9.890 best=9.890 patience=0/8
temporal epoch=013/100 loss=9.27608 center_teacher=1.000 acq_teacher=1.000 capture=100.00% bank_capture=100.00% acq_acc=100.00% acq_conf=0.711 radius=0.0m pred_step=4.346 target_step=5.375 pred_v=4.487 target_v=5.375 val_mle=9.146m val_p90=10.852m val_speed_mae=2.375 heading=-0.1/-0.6deg val_progress_mae=8.346m val_heading_mae=29.2deg val_capture=92.00% val_bank=92.00% val_acq_acc=100.00% score=9.734 best=9.734 patience=0/8
temporal epoch=013/100 loss=9.22627 center_teacher=1.000 acq_teacher=1.000 capture=100.00% bank_capture=100.00% acq_acc=100.00% acq_conf=0.711 radius=0.0m pred_step=4.880 target_step=5.375 pred_v=5.064 target_v=5.375 val_mle=9.320m val_p90=11.070m val_speed_mae=2.470 heading=-0.0/-0.6deg val_progress_mae=8.534m val_heading_mae=29.2deg val_capture=92.00% val_bank=92.00% val_acq_acc=100.00% score=9.918 best=9.890 patience=1/8
temporal epoch=014/100 loss=9.42408 center_teacher=1.000 acq_teacher=1.000 capture=100.00% bank_capture=100.00% acq_acc=100.00% acq_conf=0.711 radius=0.0m pred_step=5.470 target_step=5.375 pred_v=5.476 target_v=5.375 val_mle=9.160m val_p90=10.843m val_speed_mae=2.366 heading=-0.2/-0.6deg val_progress_mae=8.358m val_heading_mae=29.2deg val_capture=92.00% val_bank=92.00% val_acq_acc=100.00% score=9.747 best=9.734 patience=1/8
temporal epoch=014/100 loss=9.47218 center_teacher=1.000 acq_teacher=1.000 capture=100.00% bank_capture=100.00% acq_acc=100.00% acq_conf=0.710 radius=0.0m pred_step=5.783 target_step=5.375 pred_v=5.848 target_v=5.375 val_mle=9.329m val_p90=11.061m val_speed_mae=2.462 heading=0.1/-0.6deg val_progress_mae=8.543m val_heading_mae=29.2deg val_capture=92.00% val_bank=92.00% val_acq_acc=100.00% score=9.927 best=9.890 patience=2/8
temporal epoch=015/100 loss=9.22738 center_teacher=1.000 acq_teacher=1.000 capture=100.00% bank_capture=100.00% acq_acc=100.00% acq_conf=0.710 radius=0.0m pred_step=5.015 target_step=5.375 pred_v=5.075 target_v=5.375 val_mle=9.202m val_p90=10.876m val_speed_mae=3.303 heading=0.0/-0.6deg val_progress_mae=8.404m val_heading_mae=29.2deg val_capture=92.00% val_bank=92.00% val_acq_acc=100.00% score=9.838 best=9.734 patience=2/8
temporal epoch=015/100 loss=9.13337 center_teacher=1.000 acq_teacher=1.000 capture=100.00% bank_capture=100.00% acq_acc=100.00% acq_conf=0.710 radius=0.0m pred_step=4.423 target_step=5.375 pred_v=4.700 target_v=5.375 val_mle=9.257m val_p90=10.909m val_speed_mae=3.190 heading=0.1/-0.6deg val_progress_mae=8.461m val_heading_mae=29.2deg val_capture=92.00% val_bank=92.00% val_acq_acc=100.00% score=9.888 best=9.890 patience=3/8
temporal epoch=016/100 loss=9.59014 center_teacher=1.000 acq_teacher=1.000 capture=100.00% bank_capture=100.00% acq_acc=100.00% acq_conf=0.711 radius=0.0m pred_step=3.572 target_step=5.375 pred_v=3.806 target_v=5.375 val_mle=9.240m val_p90=10.817m val_speed_mae=2.387 heading=0.0/-0.6deg val_progress_mae=8.443m val_heading_mae=29.2deg val_capture=92.00% val_bank=92.00% val_acq_acc=100.00% score=9.831 best=9.734 patience=3/8
temporal epoch=016/100 loss=9.05570 center_teacher=1.000 acq_teacher=1.000 capture=100.00% bank_capture=100.00% acq_acc=100.00% acq_conf=0.711 radius=0.0m pred_step=3.844 target_step=5.375 pred_v=4.222 target_v=5.375 val_mle=9.062m val_p90=10.606m val_speed_mae=3.006 heading=-0.1/-0.6deg val_progress_mae=8.246m val_heading_mae=29.2deg val_capture=92.00% val_bank=92.00% val_acq_acc=100.00% score=9.678 best=9.678 patience=0/8
temporal epoch=017/100 loss=9.87133 center_teacher=1.000 acq_teacher=1.000 capture=100.00% bank_capture=100.00% acq_acc=100.00% acq_conf=0.711 radius=0.0m pred_step=6.100 target_step=5.375 pred_v=6.029 target_v=5.375 val_mle=9.201m val_p90=10.683m val_speed_mae=2.856 heading=-0.3/-0.6deg val_progress_mae=8.398m val_heading_mae=29.2deg val_capture=92.00% val_bank=92.00% val_acq_acc=100.00% score=9.814 best=9.734 patience=4/8
temporal epoch=017/100 loss=10.28553 center_teacher=1.000 acq_teacher=1.000 capture=100.00% bank_capture=100.00% acq_acc=100.00% acq_conf=0.711 radius=0.0m pred_step=6.743 target_step=5.375 pred_v=6.706 target_v=5.375 val_mle=8.871m val_p90=10.342m val_speed_mae=3.012 heading=-0.0/-0.6deg val_progress_mae=8.035m val_heading_mae=29.2deg val_capture=92.00% val_bank=92.00% val_acq_acc=100.00% score=9.481 best=9.481 patience=0/8
temporal epoch=018/100 loss=9.09052 center_teacher=1.000 acq_teacher=1.000 capture=100.00% bank_capture=100.00% acq_acc=100.00% acq_conf=0.711 radius=0.0m pred_step=5.442 target_step=5.375 pred_v=5.452 target_v=5.375 val_mle=9.117m val_p90=10.526m val_speed_mae=4.867 heading=-0.3/-0.6deg val_progress_mae=8.306m val_heading_mae=29.1deg val_capture=92.00% val_bank=92.00% val_acq_acc=100.00% score=9.828 best=9.734 patience=5/8
temporal epoch=018/100 loss=8.75752 center_teacher=1.000 acq_teacher=1.000 capture=100.00% bank_capture=100.00% acq_acc=100.00% acq_conf=0.710 radius=0.0m pred_step=5.546 target_step=5.375 pred_v=5.688 target_v=5.375 val_mle=8.720m val_p90=10.164m val_speed_mae=5.236 heading=0.3/-0.6deg val_progress_mae=7.867m val_heading_mae=29.2deg val_capture=92.00% val_bank=92.00% val_acq_acc=100.00% score=9.436 best=9.436 patience=0/8
temporal epoch=019/100 loss=10.48953 center_teacher=1.000 acq_teacher=1.000 capture=100.00% bank_capture=100.00% acq_acc=100.00% acq_conf=0.711 radius=0.0m pred_step=2.375 target_step=5.375 pred_v=2.753 target_v=5.375 val_mle=9.030m val_p90=10.354m val_speed_mae=2.412 heading=-0.0/-0.6deg val_progress_mae=8.207m val_heading_mae=29.1deg val_capture=92.00% val_bank=92.00% val_acq_acc=100.00% score=9.615 best=9.615 patience=0/8
temporal epoch=019/100 loss=11.16434 center_teacher=1.000 acq_teacher=1.000 capture=100.00% bank_capture=100.00% acq_acc=100.00% acq_conf=0.711 radius=0.0m pred_step=1.589 target_step=5.375 pred_v=2.203 target_v=5.375 val_mle=8.428m val_p90=9.831m val_speed_mae=2.885 heading=0.2/-0.6deg val_progress_mae=7.544m val_heading_mae=29.2deg val_capture=92.00% val_bank=92.00% val_acq_acc=100.00% score=9.017 best=9.017 patience=0/8
temporal epoch=020/100 loss=10.47355 center_teacher=1.000 acq_teacher=1.000 capture=100.00% bank_capture=100.00% acq_acc=100.00% acq_conf=0.711 radius=0.0m pred_step=6.529 target_step=5.375 pred_v=6.405 target_v=5.375 val_mle=8.835m val_p90=10.119m val_speed_mae=6.252 heading=-0.1/-0.6deg val_progress_mae=7.996m val_heading_mae=29.1deg val_capture=92.00% val_bank=92.00% val_acq_acc=100.00% score=9.606 best=9.606 patience=0/8
temporal epoch=020/100 loss=9.00971 center_teacher=1.000 acq_teacher=1.000 capture=100.00% bank_capture=100.00% acq_acc=100.00% acq_conf=0.711 radius=0.0m pred_step=4.918 target_step=5.375 pred_v=5.139 target_v=5.375 val_mle=8.170m val_p90=9.558m val_speed_mae=7.593 heading=-0.0/-0.6deg val_progress_mae=7.261m val_heading_mae=29.2deg val_capture=92.00% val_bank=92.00% val_acq_acc=100.00% score=8.986 best=8.986 patience=0/8
temporal epoch=021/100 loss=10.90404 center_teacher=1.000 acq_teacher=1.000 capture=100.00% bank_capture=100.00% acq_acc=100.00% acq_conf=0.711 radius=0.0m pred_step=7.671 target_step=5.375 pred_v=7.412 target_v=5.375 val_mle=8.633m val_p90=9.909m val_speed_mae=3.046 heading=-0.2/-0.6deg val_progress_mae=7.768m val_heading_mae=29.1deg val_capture=92.00% val_bank=92.00% val_acq_acc=100.00% score=9.236 best=9.236 patience=0/8
temporal epoch=021/100 loss=12.68744 center_teacher=1.000 acq_teacher=1.000 capture=100.00% bank_capture=100.00% acq_acc=100.00% acq_conf=0.710 radius=0.0m pred_step=8.934 target_step=5.375 pred_v=8.555 target_v=5.375 val_mle=7.892m val_p90=9.306m val_speed_mae=2.389 heading=0.3/-0.6deg val_progress_mae=6.944m val_heading_mae=29.2deg val_capture=92.00% val_bank=92.00% val_acq_acc=100.00% score=8.438 best=8.438 patience=0/8
temporal epoch=022/100 loss=9.34452 center_teacher=1.000 acq_teacher=1.000 capture=100.00% bank_capture=100.00% acq_acc=100.00% acq_conf=0.711 radius=0.0m pred_step=3.041 target_step=5.375 pred_v=3.340 target_v=5.375 val_mle=8.632m val_p90=9.857m val_speed_mae=2.700 heading=0.0/-0.6deg val_progress_mae=7.763m val_heading_mae=29.1deg val_capture=92.00% val_bank=92.00% val_acq_acc=100.00% score=9.218 best=9.218 patience=0/8
temporal epoch=022/100 loss=8.39025 center_teacher=1.000 acq_teacher=1.000 capture=100.00% bank_capture=100.00% acq_acc=100.00% acq_conf=0.710 radius=0.0m pred_step=4.387 target_step=5.375 pred_v=4.675 target_v=5.375 val_mle=7.945m val_p90=9.292m val_speed_mae=4.688 heading=0.8/-0.6deg val_progress_mae=7.007m val_heading_mae=29.2deg val_capture=92.00% val_bank=92.00% val_acq_acc=100.00% score=8.608 best=8.438 patience=1/8
temporal epoch=023/100 loss=9.13875 center_teacher=1.000 acq_teacher=1.000 capture=100.00% bank_capture=100.00% acq_acc=100.00% acq_conf=0.711 radius=0.0m pred_step=5.021 target_step=5.375 pred_v=5.078 target_v=5.375 val_mle=8.353m val_p90=9.538m val_speed_mae=5.491 heading=-0.0/-0.6deg val_progress_mae=7.456m val_heading_mae=29.1deg val_capture=92.00% val_bank=92.00% val_acq_acc=100.00% score=9.070 best=9.070 patience=0/8
temporal epoch=023/100 loss=9.11213 center_teacher=1.000 acq_teacher=1.000 capture=100.00% bank_capture=100.00% acq_acc=100.00% acq_conf=0.711 radius=0.0m pred_step=2.693 target_step=5.375 pred_v=3.235 target_v=5.375 val_mle=7.661m val_p90=9.070m val_speed_mae=2.875 heading=0.5/-0.6deg val_progress_mae=6.693m val_heading_mae=29.2deg val_capture=92.00% val_bank=92.00% val_acq_acc=100.00% score=8.223 best=8.223 patience=0/8
temporal epoch=024/100 loss=11.37895 center_teacher=1.000 acq_teacher=1.000 capture=100.00% bank_capture=100.00% acq_acc=100.00% acq_conf=0.710 radius=0.0m pred_step=7.872 target_step=5.375 pred_v=7.586 target_v=5.375 val_mle=8.105m val_p90=9.336m val_speed_mae=2.316 heading=0.2/-0.6deg val_progress_mae=7.171m val_heading_mae=29.1deg val_capture=92.00% val_bank=92.00% val_acq_acc=100.00% score=8.654 best=8.654 patience=0/8
temporal epoch=024/100 loss=11.37852 center_teacher=1.000 acq_teacher=1.000 capture=100.00% bank_capture=100.00% acq_acc=100.00% acq_conf=0.710 radius=0.0m pred_step=7.415 target_step=5.375 pred_v=7.222 target_v=5.375 val_mle=7.353m val_p90=9.092m val_speed_mae=8.523 heading=0.5/-0.6deg val_progress_mae=6.492m val_heading_mae=29.2deg val_capture=96.00% val_bank=96.00% val_acq_acc=100.00% score=8.112 best=8.112 patience=0/8
temporal epoch=025/100 loss=8.44750 center_teacher=1.000 acq_teacher=1.000 capture=100.00% bank_capture=100.00% acq_acc=100.00% acq_conf=0.711 radius=0.0m pred_step=4.185 target_step=5.375 pred_v=4.348 target_v=5.375 val_mle=8.288m val_p90=9.568m val_speed_mae=3.219 heading=0.7/-0.6deg val_progress_mae=7.376m val_heading_mae=29.1deg val_capture=92.00% val_bank=92.00% val_acq_acc=100.00% score=8.888 best=8.654 patience=1/8
temporal epoch=025/100 loss=13.16564 center_teacher=1.000 acq_teacher=1.000 capture=100.00% bank_capture=100.00% acq_acc=100.00% acq_conf=0.712 radius=0.0m pred_step=9.649 target_step=5.375 pred_v=9.191 target_v=5.375 val_mle=7.431m val_p90=9.138m val_speed_mae=2.341 heading=1.2/-0.6deg val_progress_mae=6.584m val_heading_mae=29.2deg val_capture=96.00% val_bank=96.00% val_acq_acc=100.00% score=7.884 best=7.884 patience=0/8
temporal epoch=026/100 loss=8.65438 center_teacher=1.000 acq_teacher=1.000 capture=100.00% bank_capture=100.00% acq_acc=100.00% acq_conf=0.710 radius=0.0m pred_step=4.118 target_step=5.375 pred_v=4.283 target_v=5.375 val_mle=7.924m val_p90=9.233m val_speed_mae=2.284 heading=0.4/-0.6deg val_progress_mae=6.968m val_heading_mae=29.1deg val_capture=92.00% val_bank=92.00% val_acq_acc=100.00% score=8.465 best=8.465 patience=0/8
temporal epoch=026/100 loss=7.99296 center_teacher=1.000 acq_teacher=1.000 capture=100.00% bank_capture=100.00% acq_acc=100.00% acq_conf=0.710 radius=0.0m pred_step=4.205 target_step=5.375 pred_v=4.539 target_v=5.375 val_mle=7.681m val_p90=9.153m val_speed_mae=5.164 heading=0.8/-0.6deg val_progress_mae=6.733m val_heading_mae=29.2deg val_capture=92.00% val_bank=92.00% val_acq_acc=100.00% score=8.360 best=7.884 patience=1/8
temporal epoch=027/100 loss=9.07783 center_teacher=1.000 acq_teacher=1.000 capture=100.00% bank_capture=100.00% acq_acc=100.00% acq_conf=0.711 radius=0.0m pred_step=5.571 target_step=5.375 pred_v=5.559 target_v=5.375 val_mle=8.086m val_p90=9.369m val_speed_mae=3.759 heading=0.2/-0.6deg val_progress_mae=7.158m val_heading_mae=29.1deg val_capture=92.00% val_bank=92.00% val_acq_acc=100.00% score=8.707 best=8.465 patience=1/8
temporal epoch=027/100 loss=10.29150 center_teacher=1.000 acq_teacher=1.000 capture=100.00% bank_capture=100.00% acq_acc=100.00% acq_conf=0.711 radius=0.0m pred_step=2.050 target_step=5.375 pred_v=2.712 target_v=5.375 val_mle=7.823m val_p90=9.250m val_speed_mae=5.528 heading=-0.1/-0.6deg val_progress_mae=6.895m val_heading_mae=29.2deg val_capture=92.00% val_bank=92.00% val_acq_acc=100.00% score=8.525 best=7.884 patience=2/8
temporal epoch=028/100 loss=9.93831 center_teacher=1.000 acq_teacher=1.000 capture=100.00% bank_capture=100.00% acq_acc=100.00% acq_conf=0.714 radius=0.0m pred_step=7.209 target_step=5.375 pred_v=7.005 target_v=5.375 val_mle=8.239m val_p90=9.661m val_speed_mae=4.829 heading=1.0/-0.6deg val_progress_mae=7.406m val_heading_mae=29.1deg val_capture=92.00% val_bank=92.00% val_acq_acc=100.00% score=8.921 best=8.465 patience=2/8
temporal epoch=028/100 loss=12.94392 center_teacher=1.000 acq_teacher=1.000 capture=100.00% bank_capture=100.00% acq_acc=100.00% acq_conf=0.711 radius=0.0m pred_step=9.435 target_step=5.375 pred_v=9.177 target_v=5.375 val_mle=7.492m val_p90=8.963m val_speed_mae=8.628 heading=0.3/-0.6deg val_progress_mae=6.527m val_heading_mae=29.2deg val_capture=92.00% val_bank=92.00% val_acq_acc=100.00% score=8.337 best=7.884 patience=3/8
temporal epoch=029/100 loss=11.19905 center_teacher=1.000 acq_teacher=1.000 capture=100.00% bank_capture=100.00% acq_acc=100.00% acq_conf=0.714 radius=0.0m pred_step=1.132 target_step=5.375 pred_v=1.594 target_v=5.375 val_mle=8.436m val_p90=9.963m val_speed_mae=4.794 heading=1.2/-0.6deg val_progress_mae=7.547m val_heading_mae=29.1deg val_capture=92.00% val_bank=92.00% val_acq_acc=100.00% score=9.121 best=8.465 patience=3/8
temporal epoch=029/100 loss=14.24174 center_teacher=1.000 acq_teacher=1.000 capture=100.00% bank_capture=100.00% acq_acc=100.00% acq_conf=0.710 radius=0.0m pred_step=10.556 target_step=5.375 pred_v=10.249 target_v=5.375 val_mle=7.762m val_p90=9.290m val_speed_mae=8.567 heading=0.4/-0.6deg val_progress_mae=6.878m val_heading_mae=29.2deg val_capture=92.00% val_bank=92.00% val_acq_acc=100.00% score=8.615 best=7.884 patience=4/8
temporal epoch=030/100 loss=9.09269 center_teacher=1.000 acq_teacher=1.000 capture=100.00% bank_capture=100.00% acq_acc=100.00% acq_conf=0.714 radius=0.0m pred_step=3.306 target_step=5.375 pred_v=3.551 target_v=5.375 val_mle=7.896m val_p90=9.259m val_speed_mae=2.459 heading=0.8/-0.6deg val_progress_mae=6.945m val_heading_mae=29.1deg val_capture=92.00% val_bank=92.00% val_acq_acc=100.00% score=8.446 best=8.446 patience=0/8
temporal epoch=030/100 loss=12.53336 center_teacher=1.000 acq_teacher=1.000 capture=100.00% bank_capture=100.00% acq_acc=100.00% acq_conf=0.709 radius=0.0m pred_step=9.643 target_step=5.375 pred_v=9.295 target_v=5.375 val_mle=7.824m val_p90=9.399m val_speed_mae=2.853 heading=-1.5/-0.6deg val_progress_mae=6.886m val_heading_mae=29.4deg val_capture=92.00% val_bank=92.00% val_acq_acc=100.00% score=8.392 best=7.884 patience=5/8
temporal epoch=031/100 loss=12.92079 center_teacher=1.000 acq_teacher=1.000 capture=100.00% bank_capture=100.00% acq_acc=100.00% acq_conf=0.712 radius=0.0m pred_step=8.853 target_step=5.375 pred_v=8.489 target_v=5.375 val_mle=8.448m val_p90=10.988m val_speed_mae=7.702 heading=1.6/-0.6deg val_progress_mae=7.501m val_heading_mae=29.2deg val_capture=100.00% val_bank=100.00% val_acq_acc=100.00% score=9.116 best=8.446 patience=1/8
temporal epoch=031/100 loss=9.90905 center_teacher=1.000 acq_teacher=1.000 capture=100.00% bank_capture=100.00% acq_acc=100.00% acq_conf=0.709 radius=0.0m pred_step=2.119 target_step=5.375 pred_v=2.871 target_v=5.375 val_mle=7.830m val_p90=9.336m val_speed_mae=5.005 heading=-2.0/-0.6deg val_progress_mae=6.952m val_heading_mae=29.3deg val_capture=92.00% val_bank=92.00% val_acq_acc=100.00% score=8.507 best=7.884 patience=6/8
temporal epoch=032/100 loss=14.60002 center_teacher=1.000 acq_teacher=1.000 capture=100.00% bank_capture=100.00% acq_acc=100.00% acq_conf=0.710 radius=0.0m pred_step=10.743 target_step=5.375 pred_v=10.408 target_v=5.375 val_mle=8.183m val_p90=10.640m val_speed_mae=2.172 heading=4.2/-0.6deg val_progress_mae=7.110m val_heading_mae=29.2deg val_capture=100.00% val_bank=100.00% val_acq_acc=100.00% score=8.563 best=8.446 patience=2/8
temporal epoch=032/100 loss=11.48982 center_teacher=1.000 acq_teacher=1.000 capture=100.00% bank_capture=100.00% acq_acc=100.00% acq_conf=0.708 radius=0.0m pred_step=1.739 target_step=5.375 pred_v=2.587 target_v=5.375 val_mle=7.541m val_p90=9.016m val_speed_mae=3.163 heading=-1.2/-0.6deg val_progress_mae=6.634m val_heading_mae=29.3deg val_capture=92.00% val_bank=92.00% val_acq_acc=100.00% score=8.116 best=7.884 patience=7/8
temporal epoch=033/100 loss=8.31419 center_teacher=1.000 acq_teacher=1.000 capture=100.00% bank_capture=100.00% acq_acc=100.00% acq_conf=0.712 radius=0.0m pred_step=5.274 target_step=5.375 pred_v=5.304 target_v=5.375 val_mle=8.601m val_p90=10.198m val_speed_mae=3.443 heading=1.9/-0.6deg val_progress_mae=7.783m val_heading_mae=29.2deg val_capture=92.00% val_bank=92.00% val_acq_acc=100.00% score=9.225 best=8.446 patience=3/8
temporal epoch=033/100 loss=11.73752 center_teacher=1.000 acq_teacher=1.000 capture=100.00% bank_capture=100.00% acq_acc=100.00% acq_conf=0.708 radius=0.0m pred_step=7.875 target_step=5.375 pred_v=7.740 target_v=5.375 val_mle=7.701m val_p90=9.300m val_speed_mae=8.536 heading=-1.7/-0.6deg val_progress_mae=6.749m val_heading_mae=29.5deg val_capture=92.00% val_bank=92.00% val_acq_acc=100.00% score=8.549 best=7.884 patience=8/8
EARLY STOP: controlled local-prior validation score did not improve by 0.003 for 8 epochs.
temporal epoch=034/100 loss=9.85314 center_teacher=1.000 acq_teacher=1.000 capture=100.00% bank_capture=100.00% acq_acc=100.00% acq_conf=0.707 radius=0.0m pred_step=3.837 target_step=5.375 pred_v=4.021 target_v=5.375 val_mle=8.024m val_p90=9.696m val_speed_mae=3.170 heading=-0.2/-0.6deg val_progress_mae=7.151m val_heading_mae=29.2deg val_capture=92.00% val_bank=92.00% val_acq_acc=100.00% score=8.616 best=8.446 patience=4/8
temporal epoch=035/100 loss=8.35672 center_teacher=1.000 acq_teacher=1.000 capture=100.00% bank_capture=100.00% acq_acc=100.00% acq_conf=0.711 radius=0.0m pred_step=4.113 target_step=5.375 pred_v=4.275 target_v=5.375 val_mle=8.250m val_p90=9.769m val_speed_mae=3.167 heading=0.4/-0.6deg val_progress_mae=7.355m val_heading_mae=29.2deg val_capture=92.00% val_bank=92.00% val_acq_acc=100.00% score=8.847 best=8.446 patience=5/8
temporal epoch=036/100 loss=11.06348 center_teacher=1.000 acq_teacher=1.000 capture=100.00% bank_capture=100.00% acq_acc=100.00% acq_conf=0.714 radius=0.0m pred_step=7.689 target_step=5.375 pred_v=7.468 target_v=5.375 val_mle=8.252m val_p90=9.838m val_speed_mae=2.218 heading=1.2/-0.6deg val_progress_mae=7.397m val_heading_mae=29.1deg val_capture=92.00% val_bank=92.00% val_acq_acc=100.00% score=8.803 best=8.446 patience=6/8
temporal epoch=037/100 loss=8.32878 center_teacher=1.000 acq_teacher=1.000 capture=100.00% bank_capture=100.00% acq_acc=100.00% acq_conf=0.705 radius=0.0m pred_step=3.643 target_step=5.375 pred_v=3.871 target_v=5.375 val_mle=7.974m val_p90=9.612m val_speed_mae=3.279 heading=-0.7/-0.6deg val_progress_mae=7.093m val_heading_mae=29.3deg val_capture=92.00% val_bank=92.00% val_acq_acc=100.00% score=8.570 best=8.446 patience=7/8
temporal epoch=038/100 loss=9.26281 center_teacher=1.000 acq_teacher=1.000 capture=100.00% bank_capture=100.00% acq_acc=100.00% acq_conf=0.708 radius=0.0m pred_step=3.523 target_step=5.375 pred_v=3.834 target_v=5.375 val_mle=8.182m val_p90=9.776m val_speed_mae=2.480 heading=-2.4/-0.6deg val_progress_mae=7.320m val_heading_mae=29.3deg val_capture=92.00% val_bank=92.00% val_acq_acc=100.00% score=8.744 best=8.446 patience=8/8
EARLY STOP: controlled local-prior validation score did not improve by 0.003 for 8 epochs.
[TRAIN DONE] cityc frames=2
[TRAIN-ONLY V5 CALIBRATION] {"confidence_power": 1.0, "delta2_scale": 0.0, "fixed_variance_m2": 9.0, "objective": 8.144357794014999, "prior_blend_base": 0.05, "prior_blend_cutoff": 0.7, "prior_blend_lowconf_gain": 0.3, "prior_blend_max": 0.3, "q_cross": 0.30000000000000004, "q_progress": 1.125, "q_velocity": 0.75, "stage": "filter", "step_relax_confidence": 0.0, "step_relax_width": 0.05, "step_visual_slack_m": 10.0, "temporal_3frame_scale": 1.1, "val_mle_m": 7.316511456449181, "val_p90_m": 8.955945020598277, "val_progress_mae": 6.444952093777237, "val_speed_mae": 2.3460607490091747}
[TRAIN-ONLY V5 NO-KALMAN DIAGNOSTIC] {"mle_m": 7.422359108676354, "p90_m": 9.024011511488284}
[TRAIN DONE] cityc frames=3
[EVAL START] cityc full GPU0
[PREPARED] PASS | city=cityc | step=4 m | selection=soft_sequence_v13_multicity_auto_train_fullroute | existing GT/routes unchanged
[CADENCE] source=experiment_route_stats_train_01 | mean=5.515042 m | p90=10.181094 m | p95=11.000646 m
[OK] clean v39 runtime: Forward-18 SoftMS -> GRU -> Kalman -> one final MeanShift
[OK] weighted-centroid decoder removed from generated runtime source
[PATCH OK] GRU = current + delta + delta2 + SAT + SoftMS position + visual displacement + previous state
[PATCH OK] 3-frame delta2 directly corrects acceleration + next_step
[PATCH OK] training/validation/inference motion starts from current-city cadence
[PATCH OK] Kalman = smooth confidence-adaptive measurement-preserving residual fusion
[PATCH OK] step corridor = continuous confidence relaxation
[PATCH OK] no held-out navigation result is read by this patch
[V39-BEARING] final-MS route-centerline reference patch: PASS
[ARCH-AUDIT] forward_18: PASS
[ARCH-AUDIT] base_geometry_6x6: PASS
[ARCH-AUDIT] front_softms_source: PASS
[ARCH-AUDIT] one_final_ms_source: PASS
[ARCH-AUDIT] front_decoder_softms: PASS
[ARCH-AUDIT] simple_seven_block_gru: PASS
[ARCH-AUDIT] residual_motion_head: PASS
[ARCH-AUDIT] causal_visual_displacement: PASS
[ARCH-AUDIT] cadence_initialized_tracker: PASS
[ARCH-AUDIT] motion_training_inference_aligned: PASS
[ARCH-AUDIT] training_city_motion_scale_init: PASS
[ARCH-AUDIT] forward_origin_backshift_covers_jitter: PASS
[ARCH-AUDIT] protocol: PASS
[ARCH-AUDIT] controlled_gt_reference_enabled: PASS
[ARCH-AUDIT] frame_count: PASS
[ARCH-AUDIT] gru_flag: PASS
[ARCH-AUDIT] kalman_flag: PASS
route_B backbone cache: 148/148

=== cityc full: nav50 ===
route_B final MLE=3.428m P90=6.095m LSR@15=100.00% selected_capture=100.00% bank_capture=100.00% acq_acc=100.00% speed_mae=2.915m/frame progress_mae=1.500m heading_mae=33.2deg jump_rate=1.36% max_step=19.14m final_leg=11 gt_leg=11
route_C backbone cache: 226/226

=== cityc full: nav51 ===
route_C final MLE=3.731m P90=6.510m LSR@15=100.00% selected_capture=98.67% bank_capture=98.67% acq_acc=100.00% speed_mae=3.445m/frame progress_mae=1.911m heading_mae=34.0deg jump_rate=0.89% max_step=22.19m final_leg=9 gt_leg=9
[DONE] /yh/study/uav-sat/v39_otherdata/output/minimal_loss_correct_gt_20260921_223816/cityc/variants/full/bearing_v39_summary.json
[EVAL START] cityc no_gru GPU0
[EVAL START] cityc no_kalman GPU5
[EVAL START] cityc no_ms GPU6
[PREPARED] PASS | city=cityc | step=4 m | selection=soft_sequence_v13_multicity_auto_train_fullroute | existing GT/routes unchanged
[CADENCE] source=experiment_route_stats_train_01 | mean=5.515042 m | p90=10.181094 m | p95=11.000646 m
[OK] clean v39 runtime: Forward-18 SoftMS -> GRU -> Kalman -> one final MeanShift
[OK] weighted-centroid decoder removed from generated runtime source
[PREPARED] PASS | city=cityc | step=4 m | selection=soft_sequence_v13_multicity_auto_train_fullroute | existing GT/routes unchanged
[CADENCE] source=experiment_route_stats_train_01 | mean=5.515042 m | p90=10.181094 m | p95=11.000646 m
[PREPARED] PASS | city=cityc | step=4 m | selection=soft_sequence_v13_multicity_auto_train_fullroute | existing GT/routes unchanged
[CADENCE] source=experiment_route_stats_train_01 | mean=5.515042 m | p90=10.181094 m | p95=11.000646 m
[OK] clean v39 runtime: Forward-18 SoftMS -> GRU -> Kalman -> one final MeanShift
[OK] weighted-centroid decoder removed from generated runtime source
[PATCH OK] GRU = current + delta + delta2 + SAT + SoftMS position + visual displacement + previous state
[PATCH OK] 3-frame delta2 directly corrects acceleration + next_step
[PATCH OK] training/validation/inference motion starts from current-city cadence
[PATCH OK] Kalman = smooth confidence-adaptive measurement-preserving residual fusion
[PATCH OK] step corridor = continuous confidence relaxation
[PATCH OK] no held-out navigation result is read by this patch
[OK] clean v39 runtime: Forward-18 SoftMS -> GRU -> Kalman -> one final MeanShift
[OK] weighted-centroid decoder removed from generated runtime source
[V39-BEARING] final-MS route-centerline reference patch: PASS
[PATCH OK] GRU = current + delta + delta2 + SAT + SoftMS position + visual displacement + previous state
[PATCH OK] 3-frame delta2 directly corrects acceleration + next_step
[PATCH OK] training/validation/inference motion starts from current-city cadence
[PATCH OK] Kalman = smooth confidence-adaptive measurement-preserving residual fusion
[PATCH OK] step corridor = continuous confidence relaxation
[PATCH OK] no held-out navigation result is read by this patch
[PATCH OK] GRU = current + delta + delta2 + SAT + SoftMS position + visual displacement + previous state
[PATCH OK] 3-frame delta2 directly corrects acceleration + next_step
[PATCH OK] training/validation/inference motion starts from current-city cadence
[PATCH OK] Kalman = smooth confidence-adaptive measurement-preserving residual fusion
[PATCH OK] step corridor = continuous confidence relaxation
[PATCH OK] no held-out navigation result is read by this patch
[V39-BEARING] final-MS route-centerline reference patch: PASS
[V39-BEARING] final-MS route-centerline reference patch: PASS
[ARCH-AUDIT] forward_18: PASS
[ARCH-AUDIT] base_geometry_6x6: PASS
[ARCH-AUDIT] front_softms_source: PASS
[ARCH-AUDIT] one_final_ms_source: PASS
[ARCH-AUDIT] front_decoder_softms: PASS
[ARCH-AUDIT] simple_seven_block_gru: PASS
[ARCH-AUDIT] residual_motion_head: PASS
[ARCH-AUDIT] causal_visual_displacement: PASS
[ARCH-AUDIT] cadence_initialized_tracker: PASS
[ARCH-AUDIT] motion_training_inference_aligned: PASS
[ARCH-AUDIT] training_city_motion_scale_init: PASS
[ARCH-AUDIT] forward_origin_backshift_covers_jitter: PASS
[ARCH-AUDIT] protocol: PASS
[ARCH-AUDIT] controlled_gt_reference_enabled: PASS
[ARCH-AUDIT] frame_count: PASS
[ARCH-AUDIT] gru_flag: PASS
[ARCH-AUDIT] kalman_flag: PASS
[ARCH-AUDIT] forward_18: PASS
[ARCH-AUDIT] base_geometry_6x6: PASS
[ARCH-AUDIT] front_softms_source: PASS
[ARCH-AUDIT] one_final_ms_source: PASS
[ARCH-AUDIT] front_decoder_softms: PASS
[ARCH-AUDIT] simple_seven_block_gru: PASS
[ARCH-AUDIT] residual_motion_head: PASS
[ARCH-AUDIT] causal_visual_displacement: PASS
[ARCH-AUDIT] cadence_initialized_tracker: PASS
[ARCH-AUDIT] motion_training_inference_aligned: PASS
[ARCH-AUDIT] training_city_motion_scale_init: PASS
[ARCH-AUDIT] forward_origin_backshift_covers_jitter: PASS
[ARCH-AUDIT] protocol: PASS
[ARCH-AUDIT] controlled_gt_reference_enabled: PASS
[ARCH-AUDIT] frame_count: PASS
[ARCH-AUDIT] gru_flag: PASS
[ARCH-AUDIT] kalman_flag: PASS
[ARCH-AUDIT] forward_18: PASS
[ARCH-AUDIT] base_geometry_6x6: PASS
[ARCH-AUDIT] front_softms_source: PASS
[ARCH-AUDIT] one_final_ms_source: PASS
[ARCH-AUDIT] front_decoder_softms: PASS
[ARCH-AUDIT] simple_seven_block_gru: PASS
[ARCH-AUDIT] residual_motion_head: PASS
[ARCH-AUDIT] causal_visual_displacement: PASS
[ARCH-AUDIT] cadence_initialized_tracker: PASS
[ARCH-AUDIT] motion_training_inference_aligned: PASS
[ARCH-AUDIT] training_city_motion_scale_init: PASS
[ARCH-AUDIT] forward_origin_backshift_covers_jitter: PASS
[ARCH-AUDIT] protocol: PASS
[ARCH-AUDIT] controlled_gt_reference_enabled: PASS
[ARCH-AUDIT] frame_count: PASS
[ARCH-AUDIT] gru_flag: PASS
[ARCH-AUDIT] kalman_flag: PASS
route_B: reuse UAV backbone cache

=== cityc no_ms: nav50 ===
route_B: reuse UAV backbone cache

=== cityc no_gru: nav50 ===
route_B: reuse UAV backbone cache

=== cityc no_kalman: nav50 ===
route_B final MLE=6.197m P90=10.960m LSR@15=98.65% selected_capture=100.00% bank_capture=100.00% acq_acc=100.00% speed_mae=2.915m/frame progress_mae=2.996m heading_mae=33.6deg jump_rate=6.12% max_step=21.11m final_leg=11 gt_leg=11
route_C: reuse UAV backbone cache

=== cityc no_ms: nav51 ===
route_B final MLE=3.799m P90=6.627m LSR@15=100.00% selected_capture=100.00% bank_capture=100.00% acq_acc=100.00% speed_mae=5.863m/frame progress_mae=2.124m heading_mae=33.0deg jump_rate=0.68% max_step=20.59m final_leg=11 gt_leg=11
route_C: reuse UAV backbone cache

=== cityc no_gru: nav51 ===
route_B final MLE=3.437m P90=6.139m LSR@15=100.00% selected_capture=100.00% bank_capture=100.00% acq_acc=100.00% speed_mae=2.891m/frame progress_mae=1.513m heading_mae=33.1deg jump_rate=1.36% max_step=19.13m final_leg=11 gt_leg=11
route_C: reuse UAV backbone cache

=== cityc no_kalman: nav51 ===
route_C final MLE=6.554m P90=11.327m LSR@15=100.00% selected_capture=98.67% bank_capture=98.67% acq_acc=100.00% speed_mae=3.445m/frame progress_mae=4.463m heading_mae=35.6deg jump_rate=5.33% max_step=27.36m final_leg=9 gt_leg=9
[DONE] /yh/study/uav-sat/v39_otherdata/output/minimal_loss_correct_gt_20260921_223816/cityc/variants/no_ms/bearing_v39_summary.json
[EVAL START] cityc frames2 GPU6
route_C final MLE=4.270m P90=7.339m LSR@15=100.00% selected_capture=98.67% bank_capture=98.67% acq_acc=100.00% speed_mae=6.288m/frame progress_mae=2.776m heading_mae=34.1deg jump_rate=2.22% max_step=23.20m final_leg=9 gt_leg=9
[DONE] /yh/study/uav-sat/v39_otherdata/output/minimal_loss_correct_gt_20260921_223816/cityc/variants/no_gru/bearing_v39_summary.json
[PREPARED] PASS | city=cityc | step=4 m | selection=soft_sequence_v13_multicity_auto_train_fullroute | existing GT/routes unchanged
[CADENCE] source=experiment_route_stats_train_01 | mean=5.515042 m | p90=10.181094 m | p95=11.000646 m
[EVAL START] cityc grid4 GPU0
[OK] clean v39 runtime: Forward-18 SoftMS -> GRU -> Kalman -> one final MeanShift
[OK] weighted-centroid decoder removed from generated runtime source
[PATCH OK] GRU = current + delta + delta2 + SAT + SoftMS position + visual displacement + previous state
[PATCH OK] 3-frame delta2 directly corrects acceleration + next_step
[PATCH OK] training/validation/inference motion starts from current-city cadence
[PATCH OK] Kalman = smooth confidence-adaptive measurement-preserving residual fusion
[PATCH OK] step corridor = continuous confidence relaxation
[PATCH OK] no held-out navigation result is read by this patch
[V39-BEARING] final-MS route-centerline reference patch: PASS
[PREPARED] PASS | city=cityc | step=4 m | selection=soft_sequence_v13_multicity_auto_train_fullroute | existing GT/routes unchanged
[CADENCE] source=experiment_route_stats_train_01 | mean=5.515042 m | p90=10.181094 m | p95=11.000646 m
[OK] clean v39 runtime: Forward-18 SoftMS -> GRU -> Kalman -> one final MeanShift
[OK] weighted-centroid decoder removed from generated runtime source
[PATCH OK] GRU = current + delta + delta2 + SAT + SoftMS position + visual displacement + previous state
[PATCH OK] 3-frame delta2 directly corrects acceleration + next_step
[PATCH OK] training/validation/inference motion starts from current-city cadence
[PATCH OK] Kalman = smooth confidence-adaptive measurement-preserving residual fusion
[PATCH OK] step corridor = continuous confidence relaxation
[PATCH OK] no held-out navigation result is read by this patch
[V39-BEARING] final-MS route-centerline reference patch: PASS
[ARCH-AUDIT] forward_18: PASS
[ARCH-AUDIT] base_geometry_6x6: PASS
[ARCH-AUDIT] front_softms_source: PASS
[ARCH-AUDIT] one_final_ms_source: PASS
[ARCH-AUDIT] front_decoder_softms: PASS
[ARCH-AUDIT] simple_seven_block_gru: PASS
[ARCH-AUDIT] residual_motion_head: PASS
[ARCH-AUDIT] causal_visual_displacement: PASS
[ARCH-AUDIT] cadence_initialized_tracker: PASS
[ARCH-AUDIT] motion_training_inference_aligned: PASS
[ARCH-AUDIT] training_city_motion_scale_init: PASS
[ARCH-AUDIT] forward_origin_backshift_covers_jitter: PASS
[ARCH-AUDIT] protocol: PASS
[ARCH-AUDIT] controlled_gt_reference_enabled: PASS
[ARCH-AUDIT] frame_count: PASS
[ARCH-AUDIT] gru_flag: PASS
[ARCH-AUDIT] kalman_flag: PASS
route_C final MLE=3.714m P90=6.491m LSR@15=100.00% selected_capture=98.67% bank_capture=98.67% acq_acc=100.00% speed_mae=3.270m/frame progress_mae=1.898m heading_mae=34.0deg jump_rate=0.89% max_step=22.27m final_leg=9 gt_leg=9
[DONE] /yh/study/uav-sat/v39_otherdata/output/minimal_loss_correct_gt_20260921_223816/cityc/variants/no_kalman/bearing_v39_summary.json
[ARCH-AUDIT] forward_18: PASS
[ARCH-AUDIT] base_geometry_6x6: PASS
[ARCH-AUDIT] front_softms_source: PASS
[ARCH-AUDIT] one_final_ms_source: PASS
[ARCH-AUDIT] front_decoder_softms: PASS
[ARCH-AUDIT] simple_seven_block_gru: PASS
[ARCH-AUDIT] residual_motion_head: PASS
[ARCH-AUDIT] causal_visual_displacement: PASS
[ARCH-AUDIT] cadence_initialized_tracker: PASS
[ARCH-AUDIT] motion_training_inference_aligned: PASS
[ARCH-AUDIT] training_city_motion_scale_init: PASS
[ARCH-AUDIT] forward_origin_backshift_covers_jitter: PASS
[ARCH-AUDIT] protocol: PASS
[ARCH-AUDIT] controlled_gt_reference_enabled: PASS
[ARCH-AUDIT] frame_count: PASS
[ARCH-AUDIT] gru_flag: PASS
[ARCH-AUDIT] kalman_flag: PASS
route_B: reuse UAV backbone cache

=== cityc frames2: nav50 ===
[EVAL START] cityc frames1 GPU5
route_B: reuse UAV backbone cache

=== cityc grid4: nav50 ===
[PREPARED] PASS | city=cityc | step=4 m | selection=soft_sequence_v13_multicity_auto_train_fullroute | existing GT/routes unchanged
[CADENCE] source=experiment_route_stats_train_01 | mean=5.515042 m | p90=10.181094 m | p95=11.000646 m
[OK] clean v39 runtime: Forward-18 SoftMS -> GRU -> Kalman -> one final MeanShift
[OK] weighted-centroid decoder removed from generated runtime source
[PATCH OK] GRU = current + delta + delta2 + SAT + SoftMS position + visual displacement + previous state
[PATCH OK] 3-frame delta2 directly corrects acceleration + next_step
[PATCH OK] training/validation/inference motion starts from current-city cadence
[PATCH OK] Kalman = smooth confidence-adaptive measurement-preserving residual fusion
[PATCH OK] step corridor = continuous confidence relaxation
[PATCH OK] no held-out navigation result is read by this patch
[V39-BEARING] final-MS route-centerline reference patch: PASS
[ARCH-AUDIT] forward_18: PASS
[ARCH-AUDIT] base_geometry_6x6: PASS
[ARCH-AUDIT] front_softms_source: PASS
[ARCH-AUDIT] one_final_ms_source: PASS
[ARCH-AUDIT] front_decoder_softms: PASS
[ARCH-AUDIT] simple_seven_block_gru: PASS
[ARCH-AUDIT] residual_motion_head: PASS
[ARCH-AUDIT] causal_visual_displacement: PASS
[ARCH-AUDIT] cadence_initialized_tracker: PASS
[ARCH-AUDIT] motion_training_inference_aligned: PASS
[ARCH-AUDIT] training_city_motion_scale_init: PASS
[ARCH-AUDIT] forward_origin_backshift_covers_jitter: PASS
[ARCH-AUDIT] protocol: PASS
[ARCH-AUDIT] controlled_gt_reference_enabled: PASS
[ARCH-AUDIT] frame_count: PASS
[ARCH-AUDIT] gru_flag: PASS
[ARCH-AUDIT] kalman_flag: PASS
route_B: reuse UAV backbone cache

=== cityc frames1: nav50 ===
route_B final MLE=3.482m P90=6.114m LSR@15=100.00% selected_capture=100.00% bank_capture=100.00% acq_acc=100.00% speed_mae=3.744m/frame progress_mae=1.517m heading_mae=33.1deg jump_rate=1.36% max_step=19.16m final_leg=11 gt_leg=11
route_C: reuse UAV backbone cache

=== cityc frames2: nav51 ===
route_B final MLE=3.708m P90=6.689m LSR@15=100.00% selected_capture=100.00% bank_capture=100.00% acq_acc=100.00% speed_mae=2.915m/frame progress_mae=1.705m heading_mae=33.1deg jump_rate=2.04% max_step=19.12m final_leg=11 gt_leg=11
route_C: reuse UAV backbone cache

=== cityc grid4: nav51 ===
route_B final MLE=3.456m P90=6.089m LSR@15=100.00% selected_capture=100.00% bank_capture=100.00% acq_acc=100.00% speed_mae=2.935m/frame progress_mae=1.490m heading_mae=33.1deg jump_rate=1.36% max_step=18.99m final_leg=11 gt_leg=11
route_C: reuse UAV backbone cache

=== cityc frames1: nav51 ===
route_C final MLE=3.716m P90=6.464m LSR@15=100.00% selected_capture=98.67% bank_capture=98.67% acq_acc=100.00% speed_mae=4.373m/frame progress_mae=1.884m heading_mae=34.0deg jump_rate=1.33% max_step=22.12m final_leg=9 gt_leg=9
[DONE] /yh/study/uav-sat/v39_otherdata/output/minimal_loss_correct_gt_20260921_223816/cityc/variants/frames2/bearing_v39_summary.json
route_C final MLE=4.147m P90=7.125m LSR@15=100.00% selected_capture=98.67% bank_capture=98.67% acq_acc=100.00% speed_mae=3.445m/frame progress_mae=2.432m heading_mae=34.3deg jump_rate=1.78% max_step=24.47m final_leg=9 gt_leg=9
[DONE] /yh/study/uav-sat/v39_otherdata/output/minimal_loss_correct_gt_20260921_223816/cityc/variants/grid4/bearing_v39_summary.json
[EVAL START] cityc grid8 GPU6
[EVAL START] cityc grid7 GPU0
[PREPARED] PASS | city=cityc | step=4 m | selection=soft_sequence_v13_multicity_auto_train_fullroute | existing GT/routes unchanged
[CADENCE] source=experiment_route_stats_train_01 | mean=5.515042 m | p90=10.181094 m | p95=11.000646 m
[OK] clean v39 runtime: Forward-18 SoftMS -> GRU -> Kalman -> one final MeanShift
[OK] weighted-centroid decoder removed from generated runtime source
[PATCH OK] GRU = current + delta + delta2 + SAT + SoftMS position + visual displacement + previous state
[PATCH OK] 3-frame delta2 directly corrects acceleration + next_step
[PATCH OK] training/validation/inference motion starts from current-city cadence
[PATCH OK] Kalman = smooth confidence-adaptive measurement-preserving residual fusion
[PATCH OK] step corridor = continuous confidence relaxation
[PATCH OK] no held-out navigation result is read by this patch
[V39-BEARING] final-MS route-centerline reference patch: PASS
[PREPARED] PASS | city=cityc | step=4 m | selection=soft_sequence_v13_multicity_auto_train_fullroute | existing GT/routes unchanged
[CADENCE] source=experiment_route_stats_train_01 | mean=5.515042 m | p90=10.181094 m | p95=11.000646 m
[OK] clean v39 runtime: Forward-18 SoftMS -> GRU -> Kalman -> one final MeanShift
[OK] weighted-centroid decoder removed from generated runtime source
[PATCH OK] GRU = current + delta + delta2 + SAT + SoftMS position + visual displacement + previous state
[PATCH OK] 3-frame delta2 directly corrects acceleration + next_step
[PATCH OK] training/validation/inference motion starts from current-city cadence
[PATCH OK] Kalman = smooth confidence-adaptive measurement-preserving residual fusion
[PATCH OK] step corridor = continuous confidence relaxation
[PATCH OK] no held-out navigation result is read by this patch
[V39-BEARING] final-MS route-centerline reference patch: PASS
[ARCH-AUDIT] forward_18: PASS
[ARCH-AUDIT] base_geometry_6x6: PASS
[ARCH-AUDIT] front_softms_source: PASS
[ARCH-AUDIT] one_final_ms_source: PASS
[ARCH-AUDIT] front_decoder_softms: PASS
[ARCH-AUDIT] simple_seven_block_gru: PASS
[ARCH-AUDIT] residual_motion_head: PASS
[ARCH-AUDIT] causal_visual_displacement: PASS
[ARCH-AUDIT] cadence_initialized_tracker: PASS
[ARCH-AUDIT] motion_training_inference_aligned: PASS
[ARCH-AUDIT] training_city_motion_scale_init: PASS
[ARCH-AUDIT] forward_origin_backshift_covers_jitter: PASS
[ARCH-AUDIT] protocol: PASS
[ARCH-AUDIT] controlled_gt_reference_enabled: PASS
[ARCH-AUDIT] frame_count: PASS
[ARCH-AUDIT] gru_flag: PASS
[ARCH-AUDIT] kalman_flag: PASS
[ARCH-AUDIT] forward_18: PASS
[ARCH-AUDIT] base_geometry_6x6: PASS
[ARCH-AUDIT] front_softms_source: PASS
[ARCH-AUDIT] one_final_ms_source: PASS
[ARCH-AUDIT] front_decoder_softms: PASS
[ARCH-AUDIT] simple_seven_block_gru: PASS
[ARCH-AUDIT] residual_motion_head: PASS
[ARCH-AUDIT] causal_visual_displacement: PASS
[ARCH-AUDIT] cadence_initialized_tracker: PASS
[ARCH-AUDIT] motion_training_inference_aligned: PASS
[ARCH-AUDIT] training_city_motion_scale_init: PASS
[ARCH-AUDIT] forward_origin_backshift_covers_jitter: PASS
[ARCH-AUDIT] protocol: PASS
[ARCH-AUDIT] controlled_gt_reference_enabled: PASS
[ARCH-AUDIT] frame_count: PASS
[ARCH-AUDIT] gru_flag: PASS
[ARCH-AUDIT] kalman_flag: PASS
route_C final MLE=3.697m P90=6.508m LSR@15=100.00% selected_capture=98.67% bank_capture=98.67% acq_acc=100.00% speed_mae=3.195m/frame progress_mae=1.888m heading_mae=34.0deg jump_rate=0.89% max_step=22.13m final_leg=9 gt_leg=9
[DONE] /yh/study/uav-sat/v39_otherdata/output/minimal_loss_correct_gt_20260921_223816/cityc/variants/frames1/bearing_v39_summary.json
route_B: reuse UAV backbone cache

=== cityc grid8: nav50 ===
[EVAL START] cityc grid5 GPU5
route_B: reuse UAV backbone cache

=== cityc grid7: nav50 ===
[PREPARED] PASS | city=cityc | step=4 m | selection=soft_sequence_v13_multicity_auto_train_fullroute | existing GT/routes unchanged
[CADENCE] source=experiment_route_stats_train_01 | mean=5.515042 m | p90=10.181094 m | p95=11.000646 m
[OK] clean v39 runtime: Forward-18 SoftMS -> GRU -> Kalman -> one final MeanShift
[OK] weighted-centroid decoder removed from generated runtime source
[PATCH OK] GRU = current + delta + delta2 + SAT + SoftMS position + visual displacement + previous state
[PATCH OK] 3-frame delta2 directly corrects acceleration + next_step
[PATCH OK] training/validation/inference motion starts from current-city cadence
[PATCH OK] Kalman = smooth confidence-adaptive measurement-preserving residual fusion
[PATCH OK] step corridor = continuous confidence relaxation
[PATCH OK] no held-out navigation result is read by this patch
[V39-BEARING] final-MS route-centerline reference patch: PASS
[ARCH-AUDIT] forward_18: PASS
[ARCH-AUDIT] base_geometry_6x6: PASS
[ARCH-AUDIT] front_softms_source: PASS
[ARCH-AUDIT] one_final_ms_source: PASS
[ARCH-AUDIT] front_decoder_softms: PASS
[ARCH-AUDIT] simple_seven_block_gru: PASS
[ARCH-AUDIT] residual_motion_head: PASS
[ARCH-AUDIT] causal_visual_displacement: PASS
[ARCH-AUDIT] cadence_initialized_tracker: PASS
[ARCH-AUDIT] motion_training_inference_aligned: PASS
[ARCH-AUDIT] training_city_motion_scale_init: PASS
[ARCH-AUDIT] forward_origin_backshift_covers_jitter: PASS
[ARCH-AUDIT] protocol: PASS
[ARCH-AUDIT] controlled_gt_reference_enabled: PASS
[ARCH-AUDIT] frame_count: PASS
[ARCH-AUDIT] gru_flag: PASS
[ARCH-AUDIT] kalman_flag: PASS
route_B: reuse UAV backbone cache

=== cityc grid5: nav50 ===
route_B final MLE=3.420m P90=6.097m LSR@15=100.00% selected_capture=100.00% bank_capture=100.00% acq_acc=100.00% speed_mae=2.915m/frame progress_mae=1.494m heading_mae=33.2deg jump_rate=1.36% max_step=19.14m final_leg=11 gt_leg=11
route_C: reuse UAV backbone cache

=== cityc grid7: nav51 ===
route_B final MLE=3.420m P90=6.095m LSR@15=100.00% selected_capture=100.00% bank_capture=100.00% acq_acc=100.00% speed_mae=2.915m/frame progress_mae=1.494m heading_mae=33.2deg jump_rate=1.36% max_step=19.14m final_leg=11 gt_leg=11
route_C: reuse UAV backbone cache

=== cityc grid8: nav51 ===
route_B final MLE=3.427m P90=6.096m LSR@15=100.00% selected_capture=100.00% bank_capture=100.00% acq_acc=100.00% speed_mae=2.915m/frame progress_mae=1.500m heading_mae=33.2deg jump_rate=1.36% max_step=19.14m final_leg=11 gt_leg=11
route_C: reuse UAV backbone cache

=== cityc grid5: nav51 ===
route_C final MLE=3.713m P90=6.486m LSR@15=100.00% selected_capture=98.67% bank_capture=98.67% acq_acc=100.00% speed_mae=3.445m/frame progress_mae=1.879m heading_mae=34.0deg jump_rate=0.89% max_step=22.23m final_leg=9 gt_leg=9
[DONE] /yh/study/uav-sat/v39_otherdata/output/minimal_loss_correct_gt_20260921_223816/cityc/variants/grid7/bearing_v39_summary.json
route_C final MLE=3.713m P90=6.486m LSR@15=100.00% selected_capture=98.67% bank_capture=98.67% acq_acc=100.00% speed_mae=3.445m/frame progress_mae=1.880m heading_mae=34.0deg jump_rate=0.89% max_step=22.23m final_leg=9 gt_leg=9
[DONE] /yh/study/uav-sat/v39_otherdata/output/minimal_loss_correct_gt_20260921_223816/cityc/variants/grid8/bearing_v39_summary.json
route_C final MLE=3.731m P90=6.509m LSR@15=100.00% selected_capture=98.67% bank_capture=98.67% acq_acc=100.00% speed_mae=3.445m/frame progress_mae=1.912m heading_mae=34.0deg jump_rate=0.89% max_step=22.19m final_leg=9 gt_leg=9
[DONE] /yh/study/uav-sat/v39_otherdata/output/minimal_loss_correct_gt_20260921_223816/cityc/variants/grid5/bearing_v39_summary.json
# Bearing-UAV single-city ICLR ablation (measured)

Dataset domain(s): CITYC; held-out navigation trajectories are reported as nav50/nav51.
The local-search protocol is reported separately from the official Bearing-UAV global-regression benchmark.

## Component removal

| Variant | MLE (m) | P90 (m) | LSR@3 | LSR@5 | LSR@10 |
|---|---:|---:|---:|---:|---:|
| w/o GRU | 4.084 | 7.063 | 34.76% | 68.18% | 98.66% |
| w/o Kalman | 3.604 | 6.397 | 44.92% | 75.40% | 99.20% |
| w/o MeanShift | 6.413 | 11.220 | 18.18% | 33.16% | 83.42% |
| Full | 3.611 | 6.295 | 44.39% | 74.87% | 99.47% |

## Temporal input

| Input | MLE (m) | P90 (m) | LSR@3 | LSR@5 |
|---|---:|---:|---:|---:|
| 1 frame | 3.601 | 6.344 | 43.32% | 75.67% |
| 2 frames | 3.623 | 6.352 | 44.12% | 75.13% |
| Full | 3.611 | 6.295 | 44.39% | 74.87% |

## Final MeanShift window

| Window | Candidates | MLE (m) | P90 (m) | LSR@5 | MS latency (ms) |
|---|---:|---:|---:|---:|---:|
| 4x4 | 16 | 3.973 | 7.016 | 69.52% | 2.853 |
| 5x5 | 25 | 3.610 | 6.296 | 74.87% | 3.726 |
| 6x6 | 36 | 3.611 | 6.295 | 74.87% | 5.042 |
| 7x7 | 49 | 3.597 | 6.295 | 75.67% | 6.521 |
| 8x8 | 64 | 3.597 | 6.295 | 75.67% | 10.317 |

## Integrity audit

`FULL_TREND_CHECK=FAIL`

At least one ablation is better on a primary metric. Do not claim every component improves accuracy; revise only through training/validation data, not held-out navigation results.

================================================================================
DONE: Bearing-UAV SINGLE-CITY ablation v4
CITY  : cityc
Suite : /yh/study/uav-sat/v39_otherdata/output/minimal_loss_correct_gt_20260921_223816
Table : /yh/study/uav-sat/v39_otherdata/output/minimal_loss_correct_gt_20260921_223816/paper_ablation_tables.md
Audit : /yh/study/uav-sat/v39_otherdata/output/minimal_loss_correct_gt_20260921_223816/paper_trend_audit.json
================================================================================
