[PREPARED] PASS | city=citya | step=4 m | selection=soft_sequence_v13_multicity_auto_train_fullroute | existing GT/routes unchanged
[CADENCE] source=experiment_route_stats_train_01 | mean=5.359172 m | p90=10.084329 m | p95=11.123011 m
[OK] clean v39 runtime: Forward-18 SoftMS -> GRU -> Kalman -> one final MeanShift
[OK] weighted-centroid decoder removed from generated runtime source
[PATCH OK] GRU = current + delta + delta2 + SAT + SoftMS position + visual displacement + previous state
[PATCH OK] 3-frame delta2 directly corrects acceleration + next_step
[PATCH OK] training/validation/inference motion starts from current-city cadence
[PATCH OK] Kalman = smooth confidence-adaptive measurement-preserving residual fusion
[PATCH OK] step corridor = continuous confidence relaxation
[PATCH OK] no held-out navigation result is read by this patch
[V39-BEARING] final-MS route-centerline reference patch: PASS
[ARCH-AUDIT] forward_18: PASS
[ARCH-AUDIT] base_geometry_6x6: PASS
[ARCH-AUDIT] front_softms_source: PASS
[ARCH-AUDIT] one_final_ms_source: PASS
[ARCH-AUDIT] front_decoder_softms: PASS
[ARCH-AUDIT] simple_seven_block_gru: PASS
[ARCH-AUDIT] residual_motion_head: PASS
[ARCH-AUDIT] causal_visual_displacement: PASS
[ARCH-AUDIT] cadence_initialized_tracker: PASS
[ARCH-AUDIT] motion_training_inference_aligned: PASS
[ARCH-AUDIT] training_city_motion_scale_init: PASS
[ARCH-AUDIT] forward_origin_backshift_covers_jitter: PASS
[ARCH-AUDIT] protocol: PASS
[ARCH-AUDIT] controlled_gt_reference_enabled: PASS
[ARCH-AUDIT] frame_count: PASS
[ARCH-AUDIT] gru_flag: PASS
[ARCH-AUDIT] kalman_flag: PASS
[TRAIN] reuse visual checkpoint /yh/study/uav-sat/v39_otherdata/output/minimal_loss_correct_gt_20260921_223816/citya/train_frames3/checkpoints/visual_retrieval_A_only.pt
route_A: reuse UAV backbone cache
temporal split train=[0,136) val=[140,166) route_length=789.4m
City training-sequence mean forward step=5.426m/frame p90=9.912m/frame
temporal epoch=001/100 loss=10.62419 center_teacher=1.000 acq_teacher=1.000 capture=100.00% bank_capture=100.00% acq_acc=100.00% acq_conf=0.811 radius=0.0m pred_step=5.128 target_step=5.426 pred_v=5.177 target_v=5.426 val_mle=11.379m val_p90=13.878m val_speed_mae=2.806 heading=-0.1/1.2deg val_progress_mae=10.896m val_heading_mae=36.3deg val_capture=88.46% val_bank=88.46% val_acq_acc=100.00% score=12.149 best=12.149 patience=0/8
temporal epoch=002/100 loss=10.60722 center_teacher=1.000 acq_teacher=1.000 capture=100.00% bank_capture=100.00% acq_acc=100.00% acq_conf=0.811 radius=0.0m pred_step=4.623 target_step=5.426 pred_v=4.767 target_v=5.426 val_mle=11.237m val_p90=13.740m val_speed_mae=2.814 heading=0.0/1.2deg val_progress_mae=10.746m val_heading_mae=36.3deg val_capture=88.46% val_bank=88.46% val_acq_acc=100.00% score=12.004 best=12.004 patience=0/8
temporal epoch=003/100 loss=10.49081 center_teacher=1.000 acq_teacher=1.000 capture=100.00% bank_capture=100.00% acq_acc=100.00% acq_conf=0.812 radius=0.0m pred_step=5.153 target_step=5.426 pred_v=5.196 target_v=5.426 val_mle=11.018m val_p90=13.524m val_speed_mae=2.914 heading=0.0/1.2deg val_progress_mae=10.513m val_heading_mae=36.3deg val_capture=88.46% val_bank=88.46% val_acq_acc=100.00% score=11.782 best=11.782 patience=0/8
temporal epoch=004/100 loss=10.33181 center_teacher=1.000 acq_teacher=1.000 capture=100.00% bank_capture=100.00% acq_acc=100.00% acq_conf=0.811 radius=0.0m pred_step=5.501 target_step=5.426 pred_v=5.476 target_v=5.426 val_mle=10.741m val_p90=13.250m val_speed_mae=2.814 heading=-0.2/1.2deg val_progress_mae=10.221m val_heading_mae=36.3deg val_capture=88.46% val_bank=88.46% val_acq_acc=100.00% score=11.492 best=11.492 patience=0/8
temporal epoch=005/100 loss=10.11123 center_teacher=1.000 acq_teacher=1.000 capture=100.00% bank_capture=100.00% acq_acc=100.00% acq_conf=0.811 radius=0.0m pred_step=4.889 target_step=5.426 pred_v=4.957 target_v=5.426 val_mle=10.451m val_p90=12.964m val_speed_mae=2.817 heading=-0.1/1.2deg val_progress_mae=9.913m val_heading_mae=36.3deg val_capture=88.46% val_bank=88.46% val_acq_acc=100.00% score=11.193 best=11.193 patience=0/8
temporal epoch=006/100 loss=10.07369 center_teacher=1.000 acq_teacher=1.000 capture=100.00% bank_capture=100.00% acq_acc=100.00% acq_conf=0.812 radius=0.0m pred_step=4.559 target_step=5.426 pred_v=4.678 target_v=5.426 val_mle=10.193m val_p90=12.710m val_speed_mae=2.821 heading=0.2/1.2deg val_progress_mae=9.635m val_heading_mae=36.3deg val_capture=88.46% val_bank=88.46% val_acq_acc=100.00% score=10.927 best=10.927 patience=0/8
temporal epoch=007/100 loss=9.90892 center_teacher=1.000 acq_teacher=1.000 capture=100.00% bank_capture=100.00% acq_acc=100.00% acq_conf=0.812 radius=0.0m pred_step=5.239 target_step=5.426 pred_v=5.247 target_v=5.426 val_mle=10.005m val_p90=12.525m val_speed_mae=2.935 heading=0.2/1.2deg val_progress_mae=9.430m val_heading_mae=36.3deg val_capture=88.46% val_bank=88.46% val_acq_acc=100.00% score=10.738 best=10.738 patience=0/8
temporal epoch=008/100 loss=9.82608 center_teacher=1.000 acq_teacher=1.000 capture=100.00% bank_capture=100.00% acq_acc=100.00% acq_conf=0.811 radius=0.0m pred_step=5.489 target_step=5.426 pred_v=5.458 target_v=5.426 val_mle=9.870m val_p90=12.391m val_speed_mae=2.821 heading=-0.0/1.2deg val_progress_mae=9.283m val_heading_mae=36.3deg val_capture=88.46% val_bank=88.46% val_acq_acc=100.00% score=10.593 best=10.593 patience=0/8
temporal epoch=009/100 loss=9.74915 center_teacher=1.000 acq_teacher=1.000 capture=100.00% bank_capture=100.00% acq_acc=100.00% acq_conf=0.811 radius=0.0m pred_step=4.885 target_step=5.426 pred_v=4.946 target_v=5.426 val_mle=9.770m val_p90=12.292m val_speed_mae=2.798 heading=-0.1/1.2deg val_progress_mae=9.175m val_heading_mae=36.3deg val_capture=88.46% val_bank=88.46% val_acq_acc=100.00% score=10.489 best=10.489 patience=0/8
temporal epoch=010/100 loss=9.71700 center_teacher=1.000 acq_teacher=1.000 capture=100.00% bank_capture=100.00% acq_acc=100.00% acq_conf=0.811 radius=0.0m pred_step=4.520 target_step=5.426 pred_v=4.641 target_v=5.426 val_mle=9.692m val_p90=12.212m val_speed_mae=2.858 heading=0.0/1.2deg val_progress_mae=9.090m val_heading_mae=36.3deg val_capture=88.46% val_bank=88.46% val_acq_acc=100.00% score=10.411 best=10.411 patience=0/8
temporal epoch=011/100 loss=9.74710 center_teacher=1.000 acq_teacher=1.000 capture=100.00% bank_capture=100.00% acq_acc=100.00% acq_conf=0.812 radius=0.0m pred_step=5.441 target_step=5.426 pred_v=5.428 target_v=5.426 val_mle=9.634m val_p90=12.152m val_speed_mae=3.063 heading=0.2/1.2deg val_progress_mae=9.028m val_heading_mae=36.3deg val_capture=88.46% val_bank=88.46% val_acq_acc=100.00% score=10.361 best=10.361 patience=0/8
temporal epoch=012/100 loss=9.65663 center_teacher=1.000 acq_teacher=1.000 capture=100.00% bank_capture=100.00% acq_acc=100.00% acq_conf=0.812 radius=0.0m pred_step=5.441 target_step=5.426 pred_v=5.438 target_v=5.426 val_mle=9.598m val_p90=12.114m val_speed_mae=2.788 heading=0.2/1.2deg val_progress_mae=8.992m val_heading_mae=36.3deg val_capture=88.46% val_bank=88.46% val_acq_acc=100.00% score=10.311 best=10.311 patience=0/8
temporal epoch=013/100 loss=9.68492 center_teacher=1.000 acq_teacher=1.000 capture=100.00% bank_capture=100.00% acq_acc=100.00% acq_conf=0.812 radius=0.0m pred_step=4.237 target_step=5.426 pred_v=4.415 target_v=5.426 val_mle=9.583m val_p90=12.096m val_speed_mae=2.778 heading=0.1/1.2deg val_progress_mae=8.977m val_heading_mae=36.3deg val_capture=88.46% val_bank=88.46% val_acq_acc=100.00% score=10.295 best=10.295 patience=0/8
temporal epoch=014/100 loss=9.57836 center_teacher=1.000 acq_teacher=1.000 capture=100.00% bank_capture=100.00% acq_acc=100.00% acq_conf=0.811 radius=0.0m pred_step=4.949 target_step=5.426 pred_v=5.025 target_v=5.426 val_mle=9.584m val_p90=12.094m val_speed_mae=3.862 heading=0.0/1.2deg val_progress_mae=8.981m val_heading_mae=36.3deg val_capture=88.46% val_bank=88.46% val_acq_acc=100.00% score=10.350 best=10.295 patience=1/8
temporal epoch=015/100 loss=9.98088 center_teacher=1.000 acq_teacher=1.000 capture=100.00% bank_capture=100.00% acq_acc=100.00% acq_conf=0.812 radius=0.0m pred_step=6.245 target_step=5.426 pred_v=6.136 target_v=5.426 val_mle=9.607m val_p90=12.113m val_speed_mae=2.786 heading=0.2/1.2deg val_progress_mae=9.008m val_heading_mae=36.3deg val_capture=88.46% val_bank=88.46% val_acq_acc=100.00% score=10.320 best=10.295 patience=2/8
temporal epoch=016/100 loss=9.75902 center_teacher=1.000 acq_teacher=1.000 capture=100.00% bank_capture=100.00% acq_acc=100.00% acq_conf=0.812 radius=0.0m pred_step=3.956 target_step=5.426 pred_v=4.205 target_v=5.426 val_mle=9.687m val_p90=12.191m val_speed_mae=2.788 heading=0.4/1.2deg val_progress_mae=9.097m val_heading_mae=36.3deg val_capture=88.46% val_bank=88.46% val_acq_acc=100.00% score=10.403 best=10.295 patience=3/8
temporal epoch=017/100 loss=9.39282 center_teacher=1.000 acq_teacher=1.000 capture=100.00% bank_capture=100.00% acq_acc=100.00% acq_conf=0.812 radius=0.0m pred_step=4.527 target_step=5.426 pred_v=4.688 target_v=5.426 val_mle=9.778m val_p90=12.292m val_speed_mae=5.679 heading=0.2/1.2deg val_progress_mae=9.197m val_heading_mae=36.3deg val_capture=88.46% val_bank=88.46% val_acq_acc=100.00% score=10.641 best=10.295 patience=4/8
temporal epoch=018/100 loss=11.54305 center_teacher=1.000 acq_teacher=1.000 capture=100.00% bank_capture=100.00% acq_acc=100.00% acq_conf=0.811 radius=0.0m pred_step=7.815 target_step=5.426 pred_v=7.496 target_v=5.426 val_mle=9.872m val_p90=12.391m val_speed_mae=3.453 heading=0.1/1.2deg val_progress_mae=9.300m val_heading_mae=36.3deg val_capture=88.46% val_bank=88.46% val_acq_acc=100.00% score=10.626 best=10.295 patience=5/8
temporal epoch=019/100 loss=9.09620 center_teacher=1.000 acq_teacher=1.000 capture=100.00% bank_capture=100.00% acq_acc=100.00% acq_conf=0.812 radius=0.0m pred_step=4.909 target_step=5.426 pred_v=5.041 target_v=5.426 val_mle=10.080m val_p90=12.609m val_speed_mae=4.266 heading=0.3/1.2deg val_progress_mae=9.526m val_heading_mae=36.3deg val_capture=88.46% val_bank=88.46% val_acq_acc=100.00% score=10.882 best=10.295 patience=6/8
temporal epoch=020/100 loss=11.00846 center_teacher=1.000 acq_teacher=1.000 capture=100.00% bank_capture=100.00% acq_acc=100.00% acq_conf=0.812 radius=0.0m pred_step=2.379 target_step=5.426 pred_v=2.907 target_v=5.426 val_mle=10.175m val_p90=13.367m val_speed_mae=4.303 heading=0.7/1.2deg val_progress_mae=9.420m val_heading_mae=36.3deg val_capture=88.46% val_bank=88.46% val_acq_acc=100.00% score=10.976 best=10.295 patience=7/8
temporal epoch=021/100 loss=11.60961 center_teacher=1.000 acq_teacher=1.000 capture=100.00% bank_capture=100.00% acq_acc=100.00% acq_conf=0.812 radius=0.0m pred_step=7.869 target_step=5.426 pred_v=7.571 target_v=5.426 val_mle=9.761m val_p90=12.322m val_speed_mae=6.164 heading=0.6/1.2deg val_progress_mae=9.188m val_heading_mae=36.3deg val_capture=88.46% val_bank=88.46% val_acq_acc=100.00% score=10.648 best=10.295 patience=8/8
EARLY STOP: controlled local-prior validation score did not improve by 0.003 for 8 epochs.
[TRAIN-ONLY V5 CALIBRATION] {"confidence_power": 1.0, "delta2_scale": 0.0, "fixed_variance_m2": 9.0, "objective": 10.56174502093189, "prior_blend_base": 0.05, "prior_blend_cutoff": 0.7, "prior_blend_lowconf_gain": 0.3, "prior_blend_max": 0.3, "q_cross": 0.30000000000000004, "q_progress": 1.125, "q_velocity": 0.75, "stage": "filter", "step_relax_confidence": 0.0, "step_relax_width": 0.05, "step_visual_slack_m": 10.0, "temporal_3frame_scale": 0.9, "val_mle_m": 9.452732887375435, "val_p90_m": 12.060888283252023, "val_progress_mae": 8.848535136404166, "val_speed_mae": 2.7827859766125416}
[TRAIN-ONLY V5 NO-KALMAN DIAGNOSTIC] {"mle_m": 9.512694552889304, "p90_m": 12.092684466962368}
