[PREPARED] PASS | city=cityc | step=4 m | selection=soft_sequence_v13_multicity_auto_train_fullroute | existing GT/routes unchanged
[CADENCE] source=experiment_route_stats_train_01 | mean=5.515042 m | p90=10.181094 m | p95=11.000646 m
[OK] clean v39 runtime: Forward-18 SoftMS -> GRU -> Kalman -> one final MeanShift
[OK] weighted-centroid decoder removed from generated runtime source
[PATCH OK] GRU = current + delta + delta2 + SAT + SoftMS position + visual displacement + previous state
[PATCH OK] 3-frame delta2 directly corrects acceleration + next_step
[PATCH OK] training/validation/inference motion starts from current-city cadence
[PATCH OK] Kalman = smooth confidence-adaptive measurement-preserving residual fusion
[PATCH OK] step corridor = continuous confidence relaxation
[PATCH OK] no held-out navigation result is read by this patch
[V39-BEARING] final-MS route-centerline reference patch: PASS
[ARCH-AUDIT] forward_18: PASS
[ARCH-AUDIT] base_geometry_6x6: PASS
[ARCH-AUDIT] front_softms_source: PASS
[ARCH-AUDIT] one_final_ms_source: PASS
[ARCH-AUDIT] front_decoder_softms: PASS
[ARCH-AUDIT] simple_seven_block_gru: PASS
[ARCH-AUDIT] residual_motion_head: PASS
[ARCH-AUDIT] causal_visual_displacement: PASS
[ARCH-AUDIT] cadence_initialized_tracker: PASS
[ARCH-AUDIT] motion_training_inference_aligned: PASS
[ARCH-AUDIT] training_city_motion_scale_init: PASS
[ARCH-AUDIT] forward_origin_backshift_covers_jitter: PASS
[ARCH-AUDIT] protocol: PASS
[ARCH-AUDIT] controlled_gt_reference_enabled: PASS
[ARCH-AUDIT] frame_count: PASS
[ARCH-AUDIT] gru_flag: PASS
[ARCH-AUDIT] kalman_flag: PASS
[TRAIN] reuse visual checkpoint /yh/study/uav-sat/v39_otherdata/output/minimal_loss_correct_gt_20260921_223816/cityc/train_frames2/checkpoints/visual_retrieval_A_only.pt
route_A: reuse UAV backbone cache
temporal split train=[0,135) val=[139,164) route_length=781.2m
City training-sequence mean forward step=5.375m/frame p90=10.217m/frame
temporal epoch=001/100 loss=10.40296 center_teacher=1.000 acq_teacher=1.000 capture=100.00% bank_capture=100.00% acq_acc=100.00% acq_conf=0.711 radius=0.0m pred_step=5.224 target_step=5.375 pred_v=5.259 target_v=5.375 val_mle=10.999m val_p90=12.975m val_speed_mae=2.997 heading=0.0/-0.6deg val_progress_mae=10.319m val_heading_mae=29.2deg val_capture=92.00% val_bank=92.00% val_acq_acc=100.00% score=11.677 best=11.677 patience=0/8
temporal epoch=002/100 loss=10.56110 center_teacher=1.000 acq_teacher=1.000 capture=100.00% bank_capture=100.00% acq_acc=100.00% acq_conf=0.711 radius=0.0m pred_step=4.045 target_step=5.375 pred_v=4.224 target_v=5.375 val_mle=10.869m val_p90=12.836m val_speed_mae=2.939 heading=-0.2/-0.6deg val_progress_mae=10.183m val_heading_mae=29.2deg val_capture=92.00% val_bank=92.00% val_acq_acc=100.00% score=11.540 best=11.540 patience=0/8
temporal epoch=003/100 loss=10.17994 center_teacher=1.000 acq_teacher=1.000 capture=100.00% bank_capture=100.00% acq_acc=100.00% acq_conf=0.711 radius=0.0m pred_step=4.484 target_step=5.375 pred_v=4.608 target_v=5.375 val_mle=10.705m val_p90=12.667m val_speed_mae=2.419 heading=-0.1/-0.6deg val_progress_mae=10.013m val_heading_mae=29.2deg val_capture=92.00% val_bank=92.00% val_acq_acc=100.00% score=11.345 best=11.345 patience=0/8
temporal epoch=004/100 loss=10.20418 center_teacher=1.000 acq_teacher=1.000 capture=100.00% bank_capture=100.00% acq_acc=100.00% acq_conf=0.711 radius=0.0m pred_step=5.291 target_step=5.375 pred_v=5.318 target_v=5.375 val_mle=10.510m val_p90=12.391m val_speed_mae=2.372 heading=0.0/-0.6deg val_progress_mae=9.809m val_heading_mae=29.2deg val_capture=92.00% val_bank=92.00% val_acq_acc=100.00% score=11.141 best=11.141 patience=0/8
temporal epoch=005/100 loss=10.16125 center_teacher=1.000 acq_teacher=1.000 capture=100.00% bank_capture=100.00% acq_acc=100.00% acq_conf=0.710 radius=0.0m pred_step=5.548 target_step=5.375 pred_v=5.544 target_v=5.375 val_mle=10.306m val_p90=12.212m val_speed_mae=2.404 heading=0.1/-0.6deg val_progress_mae=9.599m val_heading_mae=29.2deg val_capture=92.00% val_bank=92.00% val_acq_acc=100.00% score=10.932 best=10.932 patience=0/8
temporal epoch=006/100 loss=9.79267 center_teacher=1.000 acq_teacher=1.000 capture=100.00% bank_capture=100.00% acq_acc=100.00% acq_conf=0.711 radius=0.0m pred_step=5.095 target_step=5.375 pred_v=5.146 target_v=5.375 val_mle=10.080m val_p90=11.998m val_speed_mae=2.793 heading=-0.0/-0.6deg val_progress_mae=9.366m val_heading_mae=29.2deg val_capture=92.00% val_bank=92.00% val_acq_acc=100.00% score=10.719 best=10.719 patience=0/8
temporal epoch=007/100 loss=9.77253 center_teacher=1.000 acq_teacher=1.000 capture=100.00% bank_capture=100.00% acq_acc=100.00% acq_conf=0.711 radius=0.0m pred_step=4.327 target_step=5.375 pred_v=4.471 target_v=5.375 val_mle=9.844m val_p90=11.737m val_speed_mae=3.260 heading=-0.1/-0.6deg val_progress_mae=9.118m val_heading_mae=29.2deg val_capture=92.00% val_bank=92.00% val_acq_acc=100.00% score=10.499 best=10.499 patience=0/8
temporal epoch=008/100 loss=9.82824 center_teacher=1.000 acq_teacher=1.000 capture=100.00% bank_capture=100.00% acq_acc=100.00% acq_conf=0.711 radius=0.0m pred_step=3.943 target_step=5.375 pred_v=4.133 target_v=5.375 val_mle=9.614m val_p90=11.486m val_speed_mae=2.857 heading=-0.2/-0.6deg val_progress_mae=8.871m val_heading_mae=29.2deg val_capture=92.00% val_bank=92.00% val_acq_acc=100.00% score=10.241 best=10.241 patience=0/8
temporal epoch=009/100 loss=9.44524 center_teacher=1.000 acq_teacher=1.000 capture=100.00% bank_capture=100.00% acq_acc=100.00% acq_conf=0.711 radius=0.0m pred_step=4.535 target_step=5.375 pred_v=4.653 target_v=5.375 val_mle=9.422m val_p90=11.257m val_speed_mae=2.408 heading=-0.2/-0.6deg val_progress_mae=8.659m val_heading_mae=29.2deg val_capture=92.00% val_bank=92.00% val_acq_acc=100.00% score=10.021 best=10.021 patience=0/8
temporal epoch=010/100 loss=9.45757 center_teacher=1.000 acq_teacher=1.000 capture=100.00% bank_capture=100.00% acq_acc=100.00% acq_conf=0.711 radius=0.0m pred_step=5.300 target_step=5.375 pred_v=5.326 target_v=5.375 val_mle=9.278m val_p90=11.063m val_speed_mae=2.392 heading=-0.1/-0.6deg val_progress_mae=8.497m val_heading_mae=29.2deg val_capture=92.00% val_bank=92.00% val_acq_acc=100.00% score=9.871 best=9.871 patience=0/8
temporal epoch=011/100 loss=9.38328 center_teacher=1.000 acq_teacher=1.000 capture=100.00% bank_capture=100.00% acq_acc=100.00% acq_conf=0.711 radius=0.0m pred_step=5.108 target_step=5.375 pred_v=5.158 target_v=5.375 val_mle=9.192m val_p90=11.008m val_speed_mae=2.727 heading=0.0/-0.6deg val_progress_mae=8.400m val_heading_mae=29.2deg val_capture=92.00% val_bank=92.00% val_acq_acc=100.00% score=9.799 best=9.799 patience=0/8
temporal epoch=012/100 loss=9.36554 center_teacher=1.000 acq_teacher=1.000 capture=100.00% bank_capture=100.00% acq_acc=100.00% acq_conf=0.711 radius=0.0m pred_step=4.336 target_step=5.375 pred_v=4.479 target_v=5.375 val_mle=9.155m val_p90=10.948m val_speed_mae=2.914 heading=-0.0/-0.6deg val_progress_mae=8.358m val_heading_mae=29.2deg val_capture=92.00% val_bank=92.00% val_acq_acc=100.00% score=9.770 best=9.770 patience=0/8
temporal epoch=013/100 loss=9.27608 center_teacher=1.000 acq_teacher=1.000 capture=100.00% bank_capture=100.00% acq_acc=100.00% acq_conf=0.711 radius=0.0m pred_step=4.346 target_step=5.375 pred_v=4.487 target_v=5.375 val_mle=9.146m val_p90=10.852m val_speed_mae=2.375 heading=-0.1/-0.6deg val_progress_mae=8.346m val_heading_mae=29.2deg val_capture=92.00% val_bank=92.00% val_acq_acc=100.00% score=9.734 best=9.734 patience=0/8
temporal epoch=014/100 loss=9.42408 center_teacher=1.000 acq_teacher=1.000 capture=100.00% bank_capture=100.00% acq_acc=100.00% acq_conf=0.711 radius=0.0m pred_step=5.470 target_step=5.375 pred_v=5.476 target_v=5.375 val_mle=9.160m val_p90=10.843m val_speed_mae=2.366 heading=-0.2/-0.6deg val_progress_mae=8.358m val_heading_mae=29.2deg val_capture=92.00% val_bank=92.00% val_acq_acc=100.00% score=9.747 best=9.734 patience=1/8
temporal epoch=015/100 loss=9.22738 center_teacher=1.000 acq_teacher=1.000 capture=100.00% bank_capture=100.00% acq_acc=100.00% acq_conf=0.710 radius=0.0m pred_step=5.015 target_step=5.375 pred_v=5.075 target_v=5.375 val_mle=9.202m val_p90=10.876m val_speed_mae=3.303 heading=0.0/-0.6deg val_progress_mae=8.404m val_heading_mae=29.2deg val_capture=92.00% val_bank=92.00% val_acq_acc=100.00% score=9.838 best=9.734 patience=2/8
temporal epoch=016/100 loss=9.59014 center_teacher=1.000 acq_teacher=1.000 capture=100.00% bank_capture=100.00% acq_acc=100.00% acq_conf=0.711 radius=0.0m pred_step=3.572 target_step=5.375 pred_v=3.806 target_v=5.375 val_mle=9.240m val_p90=10.817m val_speed_mae=2.387 heading=0.0/-0.6deg val_progress_mae=8.443m val_heading_mae=29.2deg val_capture=92.00% val_bank=92.00% val_acq_acc=100.00% score=9.831 best=9.734 patience=3/8
temporal epoch=017/100 loss=9.87133 center_teacher=1.000 acq_teacher=1.000 capture=100.00% bank_capture=100.00% acq_acc=100.00% acq_conf=0.711 radius=0.0m pred_step=6.100 target_step=5.375 pred_v=6.029 target_v=5.375 val_mle=9.201m val_p90=10.683m val_speed_mae=2.856 heading=-0.3/-0.6deg val_progress_mae=8.398m val_heading_mae=29.2deg val_capture=92.00% val_bank=92.00% val_acq_acc=100.00% score=9.814 best=9.734 patience=4/8
temporal epoch=018/100 loss=9.09052 center_teacher=1.000 acq_teacher=1.000 capture=100.00% bank_capture=100.00% acq_acc=100.00% acq_conf=0.711 radius=0.0m pred_step=5.442 target_step=5.375 pred_v=5.452 target_v=5.375 val_mle=9.117m val_p90=10.526m val_speed_mae=4.867 heading=-0.3/-0.6deg val_progress_mae=8.306m val_heading_mae=29.1deg val_capture=92.00% val_bank=92.00% val_acq_acc=100.00% score=9.828 best=9.734 patience=5/8
temporal epoch=019/100 loss=10.48953 center_teacher=1.000 acq_teacher=1.000 capture=100.00% bank_capture=100.00% acq_acc=100.00% acq_conf=0.711 radius=0.0m pred_step=2.375 target_step=5.375 pred_v=2.753 target_v=5.375 val_mle=9.030m val_p90=10.354m val_speed_mae=2.412 heading=-0.0/-0.6deg val_progress_mae=8.207m val_heading_mae=29.1deg val_capture=92.00% val_bank=92.00% val_acq_acc=100.00% score=9.615 best=9.615 patience=0/8
temporal epoch=020/100 loss=10.47355 center_teacher=1.000 acq_teacher=1.000 capture=100.00% bank_capture=100.00% acq_acc=100.00% acq_conf=0.711 radius=0.0m pred_step=6.529 target_step=5.375 pred_v=6.405 target_v=5.375 val_mle=8.835m val_p90=10.119m val_speed_mae=6.252 heading=-0.1/-0.6deg val_progress_mae=7.996m val_heading_mae=29.1deg val_capture=92.00% val_bank=92.00% val_acq_acc=100.00% score=9.606 best=9.606 patience=0/8
temporal epoch=021/100 loss=10.90404 center_teacher=1.000 acq_teacher=1.000 capture=100.00% bank_capture=100.00% acq_acc=100.00% acq_conf=0.711 radius=0.0m pred_step=7.671 target_step=5.375 pred_v=7.412 target_v=5.375 val_mle=8.633m val_p90=9.909m val_speed_mae=3.046 heading=-0.2/-0.6deg val_progress_mae=7.768m val_heading_mae=29.1deg val_capture=92.00% val_bank=92.00% val_acq_acc=100.00% score=9.236 best=9.236 patience=0/8
temporal epoch=022/100 loss=9.34452 center_teacher=1.000 acq_teacher=1.000 capture=100.00% bank_capture=100.00% acq_acc=100.00% acq_conf=0.711 radius=0.0m pred_step=3.041 target_step=5.375 pred_v=3.340 target_v=5.375 val_mle=8.632m val_p90=9.857m val_speed_mae=2.700 heading=0.0/-0.6deg val_progress_mae=7.763m val_heading_mae=29.1deg val_capture=92.00% val_bank=92.00% val_acq_acc=100.00% score=9.218 best=9.218 patience=0/8
temporal epoch=023/100 loss=9.13875 center_teacher=1.000 acq_teacher=1.000 capture=100.00% bank_capture=100.00% acq_acc=100.00% acq_conf=0.711 radius=0.0m pred_step=5.021 target_step=5.375 pred_v=5.078 target_v=5.375 val_mle=8.353m val_p90=9.538m val_speed_mae=5.491 heading=-0.0/-0.6deg val_progress_mae=7.456m val_heading_mae=29.1deg val_capture=92.00% val_bank=92.00% val_acq_acc=100.00% score=9.070 best=9.070 patience=0/8
temporal epoch=024/100 loss=11.37895 center_teacher=1.000 acq_teacher=1.000 capture=100.00% bank_capture=100.00% acq_acc=100.00% acq_conf=0.710 radius=0.0m pred_step=7.872 target_step=5.375 pred_v=7.586 target_v=5.375 val_mle=8.105m val_p90=9.336m val_speed_mae=2.316 heading=0.2/-0.6deg val_progress_mae=7.171m val_heading_mae=29.1deg val_capture=92.00% val_bank=92.00% val_acq_acc=100.00% score=8.654 best=8.654 patience=0/8
temporal epoch=025/100 loss=8.44750 center_teacher=1.000 acq_teacher=1.000 capture=100.00% bank_capture=100.00% acq_acc=100.00% acq_conf=0.711 radius=0.0m pred_step=4.185 target_step=5.375 pred_v=4.348 target_v=5.375 val_mle=8.288m val_p90=9.568m val_speed_mae=3.219 heading=0.7/-0.6deg val_progress_mae=7.376m val_heading_mae=29.1deg val_capture=92.00% val_bank=92.00% val_acq_acc=100.00% score=8.888 best=8.654 patience=1/8
temporal epoch=026/100 loss=8.65438 center_teacher=1.000 acq_teacher=1.000 capture=100.00% bank_capture=100.00% acq_acc=100.00% acq_conf=0.710 radius=0.0m pred_step=4.118 target_step=5.375 pred_v=4.283 target_v=5.375 val_mle=7.924m val_p90=9.233m val_speed_mae=2.284 heading=0.4/-0.6deg val_progress_mae=6.968m val_heading_mae=29.1deg val_capture=92.00% val_bank=92.00% val_acq_acc=100.00% score=8.465 best=8.465 patience=0/8
temporal epoch=027/100 loss=9.07783 center_teacher=1.000 acq_teacher=1.000 capture=100.00% bank_capture=100.00% acq_acc=100.00% acq_conf=0.711 radius=0.0m pred_step=5.571 target_step=5.375 pred_v=5.559 target_v=5.375 val_mle=8.086m val_p90=9.369m val_speed_mae=3.759 heading=0.2/-0.6deg val_progress_mae=7.158m val_heading_mae=29.1deg val_capture=92.00% val_bank=92.00% val_acq_acc=100.00% score=8.707 best=8.465 patience=1/8
temporal epoch=028/100 loss=9.93831 center_teacher=1.000 acq_teacher=1.000 capture=100.00% bank_capture=100.00% acq_acc=100.00% acq_conf=0.714 radius=0.0m pred_step=7.209 target_step=5.375 pred_v=7.005 target_v=5.375 val_mle=8.239m val_p90=9.661m val_speed_mae=4.829 heading=1.0/-0.6deg val_progress_mae=7.406m val_heading_mae=29.1deg val_capture=92.00% val_bank=92.00% val_acq_acc=100.00% score=8.921 best=8.465 patience=2/8
temporal epoch=029/100 loss=11.19905 center_teacher=1.000 acq_teacher=1.000 capture=100.00% bank_capture=100.00% acq_acc=100.00% acq_conf=0.714 radius=0.0m pred_step=1.132 target_step=5.375 pred_v=1.594 target_v=5.375 val_mle=8.436m val_p90=9.963m val_speed_mae=4.794 heading=1.2/-0.6deg val_progress_mae=7.547m val_heading_mae=29.1deg val_capture=92.00% val_bank=92.00% val_acq_acc=100.00% score=9.121 best=8.465 patience=3/8
temporal epoch=030/100 loss=9.09269 center_teacher=1.000 acq_teacher=1.000 capture=100.00% bank_capture=100.00% acq_acc=100.00% acq_conf=0.714 radius=0.0m pred_step=3.306 target_step=5.375 pred_v=3.551 target_v=5.375 val_mle=7.896m val_p90=9.259m val_speed_mae=2.459 heading=0.8/-0.6deg val_progress_mae=6.945m val_heading_mae=29.1deg val_capture=92.00% val_bank=92.00% val_acq_acc=100.00% score=8.446 best=8.446 patience=0/8
temporal epoch=031/100 loss=12.92079 center_teacher=1.000 acq_teacher=1.000 capture=100.00% bank_capture=100.00% acq_acc=100.00% acq_conf=0.712 radius=0.0m pred_step=8.853 target_step=5.375 pred_v=8.489 target_v=5.375 val_mle=8.448m val_p90=10.988m val_speed_mae=7.702 heading=1.6/-0.6deg val_progress_mae=7.501m val_heading_mae=29.2deg val_capture=100.00% val_bank=100.00% val_acq_acc=100.00% score=9.116 best=8.446 patience=1/8
temporal epoch=032/100 loss=14.60002 center_teacher=1.000 acq_teacher=1.000 capture=100.00% bank_capture=100.00% acq_acc=100.00% acq_conf=0.710 radius=0.0m pred_step=10.743 target_step=5.375 pred_v=10.408 target_v=5.375 val_mle=8.183m val_p90=10.640m val_speed_mae=2.172 heading=4.2/-0.6deg val_progress_mae=7.110m val_heading_mae=29.2deg val_capture=100.00% val_bank=100.00% val_acq_acc=100.00% score=8.563 best=8.446 patience=2/8
temporal epoch=033/100 loss=8.31419 center_teacher=1.000 acq_teacher=1.000 capture=100.00% bank_capture=100.00% acq_acc=100.00% acq_conf=0.712 radius=0.0m pred_step=5.274 target_step=5.375 pred_v=5.304 target_v=5.375 val_mle=8.601m val_p90=10.198m val_speed_mae=3.443 heading=1.9/-0.6deg val_progress_mae=7.783m val_heading_mae=29.2deg val_capture=92.00% val_bank=92.00% val_acq_acc=100.00% score=9.225 best=8.446 patience=3/8
temporal epoch=034/100 loss=9.85314 center_teacher=1.000 acq_teacher=1.000 capture=100.00% bank_capture=100.00% acq_acc=100.00% acq_conf=0.707 radius=0.0m pred_step=3.837 target_step=5.375 pred_v=4.021 target_v=5.375 val_mle=8.024m val_p90=9.696m val_speed_mae=3.170 heading=-0.2/-0.6deg val_progress_mae=7.151m val_heading_mae=29.2deg val_capture=92.00% val_bank=92.00% val_acq_acc=100.00% score=8.616 best=8.446 patience=4/8
temporal epoch=035/100 loss=8.35672 center_teacher=1.000 acq_teacher=1.000 capture=100.00% bank_capture=100.00% acq_acc=100.00% acq_conf=0.711 radius=0.0m pred_step=4.113 target_step=5.375 pred_v=4.275 target_v=5.375 val_mle=8.250m val_p90=9.769m val_speed_mae=3.167 heading=0.4/-0.6deg val_progress_mae=7.355m val_heading_mae=29.2deg val_capture=92.00% val_bank=92.00% val_acq_acc=100.00% score=8.847 best=8.446 patience=5/8
temporal epoch=036/100 loss=11.06348 center_teacher=1.000 acq_teacher=1.000 capture=100.00% bank_capture=100.00% acq_acc=100.00% acq_conf=0.714 radius=0.0m pred_step=7.689 target_step=5.375 pred_v=7.468 target_v=5.375 val_mle=8.252m val_p90=9.838m val_speed_mae=2.218 heading=1.2/-0.6deg val_progress_mae=7.397m val_heading_mae=29.1deg val_capture=92.00% val_bank=92.00% val_acq_acc=100.00% score=8.803 best=8.446 patience=6/8
temporal epoch=037/100 loss=8.32878 center_teacher=1.000 acq_teacher=1.000 capture=100.00% bank_capture=100.00% acq_acc=100.00% acq_conf=0.705 radius=0.0m pred_step=3.643 target_step=5.375 pred_v=3.871 target_v=5.375 val_mle=7.974m val_p90=9.612m val_speed_mae=3.279 heading=-0.7/-0.6deg val_progress_mae=7.093m val_heading_mae=29.3deg val_capture=92.00% val_bank=92.00% val_acq_acc=100.00% score=8.570 best=8.446 patience=7/8
temporal epoch=038/100 loss=9.26281 center_teacher=1.000 acq_teacher=1.000 capture=100.00% bank_capture=100.00% acq_acc=100.00% acq_conf=0.708 radius=0.0m pred_step=3.523 target_step=5.375 pred_v=3.834 target_v=5.375 val_mle=8.182m val_p90=9.776m val_speed_mae=2.480 heading=-2.4/-0.6deg val_progress_mae=7.320m val_heading_mae=29.3deg val_capture=92.00% val_bank=92.00% val_acq_acc=100.00% score=8.744 best=8.446 patience=8/8
EARLY STOP: controlled local-prior validation score did not improve by 0.003 for 8 epochs.
