[PREPARED] PASS | city=cityb | step=4 m | selection=soft_sequence_v13_multicity_auto_train_fullroute | existing GT/routes unchanged
[CADENCE] source=experiment_route_stats_train_01 | mean=5.550783 m | p90=9.862441 m | p95=11.094216 m
[OK] clean v39 runtime: Forward-18 SoftMS -> GRU -> Kalman -> one final MeanShift
[OK] weighted-centroid decoder removed from generated runtime source
[PATCH OK] GRU = current + delta + delta2 + SAT + SoftMS position + visual displacement + previous state
[PATCH OK] 3-frame delta2 directly corrects acceleration + next_step
[PATCH OK] training/validation/inference motion starts from current-city cadence
[PATCH OK] Kalman = smooth confidence-adaptive measurement-preserving residual fusion
[PATCH OK] step corridor = continuous confidence relaxation
[PATCH OK] no held-out navigation result is read by this patch
[V39-BEARING] final-MS route-centerline reference patch: PASS
[ARCH-AUDIT] forward_18: PASS
[ARCH-AUDIT] base_geometry_6x6: PASS
[ARCH-AUDIT] front_softms_source: PASS
[ARCH-AUDIT] one_final_ms_source: PASS
[ARCH-AUDIT] front_decoder_softms: PASS
[ARCH-AUDIT] simple_seven_block_gru: PASS
[ARCH-AUDIT] residual_motion_head: PASS
[ARCH-AUDIT] causal_visual_displacement: PASS
[ARCH-AUDIT] cadence_initialized_tracker: PASS
[ARCH-AUDIT] motion_training_inference_aligned: PASS
[ARCH-AUDIT] training_city_motion_scale_init: PASS
[ARCH-AUDIT] forward_origin_backshift_covers_jitter: PASS
[ARCH-AUDIT] protocol: PASS
[ARCH-AUDIT] controlled_gt_reference_enabled: PASS
[ARCH-AUDIT] frame_count: PASS
[ARCH-AUDIT] gru_flag: PASS
[ARCH-AUDIT] kalman_flag: PASS
satellite backbone cache: 256/47961
satellite backbone cache: 5376/47961
satellite backbone cache: 10496/47961
satellite backbone cache: 15616/47961
satellite backbone cache: 20736/47961
satellite backbone cache: 25856/47961
satellite backbone cache: 30976/47961
satellite backbone cache: 36096/47961
satellite backbone cache: 41216/47961
satellite backbone cache: 46336/47961
satellite backbone cache: 47961/47961
satellite gallery size=47961
Route A backbone cache: 196/196
Route A visual candidate capture=100.00%
visual epoch=001/30 loss=4.65863 val_softms_mle=7.411m val_p90=12.216m val_lsr10=72.00%
visual epoch=002/30 loss=4.12718 val_softms_mle=7.547m val_p90=12.304m val_lsr10=80.00%
visual epoch=003/30 loss=4.02554 val_softms_mle=7.191m val_p90=12.278m val_lsr10=76.00%
visual epoch=004/30 loss=3.90224 val_softms_mle=6.492m val_p90=10.284m val_lsr10=80.00%
visual epoch=005/30 loss=3.68285 val_softms_mle=6.987m val_p90=11.573m val_lsr10=76.00%
visual epoch=006/30 loss=3.47982 val_softms_mle=6.998m val_p90=11.656m val_lsr10=80.00%
visual epoch=007/30 loss=3.61939 val_softms_mle=6.526m val_p90=11.281m val_lsr10=80.00%
visual epoch=008/30 loss=3.50717 val_softms_mle=7.284m val_p90=11.876m val_lsr10=68.00%
visual epoch=009/30 loss=3.27443 val_softms_mle=7.397m val_p90=12.563m val_lsr10=68.00%
visual epoch=010/30 loss=3.16799 val_softms_mle=8.248m val_p90=13.378m val_lsr10=64.00%
visual epoch=011/30 loss=2.92133 val_softms_mle=8.480m val_p90=13.555m val_lsr10=52.00%
visual epoch=012/30 loss=2.73199 val_softms_mle=8.817m val_p90=14.185m val_lsr10=60.00%
visual early stopping: Route A validation stopped improving
best Route A visual validation SoftMS MLE=6.492m
route_A backbone cache: 196/196
temporal split train=[0,135) val=[139,164) route_length=781.2m
City training-sequence mean forward step=5.317m/frame p90=9.734m/frame
temporal epoch=001/100 loss=10.58809 center_teacher=1.000 acq_teacher=1.000 capture=100.00% bank_capture=100.00% acq_acc=100.00% acq_conf=0.714 radius=0.0m pred_step=5.386 target_step=5.317 pred_v=5.406 target_v=5.317 val_mle=11.171m val_p90=13.850m val_speed_mae=2.761 heading=-0.1/2.4deg val_progress_mae=11.310m val_heading_mae=31.9deg val_capture=84.00% val_bank=84.00% val_acq_acc=100.00% score=12.032 best=12.032 patience=0/8
temporal epoch=002/100 loss=10.73596 center_teacher=1.000 acq_teacher=1.000 capture=100.00% bank_capture=100.00% acq_acc=100.00% acq_conf=0.719 radius=0.0m pred_step=4.649 target_step=5.317 pred_v=4.758 target_v=5.317 val_mle=11.079m val_p90=13.755m val_speed_mae=2.797 heading=0.1/2.4deg val_progress_mae=11.205m val_heading_mae=31.9deg val_capture=84.00% val_bank=84.00% val_acq_acc=100.00% score=11.938 best=11.938 patience=0/8
temporal epoch=003/100 loss=10.62283 center_teacher=1.000 acq_teacher=1.000 capture=100.00% bank_capture=100.00% acq_acc=100.00% acq_conf=0.719 radius=0.0m pred_step=4.672 target_step=5.317 pred_v=4.778 target_v=5.317 val_mle=10.950m val_p90=13.623m val_speed_mae=2.731 heading=0.1/2.4deg val_progress_mae=11.063m val_heading_mae=31.9deg val_capture=84.00% val_bank=84.00% val_acq_acc=100.00% score=11.802 best=11.802 patience=0/8
temporal epoch=004/100 loss=10.39974 center_teacher=1.000 acq_teacher=1.000 capture=100.00% bank_capture=100.00% acq_acc=100.00% acq_conf=0.719 radius=0.0m pred_step=5.078 target_step=5.317 pred_v=5.135 target_v=5.317 val_mle=10.791m val_p90=13.454m val_speed_mae=2.763 heading=0.0/2.4deg val_progress_mae=10.889m val_heading_mae=31.9deg val_capture=84.00% val_bank=84.00% val_acq_acc=100.00% score=11.640 best=11.640 patience=0/8
temporal epoch=005/100 loss=10.23602 center_teacher=1.000 acq_teacher=1.000 capture=100.00% bank_capture=100.00% acq_acc=100.00% acq_conf=0.714 radius=0.0m pred_step=5.412 target_step=5.317 pred_v=5.429 target_v=5.317 val_mle=10.606m val_p90=13.263m val_speed_mae=2.781 heading=-0.1/2.4deg val_progress_mae=10.685m val_heading_mae=31.9deg val_capture=84.00% val_bank=84.00% val_acq_acc=100.00% score=11.450 best=11.450 patience=0/8
temporal epoch=006/100 loss=10.12320 center_teacher=1.000 acq_teacher=1.000 capture=100.00% bank_capture=100.00% acq_acc=100.00% acq_conf=0.714 radius=0.0m pred_step=5.402 target_step=5.317 pred_v=5.420 target_v=5.317 val_mle=10.402m val_p90=13.051m val_speed_mae=2.735 heading=-0.1/2.4deg val_progress_mae=10.461m val_heading_mae=31.9deg val_capture=84.00% val_bank=84.00% val_acq_acc=100.00% score=11.236 best=11.236 patience=0/8
temporal epoch=007/100 loss=10.03189 center_teacher=1.000 acq_teacher=1.000 capture=100.00% bank_capture=100.00% acq_acc=100.00% acq_conf=0.714 radius=0.0m pred_step=5.103 target_step=5.317 pred_v=5.157 target_v=5.317 val_mle=10.180m val_p90=12.825m val_speed_mae=2.740 heading=-0.1/2.4deg val_progress_mae=10.217m val_heading_mae=31.9deg val_capture=84.00% val_bank=84.00% val_acq_acc=100.00% score=11.008 best=11.008 patience=0/8
temporal epoch=008/100 loss=10.03403 center_teacher=1.000 acq_teacher=1.000 capture=100.00% bank_capture=100.00% acq_acc=100.00% acq_conf=0.719 radius=0.0m pred_step=4.773 target_step=5.317 pred_v=4.867 target_v=5.317 val_mle=9.946m val_p90=12.579m val_speed_mae=2.769 heading=-0.0/2.4deg val_progress_mae=9.963m val_heading_mae=31.9deg val_capture=84.00% val_bank=84.00% val_acq_acc=100.00% score=10.767 best=10.767 patience=0/8
temporal epoch=009/100 loss=9.95875 center_teacher=1.000 acq_teacher=1.000 capture=100.00% bank_capture=100.00% acq_acc=100.00% acq_conf=0.719 radius=0.0m pred_step=4.679 target_step=5.317 pred_v=4.784 target_v=5.317 val_mle=9.700m val_p90=12.321m val_speed_mae=2.743 heading=0.1/2.4deg val_progress_mae=9.699m val_heading_mae=31.9deg val_capture=84.00% val_bank=84.00% val_acq_acc=100.00% score=10.512 best=10.512 patience=0/8
temporal epoch=010/100 loss=9.79551 center_teacher=1.000 acq_teacher=1.000 capture=100.00% bank_capture=100.00% acq_acc=100.00% acq_conf=0.719 radius=0.0m pred_step=4.817 target_step=5.317 pred_v=4.905 target_v=5.317 val_mle=9.449m val_p90=12.056m val_speed_mae=2.734 heading=0.1/2.4deg val_progress_mae=9.434m val_heading_mae=31.9deg val_capture=84.00% val_bank=84.00% val_acq_acc=100.00% score=10.253 best=10.253 patience=0/8
temporal epoch=011/100 loss=9.70013 center_teacher=1.000 acq_teacher=1.000 capture=100.00% bank_capture=100.00% acq_acc=100.00% acq_conf=0.719 radius=0.0m pred_step=4.897 target_step=5.317 pred_v=4.976 target_v=5.317 val_mle=9.218m val_p90=11.812m val_speed_mae=2.772 heading=0.1/2.4deg val_progress_mae=9.197m val_heading_mae=31.9deg val_capture=84.00% val_bank=84.00% val_acq_acc=100.00% score=10.017 best=10.017 patience=0/8
temporal epoch=012/100 loss=9.71895 center_teacher=1.000 acq_teacher=1.000 capture=100.00% bank_capture=100.00% acq_acc=100.00% acq_conf=0.719 radius=0.0m pred_step=4.610 target_step=5.317 pred_v=4.723 target_v=5.317 val_mle=9.055m val_p90=11.639m val_speed_mae=2.866 heading=0.0/2.4deg val_progress_mae=9.036m val_heading_mae=31.9deg val_capture=84.00% val_bank=84.00% val_acq_acc=100.00% score=9.853 best=9.853 patience=0/8
temporal epoch=013/100 loss=9.75701 center_teacher=1.000 acq_teacher=1.000 capture=100.00% bank_capture=100.00% acq_acc=100.00% acq_conf=0.719 radius=0.0m pred_step=4.420 target_step=5.317 pred_v=4.556 target_v=5.317 val_mle=8.950m val_p90=11.527m val_speed_mae=2.765 heading=0.0/2.4deg val_progress_mae=8.937m val_heading_mae=31.9deg val_capture=84.00% val_bank=84.00% val_acq_acc=100.00% score=9.740 best=9.740 patience=0/8
temporal epoch=014/100 loss=9.58343 center_teacher=1.000 acq_teacher=1.000 capture=100.00% bank_capture=100.00% acq_acc=100.00% acq_conf=0.719 radius=0.0m pred_step=4.730 target_step=5.317 pred_v=4.829 target_v=5.317 val_mle=8.890m val_p90=11.459m val_speed_mae=2.731 heading=0.1/2.4deg val_progress_mae=8.885m val_heading_mae=31.9deg val_capture=84.00% val_bank=84.00% val_acq_acc=100.00% score=9.677 best=9.677 patience=0/8
temporal epoch=015/100 loss=9.48417 center_teacher=1.000 acq_teacher=1.000 capture=100.00% bank_capture=100.00% acq_acc=100.00% acq_conf=0.719 radius=0.0m pred_step=5.185 target_step=5.317 pred_v=5.229 target_v=5.317 val_mle=8.857m val_p90=11.424m val_speed_mae=2.741 heading=0.2/2.4deg val_progress_mae=8.859m val_heading_mae=31.9deg val_capture=84.00% val_bank=84.00% val_acq_acc=100.00% score=9.644 best=9.644 patience=0/8
temporal epoch=016/100 loss=9.44724 center_teacher=1.000 acq_teacher=1.000 capture=100.00% bank_capture=100.00% acq_acc=100.00% acq_conf=0.719 radius=0.0m pred_step=5.180 target_step=5.317 pred_v=5.225 target_v=5.317 val_mle=8.852m val_p90=11.421m val_speed_mae=2.728 heading=0.3/2.4deg val_progress_mae=8.861m val_heading_mae=31.9deg val_capture=84.00% val_bank=84.00% val_acq_acc=100.00% score=9.638 best=9.638 patience=0/8
temporal epoch=017/100 loss=9.49759 center_teacher=1.000 acq_teacher=1.000 capture=100.00% bank_capture=100.00% acq_acc=100.00% acq_conf=0.719 radius=0.0m pred_step=4.775 target_step=5.317 pred_v=4.869 target_v=5.317 val_mle=8.895m val_p90=11.466m val_speed_mae=2.722 heading=0.2/2.4deg val_progress_mae=8.914m val_heading_mae=31.9deg val_capture=84.00% val_bank=84.00% val_acq_acc=100.00% score=9.682 best=9.638 patience=1/8
temporal epoch=018/100 loss=9.34476 center_teacher=1.000 acq_teacher=1.000 capture=100.00% bank_capture=100.00% acq_acc=100.00% acq_conf=0.719 radius=0.0m pred_step=5.021 target_step=5.317 pred_v=5.084 target_v=5.317 val_mle=8.965m val_p90=11.535m val_speed_mae=2.754 heading=0.1/2.4deg val_progress_mae=8.995m val_heading_mae=31.9deg val_capture=84.00% val_bank=84.00% val_acq_acc=100.00% score=9.757 best=9.638 patience=2/8
temporal epoch=019/100 loss=9.30706 center_teacher=1.000 acq_teacher=1.000 capture=100.00% bank_capture=100.00% acq_acc=100.00% acq_conf=0.719 radius=0.0m pred_step=5.305 target_step=5.317 pred_v=5.334 target_v=5.317 val_mle=8.967m val_p90=11.526m val_speed_mae=2.841 heading=0.2/2.4deg val_progress_mae=8.997m val_heading_mae=32.0deg val_capture=84.00% val_bank=84.00% val_acq_acc=100.00% score=9.763 best=9.638 patience=3/8
temporal epoch=020/100 loss=9.60748 center_teacher=1.000 acq_teacher=1.000 capture=100.00% bank_capture=100.00% acq_acc=100.00% acq_conf=0.719 radius=0.0m pred_step=4.122 target_step=5.317 pred_v=4.296 target_v=5.317 val_mle=8.961m val_p90=11.518m val_speed_mae=2.716 heading=0.6/2.4deg val_progress_mae=8.992m val_heading_mae=31.9deg val_capture=84.00% val_bank=84.00% val_acq_acc=100.00% score=9.750 best=9.638 patience=4/8
temporal epoch=021/100 loss=9.05920 center_teacher=1.000 acq_teacher=1.000 capture=100.00% bank_capture=100.00% acq_acc=100.00% acq_conf=0.719 radius=0.0m pred_step=5.052 target_step=5.317 pred_v=5.110 target_v=5.317 val_mle=8.849m val_p90=11.402m val_speed_mae=2.694 heading=0.3/2.4deg val_progress_mae=8.876m val_heading_mae=31.9deg val_capture=84.00% val_bank=84.00% val_acq_acc=100.00% score=9.634 best=9.634 patience=0/8
temporal epoch=022/100 loss=9.02324 center_teacher=1.000 acq_teacher=1.000 capture=100.00% bank_capture=100.00% acq_acc=100.00% acq_conf=0.719 radius=0.0m pred_step=4.647 target_step=5.317 pred_v=4.755 target_v=5.317 val_mle=8.850m val_p90=11.429m val_speed_mae=2.872 heading=0.5/2.4deg val_progress_mae=8.878m val_heading_mae=32.0deg val_capture=84.00% val_bank=84.00% val_acq_acc=100.00% score=9.644 best=9.634 patience=1/8
temporal epoch=023/100 loss=8.95499 center_teacher=1.000 acq_teacher=1.000 capture=100.00% bank_capture=100.00% acq_acc=100.00% acq_conf=0.720 radius=0.0m pred_step=4.348 target_step=5.317 pred_v=4.495 target_v=5.317 val_mle=8.955m val_p90=11.634m val_speed_mae=2.735 heading=0.9/2.4deg val_progress_mae=8.986m val_heading_mae=32.1deg val_capture=84.00% val_bank=84.00% val_acq_acc=100.00% score=9.746 best=9.634 patience=2/8
temporal epoch=024/100 loss=8.94089 center_teacher=1.000 acq_teacher=1.000 capture=100.00% bank_capture=100.00% acq_acc=100.00% acq_conf=0.720 radius=0.0m pred_step=5.512 target_step=5.317 pred_v=5.518 target_v=5.317 val_mle=8.591m val_p90=11.023m val_speed_mae=3.503 heading=1.0/2.4deg val_progress_mae=8.535m val_heading_mae=32.1deg val_capture=88.00% val_bank=88.00% val_acq_acc=100.00% score=9.327 best=9.327 patience=0/8
temporal epoch=025/100 loss=9.38408 center_teacher=1.000 acq_teacher=1.000 capture=100.00% bank_capture=100.00% acq_acc=100.00% acq_conf=0.720 radius=0.0m pred_step=3.325 target_step=5.317 pred_v=3.603 target_v=5.317 val_mle=8.862m val_p90=11.598m val_speed_mae=3.110 heading=1.3/2.4deg val_progress_mae=8.886m val_heading_mae=32.1deg val_capture=84.00% val_bank=84.00% val_acq_acc=100.00% score=9.668 best=9.327 patience=1/8
temporal epoch=026/100 loss=10.60308 center_teacher=1.000 acq_teacher=1.000 capture=100.00% bank_capture=100.00% acq_acc=100.00% acq_conf=0.720 radius=0.0m pred_step=7.157 target_step=5.317 pred_v=6.953 target_v=5.317 val_mle=8.422m val_p90=11.017m val_speed_mae=2.673 heading=0.9/2.4deg val_progress_mae=8.325m val_heading_mae=32.2deg val_capture=88.00% val_bank=88.00% val_acq_acc=100.00% score=9.110 best=9.110 patience=0/8
temporal epoch=027/100 loss=8.79119 center_teacher=1.000 acq_teacher=1.000 capture=100.00% bank_capture=100.00% acq_acc=100.00% acq_conf=0.720 radius=0.0m pred_step=4.037 target_step=5.317 pred_v=4.218 target_v=5.317 val_mle=9.145m val_p90=11.944m val_speed_mae=3.193 heading=1.6/2.4deg val_progress_mae=8.815m val_heading_mae=32.4deg val_capture=88.00% val_bank=88.00% val_acq_acc=100.00% score=9.874 best=9.110 patience=1/8
temporal epoch=028/100 loss=8.74880 center_teacher=1.000 acq_teacher=1.000 capture=100.00% bank_capture=100.00% acq_acc=100.00% acq_conf=0.720 radius=0.0m pred_step=4.480 target_step=5.317 pred_v=4.618 target_v=5.317 val_mle=9.130m val_p90=11.898m val_speed_mae=2.676 heading=2.5/2.4deg val_progress_mae=8.858m val_heading_mae=32.5deg val_capture=88.00% val_bank=88.00% val_acq_acc=100.00% score=9.835 best=9.110 patience=2/8
temporal epoch=029/100 loss=8.72761 center_teacher=1.000 acq_teacher=1.000 capture=100.00% bank_capture=100.00% acq_acc=100.00% acq_conf=0.720 radius=0.0m pred_step=5.487 target_step=5.317 pred_v=5.491 target_v=5.317 val_mle=8.952m val_p90=11.723m val_speed_mae=2.758 heading=2.9/2.4deg val_progress_mae=8.660m val_heading_mae=32.6deg val_capture=88.00% val_bank=88.00% val_acq_acc=100.00% score=9.655 best=9.110 patience=3/8
temporal epoch=030/100 loss=8.54924 center_teacher=1.000 acq_teacher=1.000 capture=100.00% bank_capture=100.00% acq_acc=100.00% acq_conf=0.721 radius=0.0m pred_step=4.777 target_step=5.317 pred_v=4.861 target_v=5.317 val_mle=9.404m val_p90=12.318m val_speed_mae=2.916 heading=3.2/2.4deg val_progress_mae=9.116m val_heading_mae=32.7deg val_capture=88.00% val_bank=88.00% val_acq_acc=100.00% score=10.129 best=9.110 patience=4/8
temporal epoch=031/100 loss=8.64146 center_teacher=1.000 acq_teacher=1.000 capture=100.00% bank_capture=100.00% acq_acc=100.00% acq_conf=0.722 radius=0.0m pred_step=4.488 target_step=5.317 pred_v=4.616 target_v=5.317 val_mle=8.705m val_p90=11.399m val_speed_mae=5.307 heading=3.8/2.4deg val_progress_mae=8.375m val_heading_mae=32.7deg val_capture=88.00% val_bank=88.00% val_acq_acc=100.00% score=9.527 best=9.110 patience=5/8
temporal epoch=032/100 loss=9.03966 center_teacher=1.000 acq_teacher=1.000 capture=100.00% bank_capture=100.00% acq_acc=100.00% acq_conf=0.722 radius=0.0m pred_step=3.005 target_step=5.317 pred_v=3.305 target_v=5.317 val_mle=9.406m val_p90=12.439m val_speed_mae=4.118 heading=3.9/2.4deg val_progress_mae=9.115m val_heading_mae=33.0deg val_capture=92.00% val_bank=92.00% val_acq_acc=100.00% score=10.111 best=9.110 patience=6/8
temporal epoch=033/100 loss=13.39499 center_teacher=1.000 acq_teacher=1.000 capture=100.00% bank_capture=100.00% acq_acc=100.00% acq_conf=0.717 radius=0.0m pred_step=10.029 target_step=5.317 pred_v=9.518 target_v=5.317 val_mle=8.712m val_p90=11.332m val_speed_mae=3.106 heading=4.8/2.4deg val_progress_mae=8.366m val_heading_mae=32.8deg val_capture=88.00% val_bank=88.00% val_acq_acc=100.00% score=9.423 best=9.110 patience=7/8
temporal epoch=034/100 loss=8.74666 center_teacher=1.000 acq_teacher=1.000 capture=100.00% bank_capture=100.00% acq_acc=100.00% acq_conf=0.721 radius=0.0m pred_step=6.424 target_step=5.317 pred_v=6.288 target_v=5.317 val_mle=8.400m val_p90=11.641m val_speed_mae=5.293 heading=3.7/2.4deg val_progress_mae=8.237m val_heading_mae=32.6deg val_capture=84.00% val_bank=84.00% val_acq_acc=100.00% score=9.297 best=9.110 patience=8/8
EARLY STOP: controlled local-prior validation score did not improve by 0.003 for 8 epochs.
