[PREPARED] PASS | city=citya | step=4 m | selection=soft_sequence_v13_multicity_auto_train_fullroute | existing GT/routes unchanged
[CADENCE] source=experiment_route_stats_train_01 | mean=5.359172 m | p90=10.084329 m | p95=11.123011 m
[OK] clean v39 runtime: Forward-18 SoftMS -> GRU -> Kalman -> one final MeanShift
[OK] weighted-centroid decoder removed from generated runtime source
[PATCH OK] GRU = current + delta + delta2 + SAT + SoftMS position + visual displacement + previous state
[PATCH OK] 3-frame delta2 directly corrects acceleration + next_step
[PATCH OK] training/validation/inference motion starts from current-city cadence
[PATCH OK] Kalman = smooth confidence-adaptive measurement-preserving residual fusion
[PATCH OK] step corridor = continuous confidence relaxation
[PATCH OK] no held-out navigation result is read by this patch
[V39-BEARING] final-MS route-centerline reference patch: PASS
[ARCH-AUDIT] forward_18: PASS
[ARCH-AUDIT] base_geometry_6x6: PASS
[ARCH-AUDIT] front_softms_source: PASS
[ARCH-AUDIT] one_final_ms_source: PASS
[ARCH-AUDIT] front_decoder_softms: PASS
[ARCH-AUDIT] simple_seven_block_gru: PASS
[ARCH-AUDIT] residual_motion_head: PASS
[ARCH-AUDIT] causal_visual_displacement: PASS
[ARCH-AUDIT] cadence_initialized_tracker: PASS
[ARCH-AUDIT] motion_training_inference_aligned: PASS
[ARCH-AUDIT] training_city_motion_scale_init: PASS
[ARCH-AUDIT] forward_origin_backshift_covers_jitter: PASS
[ARCH-AUDIT] protocol: PASS
[ARCH-AUDIT] controlled_gt_reference_enabled: PASS
[ARCH-AUDIT] frame_count: PASS
[ARCH-AUDIT] gru_flag: PASS
[ARCH-AUDIT] kalman_flag: PASS
route_B: reuse UAV backbone cache

=== citya no_ms: nav50 ===
route_B final MLE=7.045m P90=12.297m LSR@15=98.14% selected_capture=99.38% bank_capture=99.38% acq_acc=100.00% speed_mae=2.794m/frame progress_mae=3.358m heading_mae=35.3deg jump_rate=10.00% max_step=28.97m final_leg=11 gt_leg=11
route_C: reuse UAV backbone cache

=== citya no_ms: nav51 ===
route_C final MLE=8.010m P90=13.858m LSR@15=94.52% selected_capture=98.17% bank_capture=98.17% acq_acc=100.00% speed_mae=2.883m/frame progress_mae=5.114m heading_mae=36.3deg jump_rate=11.01% max_step=26.64m final_leg=8 gt_leg=8
[DONE] /yh/study/uav-sat/v39_otherdata/output/minimal_loss_correct_gt_20260921_223816/citya/variants/no_ms/bearing_v39_summary.json
