[PREPARED] PASS | city=cityd | step=4 m | selection=soft_sequence_v13_multicity_auto_train_fullroute | existing GT/routes unchanged
[CADENCE] source=experiment_route_stats_train_01 | mean=5.837601 m | p90=11.175116 m | p95=12.801230 m
[OK] clean v39 runtime: Forward-18 SoftMS -> GRU -> Kalman -> one final MeanShift
[OK] weighted-centroid decoder removed from generated runtime source
[PATCH OK] GRU = current + delta + delta2 + SAT + SoftMS position + visual displacement + previous state
[PATCH OK] 3-frame delta2 directly corrects acceleration + next_step
[PATCH OK] training/validation/inference motion starts from current-city cadence
[PATCH OK] Kalman = smooth confidence-adaptive measurement-preserving residual fusion
[PATCH OK] step corridor = continuous confidence relaxation
[PATCH OK] no held-out navigation result is read by this patch
[V39-BEARING] final-MS route-centerline reference patch: PASS
[ARCH-AUDIT] forward_18: PASS
[ARCH-AUDIT] base_geometry_6x6: PASS
[ARCH-AUDIT] front_softms_source: PASS
[ARCH-AUDIT] one_final_ms_source: PASS
[ARCH-AUDIT] front_decoder_softms: PASS
[ARCH-AUDIT] simple_seven_block_gru: PASS
[ARCH-AUDIT] residual_motion_head: PASS
[ARCH-AUDIT] causal_visual_displacement: PASS
[ARCH-AUDIT] cadence_initialized_tracker: PASS
[ARCH-AUDIT] motion_training_inference_aligned: PASS
[ARCH-AUDIT] training_city_motion_scale_init: PASS
[ARCH-AUDIT] forward_origin_backshift_covers_jitter: PASS
[ARCH-AUDIT] protocol: PASS
[ARCH-AUDIT] controlled_gt_reference_enabled: PASS
[ARCH-AUDIT] frame_count: PASS
[ARCH-AUDIT] gru_flag: PASS
[ARCH-AUDIT] kalman_flag: PASS
[TRAIN] reuse visual checkpoint /yh/study/uav-sat/v39_otherdata/output/minimal_loss_correct_gt_20260921_223816/cityd/train_frames3/checkpoints/visual_retrieval_A_only.pt
route_A: reuse UAV backbone cache
temporal split train=[0,134) val=[138,163) route_length=781.2m
City training-sequence mean forward step=5.875m/frame p90=11.282m/frame
temporal epoch=001/100 loss=11.29348 center_teacher=1.000 acq_teacher=1.000 capture=100.00% bank_capture=100.00% acq_acc=100.00% acq_conf=0.708 radius=0.0m pred_step=5.392 target_step=5.875 pred_v=5.475 target_v=5.875 val_mle=10.005m val_p90=12.896m val_speed_mae=3.629 heading=0.0/-1.0deg val_progress_mae=9.620m val_heading_mae=26.2deg val_capture=96.00% val_bank=96.00% val_acq_acc=100.00% score=10.607 best=10.607 patience=0/8
temporal epoch=002/100 loss=11.75566 center_teacher=1.000 acq_teacher=1.000 capture=100.00% bank_capture=100.00% acq_acc=100.00% acq_conf=0.708 radius=0.0m pred_step=4.068 target_step=5.875 pred_v=4.383 target_v=5.875 val_mle=9.938m val_p90=12.835m val_speed_mae=3.416 heading=-0.1/-1.0deg val_progress_mae=9.549m val_heading_mae=26.2deg val_capture=96.00% val_bank=96.00% val_acq_acc=100.00% score=10.527 best=10.527 patience=0/8
temporal epoch=003/100 loss=11.09859 center_teacher=1.000 acq_teacher=1.000 capture=100.00% bank_capture=100.00% acq_acc=100.00% acq_conf=0.708 radius=0.0m pred_step=4.919 target_step=5.875 pred_v=5.092 target_v=5.875 val_mle=9.835m val_p90=12.738m val_speed_mae=3.606 heading=-0.1/-1.0deg val_progress_mae=9.440m val_heading_mae=26.2deg val_capture=96.00% val_bank=96.00% val_acq_acc=100.00% score=10.431 best=10.431 patience=0/8
temporal epoch=004/100 loss=11.27378 center_teacher=1.000 acq_teacher=1.000 capture=100.00% bank_capture=100.00% acq_acc=100.00% acq_conf=0.707 radius=0.0m pred_step=6.129 target_step=5.875 pred_v=6.103 target_v=5.875 val_mle=9.702m val_p90=12.612m val_speed_mae=3.749 heading=-0.0/-1.0deg val_progress_mae=9.299m val_heading_mae=26.2deg val_capture=96.00% val_bank=96.00% val_acq_acc=100.00% score=10.301 best=10.301 patience=0/8
temporal epoch=005/100 loss=11.11642 center_teacher=1.000 acq_teacher=1.000 capture=100.00% bank_capture=100.00% acq_acc=100.00% acq_conf=0.707 radius=0.0m pred_step=6.150 target_step=5.875 pred_v=6.120 target_v=5.875 val_mle=9.550m val_p90=12.468m val_speed_mae=3.382 heading=-0.0/-1.0deg val_progress_mae=9.138m val_heading_mae=26.2deg val_capture=96.00% val_bank=96.00% val_acq_acc=100.00% score=10.126 best=10.126 patience=0/8
temporal epoch=006/100 loss=10.68700 center_teacher=1.000 acq_teacher=1.000 capture=100.00% bank_capture=100.00% acq_acc=100.00% acq_conf=0.708 radius=0.0m pred_step=5.208 target_step=5.875 pred_v=5.325 target_v=5.875 val_mle=9.408m val_p90=12.334m val_speed_mae=3.485 heading=-0.2/-1.0deg val_progress_mae=8.987m val_heading_mae=26.3deg val_capture=96.00% val_bank=96.00% val_acq_acc=100.00% score=9.984 best=9.984 patience=0/8
temporal epoch=007/100 loss=10.87299 center_teacher=1.000 acq_teacher=1.000 capture=100.00% bank_capture=100.00% acq_acc=100.00% acq_conf=0.707 radius=0.0m pred_step=4.332 target_step=5.875 pred_v=4.588 target_v=5.875 val_mle=9.297m val_p90=12.234m val_speed_mae=3.536 heading=-0.4/-1.0deg val_progress_mae=8.868m val_heading_mae=26.3deg val_capture=96.00% val_bank=96.00% val_acq_acc=100.00% score=9.872 best=9.872 patience=0/8
temporal epoch=008/100 loss=10.56094 center_teacher=1.000 acq_teacher=1.000 capture=100.00% bank_capture=100.00% acq_acc=100.00% acq_conf=0.707 radius=0.0m pred_step=4.410 target_step=5.875 pred_v=4.655 target_v=5.875 val_mle=9.236m val_p90=12.190m val_speed_mae=3.337 heading=-0.5/-1.0deg val_progress_mae=8.801m val_heading_mae=26.3deg val_capture=96.00% val_bank=96.00% val_acq_acc=100.00% score=9.799 best=9.799 patience=0/8
temporal epoch=009/100 loss=10.13159 center_teacher=1.000 acq_teacher=1.000 capture=100.00% bank_capture=100.00% acq_acc=100.00% acq_conf=0.708 radius=0.0m pred_step=5.201 target_step=5.875 pred_v=5.323 target_v=5.875 val_mle=9.257m val_p90=12.237m val_speed_mae=3.564 heading=-0.4/-1.0deg val_progress_mae=8.821m val_heading_mae=26.3deg val_capture=96.00% val_bank=96.00% val_acq_acc=100.00% score=9.833 best=9.799 patience=1/8
temporal epoch=010/100 loss=10.16850 center_teacher=1.000 acq_teacher=1.000 capture=100.00% bank_capture=100.00% acq_acc=100.00% acq_conf=0.706 radius=0.0m pred_step=5.892 target_step=5.875 pred_v=5.907 target_v=5.875 val_mle=9.358m val_p90=12.368m val_speed_mae=3.554 heading=-0.3/-1.0deg val_progress_mae=8.924m val_heading_mae=26.3deg val_capture=96.00% val_bank=96.00% val_acq_acc=100.00% score=9.936 best=9.799 patience=2/8
temporal epoch=011/100 loss=9.82627 center_teacher=1.000 acq_teacher=1.000 capture=100.00% bank_capture=100.00% acq_acc=100.00% acq_conf=0.709 radius=0.0m pred_step=5.668 target_step=5.875 pred_v=5.724 target_v=5.875 val_mle=9.485m val_p90=12.535m val_speed_mae=3.337 heading=-0.4/-1.0deg val_progress_mae=9.055m val_heading_mae=26.3deg val_capture=96.00% val_bank=96.00% val_acq_acc=100.00% score=10.057 best=9.799 patience=3/8
temporal epoch=012/100 loss=9.60151 center_teacher=1.000 acq_teacher=1.000 capture=100.00% bank_capture=100.00% acq_acc=100.00% acq_conf=0.711 radius=0.0m pred_step=4.824 target_step=5.875 pred_v=5.022 target_v=5.875 val_mle=9.527m val_p90=12.629m val_speed_mae=3.442 heading=-0.7/-1.0deg val_progress_mae=9.092m val_heading_mae=26.4deg val_capture=96.00% val_bank=96.00% val_acq_acc=100.00% score=10.105 best=9.799 patience=4/8
temporal epoch=013/100 loss=9.50218 center_teacher=1.000 acq_teacher=1.000 capture=100.00% bank_capture=100.00% acq_acc=100.00% acq_conf=0.708 radius=0.0m pred_step=4.470 target_step=5.875 pred_v=4.731 target_v=5.875 val_mle=9.327m val_p90=12.491m val_speed_mae=3.336 heading=-1.0/-1.0deg val_progress_mae=8.869m val_heading_mae=26.5deg val_capture=96.00% val_bank=96.00% val_acq_acc=100.00% score=9.893 best=9.799 patience=5/8
temporal epoch=014/100 loss=9.06585 center_teacher=1.000 acq_teacher=1.000 capture=100.00% bank_capture=100.00% acq_acc=100.00% acq_conf=0.708 radius=0.0m pred_step=5.111 target_step=5.875 pred_v=5.270 target_v=5.875 val_mle=8.966m val_p90=12.164m val_speed_mae=3.569 heading=-1.1/-1.0deg val_progress_mae=8.469m val_heading_mae=26.5deg val_capture=96.00% val_bank=96.00% val_acq_acc=100.00% score=9.532 best=9.532 patience=0/8
temporal epoch=015/100 loss=9.13346 center_teacher=1.000 acq_teacher=1.000 capture=100.00% bank_capture=100.00% acq_acc=100.00% acq_conf=0.708 radius=0.0m pred_step=5.864 target_step=5.875 pred_v=5.897 target_v=5.875 val_mle=8.901m val_p90=12.135m val_speed_mae=3.452 heading=-1.1/-1.0deg val_progress_mae=8.388m val_heading_mae=26.5deg val_capture=96.00% val_bank=96.00% val_acq_acc=100.00% score=9.458 best=9.458 patience=0/8
temporal epoch=016/100 loss=8.93116 center_teacher=1.000 acq_teacher=1.000 capture=100.00% bank_capture=100.00% acq_acc=100.00% acq_conf=0.708 radius=0.0m pred_step=5.359 target_step=5.875 pred_v=5.476 target_v=5.875 val_mle=8.865m val_p90=12.102m val_speed_mae=3.413 heading=-1.2/-1.0deg val_progress_mae=8.341m val_heading_mae=26.7deg val_capture=96.00% val_bank=96.00% val_acq_acc=100.00% score=9.419 best=9.419 patience=0/8
temporal epoch=017/100 loss=8.99079 center_teacher=1.000 acq_teacher=1.000 capture=100.00% bank_capture=100.00% acq_acc=100.00% acq_conf=0.710 radius=0.0m pred_step=4.344 target_step=5.875 pred_v=4.625 target_v=5.875 val_mle=8.828m val_p90=12.511m val_speed_mae=3.329 heading=-1.8/-1.0deg val_progress_mae=8.278m val_heading_mae=27.0deg val_capture=92.00% val_bank=92.00% val_acq_acc=100.00% score=9.457 best=9.419 patience=1/8
temporal epoch=018/100 loss=8.54393 center_teacher=1.000 acq_teacher=1.000 capture=100.00% bank_capture=100.00% acq_acc=100.00% acq_conf=0.710 radius=0.0m pred_step=5.225 target_step=5.875 pred_v=5.383 target_v=5.875 val_mle=9.123m val_p90=12.837m val_speed_mae=3.852 heading=-2.4/-1.0deg val_progress_mae=8.603m val_heading_mae=26.9deg val_capture=92.00% val_bank=92.00% val_acq_acc=100.00% score=9.788 best=9.419 patience=2/8
temporal epoch=019/100 loss=8.96206 center_teacher=1.000 acq_teacher=1.000 capture=100.00% bank_capture=100.00% acq_acc=100.00% acq_conf=0.710 radius=0.0m pred_step=6.243 target_step=5.875 pred_v=6.234 target_v=5.875 val_mle=8.871m val_p90=12.375m val_speed_mae=3.368 heading=-2.0/-1.0deg val_progress_mae=8.325m val_heading_mae=26.8deg val_capture=92.00% val_bank=92.00% val_acq_acc=100.00% score=9.503 best=9.419 patience=3/8
temporal epoch=020/100 loss=9.57209 center_teacher=1.000 acq_teacher=1.000 capture=100.00% bank_capture=100.00% acq_acc=100.00% acq_conf=0.710 radius=0.0m pred_step=4.012 target_step=5.875 pred_v=4.319 target_v=5.875 val_mle=9.151m val_p90=12.789m val_speed_mae=3.518 heading=-2.1/-1.0deg val_progress_mae=8.626m val_heading_mae=27.1deg val_capture=92.00% val_bank=92.00% val_acq_acc=100.00% score=9.800 best=9.419 patience=4/8
temporal epoch=021/100 loss=8.26318 center_teacher=1.000 acq_teacher=1.000 capture=100.00% bank_capture=100.00% acq_acc=100.00% acq_conf=0.710 radius=0.0m pred_step=4.531 target_step=5.875 pred_v=4.778 target_v=5.875 val_mle=8.983m val_p90=12.220m val_speed_mae=4.629 heading=-3.0/-1.0deg val_progress_mae=8.443m val_heading_mae=27.5deg val_capture=92.00% val_bank=92.00% val_acq_acc=100.00% score=9.683 best=9.419 patience=5/8
temporal epoch=022/100 loss=10.63947 center_teacher=1.000 acq_teacher=1.000 capture=100.00% bank_capture=100.00% acq_acc=100.00% acq_conf=0.705 radius=0.0m pred_step=7.448 target_step=5.875 pred_v=7.308 target_v=5.875 val_mle=9.323m val_p90=12.643m val_speed_mae=4.450 heading=-4.0/-1.0deg val_progress_mae=8.817m val_heading_mae=27.2deg val_capture=92.00% val_bank=92.00% val_acq_acc=100.00% score=10.025 best=9.419 patience=6/8
temporal epoch=023/100 loss=8.88721 center_teacher=1.000 acq_teacher=1.000 capture=100.00% bank_capture=100.00% acq_acc=100.00% acq_conf=0.709 radius=0.0m pred_step=6.231 target_step=5.875 pred_v=6.226 target_v=5.875 val_mle=9.103m val_p90=12.442m val_speed_mae=5.406 heading=-2.5/-1.0deg val_progress_mae=8.584m val_heading_mae=26.8deg val_capture=92.00% val_bank=92.00% val_acq_acc=100.00% score=9.844 best=9.419 patience=7/8
temporal epoch=024/100 loss=12.76158 center_teacher=1.000 acq_teacher=1.000 capture=100.00% bank_capture=100.00% acq_acc=100.00% acq_conf=0.710 radius=0.0m pred_step=1.806 target_step=5.875 pred_v=2.183 target_v=5.875 val_mle=9.126m val_p90=12.555m val_speed_mae=5.414 heading=-2.1/-1.0deg val_progress_mae=8.605m val_heading_mae=26.9deg val_capture=92.00% val_bank=92.00% val_acq_acc=100.00% score=9.869 best=9.419 patience=8/8
EARLY STOP: controlled local-prior validation score did not improve by 0.003 for 8 epochs.
[TRAIN-ONLY V5 CALIBRATION] {"confidence_power": 1.0, "delta2_scale": 0.0, "fixed_variance_m2": 9.0, "objective": 9.880468979186292, "prior_blend_base": 0.05, "prior_blend_cutoff": 0.7, "prior_blend_lowconf_gain": 0.3, "prior_blend_max": 0.3, "q_cross": 0.30000000000000004, "q_progress": 1.125, "q_velocity": 0.75, "stage": "filter", "step_relax_confidence": 0.0, "step_relax_width": 0.05, "step_visual_slack_m": 10.0, "temporal_3frame_scale": 0.9, "val_mle_m": 8.773418568096128, "val_p90_m": 11.972124577640287, "val_progress_mae": 8.189959769862922, "val_speed_mae": 3.3690423590155647}
[TRAIN-ONLY V5 NO-KALMAN DIAGNOSTIC] {"mle_m": 8.843939063290804, "p90_m": 11.951533953155488}
