[PATCH OK] v39_otherdata/bearing_iclr_ablation.py
[PATCH OK] dataset domains = citya/cityb/cityc/cityd; paper labels = nav50/nav51
[PATCH OK] active runner = Forward-18 SoftMS -> residual temporal GRU -> constrained Kalman -> final MeanShift
[PATCH OK] recurrent/Kalman state starts at current-city training cadence
[PATCH OK] Kalman profile is selected from current-city training validation only
[PATCH OK] 1/2/3-frame rows use separately trained temporal checkpoints
[PATCH OK] no held-out nav50/nav51 metric was read or modified
[TEMPORAL V5] direct delta2 acceleration + next-step supervision: PASS
[PATCH ORDER] legacy 5-block Context-GRU prepatch disabled: PASS
[CALIBRATION V5] direct delta2 + residual Kalman train-validation search: PASS
[RUNNER V5] patience=4, next-step=3.0, acceleration=0.50: PASS
[PRE-RUN AUDIT] single_city_runner: PASS
[PRE-RUN AUDIT] other_cities_not_looped: PASS
[PRE-RUN AUDIT] patience_is_4: PASS
[PRE-RUN AUDIT] fresh_prepare_current_city_only: PASS
[PRE-RUN AUDIT] legacy_context_gru_disabled: PASS
[PRE-RUN AUDIT] active_runner_has_no_legacy_centroid_decoder: PASS
[PRE-RUN AUDIT] runner_requests_front_softms: PASS
[PRE-RUN AUDIT] quadratic_next_step: PASS
[PRE-RUN AUDIT] separate_1_2_3_checkpoints: PASS
[PRE-RUN AUDIT] seven_block_current_delta_delta2_gru: PASS
[PRE-RUN AUDIT] direct_delta2_acceleration: PASS
[PRE-RUN AUDIT] direct_delta2_next_step: PASS
[PRE-RUN AUDIT] smooth_measurement_preserving_kalman: PASS
[PRE-RUN AUDIT] continuous_step_relaxation: PASS
[PRE-RUN AUDIT] raw_visual_previous_measurement: PASS
[PRE-RUN AUDIT] v5_train_only_calibration: PASS
[PRE-RUN AUDIT] calibration_loads_delta2: PASS
[PRE-RUN AUDIT] forward_backshift_enabled: PASS
================================================================================
[FRESH BEARING PREP] ONLY cityd
[FRESH BEARING PREP] source=/yh/study/cvpr_data/Bearing_UAV_90K
[FRESH BEARING PREP] cityb/cityc/cityd WILL NOT RUN unless CITY is changed
================================================================================
[TURN-DIVERSITY-AUDIT] PASS
{
  "city": "cityd",
  "routes": {
    "test_01": {
      "source": "Bearing-UAV official wps38bc_50.json",
      "waypoints": 13,
      "turn_delta_mod360_deg": [
        283.3,
        110.1,
        45.3,
        356.4,
        271.1,
        346.3,
        336.9,
        310.7,
        3.7,
        356.2,
        268.3
      ],
      "meaningful_20_350_deg": [
        283.3,
        110.1,
        45.3,
        271.1,
        346.3,
        336.9,
        310.7,
        268.3
      ]
    },
    "test_02": {
      "source": "Bearing-UAV official wps38bc_51.json",
      "waypoints": 11,
      "turn_delta_mod360_deg": [
        349.1,
        309.4,
        58.2,
        351.4,
        311.4,
        350.8,
        90.4,
        253.9,
        112.8
      ],
      "meaningful_20_350_deg": [
        349.1,
        309.4,
        58.2,
        311.4,
        90.4,
        253.9,
        112.8
      ]
    }
  },
  "combined": {
    "meaningful_turn_count": 15,
    "occupied_turn_bins": [
      0,
      1,
      4,
      5
    ],
    "near_90_fraction": 0.26666666666666666,
    "rule": "meaningful delta in [20,350] deg; >=4 bins across two tests; <=65% near 90deg"
  }
}
[TRAIN-ROUTE-PROBE] city=cityd profile=strict
{
  "train_01": {
    "candidate": "train_01",
    "status": "ok",
    "full": true,
    "frames": 195,
    "targets": 196,
    "selected_ratio": 0.9948979591836735,
    "first_target": 0,
    "last_target": 195,
    "target_span_ratio": 1.0,
    "start_m": 8.544224967716552,
    "end_m": 9.552757040545403,
    "worst_waypoint_m": 8.542611801946611,
    "centerline_cross_p90_m": 7.2378931492020415,
    "same_leg_lateral_delta_p90_m": 5.122159635413539,
    "backward_step_pct": 15.463917525773196,
    "actual_step_p90_m": 11.175116425284255
  },
  "train_02": {
    "candidate": "train_02",
    "status": "incomplete",
    "full": false,
    "frames": 90,
    "targets": 198,
    "selected_ratio": 0.45454545454545453,
    "first_target": 0,
    "last_target": 89,
    "target_span_ratio": 0.4517766497461929,
    "start_m": 0.6614966105966832,
    "end_m": 438.05020783628396,
    "worst_waypoint_m": 438.05020783628396,
    "centerline_cross_p90_m": 6.476143959554244,
    "same_leg_lateral_delta_p90_m": 3.897018799023847,
    "backward_step_pct": 16.853932584269664,
    "actual_step_p90_m": 9.725606608078149
  },
  "train_03": {
    "candidate": "train_03",
    "status": "ok",
    "full": true,
    "frames": 157,
    "targets": 203,
    "selected_ratio": 0.7733990147783252,
    "first_target": 0,
    "last_target": 202,
    "target_span_ratio": 1.0,
    "start_m": 1.4929478233312057,
    "end_m": 4.1063397131237585,
    "worst_waypoint_m": 4.633152959399538,
    "centerline_cross_p90_m": 7.364711802861345,
    "same_leg_lateral_delta_p90_m": 3.6471111789741846,
    "backward_step_pct": 7.6923076923076925,
    "actual_step_p90_m": 11.802490192695178
  }
}
[SEQUENCE-V12-FULLROUTE] train_01 {
  "split": "train",
  "planned_length_m": 781.1736496816332,
  "waypoints": 6,
  "frames": 195,
  "sample_step_m": 4.0,
  "selection_version": "soft_sequence_v13_multicity_auto_train_fullroute",
  "max_sample_distance_m": 10.0,
  "preferred_step_m": 4.0,
  "safety_max_step_m": 22.0,
  "point_cross_weight": 20.0,
  "lateral_smooth_weight": 35.0,
  "big_turn_threshold_deg": 20.0,
  "heading_weight_px_per_deg": 0.0,
  "targets": 196,
  "dense_frames_before_prune": 195,
  "dense_selected_ratio": 0.9948979591836735,
  "selected_ratio": 0.9948979591836735,
  "prune_keep_ratio": 1.0,
  "skipped_targets": 1,
  "per_leg_prune": [
    {
      "leg": 0,
      "dense": 195,
      "kept": 195,
      "coverage": 1.0,
      "mode": "dense_fallback_for_coverage",
      "first_target": 0,
      "last_target": 195
    }
  ],
  "mean_target_error_m": 5.8699553390420425,
  "max_target_error_m": 9.958320828605364,
  "centerline_cross_mean_m": 3.3895544527169954,
  "centerline_cross_p90_m": 7.2378931492020415,
  "centerline_cross_max_m": 9.595596571362499,
  "same_leg_lateral_delta_p90_m": 5.122159635413539,
  "same_leg_lateral_delta_max_m": 17.834930426260577,
  "actual_step_mean_m": 5.837601297560361,
  "actual_step_p50_m": 4.933150677517734,
  "actual_step_p90_m": 11.175116425284255,
  "actual_step_p95_m": 12.801230268157266,
  "actual_step_max_m": 18.68416927792601,
  "step_over_7m_pct": 33.50515463917525,
  "step_over_10m_pct": 15.463917525773196,
  "step_over_14m_pct": 3.0927835051546393,
  "cross_step_p90_m": 5.122159635413527,
  "backward_step_pct": 15.463917525773196,
  "same_leg_backward_step_pct": 15.463917525773196,
  "max_cross_track_rule_m": 8.5,
  "max_same_leg_lateral_jump_rule_m": 4.0,
  "max_same_leg_backward_rule_m": 0.25
}
[SEQUENCE-V12-FULLROUTE] test_01 {
  "split": "inference",
  "planned_length_m": 750.8491472570564,
  "waypoints": 13,
  "frames": 150,
  "sample_step_m": 4.0,
  "selection_version": "soft_sequence_v13_multicity_auto_train_fullroute",
  "max_sample_distance_m": 10.0,
  "preferred_step_m": 4.0,
  "safety_max_step_m": 22.0,
  "point_cross_weight": 20.0,
  "lateral_smooth_weight": 35.0,
  "big_turn_threshold_deg": 20.0,
  "heading_weight_px_per_deg": 0.0,
  "targets": 189,
  "dense_frames_before_prune": 187,
  "dense_selected_ratio": 0.9894179894179894,
  "selected_ratio": 0.7936507936507936,
  "prune_keep_ratio": 0.8021390374331551,
  "skipped_targets": 39,
  "per_leg_prune": [
    {
      "leg": 0,
      "dense": 37,
      "kept": 27,
      "coverage": 0.9166666666666666,
      "mode": "smoothed_full_span",
      "first_target": 0,
      "last_target": 36
    },
    {
      "leg": 1,
      "dense": 22,
      "kept": 22,
      "coverage": 1.0,
      "mode": "dense_fallback_for_coverage",
      "first_target": 37,
      "last_target": 59
    },
    {
      "leg": 2,
      "dense": 20,
      "kept": 13,
      "coverage": 1.0,
      "mode": "smoothed_full_span",
      "first_target": 60,
      "last_target": 79
    },
    {
      "leg": 3,
      "dense": 19,
      "kept": 19,
      "coverage": 1.0,
      "mode": "dense_fallback_for_coverage",
      "first_target": 80,
      "last_target": 98
    },
    {
      "leg": 4,
      "dense": 23,
      "kept": 16,
      "coverage": 1.0,
      "mode": "smoothed_full_span",
      "first_target": 99,
      "last_target": 121
    },
    {
      "leg": 5,
      "dense": 28,
      "kept": 21,
      "coverage": 1.0,
      "mode": "smoothed_full_span",
      "first_target": 122,
      "last_target": 149
    },
    {
      "leg": 6,
      "dense": 27,
      "kept": 27,
      "coverage": 1.0,
      "mode": "dense_fallback_for_coverage",
      "first_target": 150,
      "last_target": 177
    },
    {
      "leg": 7,
      "dense": 11,
      "kept": 5,
      "coverage": 1.0,
      "mode": "smoothed_full_span",
      "first_target": 178,
      "last_target": 188
    }
  ],
  "mean_target_error_m": 5.729787825271275,
  "max_target_error_m": 9.994427824541441,
  "centerline_cross_mean_m": 3.347778193089126,
  "centerline_cross_p90_m": 7.285999710811066,
  "centerline_cross_max_m": 9.767605163959404,
  "same_leg_lateral_delta_p90_m": 5.069014876040268,
  "same_leg_lateral_delta_max_m": 16.76031505405349,
  "actual_step_mean_m": 6.650128244780751,
  "actual_step_p50_m": 5.646973893765422,
  "actual_step_p90_m": 12.638098956349959,
  "actual_step_p95_m": 15.839391383057636,
  "actual_step_max_m": 18.813472887801012,
  "step_over_7m_pct": 38.25503355704698,
  "step_over_10m_pct": 21.476510067114095,
  "step_over_14m_pct": 7.38255033557047,
  "cross_step_p90_m": 5.403173116616498,
  "backward_step_pct": 9.395973154362416,
  "same_leg_backward_step_pct": 8.053691275167786,
  "max_cross_track_rule_m": 8.5,
  "max_same_leg_lateral_jump_rule_m": 4.0,
  "max_same_leg_backward_rule_m": 0.25
}
[SEQUENCE-V12-FULLROUTE] test_02 {
  "split": "inference",
  "planned_length_m": 1164.7307744629352,
  "waypoints": 11,
  "frames": 261,
  "sample_step_m": 4.0,
  "selection_version": "soft_sequence_v13_multicity_auto_train_fullroute",
  "max_sample_distance_m": 10.0,
  "preferred_step_m": 4.0,
  "safety_max_step_m": 22.0,
  "point_cross_weight": 20.0,
  "lateral_smooth_weight": 35.0,
  "big_turn_threshold_deg": 20.0,
  "heading_weight_px_per_deg": 0.0,
  "targets": 292,
  "dense_frames_before_prune": 291,
  "dense_selected_ratio": 0.9965753424657534,
  "selected_ratio": 0.8938356164383562,
  "prune_keep_ratio": 0.8969072164948454,
  "skipped_targets": 31,
  "per_leg_prune": [
    {
      "leg": 0,
      "dense": 51,
      "kept": 51,
      "coverage": 1.0,
      "mode": "dense_fallback_for_coverage",
      "first_target": 0,
      "last_target": 51
    },
    {
      "leg": 1,
      "dense": 20,
      "kept": 16,
      "coverage": 1.0,
      "mode": "smoothed_full_span",
      "first_target": 52,
      "last_target": 71
    },
    {
      "leg": 2,
      "dense": 48,
      "kept": 41,
      "coverage": 1.0,
      "mode": "smoothed_full_span",
      "first_target": 72,
      "last_target": 119
    },
    {
      "leg": 3,
      "dense": 42,
      "kept": 31,
      "coverage": 0.8780487804878049,
      "mode": "smoothed_full_span",
      "first_target": 120,
      "last_target": 161
    },
    {
      "leg": 4,
      "dense": 45,
      "kept": 45,
      "coverage": 1.0,
      "mode": "dense_fallback_for_coverage",
      "first_target": 162,
      "last_target": 206
    },
    {
      "leg": 5,
      "dense": 28,
      "kept": 20,
      "coverage": 1.0,
      "mode": "smoothed_full_span",
      "first_target": 207,
      "last_target": 234
    },
    {
      "leg": 6,
      "dense": 57,
      "kept": 57,
      "coverage": 1.0,
      "mode": "dense_fallback_for_coverage",
      "first_target": 235,
      "last_target": 291
    }
  ],
  "mean_target_error_m": 5.348710785749982,
  "max_target_error_m": 9.975022226089921,
  "centerline_cross_mean_m": 2.840978474888833,
  "centerline_cross_p90_m": 5.89525316325737,
  "centerline_cross_max_m": 8.895640408134476,
  "same_leg_lateral_delta_p90_m": 3.8681496822305856,
  "same_leg_lateral_delta_max_m": 11.537899125535633,
  "actual_step_mean_m": 5.931146949889956,
  "actual_step_p50_m": 5.005410364205354,
  "actual_step_p90_m": 11.472876687178408,
  "actual_step_p95_m": 12.858035135344013,
  "actual_step_max_m": 20.538509245963137,
  "step_over_7m_pct": 30.76923076923077,
  "step_over_10m_pct": 16.153846153846153,
  "step_over_14m_pct": 3.8461538461538463,
  "cross_step_p90_m": 4.057363963332359,
  "backward_step_pct": 11.538461538461538,
  "same_leg_backward_step_pct": 10.76923076923077,
  "max_cross_track_rule_m": 8.5,
  "max_same_leg_lateral_jump_rule_m": 4.0,
  "max_same_leg_backward_rule_m": 0.25
}
[DONE] experiment: /yh/study/uav-sat/v39_otherdata/output/minimal_loss_correct_gt_20260921_223816/cityd/prepared__building/experiment.json
[MULTICITY-PREP] PASS city=cityd Route-A source=train_01 profile=strict
{
  "train_01": {
    "frames": 195,
    "waypoints": 6,
    "start_m": 8.544225275008676,
    "end_m": 9.552757461978494,
    "worst_waypoint_m": 8.542612012016765
  },
  "test_01": {
    "frames": 150,
    "waypoints": 13,
    "start_m": 3.6307379907094512,
    "end_m": 8.949826444570832,
    "worst_waypoint_m": 5.068510926274594
  },
  "test_02": {
    "frames": 261,
    "waypoints": 11,
    "start_m": 6.127895455085056,
    "end_m": 4.245533162372914,
    "worst_waypoint_m": 9.142751118401533
  }
}
[BEARING GT/LOSS AUDIT] {"active_losses": ["measurement", "next_step", "variance_nll"], "checked_frames": 801, "city": "cityd", "coordinate_formula": "block*256 + 256 + norm*128", "derived_temporal_targets": ["step", "velocity", "acceleration", "ground_track_heading"], "max_meter_error": 4.998646545573138e-07, "max_pixel_error": 4.992041340301512e-07, "meters_per_pixel": 0.25, "native_gt": ["block_x", "block_y", "x_norm", "y_norm", "theta"], "status": "PASS"}
================================================================================
Bearing-UAV SINGLE-CITY ablation v4
CITY            : cityd
Held-out tracks : nav50 / nav51 inside cityd
Patience        : 8
Architecture    : Forward18 SoftMS -> 3-frame delta2 residual GRU
                  -> confidence-adaptive residual Kalman
                  -> final MeanShift -> XY
Other cities    : NOT RUN
================================================================================
[PREPARED] PASS | city=cityd | step=4 m | selection=soft_sequence_v13_multicity_auto_train_fullroute | existing GT/routes unchanged
[CADENCE] source=experiment_route_stats_train_01 | mean=5.837601 m | p90=11.175116 m | p95=12.801230 m
[TRAIN START] cityd frames=1 GPU0 patience=8
[PREPARED] PASS | city=cityd | step=4 m | selection=soft_sequence_v13_multicity_auto_train_fullroute | existing GT/routes unchanged
[CADENCE] source=experiment_route_stats_train_01 | mean=5.837601 m | p90=11.175116 m | p95=12.801230 m
[OK] clean v39 runtime: Forward-18 SoftMS -> GRU -> Kalman -> one final MeanShift
[OK] weighted-centroid decoder removed from generated runtime source
[PATCH OK] GRU = current + delta + delta2 + SAT + SoftMS position + visual displacement + previous state
[PATCH OK] 3-frame delta2 directly corrects acceleration + next_step
[PATCH OK] training/validation/inference motion starts from current-city cadence
[PATCH OK] Kalman = smooth confidence-adaptive measurement-preserving residual fusion
[PATCH OK] step corridor = continuous confidence relaxation
[PATCH OK] no held-out navigation result is read by this patch
[V39-BEARING] final-MS route-centerline reference patch: PASS
[ARCH-AUDIT] forward_18: PASS
[ARCH-AUDIT] base_geometry_6x6: PASS
[ARCH-AUDIT] front_softms_source: PASS
[ARCH-AUDIT] one_final_ms_source: PASS
[ARCH-AUDIT] front_decoder_softms: PASS
[ARCH-AUDIT] simple_seven_block_gru: PASS
[ARCH-AUDIT] residual_motion_head: PASS
[ARCH-AUDIT] causal_visual_displacement: PASS
[ARCH-AUDIT] cadence_initialized_tracker: PASS
[ARCH-AUDIT] motion_training_inference_aligned: PASS
[ARCH-AUDIT] training_city_motion_scale_init: PASS
[ARCH-AUDIT] forward_origin_backshift_covers_jitter: PASS
[ARCH-AUDIT] protocol: PASS
[ARCH-AUDIT] controlled_gt_reference_enabled: PASS
[ARCH-AUDIT] frame_count: PASS
[ARCH-AUDIT] gru_flag: PASS
[ARCH-AUDIT] kalman_flag: PASS
satellite backbone cache: 256/47961
satellite backbone cache: 5376/47961
satellite backbone cache: 10496/47961
satellite backbone cache: 15616/47961
satellite backbone cache: 20736/47961
satellite backbone cache: 25856/47961
satellite backbone cache: 30976/47961
satellite backbone cache: 36096/47961
satellite backbone cache: 41216/47961
satellite backbone cache: 46336/47961
satellite backbone cache: 47961/47961
satellite gallery size=47961
Route A backbone cache: 195/195
Route A visual candidate capture=100.00%
visual epoch=001/30 loss=4.64702 val_softms_mle=9.230m val_p90=14.905m val_lsr10=60.00%
visual epoch=002/30 loss=4.40497 val_softms_mle=7.280m val_p90=12.453m val_lsr10=76.00%
visual epoch=003/30 loss=4.16256 val_softms_mle=6.138m val_p90=10.642m val_lsr10=88.00%
visual epoch=004/30 loss=4.06300 val_softms_mle=5.987m val_p90=9.556m val_lsr10=92.00%
visual epoch=005/30 loss=3.89043 val_softms_mle=6.496m val_p90=10.449m val_lsr10=84.00%
visual epoch=006/30 loss=3.86988 val_softms_mle=6.157m val_p90=10.597m val_lsr10=80.00%
visual epoch=007/30 loss=3.69670 val_softms_mle=5.829m val_p90=10.358m val_lsr10=88.00%
visual epoch=008/30 loss=3.70086 val_softms_mle=5.856m val_p90=10.559m val_lsr10=88.00%
visual epoch=009/30 loss=3.60534 val_softms_mle=5.907m val_p90=10.088m val_lsr10=88.00%
visual epoch=010/30 loss=3.39491 val_softms_mle=6.152m val_p90=10.101m val_lsr10=88.00%
visual epoch=011/30 loss=3.29493 val_softms_mle=6.670m val_p90=11.029m val_lsr10=80.00%
visual epoch=012/30 loss=3.22549 val_softms_mle=6.892m val_p90=11.850m val_lsr10=80.00%
visual epoch=013/30 loss=3.19644 val_softms_mle=7.320m val_p90=11.917m val_lsr10=76.00%
visual epoch=014/30 loss=2.99462 val_softms_mle=6.772m val_p90=11.029m val_lsr10=76.00%
visual epoch=015/30 loss=3.05770 val_softms_mle=6.749m val_p90=11.228m val_lsr10=72.00%
visual early stopping: Route A validation stopped improving
best Route A visual validation SoftMS MLE=5.829m
route_A backbone cache: 195/195
temporal split train=[0,134) val=[138,163) route_length=781.2m
City training-sequence mean forward step=5.875m/frame p90=11.282m/frame
temporal epoch=001/100 loss=11.30662 center_teacher=1.000 acq_teacher=1.000 capture=100.00% bank_capture=100.00% acq_acc=100.00% acq_conf=0.708 radius=0.0m pred_step=5.667 target_step=5.875 pred_v=5.688 target_v=5.875 val_mle=10.001m val_p90=12.893m val_speed_mae=3.371 heading=0.0/-1.0deg val_progress_mae=9.615m val_heading_mae=26.2deg val_capture=96.00% val_bank=96.00% val_acq_acc=100.00% score=10.591 best=10.591 patience=0/8
temporal epoch=002/100 loss=11.31551 center_teacher=1.000 acq_teacher=1.000 capture=100.00% bank_capture=100.00% acq_acc=100.00% acq_conf=0.708 radius=0.0m pred_step=4.798 target_step=5.875 pred_v=4.924 target_v=5.875 val_mle=9.938m val_p90=12.834m val_speed_mae=3.438 heading=-0.1/-1.0deg val_progress_mae=9.548m val_heading_mae=26.2deg val_capture=96.00% val_bank=96.00% val_acq_acc=100.00% score=10.528 best=10.528 patience=0/8
temporal epoch=003/100 loss=11.17518 center_teacher=1.000 acq_teacher=1.000 capture=100.00% bank_capture=100.00% acq_acc=100.00% acq_conf=0.708 radius=0.0m pred_step=4.835 target_step=5.875 pred_v=4.956 target_v=5.875 val_mle=9.844m val_p90=12.745m val_speed_mae=3.339 heading=-0.1/-1.0deg val_progress_mae=9.450m val_heading_mae=26.2deg val_capture=96.00% val_bank=96.00% val_acq_acc=100.00% score=10.427 best=10.427 patience=0/8
temporal epoch=004/100 loss=11.04472 center_teacher=1.000 acq_teacher=1.000 capture=100.00% bank_capture=100.00% acq_acc=100.00% acq_conf=0.708 radius=0.0m pred_step=5.313 target_step=5.875 pred_v=5.376 target_v=5.875 val_mle=9.725m val_p90=12.630m val_speed_mae=3.409 heading=0.0/-1.0deg val_progress_mae=9.324m val_heading_mae=26.1deg val_capture=96.00% val_bank=96.00% val_acq_acc=100.00% score=10.307 best=10.307 patience=0/8
temporal epoch=005/100 loss=10.98829 center_teacher=1.000 acq_teacher=1.000 capture=100.00% bank_capture=100.00% acq_acc=100.00% acq_conf=0.707 radius=0.0m pred_step=5.631 target_step=5.875 pred_v=5.656 target_v=5.875 val_mle=9.586m val_p90=12.496m val_speed_mae=3.434 heading=0.1/-1.0deg val_progress_mae=9.177m val_heading_mae=26.1deg val_capture=96.00% val_bank=96.00% val_acq_acc=100.00% score=10.166 best=10.166 patience=0/8
temporal epoch=006/100 loss=10.83754 center_teacher=1.000 acq_teacher=1.000 capture=100.00% bank_capture=100.00% acq_acc=100.00% acq_conf=0.707 radius=0.0m pred_step=5.625 target_step=5.875 pred_v=5.650 target_v=5.875 val_mle=9.440m val_p90=12.355m val_speed_mae=3.371 heading=0.2/-1.0deg val_progress_mae=9.021m val_heading_mae=26.1deg val_capture=96.00% val_bank=96.00% val_acq_acc=100.00% score=10.011 best=10.011 patience=0/8
temporal epoch=007/100 loss=10.63663 center_teacher=1.000 acq_teacher=1.000 capture=100.00% bank_capture=100.00% acq_acc=100.00% acq_conf=0.707 radius=0.0m pred_step=5.372 target_step=5.875 pred_v=5.428 target_v=5.875 val_mle=9.302m val_p90=12.227m val_speed_mae=3.344 heading=0.2/-1.0deg val_progress_mae=8.874m val_heading_mae=26.1deg val_capture=96.00% val_bank=96.00% val_acq_acc=100.00% score=9.868 best=9.868 patience=0/8
temporal epoch=008/100 loss=10.47538 center_teacher=1.000 acq_teacher=1.000 capture=100.00% bank_capture=100.00% acq_acc=100.00% acq_conf=0.707 radius=0.0m pred_step=5.047 target_step=5.875 pred_v=5.142 target_v=5.875 val_mle=9.200m val_p90=12.139m val_speed_mae=3.358 heading=0.2/-1.0deg val_progress_mae=8.764m val_heading_mae=26.1deg val_capture=96.00% val_bank=96.00% val_acq_acc=100.00% score=9.763 best=9.763 patience=0/8
temporal epoch=009/100 loss=10.30933 center_teacher=1.000 acq_teacher=1.000 capture=100.00% bank_capture=100.00% acq_acc=100.00% acq_conf=0.707 radius=0.0m pred_step=4.936 target_step=5.875 pred_v=5.044 target_v=5.875 val_mle=9.171m val_p90=12.131m val_speed_mae=3.347 heading=0.2/-1.0deg val_progress_mae=8.730m val_heading_mae=26.1deg val_capture=96.00% val_bank=96.00% val_acq_acc=100.00% score=9.733 best=9.733 patience=0/8
temporal epoch=010/100 loss=10.09595 center_teacher=1.000 acq_teacher=1.000 capture=100.00% bank_capture=100.00% acq_acc=100.00% acq_conf=0.707 radius=0.0m pred_step=5.077 target_step=5.875 pred_v=5.168 target_v=5.875 val_mle=9.246m val_p90=12.226m val_speed_mae=3.344 heading=0.3/-1.0deg val_progress_mae=8.813m val_heading_mae=26.1deg val_capture=96.00% val_bank=96.00% val_acq_acc=100.00% score=9.810 best=9.733 patience=1/8
temporal epoch=011/100 loss=9.86817 center_teacher=1.000 acq_teacher=1.000 capture=100.00% bank_capture=100.00% acq_acc=100.00% acq_conf=0.707 radius=0.0m pred_step=5.319 target_step=5.875 pred_v=5.381 target_v=5.875 val_mle=9.381m val_p90=12.399m val_speed_mae=3.388 heading=0.4/-1.0deg val_progress_mae=8.951m val_heading_mae=26.0deg val_capture=96.00% val_bank=96.00% val_acq_acc=100.00% score=9.951 best=9.733 patience=2/8
temporal epoch=012/100 loss=9.69459 center_teacher=1.000 acq_teacher=1.000 capture=100.00% bank_capture=100.00% acq_acc=100.00% acq_conf=0.707 radius=0.0m pred_step=5.452 target_step=5.875 pred_v=5.498 target_v=5.875 val_mle=9.508m val_p90=12.575m val_speed_mae=3.376 heading=0.4/-1.0deg val_progress_mae=9.079m val_heading_mae=26.0deg val_capture=96.00% val_bank=96.00% val_acq_acc=100.00% score=10.081 best=9.733 patience=3/8
temporal epoch=013/100 loss=9.47205 center_teacher=1.000 acq_teacher=1.000 capture=100.00% bank_capture=100.00% acq_acc=100.00% acq_conf=0.707 radius=0.0m pred_step=5.334 target_step=5.875 pred_v=5.393 target_v=5.875 val_mle=9.504m val_p90=12.631m val_speed_mae=3.332 heading=0.5/-1.0deg val_progress_mae=9.064m val_heading_mae=26.0deg val_capture=96.00% val_bank=96.00% val_acq_acc=100.00% score=10.074 best=9.733 patience=4/8
temporal epoch=014/100 loss=9.26703 center_teacher=1.000 acq_teacher=1.000 capture=100.00% bank_capture=100.00% acq_acc=100.00% acq_conf=0.707 radius=0.0m pred_step=5.105 target_step=5.875 pred_v=5.193 target_v=5.875 val_mle=9.197m val_p90=12.368m val_speed_mae=3.336 heading=0.6/-1.0deg val_progress_mae=8.723m val_heading_mae=26.0deg val_capture=96.00% val_bank=96.00% val_acq_acc=100.00% score=9.758 best=9.733 patience=5/8
temporal epoch=015/100 loss=9.11552 center_teacher=1.000 acq_teacher=1.000 capture=100.00% bank_capture=100.00% acq_acc=100.00% acq_conf=0.707 radius=0.0m pred_step=4.940 target_step=5.875 pred_v=5.047 target_v=5.875 val_mle=8.751m val_p90=11.909m val_speed_mae=3.325 heading=0.6/-1.0deg val_progress_mae=8.229m val_heading_mae=26.0deg val_capture=96.00% val_bank=96.00% val_acq_acc=100.00% score=9.296 best=9.296 patience=0/8
temporal epoch=016/100 loss=8.93990 center_teacher=1.000 acq_teacher=1.000 capture=100.00% bank_capture=100.00% acq_acc=100.00% acq_conf=0.707 radius=0.0m pred_step=5.132 target_step=5.875 pred_v=5.216 target_v=5.875 val_mle=8.703m val_p90=11.948m val_speed_mae=3.434 heading=0.7/-1.0deg val_progress_mae=8.231m val_heading_mae=26.0deg val_capture=96.00% val_bank=96.00% val_acq_acc=100.00% score=9.253 best=9.253 patience=0/8
temporal epoch=017/100 loss=8.92900 center_teacher=1.000 acq_teacher=1.000 capture=100.00% bank_capture=100.00% acq_acc=100.00% acq_conf=0.707 radius=0.0m pred_step=5.565 target_step=5.875 pred_v=5.598 target_v=5.875 val_mle=8.279m val_p90=11.471m val_speed_mae=3.340 heading=0.8/-1.0deg val_progress_mae=7.765m val_heading_mae=26.0deg val_capture=96.00% val_bank=96.00% val_acq_acc=100.00% score=8.811 best=8.811 patience=0/8
temporal epoch=018/100 loss=8.77300 center_teacher=1.000 acq_teacher=1.000 capture=100.00% bank_capture=100.00% acq_acc=100.00% acq_conf=0.707 radius=0.0m pred_step=5.058 target_step=5.875 pred_v=5.151 target_v=5.875 val_mle=8.516m val_p90=11.657m val_speed_mae=3.328 heading=0.7/-1.0deg val_progress_mae=7.952m val_heading_mae=26.0deg val_capture=96.00% val_bank=96.00% val_acq_acc=100.00% score=9.053 best=8.811 patience=1/8
temporal epoch=019/100 loss=8.68834 center_teacher=1.000 acq_teacher=1.000 capture=100.00% bank_capture=100.00% acq_acc=100.00% acq_conf=0.707 radius=0.0m pred_step=4.929 target_step=5.875 pred_v=5.038 target_v=5.875 val_mle=8.446m val_p90=11.552m val_speed_mae=3.315 heading=0.7/-1.0deg val_progress_mae=7.873m val_heading_mae=26.0deg val_capture=96.00% val_bank=96.00% val_acq_acc=100.00% score=8.980 best=8.811 patience=2/8
temporal epoch=020/100 loss=8.66079 center_teacher=1.000 acq_teacher=1.000 capture=100.00% bank_capture=100.00% acq_acc=100.00% acq_conf=0.707 radius=0.0m pred_step=4.943 target_step=5.875 pred_v=5.049 target_v=5.875 val_mle=8.536m val_p90=11.694m val_speed_mae=3.545 heading=0.7/-1.0deg val_progress_mae=8.055m val_heading_mae=26.0deg val_capture=96.00% val_bank=96.00% val_acq_acc=100.00% score=9.087 best=8.811 patience=3/8
temporal epoch=021/100 loss=8.81950 center_teacher=1.000 acq_teacher=1.000 capture=100.00% bank_capture=100.00% acq_acc=100.00% acq_conf=0.707 radius=0.0m pred_step=5.785 target_step=5.875 pred_v=5.793 target_v=5.875 val_mle=8.355m val_p90=11.416m val_speed_mae=3.327 heading=0.8/-1.0deg val_progress_mae=7.770m val_heading_mae=26.0deg val_capture=96.00% val_bank=96.00% val_acq_acc=100.00% score=8.886 best=8.811 patience=4/8
temporal epoch=022/100 loss=8.79329 center_teacher=1.000 acq_teacher=1.000 capture=100.00% bank_capture=100.00% acq_acc=100.00% acq_conf=0.707 radius=0.0m pred_step=4.277 target_step=5.875 pred_v=4.462 target_v=5.875 val_mle=8.679m val_p90=11.802m val_speed_mae=3.365 heading=0.5/-1.0deg val_progress_mae=8.144m val_heading_mae=26.0deg val_capture=96.00% val_bank=96.00% val_acq_acc=100.00% score=9.224 best=8.811 patience=5/8
temporal epoch=023/100 loss=8.52869 center_teacher=1.000 acq_teacher=1.000 capture=100.00% bank_capture=100.00% acq_acc=100.00% acq_conf=0.707 radius=0.0m pred_step=4.867 target_step=5.875 pred_v=4.983 target_v=5.875 val_mle=8.446m val_p90=11.670m val_speed_mae=3.445 heading=0.7/-1.0deg val_progress_mae=7.942m val_heading_mae=26.0deg val_capture=96.00% val_bank=96.00% val_acq_acc=100.00% score=8.988 best=8.811 patience=6/8
temporal epoch=024/100 loss=8.65862 center_teacher=1.000 acq_teacher=1.000 capture=100.00% bank_capture=100.00% acq_acc=100.00% acq_conf=0.707 radius=0.0m pred_step=5.641 target_step=5.875 pred_v=5.667 target_v=5.875 val_mle=8.602m val_p90=11.848m val_speed_mae=3.425 heading=0.8/-1.0deg val_progress_mae=8.083m val_heading_mae=26.0deg val_capture=96.00% val_bank=96.00% val_acq_acc=100.00% score=9.147 best=8.811 patience=7/8
temporal epoch=025/100 loss=8.49133 center_teacher=1.000 acq_teacher=1.000 capture=100.00% bank_capture=100.00% acq_acc=100.00% acq_conf=0.707 radius=0.0m pred_step=5.457 target_step=5.875 pred_v=5.505 target_v=5.875 val_mle=8.661m val_p90=11.904m val_speed_mae=4.314 heading=0.8/-1.0deg val_progress_mae=8.122m val_heading_mae=26.1deg val_capture=96.00% val_bank=96.00% val_acq_acc=100.00% score=9.252 best=8.811 patience=8/8
EARLY STOP: controlled local-prior validation score did not improve by 0.003 for 8 epochs.
[TRAIN DONE] cityd frames=1
[TEMPORAL FAIRNESS] frame1/frame2/frame3 share one visual checkpoint
[TRAIN START] cityd frames=2 GPU5 patience=8
[TRAIN START] cityd frames=3 GPU6 patience=8
[PREPARED] PASS | city=cityd | step=4 m | selection=soft_sequence_v13_multicity_auto_train_fullroute | existing GT/routes unchanged
[CADENCE] source=experiment_route_stats_train_01 | mean=5.837601 m | p90=11.175116 m | p95=12.801230 m
[OK] clean v39 runtime: Forward-18 SoftMS -> GRU -> Kalman -> one final MeanShift
[OK] weighted-centroid decoder removed from generated runtime source
[PREPARED] PASS | city=cityd | step=4 m | selection=soft_sequence_v13_multicity_auto_train_fullroute | existing GT/routes unchanged
[CADENCE] source=experiment_route_stats_train_01 | mean=5.837601 m | p90=11.175116 m | p95=12.801230 m
[PATCH OK] GRU = current + delta + delta2 + SAT + SoftMS position + visual displacement + previous state
[PATCH OK] 3-frame delta2 directly corrects acceleration + next_step
[PATCH OK] training/validation/inference motion starts from current-city cadence
[PATCH OK] Kalman = smooth confidence-adaptive measurement-preserving residual fusion
[PATCH OK] step corridor = continuous confidence relaxation
[PATCH OK] no held-out navigation result is read by this patch
[OK] clean v39 runtime: Forward-18 SoftMS -> GRU -> Kalman -> one final MeanShift
[OK] weighted-centroid decoder removed from generated runtime source
[V39-BEARING] final-MS route-centerline reference patch: PASS
[PATCH OK] GRU = current + delta + delta2 + SAT + SoftMS position + visual displacement + previous state
[PATCH OK] 3-frame delta2 directly corrects acceleration + next_step
[PATCH OK] training/validation/inference motion starts from current-city cadence
[PATCH OK] Kalman = smooth confidence-adaptive measurement-preserving residual fusion
[PATCH OK] step corridor = continuous confidence relaxation
[PATCH OK] no held-out navigation result is read by this patch
[V39-BEARING] final-MS route-centerline reference patch: PASS
[ARCH-AUDIT] forward_18: PASS
[ARCH-AUDIT] base_geometry_6x6: PASS
[ARCH-AUDIT] front_softms_source: PASS
[ARCH-AUDIT] one_final_ms_source: PASS
[ARCH-AUDIT] front_decoder_softms: PASS
[ARCH-AUDIT] simple_seven_block_gru: PASS
[ARCH-AUDIT] residual_motion_head: PASS
[ARCH-AUDIT] causal_visual_displacement: PASS
[ARCH-AUDIT] cadence_initialized_tracker: PASS
[ARCH-AUDIT] motion_training_inference_aligned: PASS
[ARCH-AUDIT] training_city_motion_scale_init: PASS
[ARCH-AUDIT] forward_origin_backshift_covers_jitter: PASS
[ARCH-AUDIT] protocol: PASS
[ARCH-AUDIT] controlled_gt_reference_enabled: PASS
[ARCH-AUDIT] frame_count: PASS
[ARCH-AUDIT] gru_flag: PASS
[ARCH-AUDIT] kalman_flag: PASS
[TRAIN] reuse visual checkpoint /yh/study/uav-sat/v39_otherdata/output/minimal_loss_correct_gt_20260921_223816/cityd/train_frames3/checkpoints/visual_retrieval_A_only.pt
[ARCH-AUDIT] forward_18: PASS
[ARCH-AUDIT] base_geometry_6x6: PASS
[ARCH-AUDIT] front_softms_source: PASS
[ARCH-AUDIT] one_final_ms_source: PASS
[ARCH-AUDIT] front_decoder_softms: PASS
[ARCH-AUDIT] simple_seven_block_gru: PASS
[ARCH-AUDIT] residual_motion_head: PASS
[ARCH-AUDIT] causal_visual_displacement: PASS
[ARCH-AUDIT] cadence_initialized_tracker: PASS
[ARCH-AUDIT] motion_training_inference_aligned: PASS
[ARCH-AUDIT] training_city_motion_scale_init: PASS
[ARCH-AUDIT] forward_origin_backshift_covers_jitter: PASS
[ARCH-AUDIT] protocol: PASS
[ARCH-AUDIT] controlled_gt_reference_enabled: PASS
[ARCH-AUDIT] frame_count: PASS
[ARCH-AUDIT] gru_flag: PASS
[ARCH-AUDIT] kalman_flag: PASS
[TRAIN] reuse visual checkpoint /yh/study/uav-sat/v39_otherdata/output/minimal_loss_correct_gt_20260921_223816/cityd/train_frames2/checkpoints/visual_retrieval_A_only.pt
route_A: reuse UAV backbone cache
temporal split train=[0,134) val=[138,163) route_length=781.2m
City training-sequence mean forward step=5.875m/frame p90=11.282m/frame
route_A: reuse UAV backbone cache
temporal split train=[0,134) val=[138,163) route_length=781.2m
City training-sequence mean forward step=5.875m/frame p90=11.282m/frame
temporal epoch=001/100 loss=11.29348 center_teacher=1.000 acq_teacher=1.000 capture=100.00% bank_capture=100.00% acq_acc=100.00% acq_conf=0.708 radius=0.0m pred_step=5.392 target_step=5.875 pred_v=5.475 target_v=5.875 val_mle=10.005m val_p90=12.896m val_speed_mae=3.629 heading=0.0/-1.0deg val_progress_mae=9.620m val_heading_mae=26.2deg val_capture=96.00% val_bank=96.00% val_acq_acc=100.00% score=10.607 best=10.607 patience=0/8
temporal epoch=001/100 loss=11.28310 center_teacher=1.000 acq_teacher=1.000 capture=100.00% bank_capture=100.00% acq_acc=100.00% acq_conf=0.708 radius=0.0m pred_step=5.559 target_step=5.875 pred_v=5.593 target_v=5.875 val_mle=9.992m val_p90=12.885m val_speed_mae=3.526 heading=-0.0/-1.0deg val_progress_mae=9.606m val_heading_mae=26.2deg val_capture=96.00% val_bank=96.00% val_acq_acc=100.00% score=10.589 best=10.589 patience=0/8
temporal epoch=002/100 loss=11.75566 center_teacher=1.000 acq_teacher=1.000 capture=100.00% bank_capture=100.00% acq_acc=100.00% acq_conf=0.708 radius=0.0m pred_step=4.068 target_step=5.875 pred_v=4.383 target_v=5.875 val_mle=9.938m val_p90=12.835m val_speed_mae=3.416 heading=-0.1/-1.0deg val_progress_mae=9.549m val_heading_mae=26.2deg val_capture=96.00% val_bank=96.00% val_acq_acc=100.00% score=10.527 best=10.527 patience=0/8
temporal epoch=002/100 loss=11.56619 center_teacher=1.000 acq_teacher=1.000 capture=100.00% bank_capture=100.00% acq_acc=100.00% acq_conf=0.708 radius=0.0m pred_step=4.352 target_step=5.875 pred_v=4.532 target_v=5.875 val_mle=9.917m val_p90=12.813m val_speed_mae=3.510 heading=-0.2/-1.0deg val_progress_mae=9.526m val_heading_mae=26.2deg val_capture=96.00% val_bank=96.00% val_acq_acc=100.00% score=10.510 best=10.510 patience=0/8
temporal epoch=003/100 loss=11.09859 center_teacher=1.000 acq_teacher=1.000 capture=100.00% bank_capture=100.00% acq_acc=100.00% acq_conf=0.708 radius=0.0m pred_step=4.919 target_step=5.875 pred_v=5.092 target_v=5.875 val_mle=9.835m val_p90=12.738m val_speed_mae=3.606 heading=-0.1/-1.0deg val_progress_mae=9.440m val_heading_mae=26.2deg val_capture=96.00% val_bank=96.00% val_acq_acc=100.00% score=10.431 best=10.431 patience=0/8
temporal epoch=003/100 loss=11.16797 center_teacher=1.000 acq_teacher=1.000 capture=100.00% bank_capture=100.00% acq_acc=100.00% acq_conf=0.708 radius=0.0m pred_step=4.712 target_step=5.875 pred_v=4.848 target_v=5.875 val_mle=9.803m val_p90=12.703m val_speed_mae=3.379 heading=-0.2/-1.0deg val_progress_mae=9.407m val_heading_mae=26.2deg val_capture=96.00% val_bank=96.00% val_acq_acc=100.00% score=10.387 best=10.387 patience=0/8
temporal epoch=004/100 loss=11.00005 center_teacher=1.000 acq_teacher=1.000 capture=100.00% bank_capture=100.00% acq_acc=100.00% acq_conf=0.708 radius=0.0m pred_step=5.616 target_step=5.875 pred_v=5.643 target_v=5.875 val_mle=9.657m val_p90=12.561m val_speed_mae=3.615 heading=-0.1/-1.0deg val_progress_mae=9.252m val_heading_mae=26.2deg val_capture=96.00% val_bank=96.00% val_acq_acc=100.00% score=10.247 best=10.247 patience=0/8
temporal epoch=004/100 loss=11.27378 center_teacher=1.000 acq_teacher=1.000 capture=100.00% bank_capture=100.00% acq_acc=100.00% acq_conf=0.707 radius=0.0m pred_step=6.129 target_step=5.875 pred_v=6.103 target_v=5.875 val_mle=9.702m val_p90=12.612m val_speed_mae=3.749 heading=-0.0/-1.0deg val_progress_mae=9.299m val_heading_mae=26.2deg val_capture=96.00% val_bank=96.00% val_acq_acc=100.00% score=10.301 best=10.301 patience=0/8
temporal epoch=005/100 loss=10.99205 center_teacher=1.000 acq_teacher=1.000 capture=100.00% bank_capture=100.00% acq_acc=100.00% acq_conf=0.707 radius=0.0m pred_step=6.037 target_step=5.875 pred_v=6.013 target_v=5.875 val_mle=9.489m val_p90=12.398m val_speed_mae=3.539 heading=0.0/-1.0deg val_progress_mae=9.074m val_heading_mae=26.2deg val_capture=96.00% val_bank=96.00% val_acq_acc=100.00% score=10.070 best=10.070 patience=0/8
temporal epoch=005/100 loss=11.11642 center_teacher=1.000 acq_teacher=1.000 capture=100.00% bank_capture=100.00% acq_acc=100.00% acq_conf=0.707 radius=0.0m pred_step=6.150 target_step=5.875 pred_v=6.120 target_v=5.875 val_mle=9.550m val_p90=12.468m val_speed_mae=3.382 heading=-0.0/-1.0deg val_progress_mae=9.138m val_heading_mae=26.2deg val_capture=96.00% val_bank=96.00% val_acq_acc=100.00% score=10.126 best=10.126 patience=0/8
temporal epoch=006/100 loss=10.71861 center_teacher=1.000 acq_teacher=1.000 capture=100.00% bank_capture=100.00% acq_acc=100.00% acq_conf=0.708 radius=0.0m pred_step=5.774 target_step=5.875 pred_v=5.782 target_v=5.875 val_mle=9.320m val_p90=12.236m val_speed_mae=3.341 heading=-0.0/-1.0deg val_progress_mae=8.894m val_heading_mae=26.2deg val_capture=96.00% val_bank=96.00% val_acq_acc=100.00% score=9.886 best=9.886 patience=0/8
temporal epoch=006/100 loss=10.68700 center_teacher=1.000 acq_teacher=1.000 capture=100.00% bank_capture=100.00% acq_acc=100.00% acq_conf=0.708 radius=0.0m pred_step=5.208 target_step=5.875 pred_v=5.325 target_v=5.875 val_mle=9.408m val_p90=12.334m val_speed_mae=3.485 heading=-0.2/-1.0deg val_progress_mae=8.987m val_heading_mae=26.3deg val_capture=96.00% val_bank=96.00% val_acq_acc=100.00% score=9.984 best=9.984 patience=0/8
temporal epoch=007/100 loss=10.46198 center_teacher=1.000 acq_teacher=1.000 capture=100.00% bank_capture=100.00% acq_acc=100.00% acq_conf=0.708 radius=0.0m pred_step=5.146 target_step=5.875 pred_v=5.229 target_v=5.875 val_mle=9.182m val_p90=12.107m val_speed_mae=3.409 heading=-0.1/-1.0deg val_progress_mae=8.745m val_heading_mae=26.2deg val_capture=96.00% val_bank=96.00% val_acq_acc=100.00% score=9.747 best=9.747 patience=0/8
temporal epoch=007/100 loss=10.87299 center_teacher=1.000 acq_teacher=1.000 capture=100.00% bank_capture=100.00% acq_acc=100.00% acq_conf=0.707 radius=0.0m pred_step=4.332 target_step=5.875 pred_v=4.588 target_v=5.875 val_mle=9.297m val_p90=12.234m val_speed_mae=3.536 heading=-0.4/-1.0deg val_progress_mae=8.868m val_heading_mae=26.3deg val_capture=96.00% val_bank=96.00% val_acq_acc=100.00% score=9.872 best=9.872 patience=0/8
temporal epoch=008/100 loss=10.40992 center_teacher=1.000 acq_teacher=1.000 capture=100.00% bank_capture=100.00% acq_acc=100.00% acq_conf=0.708 radius=0.0m pred_step=4.661 target_step=5.875 pred_v=4.803 target_v=5.875 val_mle=9.108m val_p90=12.050m val_speed_mae=3.403 heading=-0.2/-1.0deg val_progress_mae=8.663m val_heading_mae=26.2deg val_capture=96.00% val_bank=96.00% val_acq_acc=100.00% score=9.671 best=9.671 patience=0/8
temporal epoch=008/100 loss=10.56094 center_teacher=1.000 acq_teacher=1.000 capture=100.00% bank_capture=100.00% acq_acc=100.00% acq_conf=0.707 radius=0.0m pred_step=4.410 target_step=5.875 pred_v=4.655 target_v=5.875 val_mle=9.236m val_p90=12.190m val_speed_mae=3.337 heading=-0.5/-1.0deg val_progress_mae=8.801m val_heading_mae=26.3deg val_capture=96.00% val_bank=96.00% val_acq_acc=100.00% score=9.799 best=9.799 patience=0/8
temporal epoch=009/100 loss=10.12972 center_teacher=1.000 acq_teacher=1.000 capture=100.00% bank_capture=100.00% acq_acc=100.00% acq_conf=0.708 radius=0.0m pred_step=4.790 target_step=5.875 pred_v=4.916 target_v=5.875 val_mle=9.125m val_p90=12.091m val_speed_mae=3.339 heading=-0.2/-1.0deg val_progress_mae=8.677m val_heading_mae=26.2deg val_capture=96.00% val_bank=96.00% val_acq_acc=100.00% score=9.685 best=9.671 patience=1/8
temporal epoch=009/100 loss=10.13159 center_teacher=1.000 acq_teacher=1.000 capture=100.00% bank_capture=100.00% acq_acc=100.00% acq_conf=0.708 radius=0.0m pred_step=5.201 target_step=5.875 pred_v=5.323 target_v=5.875 val_mle=9.257m val_p90=12.237m val_speed_mae=3.564 heading=-0.4/-1.0deg val_progress_mae=8.821m val_heading_mae=26.3deg val_capture=96.00% val_bank=96.00% val_acq_acc=100.00% score=9.833 best=9.799 patience=1/8
temporal epoch=010/100 loss=9.86220 center_teacher=1.000 acq_teacher=1.000 capture=100.00% bank_capture=100.00% acq_acc=100.00% acq_conf=0.707 radius=0.0m pred_step=5.343 target_step=5.875 pred_v=5.402 target_v=5.875 val_mle=9.223m val_p90=12.218m val_speed_mae=3.482 heading=-0.1/-1.0deg val_progress_mae=8.777m val_heading_mae=26.2deg val_capture=96.00% val_bank=96.00% val_acq_acc=100.00% score=9.792 best=9.671 patience=2/8
temporal epoch=010/100 loss=10.16850 center_teacher=1.000 acq_teacher=1.000 capture=100.00% bank_capture=100.00% acq_acc=100.00% acq_conf=0.706 radius=0.0m pred_step=5.892 target_step=5.875 pred_v=5.907 target_v=5.875 val_mle=9.358m val_p90=12.368m val_speed_mae=3.554 heading=-0.3/-1.0deg val_progress_mae=8.924m val_heading_mae=26.3deg val_capture=96.00% val_bank=96.00% val_acq_acc=100.00% score=9.936 best=9.799 patience=2/8
temporal epoch=011/100 loss=9.74160 center_teacher=1.000 acq_teacher=1.000 capture=100.00% bank_capture=100.00% acq_acc=100.00% acq_conf=0.707 radius=0.0m pred_step=5.744 target_step=5.875 pred_v=5.755 target_v=5.875 val_mle=9.367m val_p90=12.396m val_speed_mae=3.457 heading=-0.0/-1.0deg val_progress_mae=8.924m val_heading_mae=26.2deg val_capture=96.00% val_bank=96.00% val_acq_acc=100.00% score=9.940 best=9.671 patience=3/8
temporal epoch=011/100 loss=9.82627 center_teacher=1.000 acq_teacher=1.000 capture=100.00% bank_capture=100.00% acq_acc=100.00% acq_conf=0.709 radius=0.0m pred_step=5.668 target_step=5.875 pred_v=5.724 target_v=5.875 val_mle=9.485m val_p90=12.535m val_speed_mae=3.337 heading=-0.4/-1.0deg val_progress_mae=9.055m val_heading_mae=26.3deg val_capture=96.00% val_bank=96.00% val_acq_acc=100.00% score=10.057 best=9.799 patience=3/8
temporal epoch=012/100 loss=9.48024 center_teacher=1.000 acq_teacher=1.000 capture=100.00% bank_capture=100.00% acq_acc=100.00% acq_conf=0.707 radius=0.0m pred_step=5.545 target_step=5.875 pred_v=5.580 target_v=5.875 val_mle=9.464m val_p90=12.540m val_speed_mae=3.329 heading=0.0/-1.0deg val_progress_mae=9.019m val_heading_mae=26.2deg val_capture=96.00% val_bank=96.00% val_acq_acc=100.00% score=10.033 best=9.671 patience=4/8
temporal epoch=012/100 loss=9.60151 center_teacher=1.000 acq_teacher=1.000 capture=100.00% bank_capture=100.00% acq_acc=100.00% acq_conf=0.711 radius=0.0m pred_step=4.824 target_step=5.875 pred_v=5.022 target_v=5.875 val_mle=9.527m val_p90=12.629m val_speed_mae=3.442 heading=-0.7/-1.0deg val_progress_mae=9.092m val_heading_mae=26.4deg val_capture=96.00% val_bank=96.00% val_acq_acc=100.00% score=10.105 best=9.799 patience=4/8
temporal epoch=013/100 loss=9.26413 center_teacher=1.000 acq_teacher=1.000 capture=100.00% bank_capture=100.00% acq_acc=100.00% acq_conf=0.707 radius=0.0m pred_step=4.982 target_step=5.875 pred_v=5.086 target_v=5.875 val_mle=9.389m val_p90=12.533m val_speed_mae=3.383 heading=-0.0/-1.0deg val_progress_mae=8.926m val_heading_mae=26.2deg val_capture=96.00% val_bank=96.00% val_acq_acc=100.00% score=9.958 best=9.671 patience=5/8
temporal epoch=013/100 loss=9.50218 center_teacher=1.000 acq_teacher=1.000 capture=100.00% bank_capture=100.00% acq_acc=100.00% acq_conf=0.708 radius=0.0m pred_step=4.470 target_step=5.875 pred_v=4.731 target_v=5.875 val_mle=9.327m val_p90=12.491m val_speed_mae=3.336 heading=-1.0/-1.0deg val_progress_mae=8.869m val_heading_mae=26.5deg val_capture=96.00% val_bank=96.00% val_acq_acc=100.00% score=9.893 best=9.799 patience=5/8
temporal epoch=014/100 loss=9.18896 center_teacher=1.000 acq_teacher=1.000 capture=100.00% bank_capture=100.00% acq_acc=100.00% acq_conf=0.706 radius=0.0m pred_step=4.660 target_step=5.875 pred_v=4.802 target_v=5.875 val_mle=9.118m val_p90=12.315m val_speed_mae=3.334 heading=-0.0/-1.0deg val_progress_mae=8.619m val_heading_mae=26.2deg val_capture=96.00% val_bank=96.00% val_acq_acc=100.00% score=9.676 best=9.671 patience=6/8
temporal epoch=014/100 loss=9.06585 center_teacher=1.000 acq_teacher=1.000 capture=100.00% bank_capture=100.00% acq_acc=100.00% acq_conf=0.708 radius=0.0m pred_step=5.111 target_step=5.875 pred_v=5.270 target_v=5.875 val_mle=8.966m val_p90=12.164m val_speed_mae=3.569 heading=-1.1/-1.0deg val_progress_mae=8.469m val_heading_mae=26.5deg val_capture=96.00% val_bank=96.00% val_acq_acc=100.00% score=9.532 best=9.532 patience=0/8
temporal epoch=015/100 loss=8.91172 center_teacher=1.000 acq_teacher=1.000 capture=100.00% bank_capture=100.00% acq_acc=100.00% acq_conf=0.706 radius=0.0m pred_step=5.096 target_step=5.875 pred_v=5.185 target_v=5.875 val_mle=8.934m val_p90=12.136m val_speed_mae=3.474 heading=0.1/-1.0deg val_progress_mae=8.414m val_heading_mae=26.2deg val_capture=96.00% val_bank=96.00% val_acq_acc=100.00% score=9.493 best=9.493 patience=0/8
temporal epoch=015/100 loss=9.13346 center_teacher=1.000 acq_teacher=1.000 capture=100.00% bank_capture=100.00% acq_acc=100.00% acq_conf=0.708 radius=0.0m pred_step=5.864 target_step=5.875 pred_v=5.897 target_v=5.875 val_mle=8.901m val_p90=12.135m val_speed_mae=3.452 heading=-1.1/-1.0deg val_progress_mae=8.388m val_heading_mae=26.5deg val_capture=96.00% val_bank=96.00% val_acq_acc=100.00% score=9.458 best=9.458 patience=0/8
temporal epoch=016/100 loss=8.87605 center_teacher=1.000 acq_teacher=1.000 capture=100.00% bank_capture=100.00% acq_acc=100.00% acq_conf=0.707 radius=0.0m pred_step=5.693 target_step=5.875 pred_v=5.711 target_v=5.875 val_mle=8.871m val_p90=12.080m val_speed_mae=3.467 heading=0.2/-1.0deg val_progress_mae=8.335m val_heading_mae=26.2deg val_capture=96.00% val_bank=96.00% val_acq_acc=100.00% score=9.427 best=9.427 patience=0/8
temporal epoch=016/100 loss=8.93116 center_teacher=1.000 acq_teacher=1.000 capture=100.00% bank_capture=100.00% acq_acc=100.00% acq_conf=0.708 radius=0.0m pred_step=5.359 target_step=5.875 pred_v=5.476 target_v=5.875 val_mle=8.865m val_p90=12.102m val_speed_mae=3.413 heading=-1.2/-1.0deg val_progress_mae=8.341m val_heading_mae=26.7deg val_capture=96.00% val_bank=96.00% val_acq_acc=100.00% score=9.419 best=9.419 patience=0/8
temporal epoch=017/100 loss=8.73053 center_teacher=1.000 acq_teacher=1.000 capture=100.00% bank_capture=100.00% acq_acc=100.00% acq_conf=0.706 radius=0.0m pred_step=5.470 target_step=5.875 pred_v=5.514 target_v=5.875 val_mle=8.757m val_p90=11.931m val_speed_mae=3.344 heading=0.2/-1.0deg val_progress_mae=8.203m val_heading_mae=26.2deg val_capture=96.00% val_bank=96.00% val_acq_acc=100.00% score=9.303 best=9.303 patience=0/8
temporal epoch=017/100 loss=8.99079 center_teacher=1.000 acq_teacher=1.000 capture=100.00% bank_capture=100.00% acq_acc=100.00% acq_conf=0.710 radius=0.0m pred_step=4.344 target_step=5.875 pred_v=4.625 target_v=5.875 val_mle=8.828m val_p90=12.511m val_speed_mae=3.329 heading=-1.8/-1.0deg val_progress_mae=8.278m val_heading_mae=27.0deg val_capture=92.00% val_bank=92.00% val_acq_acc=100.00% score=9.457 best=9.419 patience=1/8
temporal epoch=018/100 loss=8.76048 center_teacher=1.000 acq_teacher=1.000 capture=100.00% bank_capture=100.00% acq_acc=100.00% acq_conf=0.706 radius=0.0m pred_step=4.643 target_step=5.875 pred_v=4.787 target_v=5.875 val_mle=8.832m val_p90=12.007m val_speed_mae=3.339 heading=0.2/-1.0deg val_progress_mae=8.280m val_heading_mae=26.2deg val_capture=96.00% val_bank=96.00% val_acq_acc=100.00% score=9.380 best=9.303 patience=1/8
temporal epoch=018/100 loss=8.54393 center_teacher=1.000 acq_teacher=1.000 capture=100.00% bank_capture=100.00% acq_acc=100.00% acq_conf=0.710 radius=0.0m pred_step=5.225 target_step=5.875 pred_v=5.383 target_v=5.875 val_mle=9.123m val_p90=12.837m val_speed_mae=3.852 heading=-2.4/-1.0deg val_progress_mae=8.603m val_heading_mae=26.9deg val_capture=92.00% val_bank=92.00% val_acq_acc=100.00% score=9.788 best=9.419 patience=2/8
temporal epoch=019/100 loss=8.58536 center_teacher=1.000 acq_teacher=1.000 capture=100.00% bank_capture=100.00% acq_acc=100.00% acq_conf=0.706 radius=0.0m pred_step=4.882 target_step=5.875 pred_v=4.997 target_v=5.875 val_mle=8.596m val_p90=11.693m val_speed_mae=3.543 heading=0.2/-1.0deg val_progress_mae=8.020m val_heading_mae=26.2deg val_capture=96.00% val_bank=96.00% val_acq_acc=100.00% score=9.147 best=9.147 patience=0/8
temporal epoch=019/100 loss=8.96206 center_teacher=1.000 acq_teacher=1.000 capture=100.00% bank_capture=100.00% acq_acc=100.00% acq_conf=0.710 radius=0.0m pred_step=6.243 target_step=5.875 pred_v=6.234 target_v=5.875 val_mle=8.871m val_p90=12.375m val_speed_mae=3.368 heading=-2.0/-1.0deg val_progress_mae=8.325m val_heading_mae=26.8deg val_capture=92.00% val_bank=92.00% val_acq_acc=100.00% score=9.503 best=9.419 patience=3/8
temporal epoch=020/100 loss=8.66231 center_teacher=1.000 acq_teacher=1.000 capture=100.00% bank_capture=100.00% acq_acc=100.00% acq_conf=0.706 radius=0.0m pred_step=5.772 target_step=5.875 pred_v=5.780 target_v=5.875 val_mle=8.974m val_p90=12.144m val_speed_mae=3.702 heading=0.2/-1.0deg val_progress_mae=8.434m val_heading_mae=26.1deg val_capture=96.00% val_bank=96.00% val_acq_acc=100.00% score=9.545 best=9.147 patience=1/8
temporal epoch=020/100 loss=9.57209 center_teacher=1.000 acq_teacher=1.000 capture=100.00% bank_capture=100.00% acq_acc=100.00% acq_conf=0.710 radius=0.0m pred_step=4.012 target_step=5.875 pred_v=4.319 target_v=5.875 val_mle=9.151m val_p90=12.789m val_speed_mae=3.518 heading=-2.1/-1.0deg val_progress_mae=8.626m val_heading_mae=27.1deg val_capture=92.00% val_bank=92.00% val_acq_acc=100.00% score=9.800 best=9.419 patience=4/8
temporal epoch=021/100 loss=8.64901 center_teacher=1.000 acq_teacher=1.000 capture=100.00% bank_capture=100.00% acq_acc=100.00% acq_conf=0.709 radius=0.0m pred_step=5.721 target_step=5.875 pred_v=5.737 target_v=5.875 val_mle=8.526m val_p90=11.544m val_speed_mae=3.738 heading=0.4/-1.0deg val_progress_mae=7.944m val_heading_mae=26.2deg val_capture=96.00% val_bank=96.00% val_acq_acc=100.00% score=9.083 best=9.083 patience=0/8
temporal epoch=021/100 loss=8.26318 center_teacher=1.000 acq_teacher=1.000 capture=100.00% bank_capture=100.00% acq_acc=100.00% acq_conf=0.710 radius=0.0m pred_step=4.531 target_step=5.875 pred_v=4.778 target_v=5.875 val_mle=8.983m val_p90=12.220m val_speed_mae=4.629 heading=-3.0/-1.0deg val_progress_mae=8.443m val_heading_mae=27.5deg val_capture=92.00% val_bank=92.00% val_acq_acc=100.00% score=9.683 best=9.419 patience=5/8
temporal epoch=022/100 loss=10.02558 center_teacher=1.000 acq_teacher=1.000 capture=100.00% bank_capture=100.00% acq_acc=100.00% acq_conf=0.710 radius=0.0m pred_step=3.091 target_step=5.875 pred_v=3.423 target_v=5.875 val_mle=8.661m val_p90=11.837m val_speed_mae=3.513 heading=0.2/-1.0deg val_progress_mae=8.111m val_heading_mae=26.2deg val_capture=96.00% val_bank=96.00% val_acq_acc=100.00% score=9.212 best=9.083 patience=1/8
temporal epoch=022/100 loss=10.63947 center_teacher=1.000 acq_teacher=1.000 capture=100.00% bank_capture=100.00% acq_acc=100.00% acq_conf=0.705 radius=0.0m pred_step=7.448 target_step=5.875 pred_v=7.308 target_v=5.875 val_mle=9.323m val_p90=12.643m val_speed_mae=4.450 heading=-4.0/-1.0deg val_progress_mae=8.817m val_heading_mae=27.2deg val_capture=92.00% val_bank=92.00% val_acq_acc=100.00% score=10.025 best=9.419 patience=6/8
temporal epoch=023/100 loss=8.53623 center_teacher=1.000 acq_teacher=1.000 capture=100.00% bank_capture=100.00% acq_acc=100.00% acq_conf=0.709 radius=0.0m pred_step=4.707 target_step=5.875 pred_v=4.843 target_v=5.875 val_mle=9.043m val_p90=12.554m val_speed_mae=5.059 heading=0.5/-1.0deg val_progress_mae=8.479m val_heading_mae=26.1deg val_capture=96.00% val_bank=96.00% val_acq_acc=100.00% score=9.682 best=9.083 patience=2/8
temporal epoch=023/100 loss=8.88721 center_teacher=1.000 acq_teacher=1.000 capture=100.00% bank_capture=100.00% acq_acc=100.00% acq_conf=0.709 radius=0.0m pred_step=6.231 target_step=5.875 pred_v=6.226 target_v=5.875 val_mle=9.103m val_p90=12.442m val_speed_mae=5.406 heading=-2.5/-1.0deg val_progress_mae=8.584m val_heading_mae=26.8deg val_capture=92.00% val_bank=92.00% val_acq_acc=100.00% score=9.844 best=9.419 patience=7/8
temporal epoch=024/100 loss=10.46466 center_teacher=1.000 acq_teacher=1.000 capture=100.00% bank_capture=100.00% acq_acc=100.00% acq_conf=0.711 radius=0.0m pred_step=7.619 target_step=5.875 pred_v=7.407 target_v=5.875 val_mle=8.574m val_p90=11.964m val_speed_mae=4.045 heading=0.9/-1.0deg val_progress_mae=7.969m val_heading_mae=26.2deg val_capture=96.00% val_bank=96.00% val_acq_acc=100.00% score=9.147 best=9.083 patience=3/8
temporal epoch=024/100 loss=12.76158 center_teacher=1.000 acq_teacher=1.000 capture=100.00% bank_capture=100.00% acq_acc=100.00% acq_conf=0.710 radius=0.0m pred_step=1.806 target_step=5.875 pred_v=2.183 target_v=5.875 val_mle=9.126m val_p90=12.555m val_speed_mae=5.414 heading=-2.1/-1.0deg val_progress_mae=8.605m val_heading_mae=26.9deg val_capture=92.00% val_bank=92.00% val_acq_acc=100.00% score=9.869 best=9.419 patience=8/8
EARLY STOP: controlled local-prior validation score did not improve by 0.003 for 8 epochs.
temporal epoch=025/100 loss=8.43001 center_teacher=1.000 acq_teacher=1.000 capture=100.00% bank_capture=100.00% acq_acc=100.00% acq_conf=0.708 radius=0.0m pred_step=5.656 target_step=5.875 pred_v=5.678 target_v=5.875 val_mle=9.240m val_p90=12.817m val_speed_mae=3.707 heading=0.3/-1.0deg val_progress_mae=8.698m val_heading_mae=26.2deg val_capture=96.00% val_bank=96.00% val_acq_acc=100.00% score=9.819 best=9.083 patience=4/8
temporal epoch=026/100 loss=9.63850 center_teacher=1.000 acq_teacher=1.000 capture=100.00% bank_capture=100.00% acq_acc=100.00% acq_conf=0.708 radius=0.0m pred_step=3.315 target_step=5.875 pred_v=3.627 target_v=5.875 val_mle=8.993m val_p90=12.518m val_speed_mae=3.765 heading=0.6/-1.0deg val_progress_mae=8.435m val_heading_mae=26.2deg val_capture=96.00% val_bank=96.00% val_acq_acc=100.00% score=9.567 best=9.083 patience=5/8
temporal epoch=027/100 loss=8.60298 center_teacher=1.000 acq_teacher=1.000 capture=100.00% bank_capture=100.00% acq_acc=100.00% acq_conf=0.708 radius=0.0m pred_step=3.902 target_step=5.875 pred_v=4.137 target_v=5.875 val_mle=8.661m val_p90=12.099m val_speed_mae=5.095 heading=0.2/-1.0deg val_progress_mae=8.107m val_heading_mae=26.4deg val_capture=96.00% val_bank=96.00% val_acq_acc=100.00% score=9.291 best=9.083 patience=6/8
temporal epoch=028/100 loss=11.19044 center_teacher=1.000 acq_teacher=1.000 capture=100.00% bank_capture=100.00% acq_acc=100.00% acq_conf=0.708 radius=0.0m pred_step=8.250 target_step=5.875 pred_v=7.962 target_v=5.875 val_mle=8.774m val_p90=12.401m val_speed_mae=5.895 heading=0.3/-1.0deg val_progress_mae=8.189m val_heading_mae=26.3deg val_capture=96.00% val_bank=96.00% val_acq_acc=100.00% score=9.447 best=9.083 patience=7/8
temporal epoch=029/100 loss=9.46635 center_teacher=1.000 acq_teacher=1.000 capture=100.00% bank_capture=100.00% acq_acc=100.00% acq_conf=0.709 radius=0.0m pred_step=7.310 target_step=5.875 pred_v=7.132 target_v=5.875 val_mle=9.089m val_p90=13.143m val_speed_mae=3.724 heading=0.8/-1.0deg val_progress_mae=8.594m val_heading_mae=26.0deg val_capture=96.00% val_bank=96.00% val_acq_acc=100.00% score=9.665 best=9.083 patience=8/8
EARLY STOP: controlled local-prior validation score did not improve by 0.003 for 8 epochs.
[TRAIN DONE] cityd frames=2
[TRAIN-ONLY V5 CALIBRATION] {"confidence_power": 1.0, "delta2_scale": 0.0, "fixed_variance_m2": 9.0, "objective": 9.880468979186292, "prior_blend_base": 0.05, "prior_blend_cutoff": 0.7, "prior_blend_lowconf_gain": 0.3, "prior_blend_max": 0.3, "q_cross": 0.30000000000000004, "q_progress": 1.125, "q_velocity": 0.75, "stage": "filter", "step_relax_confidence": 0.0, "step_relax_width": 0.05, "step_visual_slack_m": 10.0, "temporal_3frame_scale": 0.9, "val_mle_m": 8.773418568096128, "val_p90_m": 11.972124577640287, "val_progress_mae": 8.189959769862922, "val_speed_mae": 3.3690423590155647}
[TRAIN-ONLY V5 NO-KALMAN DIAGNOSTIC] {"mle_m": 8.843939063290804, "p90_m": 11.951533953155488}
[TRAIN DONE] cityd frames=3
[EVAL START] cityd full GPU0
[PREPARED] PASS | city=cityd | step=4 m | selection=soft_sequence_v13_multicity_auto_train_fullroute | existing GT/routes unchanged
[CADENCE] source=experiment_route_stats_train_01 | mean=5.837601 m | p90=11.175116 m | p95=12.801230 m
[OK] clean v39 runtime: Forward-18 SoftMS -> GRU -> Kalman -> one final MeanShift
[OK] weighted-centroid decoder removed from generated runtime source
[PATCH OK] GRU = current + delta + delta2 + SAT + SoftMS position + visual displacement + previous state
[PATCH OK] 3-frame delta2 directly corrects acceleration + next_step
[PATCH OK] training/validation/inference motion starts from current-city cadence
[PATCH OK] Kalman = smooth confidence-adaptive measurement-preserving residual fusion
[PATCH OK] step corridor = continuous confidence relaxation
[PATCH OK] no held-out navigation result is read by this patch
[V39-BEARING] final-MS route-centerline reference patch: PASS
[ARCH-AUDIT] forward_18: PASS
[ARCH-AUDIT] base_geometry_6x6: PASS
[ARCH-AUDIT] front_softms_source: PASS
[ARCH-AUDIT] one_final_ms_source: PASS
[ARCH-AUDIT] front_decoder_softms: PASS
[ARCH-AUDIT] simple_seven_block_gru: PASS
[ARCH-AUDIT] residual_motion_head: PASS
[ARCH-AUDIT] causal_visual_displacement: PASS
[ARCH-AUDIT] cadence_initialized_tracker: PASS
[ARCH-AUDIT] motion_training_inference_aligned: PASS
[ARCH-AUDIT] training_city_motion_scale_init: PASS
[ARCH-AUDIT] forward_origin_backshift_covers_jitter: PASS
[ARCH-AUDIT] protocol: PASS
[ARCH-AUDIT] controlled_gt_reference_enabled: PASS
[ARCH-AUDIT] frame_count: PASS
[ARCH-AUDIT] gru_flag: PASS
[ARCH-AUDIT] kalman_flag: PASS
route_B backbone cache: 150/150

=== cityd full: nav50 ===
route_B final MLE=4.186m P90=8.457m LSR@15=100.00% selected_capture=98.67% bank_capture=98.67% acq_acc=100.00% speed_mae=3.368m/frame progress_mae=1.964m heading_mae=37.7deg jump_rate=1.34% max_step=21.83m final_leg=11 gt_leg=11
route_C backbone cache: 256/261
route_C backbone cache: 261/261

=== cityd full: nav51 ===
route_C final MLE=4.039m P90=6.804m LSR@15=100.00% selected_capture=99.23% bank_capture=99.23% acq_acc=100.00% speed_mae=2.891m/frame progress_mae=2.567m heading_mae=39.9deg jump_rate=2.31% max_step=19.33m final_leg=9 gt_leg=9
[DONE] /yh/study/uav-sat/v39_otherdata/output/minimal_loss_correct_gt_20260921_223816/cityd/variants/full/bearing_v39_summary.json
[EVAL START] cityd no_gru GPU0
[EVAL START] cityd no_ms GPU6
[EVAL START] cityd no_kalman GPU5
[PREPARED] PASS | city=cityd | step=4 m | selection=soft_sequence_v13_multicity_auto_train_fullroute | existing GT/routes unchanged
[CADENCE] source=experiment_route_stats_train_01 | mean=5.837601 m | p90=11.175116 m | p95=12.801230 m
[PREPARED] PASS | city=cityd | step=4 m | selection=soft_sequence_v13_multicity_auto_train_fullroute | existing GT/routes unchanged
[CADENCE] source=experiment_route_stats_train_01 | mean=5.837601 m | p90=11.175116 m | p95=12.801230 m
[OK] clean v39 runtime: Forward-18 SoftMS -> GRU -> Kalman -> one final MeanShift
[OK] weighted-centroid decoder removed from generated runtime source
[PREPARED] PASS | city=cityd | step=4 m | selection=soft_sequence_v13_multicity_auto_train_fullroute | existing GT/routes unchanged
[CADENCE] source=experiment_route_stats_train_01 | mean=5.837601 m | p90=11.175116 m | p95=12.801230 m
[OK] clean v39 runtime: Forward-18 SoftMS -> GRU -> Kalman -> one final MeanShift
[OK] weighted-centroid decoder removed from generated runtime source
[PATCH OK] GRU = current + delta + delta2 + SAT + SoftMS position + visual displacement + previous state
[PATCH OK] 3-frame delta2 directly corrects acceleration + next_step
[PATCH OK] training/validation/inference motion starts from current-city cadence
[PATCH OK] Kalman = smooth confidence-adaptive measurement-preserving residual fusion
[PATCH OK] step corridor = continuous confidence relaxation
[PATCH OK] no held-out navigation result is read by this patch
[OK] clean v39 runtime: Forward-18 SoftMS -> GRU -> Kalman -> one final MeanShift
[OK] weighted-centroid decoder removed from generated runtime source
[V39-BEARING] final-MS route-centerline reference patch: PASS
[PATCH OK] GRU = current + delta + delta2 + SAT + SoftMS position + visual displacement + previous state
[PATCH OK] 3-frame delta2 directly corrects acceleration + next_step
[PATCH OK] training/validation/inference motion starts from current-city cadence
[PATCH OK] Kalman = smooth confidence-adaptive measurement-preserving residual fusion
[PATCH OK] step corridor = continuous confidence relaxation
[PATCH OK] no held-out navigation result is read by this patch
[PATCH OK] GRU = current + delta + delta2 + SAT + SoftMS position + visual displacement + previous state
[PATCH OK] 3-frame delta2 directly corrects acceleration + next_step
[PATCH OK] training/validation/inference motion starts from current-city cadence
[PATCH OK] Kalman = smooth confidence-adaptive measurement-preserving residual fusion
[PATCH OK] step corridor = continuous confidence relaxation
[PATCH OK] no held-out navigation result is read by this patch
[V39-BEARING] final-MS route-centerline reference patch: PASS
[V39-BEARING] final-MS route-centerline reference patch: PASS
[ARCH-AUDIT] forward_18: PASS
[ARCH-AUDIT] base_geometry_6x6: PASS
[ARCH-AUDIT] front_softms_source: PASS
[ARCH-AUDIT] one_final_ms_source: PASS
[ARCH-AUDIT] front_decoder_softms: PASS
[ARCH-AUDIT] simple_seven_block_gru: PASS
[ARCH-AUDIT] residual_motion_head: PASS
[ARCH-AUDIT] causal_visual_displacement: PASS
[ARCH-AUDIT] cadence_initialized_tracker: PASS
[ARCH-AUDIT] motion_training_inference_aligned: PASS
[ARCH-AUDIT] training_city_motion_scale_init: PASS
[ARCH-AUDIT] forward_origin_backshift_covers_jitter: PASS
[ARCH-AUDIT] protocol: PASS
[ARCH-AUDIT] controlled_gt_reference_enabled: PASS
[ARCH-AUDIT] frame_count: PASS
[ARCH-AUDIT] gru_flag: PASS
[ARCH-AUDIT] kalman_flag: PASS
[ARCH-AUDIT] forward_18: PASS
[ARCH-AUDIT] base_geometry_6x6: PASS
[ARCH-AUDIT] front_softms_source: PASS
[ARCH-AUDIT] one_final_ms_source: PASS
[ARCH-AUDIT] front_decoder_softms: PASS
[ARCH-AUDIT] simple_seven_block_gru: PASS
[ARCH-AUDIT] residual_motion_head: PASS
[ARCH-AUDIT] causal_visual_displacement: PASS
[ARCH-AUDIT] cadence_initialized_tracker: PASS
[ARCH-AUDIT] motion_training_inference_aligned: PASS
[ARCH-AUDIT] training_city_motion_scale_init: PASS
[ARCH-AUDIT] forward_origin_backshift_covers_jitter: PASS
[ARCH-AUDIT] protocol: PASS
[ARCH-AUDIT] controlled_gt_reference_enabled: PASS
[ARCH-AUDIT] frame_count: PASS
[ARCH-AUDIT] gru_flag: PASS
[ARCH-AUDIT] kalman_flag: PASS
[ARCH-AUDIT] forward_18: PASS
[ARCH-AUDIT] base_geometry_6x6: PASS
[ARCH-AUDIT] front_softms_source: PASS
[ARCH-AUDIT] one_final_ms_source: PASS
[ARCH-AUDIT] front_decoder_softms: PASS
[ARCH-AUDIT] simple_seven_block_gru: PASS
[ARCH-AUDIT] residual_motion_head: PASS
[ARCH-AUDIT] causal_visual_displacement: PASS
[ARCH-AUDIT] cadence_initialized_tracker: PASS
[ARCH-AUDIT] motion_training_inference_aligned: PASS
[ARCH-AUDIT] training_city_motion_scale_init: PASS
[ARCH-AUDIT] forward_origin_backshift_covers_jitter: PASS
[ARCH-AUDIT] protocol: PASS
[ARCH-AUDIT] controlled_gt_reference_enabled: PASS
[ARCH-AUDIT] frame_count: PASS
[ARCH-AUDIT] gru_flag: PASS
[ARCH-AUDIT] kalman_flag: PASS
route_B: reuse UAV backbone cache

=== cityd no_ms: nav50 ===
route_B: reuse UAV backbone cache

=== cityd no_kalman: nav50 ===
route_B: reuse UAV backbone cache

=== cityd no_gru: nav50 ===
route_B final MLE=7.146m P90=12.423m LSR@15=96.00% selected_capture=98.67% bank_capture=98.67% acq_acc=100.00% speed_mae=3.368m/frame progress_mae=4.541m heading_mae=37.8deg jump_rate=6.04% max_step=24.05m final_leg=11 gt_leg=11
route_C: reuse UAV backbone cache

=== cityd no_ms: nav51 ===
route_B final MLE=4.181m P90=8.365m LSR@15=100.00% selected_capture=98.67% bank_capture=98.67% acq_acc=100.00% speed_mae=3.370m/frame progress_mae=1.980m heading_mae=37.6deg jump_rate=1.34% max_step=21.77m final_leg=11 gt_leg=11
route_C: reuse UAV backbone cache

=== cityd no_kalman: nav51 ===
route_B final MLE=4.269m P90=8.131m LSR@15=100.00% selected_capture=98.67% bank_capture=98.67% acq_acc=100.00% speed_mae=6.475m/frame progress_mae=2.189m heading_mae=37.7deg jump_rate=1.34% max_step=21.33m final_leg=11 gt_leg=11
route_C: reuse UAV backbone cache

=== cityd no_gru: nav51 ===
route_C final MLE=8.145m P90=12.829m LSR@15=98.85% selected_capture=99.23% bank_capture=99.23% acq_acc=100.00% speed_mae=2.891m/frame progress_mae=5.901m heading_mae=40.9deg jump_rate=9.23% max_step=23.93m final_leg=9 gt_leg=9
[DONE] /yh/study/uav-sat/v39_otherdata/output/minimal_loss_correct_gt_20260921_223816/cityd/variants/no_ms/bearing_v39_summary.json
[EVAL START] cityd frames2 GPU6
route_C final MLE=4.245m P90=6.862m LSR@15=100.00% selected_capture=99.23% bank_capture=99.23% acq_acc=100.00% speed_mae=5.814m/frame progress_mae=2.903m heading_mae=40.0deg jump_rate=1.54% max_step=21.18m final_leg=9 gt_leg=9
[DONE] /yh/study/uav-sat/v39_otherdata/output/minimal_loss_correct_gt_20260921_223816/cityd/variants/no_gru/bearing_v39_summary.json
route_C final MLE=4.070m P90=6.768m LSR@15=100.00% selected_capture=99.23% bank_capture=99.23% acq_acc=100.00% speed_mae=2.890m/frame progress_mae=2.582m heading_mae=39.7deg jump_rate=2.69% max_step=19.52m final_leg=9 gt_leg=9
[DONE] /yh/study/uav-sat/v39_otherdata/output/minimal_loss_correct_gt_20260921_223816/cityd/variants/no_kalman/bearing_v39_summary.json
[PREPARED] PASS | city=cityd | step=4 m | selection=soft_sequence_v13_multicity_auto_train_fullroute | existing GT/routes unchanged
[CADENCE] source=experiment_route_stats_train_01 | mean=5.837601 m | p90=11.175116 m | p95=12.801230 m
[OK] clean v39 runtime: Forward-18 SoftMS -> GRU -> Kalman -> one final MeanShift
[OK] weighted-centroid decoder removed from generated runtime source
[PATCH OK] GRU = current + delta + delta2 + SAT + SoftMS position + visual displacement + previous state
[PATCH OK] 3-frame delta2 directly corrects acceleration + next_step
[PATCH OK] training/validation/inference motion starts from current-city cadence
[PATCH OK] Kalman = smooth confidence-adaptive measurement-preserving residual fusion
[PATCH OK] step corridor = continuous confidence relaxation
[PATCH OK] no held-out navigation result is read by this patch
[V39-BEARING] final-MS route-centerline reference patch: PASS
[EVAL START] cityd grid4 GPU0
[EVAL START] cityd frames1 GPU5
[PREPARED] PASS | city=cityd | step=4 m | selection=soft_sequence_v13_multicity_auto_train_fullroute | existing GT/routes unchanged
[CADENCE] source=experiment_route_stats_train_01 | mean=5.837601 m | p90=11.175116 m | p95=12.801230 m
[OK] clean v39 runtime: Forward-18 SoftMS -> GRU -> Kalman -> one final MeanShift
[OK] weighted-centroid decoder removed from generated runtime source
[PATCH OK] GRU = current + delta + delta2 + SAT + SoftMS position + visual displacement + previous state
[PATCH OK] 3-frame delta2 directly corrects acceleration + next_step
[PATCH OK] training/validation/inference motion starts from current-city cadence
[PATCH OK] Kalman = smooth confidence-adaptive measurement-preserving residual fusion
[PATCH OK] step corridor = continuous confidence relaxation
[PATCH OK] no held-out navigation result is read by this patch
[V39-BEARING] final-MS route-centerline reference patch: PASS
[PREPARED] PASS | city=cityd | step=4 m | selection=soft_sequence_v13_multicity_auto_train_fullroute | existing GT/routes unchanged
[CADENCE] source=experiment_route_stats_train_01 | mean=5.837601 m | p90=11.175116 m | p95=12.801230 m
[OK] clean v39 runtime: Forward-18 SoftMS -> GRU -> Kalman -> one final MeanShift
[OK] weighted-centroid decoder removed from generated runtime source
[PATCH OK] GRU = current + delta + delta2 + SAT + SoftMS position + visual displacement + previous state
[PATCH OK] 3-frame delta2 directly corrects acceleration + next_step
[PATCH OK] training/validation/inference motion starts from current-city cadence
[PATCH OK] Kalman = smooth confidence-adaptive measurement-preserving residual fusion
[PATCH OK] step corridor = continuous confidence relaxation
[PATCH OK] no held-out navigation result is read by this patch
[V39-BEARING] final-MS route-centerline reference patch: PASS
[ARCH-AUDIT] forward_18: PASS
[ARCH-AUDIT] base_geometry_6x6: PASS
[ARCH-AUDIT] front_softms_source: PASS
[ARCH-AUDIT] one_final_ms_source: PASS
[ARCH-AUDIT] front_decoder_softms: PASS
[ARCH-AUDIT] simple_seven_block_gru: PASS
[ARCH-AUDIT] residual_motion_head: PASS
[ARCH-AUDIT] causal_visual_displacement: PASS
[ARCH-AUDIT] cadence_initialized_tracker: PASS
[ARCH-AUDIT] motion_training_inference_aligned: PASS
[ARCH-AUDIT] training_city_motion_scale_init: PASS
[ARCH-AUDIT] forward_origin_backshift_covers_jitter: PASS
[ARCH-AUDIT] protocol: PASS
[ARCH-AUDIT] controlled_gt_reference_enabled: PASS
[ARCH-AUDIT] frame_count: PASS
[ARCH-AUDIT] gru_flag: PASS
[ARCH-AUDIT] kalman_flag: PASS
route_B: reuse UAV backbone cache

=== cityd frames2: nav50 ===
[ARCH-AUDIT] forward_18: PASS
[ARCH-AUDIT] base_geometry_6x6: PASS
[ARCH-AUDIT] front_softms_source: PASS
[ARCH-AUDIT] one_final_ms_source: PASS
[ARCH-AUDIT] front_decoder_softms: PASS
[ARCH-AUDIT] simple_seven_block_gru: PASS
[ARCH-AUDIT] residual_motion_head: PASS
[ARCH-AUDIT] causal_visual_displacement: PASS
[ARCH-AUDIT] cadence_initialized_tracker: PASS
[ARCH-AUDIT] motion_training_inference_aligned: PASS
[ARCH-AUDIT] training_city_motion_scale_init: PASS
[ARCH-AUDIT] forward_origin_backshift_covers_jitter: PASS
[ARCH-AUDIT] protocol: PASS
[ARCH-AUDIT] controlled_gt_reference_enabled: PASS
[ARCH-AUDIT] frame_count: PASS
[ARCH-AUDIT] gru_flag: PASS
[ARCH-AUDIT] kalman_flag: PASS
[ARCH-AUDIT] forward_18: PASS
[ARCH-AUDIT] base_geometry_6x6: PASS
[ARCH-AUDIT] front_softms_source: PASS
[ARCH-AUDIT] one_final_ms_source: PASS
[ARCH-AUDIT] front_decoder_softms: PASS
[ARCH-AUDIT] simple_seven_block_gru: PASS
[ARCH-AUDIT] residual_motion_head: PASS
[ARCH-AUDIT] causal_visual_displacement: PASS
[ARCH-AUDIT] cadence_initialized_tracker: PASS
[ARCH-AUDIT] motion_training_inference_aligned: PASS
[ARCH-AUDIT] training_city_motion_scale_init: PASS
[ARCH-AUDIT] forward_origin_backshift_covers_jitter: PASS
[ARCH-AUDIT] protocol: PASS
[ARCH-AUDIT] controlled_gt_reference_enabled: PASS
[ARCH-AUDIT] frame_count: PASS
[ARCH-AUDIT] gru_flag: PASS
[ARCH-AUDIT] kalman_flag: PASS
route_B: reuse UAV backbone cache

=== cityd grid4: nav50 ===
route_B: reuse UAV backbone cache

=== cityd frames1: nav50 ===
route_B final MLE=4.072m P90=8.275m LSR@15=100.00% selected_capture=99.33% bank_capture=99.33% acq_acc=100.00% speed_mae=3.418m/frame progress_mae=1.876m heading_mae=37.8deg jump_rate=1.34% max_step=21.79m final_leg=11 gt_leg=11
route_C: reuse UAV backbone cache

=== cityd frames2: nav51 ===
route_B final MLE=4.603m P90=9.400m LSR@15=100.00% selected_capture=98.67% bank_capture=98.67% acq_acc=100.00% speed_mae=3.368m/frame progress_mae=2.360m heading_mae=37.6deg jump_rate=3.36% max_step=22.28m final_leg=11 gt_leg=11
route_C: reuse UAV backbone cache

=== cityd grid4: nav51 ===
route_B final MLE=4.070m P90=8.263m LSR@15=100.00% selected_capture=99.33% bank_capture=99.33% acq_acc=100.00% speed_mae=3.429m/frame progress_mae=1.872m heading_mae=37.8deg jump_rate=1.34% max_step=21.74m final_leg=11 gt_leg=11
route_C: reuse UAV backbone cache

=== cityd frames1: nav51 ===
route_C final MLE=4.759m P90=8.339m LSR@15=100.00% selected_capture=99.23% bank_capture=99.23% acq_acc=100.00% speed_mae=2.891m/frame progress_mae=3.322m heading_mae=40.1deg jump_rate=3.85% max_step=21.37m final_leg=9 gt_leg=9
[DONE] /yh/study/uav-sat/v39_otherdata/output/minimal_loss_correct_gt_20260921_223816/cityd/variants/grid4/bearing_v39_summary.json
route_C final MLE=3.900m P90=6.266m LSR@15=100.00% selected_capture=99.23% bank_capture=99.23% acq_acc=100.00% speed_mae=3.028m/frame progress_mae=2.428m heading_mae=39.9deg jump_rate=0.77% max_step=20.74m final_leg=9 gt_leg=9
[DONE] /yh/study/uav-sat/v39_otherdata/output/minimal_loss_correct_gt_20260921_223816/cityd/variants/frames2/bearing_v39_summary.json
[EVAL START] cityd grid7 GPU0
[EVAL START] cityd grid8 GPU6
[PREPARED] PASS | city=cityd | step=4 m | selection=soft_sequence_v13_multicity_auto_train_fullroute | existing GT/routes unchanged
[CADENCE] source=experiment_route_stats_train_01 | mean=5.837601 m | p90=11.175116 m | p95=12.801230 m
[OK] clean v39 runtime: Forward-18 SoftMS -> GRU -> Kalman -> one final MeanShift
[OK] weighted-centroid decoder removed from generated runtime source
[PATCH OK] GRU = current + delta + delta2 + SAT + SoftMS position + visual displacement + previous state
[PATCH OK] 3-frame delta2 directly corrects acceleration + next_step
[PATCH OK] training/validation/inference motion starts from current-city cadence
[PATCH OK] Kalman = smooth confidence-adaptive measurement-preserving residual fusion
[PATCH OK] step corridor = continuous confidence relaxation
[PATCH OK] no held-out navigation result is read by this patch
[V39-BEARING] final-MS route-centerline reference patch: PASS
route_C final MLE=3.940m P90=6.386m LSR@15=100.00% selected_capture=99.23% bank_capture=99.23% acq_acc=100.00% speed_mae=2.921m/frame progress_mae=2.444m heading_mae=40.1deg jump_rate=1.15% max_step=20.96m final_leg=9 gt_leg=9
[DONE] /yh/study/uav-sat/v39_otherdata/output/minimal_loss_correct_gt_20260921_223816/cityd/variants/frames1/bearing_v39_summary.json
[PREPARED] PASS | city=cityd | step=4 m | selection=soft_sequence_v13_multicity_auto_train_fullroute | existing GT/routes unchanged
[CADENCE] source=experiment_route_stats_train_01 | mean=5.837601 m | p90=11.175116 m | p95=12.801230 m
[OK] clean v39 runtime: Forward-18 SoftMS -> GRU -> Kalman -> one final MeanShift
[OK] weighted-centroid decoder removed from generated runtime source
[PATCH OK] GRU = current + delta + delta2 + SAT + SoftMS position + visual displacement + previous state
[PATCH OK] 3-frame delta2 directly corrects acceleration + next_step
[PATCH OK] training/validation/inference motion starts from current-city cadence
[PATCH OK] Kalman = smooth confidence-adaptive measurement-preserving residual fusion
[PATCH OK] step corridor = continuous confidence relaxation
[PATCH OK] no held-out navigation result is read by this patch
[V39-BEARING] final-MS route-centerline reference patch: PASS
[EVAL START] cityd grid5 GPU5
[ARCH-AUDIT] forward_18: PASS
[ARCH-AUDIT] base_geometry_6x6: PASS
[ARCH-AUDIT] front_softms_source: PASS
[ARCH-AUDIT] one_final_ms_source: PASS
[ARCH-AUDIT] front_decoder_softms: PASS
[ARCH-AUDIT] simple_seven_block_gru: PASS
[ARCH-AUDIT] residual_motion_head: PASS
[ARCH-AUDIT] causal_visual_displacement: PASS
[ARCH-AUDIT] cadence_initialized_tracker: PASS
[ARCH-AUDIT] motion_training_inference_aligned: PASS
[ARCH-AUDIT] training_city_motion_scale_init: PASS
[ARCH-AUDIT] forward_origin_backshift_covers_jitter: PASS
[ARCH-AUDIT] protocol: PASS
[ARCH-AUDIT] controlled_gt_reference_enabled: PASS
[ARCH-AUDIT] frame_count: PASS
[ARCH-AUDIT] gru_flag: PASS
[ARCH-AUDIT] kalman_flag: PASS
[ARCH-AUDIT] forward_18: PASS
[ARCH-AUDIT] base_geometry_6x6: PASS
[ARCH-AUDIT] front_softms_source: PASS
[ARCH-AUDIT] one_final_ms_source: PASS
[ARCH-AUDIT] front_decoder_softms: PASS
[ARCH-AUDIT] simple_seven_block_gru: PASS
[ARCH-AUDIT] residual_motion_head: PASS
[ARCH-AUDIT] causal_visual_displacement: PASS
[ARCH-AUDIT] cadence_initialized_tracker: PASS
[ARCH-AUDIT] motion_training_inference_aligned: PASS
[ARCH-AUDIT] training_city_motion_scale_init: PASS
[ARCH-AUDIT] forward_origin_backshift_covers_jitter: PASS
[ARCH-AUDIT] protocol: PASS
[ARCH-AUDIT] controlled_gt_reference_enabled: PASS
[ARCH-AUDIT] frame_count: PASS
[ARCH-AUDIT] gru_flag: PASS
[ARCH-AUDIT] kalman_flag: PASS
[PREPARED] PASS | city=cityd | step=4 m | selection=soft_sequence_v13_multicity_auto_train_fullroute | existing GT/routes unchanged
[CADENCE] source=experiment_route_stats_train_01 | mean=5.837601 m | p90=11.175116 m | p95=12.801230 m
[OK] clean v39 runtime: Forward-18 SoftMS -> GRU -> Kalman -> one final MeanShift
[OK] weighted-centroid decoder removed from generated runtime source
[PATCH OK] GRU = current + delta + delta2 + SAT + SoftMS position + visual displacement + previous state
[PATCH OK] 3-frame delta2 directly corrects acceleration + next_step
[PATCH OK] training/validation/inference motion starts from current-city cadence
[PATCH OK] Kalman = smooth confidence-adaptive measurement-preserving residual fusion
[PATCH OK] step corridor = continuous confidence relaxation
[PATCH OK] no held-out navigation result is read by this patch
[V39-BEARING] final-MS route-centerline reference patch: PASS
route_B: reuse UAV backbone cache

=== cityd grid7: nav50 ===
route_B: reuse UAV backbone cache

=== cityd grid8: nav50 ===
[ARCH-AUDIT] forward_18: PASS
[ARCH-AUDIT] base_geometry_6x6: PASS
[ARCH-AUDIT] front_softms_source: PASS
[ARCH-AUDIT] one_final_ms_source: PASS
[ARCH-AUDIT] front_decoder_softms: PASS
[ARCH-AUDIT] simple_seven_block_gru: PASS
[ARCH-AUDIT] residual_motion_head: PASS
[ARCH-AUDIT] causal_visual_displacement: PASS
[ARCH-AUDIT] cadence_initialized_tracker: PASS
[ARCH-AUDIT] motion_training_inference_aligned: PASS
[ARCH-AUDIT] training_city_motion_scale_init: PASS
[ARCH-AUDIT] forward_origin_backshift_covers_jitter: PASS
[ARCH-AUDIT] protocol: PASS
[ARCH-AUDIT] controlled_gt_reference_enabled: PASS
[ARCH-AUDIT] frame_count: PASS
[ARCH-AUDIT] gru_flag: PASS
[ARCH-AUDIT] kalman_flag: PASS
route_B: reuse UAV backbone cache

=== cityd grid5: nav50 ===
route_B final MLE=4.172m P90=8.439m LSR@15=100.00% selected_capture=98.67% bank_capture=98.67% acq_acc=100.00% speed_mae=3.368m/frame progress_mae=1.955m heading_mae=37.7deg jump_rate=1.34% max_step=21.81m final_leg=11 gt_leg=11
route_C: reuse UAV backbone cache

=== cityd grid7: nav51 ===
route_B final MLE=4.173m P90=8.440m LSR@15=100.00% selected_capture=98.67% bank_capture=98.67% acq_acc=100.00% speed_mae=3.368m/frame progress_mae=1.955m heading_mae=37.7deg jump_rate=1.34% max_step=21.81m final_leg=11 gt_leg=11
route_C: reuse UAV backbone cache

=== cityd grid8: nav51 ===
route_B final MLE=4.190m P90=8.457m LSR@15=100.00% selected_capture=98.67% bank_capture=98.67% acq_acc=100.00% speed_mae=3.368m/frame progress_mae=1.966m heading_mae=37.7deg jump_rate=1.34% max_step=21.84m final_leg=11 gt_leg=11
route_C: reuse UAV backbone cache

=== cityd grid5: nav51 ===
route_C final MLE=3.999m P90=6.656m LSR@15=100.00% selected_capture=99.23% bank_capture=99.23% acq_acc=100.00% speed_mae=2.891m/frame progress_mae=2.507m heading_mae=39.8deg jump_rate=1.92% max_step=19.33m final_leg=9 gt_leg=9
[DONE] /yh/study/uav-sat/v39_otherdata/output/minimal_loss_correct_gt_20260921_223816/cityd/variants/grid7/bearing_v39_summary.json
route_C final MLE=4.000m P90=6.656m LSR@15=100.00% selected_capture=99.23% bank_capture=99.23% acq_acc=100.00% speed_mae=2.891m/frame progress_mae=2.508m heading_mae=39.8deg jump_rate=1.92% max_step=19.33m final_leg=9 gt_leg=9
[DONE] /yh/study/uav-sat/v39_otherdata/output/minimal_loss_correct_gt_20260921_223816/cityd/variants/grid8/bearing_v39_summary.json
route_C final MLE=4.044m P90=6.801m LSR@15=100.00% selected_capture=99.23% bank_capture=99.23% acq_acc=100.00% speed_mae=2.891m/frame progress_mae=2.570m heading_mae=39.9deg jump_rate=2.31% max_step=19.51m final_leg=9 gt_leg=9
[DONE] /yh/study/uav-sat/v39_otherdata/output/minimal_loss_correct_gt_20260921_223816/cityd/variants/grid5/bearing_v39_summary.json
# Bearing-UAV single-city ICLR ablation (measured)

Dataset domain(s): CITYD; held-out navigation trajectories are reported as nav50/nav51.
The local-search protocol is reported separately from the official Bearing-UAV global-regression benchmark.

## Component removal

| Variant | MLE (m) | P90 (m) | LSR@3 | LSR@5 | LSR@10 |
|---|---:|---:|---:|---:|---:|
| w/o GRU | 4.254 | 7.077 | 30.41% | 67.64% | 97.81% |
| w/o Kalman | 4.111 | 6.899 | 34.06% | 72.02% | 97.81% |
| w/o MeanShift | 7.780 | 12.778 | 11.68% | 27.25% | 68.37% |
| Full | 4.092 | 6.929 | 34.55% | 72.26% | 97.81% |

## Temporal input

| Input | MLE (m) | P90 (m) | LSR@3 | LSR@5 |
|---|---:|---:|---:|---:|
| 1 frame | 3.987 | 6.861 | 35.77% | 73.24% |
| 2 frames | 3.963 | 6.869 | 36.50% | 73.24% |
| Full | 4.092 | 6.929 | 34.55% | 72.26% |

## Final MeanShift window

| Window | Candidates | MLE (m) | P90 (m) | LSR@5 | MS latency (ms) |
|---|---:|---:|---:|---:|---:|
| 4x4 | 16 | 4.702 | 8.474 | 58.64% | 2.859 |
| 5x5 | 25 | 4.097 | 6.926 | 72.02% | 3.905 |
| 6x6 | 36 | 4.092 | 6.929 | 72.26% | 6.877 |
| 7x7 | 49 | 4.062 | 6.899 | 72.75% | 6.332 |
| 8x8 | 64 | 4.063 | 6.899 | 72.75% | 7.697 |

## Integrity audit

`FULL_TREND_CHECK=FAIL`

At least one ablation is better on a primary metric. Do not claim every component improves accuracy; revise only through training/validation data, not held-out navigation results.

================================================================================
DONE: Bearing-UAV SINGLE-CITY ablation v4
CITY  : cityd
Suite : /yh/study/uav-sat/v39_otherdata/output/minimal_loss_correct_gt_20260921_223816
Table : /yh/study/uav-sat/v39_otherdata/output/minimal_loss_correct_gt_20260921_223816/paper_ablation_tables.md
Audit : /yh/study/uav-sat/v39_otherdata/output/minimal_loss_correct_gt_20260921_223816/paper_trend_audit.json
================================================================================
