[PREPARED] PASS | city=citya | step=4 m | selection=soft_sequence_v13_multicity_auto_train_fullroute | existing GT/routes unchanged
[CADENCE] source=experiment_route_stats_train_01 | mean=5.359172 m | p90=10.084329 m | p95=11.123011 m
[OK] clean v39 runtime: Forward-18 SoftMS -> GRU -> Kalman -> one final MeanShift
[OK] weighted-centroid decoder removed from generated runtime source
[PATCH OK] GRU = current + delta + delta2 + SAT + SoftMS position + visual displacement + previous state
[PATCH OK] 3-frame delta2 directly corrects acceleration + next_step
[PATCH OK] training/validation/inference motion starts from current-city cadence
[PATCH OK] Kalman = smooth confidence-adaptive measurement-preserving residual fusion
[PATCH OK] step corridor = continuous confidence relaxation
[PATCH OK] no held-out navigation result is read by this patch
[V39-BEARING] final-MS route-centerline reference patch: PASS
[ARCH-AUDIT] forward_18: PASS
[ARCH-AUDIT] base_geometry_6x6: PASS
[ARCH-AUDIT] front_softms_source: PASS
[ARCH-AUDIT] one_final_ms_source: PASS
[ARCH-AUDIT] front_decoder_softms: PASS
[ARCH-AUDIT] simple_seven_block_gru: PASS
[ARCH-AUDIT] residual_motion_head: PASS
[ARCH-AUDIT] causal_visual_displacement: PASS
[ARCH-AUDIT] cadence_initialized_tracker: PASS
[ARCH-AUDIT] motion_training_inference_aligned: PASS
[ARCH-AUDIT] training_city_motion_scale_init: PASS
[ARCH-AUDIT] forward_origin_backshift_covers_jitter: PASS
[ARCH-AUDIT] protocol: PASS
[ARCH-AUDIT] controlled_gt_reference_enabled: PASS
[ARCH-AUDIT] frame_count: PASS
[ARCH-AUDIT] gru_flag: PASS
[ARCH-AUDIT] kalman_flag: PASS
[TRAIN] reuse visual checkpoint /yh/study/uav-sat/v39_otherdata/output/minimal_loss_correct_gt_20260921_223816/citya/train_frames2/checkpoints/visual_retrieval_A_only.pt
route_A: reuse UAV backbone cache
temporal split train=[0,136) val=[140,166) route_length=789.4m
City training-sequence mean forward step=5.426m/frame p90=9.912m/frame
temporal epoch=001/100 loss=10.61842 center_teacher=1.000 acq_teacher=1.000 capture=100.00% bank_capture=100.00% acq_acc=100.00% acq_conf=0.811 radius=0.0m pred_step=5.162 target_step=5.426 pred_v=5.186 target_v=5.426 val_mle=11.370m val_p90=13.866m val_speed_mae=2.809 heading=-0.1/1.2deg val_progress_mae=10.887m val_heading_mae=36.3deg val_capture=88.46% val_bank=88.46% val_acq_acc=100.00% score=12.140 best=12.140 patience=0/8
temporal epoch=002/100 loss=10.58804 center_teacher=1.000 acq_teacher=1.000 capture=100.00% bank_capture=100.00% acq_acc=100.00% acq_conf=0.811 radius=0.0m pred_step=4.665 target_step=5.426 pred_v=4.748 target_v=5.426 val_mle=11.224m val_p90=13.721m val_speed_mae=2.802 heading=-0.0/1.2deg val_progress_mae=10.733m val_heading_mae=36.3deg val_capture=88.46% val_bank=88.46% val_acq_acc=100.00% score=11.990 best=11.990 patience=0/8
temporal epoch=003/100 loss=10.45318 center_teacher=1.000 acq_teacher=1.000 capture=100.00% bank_capture=100.00% acq_acc=100.00% acq_conf=0.811 radius=0.0m pred_step=5.097 target_step=5.426 pred_v=5.128 target_v=5.426 val_mle=11.010m val_p90=13.510m val_speed_mae=2.928 heading=0.0/1.2deg val_progress_mae=10.507m val_heading_mae=36.3deg val_capture=88.46% val_bank=88.46% val_acq_acc=100.00% score=11.775 best=11.775 patience=0/8
temporal epoch=004/100 loss=10.36534 center_teacher=1.000 acq_teacher=1.000 capture=100.00% bank_capture=100.00% acq_acc=100.00% acq_conf=0.811 radius=0.0m pred_step=5.562 target_step=5.426 pred_v=5.537 target_v=5.426 val_mle=10.750m val_p90=13.253m val_speed_mae=2.838 heading=-0.1/1.2deg val_progress_mae=10.231m val_heading_mae=36.3deg val_capture=88.46% val_bank=88.46% val_acq_acc=100.00% score=11.502 best=11.502 patience=0/8
temporal epoch=005/100 loss=10.13229 center_teacher=1.000 acq_teacher=1.000 capture=100.00% bank_capture=100.00% acq_acc=100.00% acq_conf=0.811 radius=0.0m pred_step=5.070 target_step=5.426 pred_v=5.105 target_v=5.426 val_mle=10.481m val_p90=12.988m val_speed_mae=2.817 heading=-0.2/1.2deg val_progress_mae=9.946m val_heading_mae=36.3deg val_capture=88.46% val_bank=88.46% val_acq_acc=100.00% score=11.224 best=11.224 patience=0/8
temporal epoch=006/100 loss=10.08647 center_teacher=1.000 acq_teacher=1.000 capture=100.00% bank_capture=100.00% acq_acc=100.00% acq_conf=0.811 radius=0.0m pred_step=4.541 target_step=5.426 pred_v=4.639 target_v=5.426 val_mle=10.269m val_p90=12.777m val_speed_mae=2.792 heading=-0.1/1.2deg val_progress_mae=9.718m val_heading_mae=36.3deg val_capture=88.46% val_bank=88.46% val_acq_acc=100.00% score=11.003 best=11.003 patience=0/8
temporal epoch=007/100 loss=9.94129 center_teacher=1.000 acq_teacher=1.000 capture=100.00% bank_capture=100.00% acq_acc=100.00% acq_conf=0.811 radius=0.0m pred_step=5.000 target_step=5.426 pred_v=5.043 target_v=5.426 val_mle=10.116m val_p90=12.625m val_speed_mae=2.937 heading=-0.0/1.2deg val_progress_mae=9.554m val_heading_mae=36.3deg val_capture=88.46% val_bank=88.46% val_acq_acc=100.00% score=10.853 best=10.853 patience=0/8
temporal epoch=008/100 loss=9.94161 center_teacher=1.000 acq_teacher=1.000 capture=100.00% bank_capture=100.00% acq_acc=100.00% acq_conf=0.811 radius=0.0m pred_step=5.586 target_step=5.426 pred_v=5.558 target_v=5.426 val_mle=10.002m val_p90=12.509m val_speed_mae=2.882 heading=-0.1/1.2deg val_progress_mae=9.430m val_heading_mae=36.3deg val_capture=88.46% val_bank=88.46% val_acq_acc=100.00% score=10.732 best=10.732 patience=0/8
temporal epoch=009/100 loss=9.79469 center_teacher=1.000 acq_teacher=1.000 capture=100.00% bank_capture=100.00% acq_acc=100.00% acq_conf=0.811 radius=0.0m pred_step=5.227 target_step=5.426 pred_v=5.243 target_v=5.426 val_mle=9.913m val_p90=12.418m val_speed_mae=2.797 heading=-0.2/1.2deg val_progress_mae=9.334m val_heading_mae=36.3deg val_capture=88.46% val_bank=88.46% val_acq_acc=100.00% score=10.637 best=10.637 patience=0/8
temporal epoch=010/100 loss=9.83049 center_teacher=1.000 acq_teacher=1.000 capture=100.00% bank_capture=100.00% acq_acc=100.00% acq_conf=0.811 radius=0.0m pred_step=4.480 target_step=5.426 pred_v=4.586 target_v=5.426 val_mle=9.845m val_p90=12.347m val_speed_mae=2.787 heading=-0.1/1.2deg val_progress_mae=9.260m val_heading_mae=36.3deg val_capture=88.46% val_bank=88.46% val_acq_acc=100.00% score=10.566 best=10.566 patience=0/8
temporal epoch=011/100 loss=9.72490 center_teacher=1.000 acq_teacher=1.000 capture=100.00% bank_capture=100.00% acq_acc=100.00% acq_conf=0.811 radius=0.0m pred_step=4.864 target_step=5.426 pred_v=4.923 target_v=5.426 val_mle=9.795m val_p90=12.292m val_speed_mae=3.166 heading=-0.0/1.2deg val_progress_mae=9.206m val_heading_mae=36.3deg val_capture=88.46% val_bank=88.46% val_acq_acc=100.00% score=10.532 best=10.532 patience=0/8
temporal epoch=012/100 loss=9.96554 center_teacher=1.000 acq_teacher=1.000 capture=100.00% bank_capture=100.00% acq_acc=100.00% acq_conf=0.811 radius=0.0m pred_step=5.890 target_step=5.426 pred_v=5.826 target_v=5.426 val_mle=9.750m val_p90=12.243m val_speed_mae=2.894 heading=0.1/1.2deg val_progress_mae=9.158m val_heading_mae=36.3deg val_capture=88.46% val_bank=88.46% val_acq_acc=100.00% score=10.472 best=10.472 patience=0/8
temporal epoch=013/100 loss=9.62772 center_teacher=1.000 acq_teacher=1.000 capture=100.00% bank_capture=100.00% acq_acc=100.00% acq_conf=0.811 radius=0.0m pred_step=4.879 target_step=5.426 pred_v=4.937 target_v=5.426 val_mle=9.721m val_p90=12.208m val_speed_mae=2.843 heading=-0.0/1.2deg val_progress_mae=9.129m val_heading_mae=36.3deg val_capture=88.46% val_bank=88.46% val_acq_acc=100.00% score=10.441 best=10.441 patience=0/8
temporal epoch=014/100 loss=9.78355 center_teacher=1.000 acq_teacher=1.000 capture=100.00% bank_capture=100.00% acq_acc=100.00% acq_conf=0.811 radius=0.0m pred_step=4.085 target_step=5.426 pred_v=4.238 target_v=5.426 val_mle=9.721m val_p90=12.201m val_speed_mae=3.084 heading=-0.1/1.2deg val_progress_mae=9.130m val_heading_mae=36.3deg val_capture=88.46% val_bank=88.46% val_acq_acc=100.00% score=10.452 best=10.441 patience=1/8
temporal epoch=015/100 loss=9.96460 center_teacher=1.000 acq_teacher=1.000 capture=100.00% bank_capture=100.00% acq_acc=100.00% acq_conf=0.811 radius=0.0m pred_step=5.908 target_step=5.426 pred_v=5.841 target_v=5.426 val_mle=9.735m val_p90=12.209m val_speed_mae=3.503 heading=-0.1/1.2deg val_progress_mae=9.147m val_heading_mae=36.3deg val_capture=88.46% val_bank=88.46% val_acq_acc=100.00% score=10.488 best=10.441 patience=2/8
temporal epoch=016/100 loss=9.63280 center_teacher=1.000 acq_teacher=1.000 capture=100.00% bank_capture=100.00% acq_acc=100.00% acq_conf=0.811 radius=0.0m pred_step=5.590 target_step=5.426 pred_v=5.562 target_v=5.426 val_mle=9.762m val_p90=12.226m val_speed_mae=3.273 heading=-0.0/1.2deg val_progress_mae=9.177m val_heading_mae=36.3deg val_capture=88.46% val_bank=88.46% val_acq_acc=100.00% score=10.504 best=10.441 patience=3/8
temporal epoch=017/100 loss=10.56952 center_teacher=1.000 acq_teacher=1.000 capture=100.00% bank_capture=100.00% acq_acc=100.00% acq_conf=0.811 radius=0.0m pred_step=2.994 target_step=5.426 pred_v=3.279 target_v=5.426 val_mle=9.827m val_p90=12.294m val_speed_mae=2.777 heading=-0.0/1.2deg val_progress_mae=9.250m val_heading_mae=36.3deg val_capture=88.46% val_bank=88.46% val_acq_acc=100.00% score=10.547 best=10.441 patience=4/8
temporal epoch=018/100 loss=9.83598 center_teacher=1.000 acq_teacher=1.000 capture=100.00% bank_capture=100.00% acq_acc=100.00% acq_conf=0.811 radius=0.0m pred_step=5.548 target_step=5.426 pred_v=5.524 target_v=5.426 val_mle=9.939m val_p90=12.429m val_speed_mae=5.519 heading=-0.0/1.2deg val_progress_mae=9.372m val_heading_mae=36.3deg val_capture=88.46% val_bank=88.46% val_acq_acc=100.00% score=10.799 best=10.441 patience=5/8
temporal epoch=019/100 loss=10.67343 center_teacher=1.000 acq_teacher=1.000 capture=100.00% bank_capture=100.00% acq_acc=100.00% acq_conf=0.811 radius=0.0m pred_step=7.189 target_step=5.426 pred_v=6.968 target_v=5.426 val_mle=9.995m val_p90=12.509m val_speed_mae=2.816 heading=-0.1/1.2deg val_progress_mae=9.434m val_heading_mae=36.3deg val_capture=88.46% val_bank=88.46% val_acq_acc=100.00% score=10.722 best=10.441 patience=6/8
temporal epoch=020/100 loss=10.37934 center_teacher=1.000 acq_teacher=1.000 capture=100.00% bank_capture=100.00% acq_acc=100.00% acq_conf=0.812 radius=0.0m pred_step=3.163 target_step=5.426 pred_v=3.429 target_v=5.426 val_mle=10.047m val_p90=12.585m val_speed_mae=3.204 heading=-0.2/1.2deg val_progress_mae=9.492m val_heading_mae=36.3deg val_capture=88.46% val_bank=88.46% val_acq_acc=100.00% score=10.795 best=10.441 patience=7/8
temporal epoch=021/100 loss=9.40257 center_teacher=1.000 acq_teacher=1.000 capture=100.00% bank_capture=100.00% acq_acc=100.00% acq_conf=0.811 radius=0.0m pred_step=4.366 target_step=5.426 pred_v=4.485 target_v=5.426 val_mle=9.923m val_p90=12.478m val_speed_mae=6.040 heading=0.0/1.2deg val_progress_mae=9.362m val_heading_mae=36.3deg val_capture=88.46% val_bank=88.46% val_acq_acc=100.00% score=10.809 best=10.441 patience=8/8
EARLY STOP: controlled local-prior validation score did not improve by 0.003 for 8 epochs.
