[PREPARED] PASS | city=cityd | step=4 m | selection=soft_sequence_v13_multicity_auto_train_fullroute | existing GT/routes unchanged
[CADENCE] source=experiment_route_stats_train_01 | mean=5.837601 m | p90=11.175116 m | p95=12.801230 m
[OK] clean v39 runtime: Forward-18 SoftMS -> GRU -> Kalman -> one final MeanShift
[OK] weighted-centroid decoder removed from generated runtime source
[PATCH OK] GRU = current + delta + delta2 + SAT + SoftMS position + visual displacement + previous state
[PATCH OK] 3-frame delta2 directly corrects acceleration + next_step
[PATCH OK] training/validation/inference motion starts from current-city cadence
[PATCH OK] Kalman = smooth confidence-adaptive measurement-preserving residual fusion
[PATCH OK] step corridor = continuous confidence relaxation
[PATCH OK] no held-out navigation result is read by this patch
[V39-BEARING] final-MS route-centerline reference patch: PASS
[ARCH-AUDIT] forward_18: PASS
[ARCH-AUDIT] base_geometry_6x6: PASS
[ARCH-AUDIT] front_softms_source: PASS
[ARCH-AUDIT] one_final_ms_source: PASS
[ARCH-AUDIT] front_decoder_softms: PASS
[ARCH-AUDIT] simple_seven_block_gru: PASS
[ARCH-AUDIT] residual_motion_head: PASS
[ARCH-AUDIT] causal_visual_displacement: PASS
[ARCH-AUDIT] cadence_initialized_tracker: PASS
[ARCH-AUDIT] motion_training_inference_aligned: PASS
[ARCH-AUDIT] training_city_motion_scale_init: PASS
[ARCH-AUDIT] forward_origin_backshift_covers_jitter: PASS
[ARCH-AUDIT] protocol: PASS
[ARCH-AUDIT] controlled_gt_reference_enabled: PASS
[ARCH-AUDIT] frame_count: PASS
[ARCH-AUDIT] gru_flag: PASS
[ARCH-AUDIT] kalman_flag: PASS
[TRAIN] reuse visual checkpoint /yh/study/uav-sat/v39_otherdata/output/minimal_loss_correct_gt_20260921_223816/cityd/train_frames2/checkpoints/visual_retrieval_A_only.pt
route_A: reuse UAV backbone cache
temporal split train=[0,134) val=[138,163) route_length=781.2m
City training-sequence mean forward step=5.875m/frame p90=11.282m/frame
temporal epoch=001/100 loss=11.28310 center_teacher=1.000 acq_teacher=1.000 capture=100.00% bank_capture=100.00% acq_acc=100.00% acq_conf=0.708 radius=0.0m pred_step=5.559 target_step=5.875 pred_v=5.593 target_v=5.875 val_mle=9.992m val_p90=12.885m val_speed_mae=3.526 heading=-0.0/-1.0deg val_progress_mae=9.606m val_heading_mae=26.2deg val_capture=96.00% val_bank=96.00% val_acq_acc=100.00% score=10.589 best=10.589 patience=0/8
temporal epoch=002/100 loss=11.56619 center_teacher=1.000 acq_teacher=1.000 capture=100.00% bank_capture=100.00% acq_acc=100.00% acq_conf=0.708 radius=0.0m pred_step=4.352 target_step=5.875 pred_v=4.532 target_v=5.875 val_mle=9.917m val_p90=12.813m val_speed_mae=3.510 heading=-0.2/-1.0deg val_progress_mae=9.526m val_heading_mae=26.2deg val_capture=96.00% val_bank=96.00% val_acq_acc=100.00% score=10.510 best=10.510 patience=0/8
temporal epoch=003/100 loss=11.16797 center_teacher=1.000 acq_teacher=1.000 capture=100.00% bank_capture=100.00% acq_acc=100.00% acq_conf=0.708 radius=0.0m pred_step=4.712 target_step=5.875 pred_v=4.848 target_v=5.875 val_mle=9.803m val_p90=12.703m val_speed_mae=3.379 heading=-0.2/-1.0deg val_progress_mae=9.407m val_heading_mae=26.2deg val_capture=96.00% val_bank=96.00% val_acq_acc=100.00% score=10.387 best=10.387 patience=0/8
temporal epoch=004/100 loss=11.00005 center_teacher=1.000 acq_teacher=1.000 capture=100.00% bank_capture=100.00% acq_acc=100.00% acq_conf=0.708 radius=0.0m pred_step=5.616 target_step=5.875 pred_v=5.643 target_v=5.875 val_mle=9.657m val_p90=12.561m val_speed_mae=3.615 heading=-0.1/-1.0deg val_progress_mae=9.252m val_heading_mae=26.2deg val_capture=96.00% val_bank=96.00% val_acq_acc=100.00% score=10.247 best=10.247 patience=0/8
temporal epoch=005/100 loss=10.99205 center_teacher=1.000 acq_teacher=1.000 capture=100.00% bank_capture=100.00% acq_acc=100.00% acq_conf=0.707 radius=0.0m pred_step=6.037 target_step=5.875 pred_v=6.013 target_v=5.875 val_mle=9.489m val_p90=12.398m val_speed_mae=3.539 heading=0.0/-1.0deg val_progress_mae=9.074m val_heading_mae=26.2deg val_capture=96.00% val_bank=96.00% val_acq_acc=100.00% score=10.070 best=10.070 patience=0/8
temporal epoch=006/100 loss=10.71861 center_teacher=1.000 acq_teacher=1.000 capture=100.00% bank_capture=100.00% acq_acc=100.00% acq_conf=0.708 radius=0.0m pred_step=5.774 target_step=5.875 pred_v=5.782 target_v=5.875 val_mle=9.320m val_p90=12.236m val_speed_mae=3.341 heading=-0.0/-1.0deg val_progress_mae=8.894m val_heading_mae=26.2deg val_capture=96.00% val_bank=96.00% val_acq_acc=100.00% score=9.886 best=9.886 patience=0/8
temporal epoch=007/100 loss=10.46198 center_teacher=1.000 acq_teacher=1.000 capture=100.00% bank_capture=100.00% acq_acc=100.00% acq_conf=0.708 radius=0.0m pred_step=5.146 target_step=5.875 pred_v=5.229 target_v=5.875 val_mle=9.182m val_p90=12.107m val_speed_mae=3.409 heading=-0.1/-1.0deg val_progress_mae=8.745m val_heading_mae=26.2deg val_capture=96.00% val_bank=96.00% val_acq_acc=100.00% score=9.747 best=9.747 patience=0/8
temporal epoch=008/100 loss=10.40992 center_teacher=1.000 acq_teacher=1.000 capture=100.00% bank_capture=100.00% acq_acc=100.00% acq_conf=0.708 radius=0.0m pred_step=4.661 target_step=5.875 pred_v=4.803 target_v=5.875 val_mle=9.108m val_p90=12.050m val_speed_mae=3.403 heading=-0.2/-1.0deg val_progress_mae=8.663m val_heading_mae=26.2deg val_capture=96.00% val_bank=96.00% val_acq_acc=100.00% score=9.671 best=9.671 patience=0/8
temporal epoch=009/100 loss=10.12972 center_teacher=1.000 acq_teacher=1.000 capture=100.00% bank_capture=100.00% acq_acc=100.00% acq_conf=0.708 radius=0.0m pred_step=4.790 target_step=5.875 pred_v=4.916 target_v=5.875 val_mle=9.125m val_p90=12.091m val_speed_mae=3.339 heading=-0.2/-1.0deg val_progress_mae=8.677m val_heading_mae=26.2deg val_capture=96.00% val_bank=96.00% val_acq_acc=100.00% score=9.685 best=9.671 patience=1/8
temporal epoch=010/100 loss=9.86220 center_teacher=1.000 acq_teacher=1.000 capture=100.00% bank_capture=100.00% acq_acc=100.00% acq_conf=0.707 radius=0.0m pred_step=5.343 target_step=5.875 pred_v=5.402 target_v=5.875 val_mle=9.223m val_p90=12.218m val_speed_mae=3.482 heading=-0.1/-1.0deg val_progress_mae=8.777m val_heading_mae=26.2deg val_capture=96.00% val_bank=96.00% val_acq_acc=100.00% score=9.792 best=9.671 patience=2/8
temporal epoch=011/100 loss=9.74160 center_teacher=1.000 acq_teacher=1.000 capture=100.00% bank_capture=100.00% acq_acc=100.00% acq_conf=0.707 radius=0.0m pred_step=5.744 target_step=5.875 pred_v=5.755 target_v=5.875 val_mle=9.367m val_p90=12.396m val_speed_mae=3.457 heading=-0.0/-1.0deg val_progress_mae=8.924m val_heading_mae=26.2deg val_capture=96.00% val_bank=96.00% val_acq_acc=100.00% score=9.940 best=9.671 patience=3/8
temporal epoch=012/100 loss=9.48024 center_teacher=1.000 acq_teacher=1.000 capture=100.00% bank_capture=100.00% acq_acc=100.00% acq_conf=0.707 radius=0.0m pred_step=5.545 target_step=5.875 pred_v=5.580 target_v=5.875 val_mle=9.464m val_p90=12.540m val_speed_mae=3.329 heading=0.0/-1.0deg val_progress_mae=9.019m val_heading_mae=26.2deg val_capture=96.00% val_bank=96.00% val_acq_acc=100.00% score=10.033 best=9.671 patience=4/8
temporal epoch=013/100 loss=9.26413 center_teacher=1.000 acq_teacher=1.000 capture=100.00% bank_capture=100.00% acq_acc=100.00% acq_conf=0.707 radius=0.0m pred_step=4.982 target_step=5.875 pred_v=5.086 target_v=5.875 val_mle=9.389m val_p90=12.533m val_speed_mae=3.383 heading=-0.0/-1.0deg val_progress_mae=8.926m val_heading_mae=26.2deg val_capture=96.00% val_bank=96.00% val_acq_acc=100.00% score=9.958 best=9.671 patience=5/8
temporal epoch=014/100 loss=9.18896 center_teacher=1.000 acq_teacher=1.000 capture=100.00% bank_capture=100.00% acq_acc=100.00% acq_conf=0.706 radius=0.0m pred_step=4.660 target_step=5.875 pred_v=4.802 target_v=5.875 val_mle=9.118m val_p90=12.315m val_speed_mae=3.334 heading=-0.0/-1.0deg val_progress_mae=8.619m val_heading_mae=26.2deg val_capture=96.00% val_bank=96.00% val_acq_acc=100.00% score=9.676 best=9.671 patience=6/8
temporal epoch=015/100 loss=8.91172 center_teacher=1.000 acq_teacher=1.000 capture=100.00% bank_capture=100.00% acq_acc=100.00% acq_conf=0.706 radius=0.0m pred_step=5.096 target_step=5.875 pred_v=5.185 target_v=5.875 val_mle=8.934m val_p90=12.136m val_speed_mae=3.474 heading=0.1/-1.0deg val_progress_mae=8.414m val_heading_mae=26.2deg val_capture=96.00% val_bank=96.00% val_acq_acc=100.00% score=9.493 best=9.493 patience=0/8
temporal epoch=016/100 loss=8.87605 center_teacher=1.000 acq_teacher=1.000 capture=100.00% bank_capture=100.00% acq_acc=100.00% acq_conf=0.707 radius=0.0m pred_step=5.693 target_step=5.875 pred_v=5.711 target_v=5.875 val_mle=8.871m val_p90=12.080m val_speed_mae=3.467 heading=0.2/-1.0deg val_progress_mae=8.335m val_heading_mae=26.2deg val_capture=96.00% val_bank=96.00% val_acq_acc=100.00% score=9.427 best=9.427 patience=0/8
temporal epoch=017/100 loss=8.73053 center_teacher=1.000 acq_teacher=1.000 capture=100.00% bank_capture=100.00% acq_acc=100.00% acq_conf=0.706 radius=0.0m pred_step=5.470 target_step=5.875 pred_v=5.514 target_v=5.875 val_mle=8.757m val_p90=11.931m val_speed_mae=3.344 heading=0.2/-1.0deg val_progress_mae=8.203m val_heading_mae=26.2deg val_capture=96.00% val_bank=96.00% val_acq_acc=100.00% score=9.303 best=9.303 patience=0/8
temporal epoch=018/100 loss=8.76048 center_teacher=1.000 acq_teacher=1.000 capture=100.00% bank_capture=100.00% acq_acc=100.00% acq_conf=0.706 radius=0.0m pred_step=4.643 target_step=5.875 pred_v=4.787 target_v=5.875 val_mle=8.832m val_p90=12.007m val_speed_mae=3.339 heading=0.2/-1.0deg val_progress_mae=8.280m val_heading_mae=26.2deg val_capture=96.00% val_bank=96.00% val_acq_acc=100.00% score=9.380 best=9.303 patience=1/8
temporal epoch=019/100 loss=8.58536 center_teacher=1.000 acq_teacher=1.000 capture=100.00% bank_capture=100.00% acq_acc=100.00% acq_conf=0.706 radius=0.0m pred_step=4.882 target_step=5.875 pred_v=4.997 target_v=5.875 val_mle=8.596m val_p90=11.693m val_speed_mae=3.543 heading=0.2/-1.0deg val_progress_mae=8.020m val_heading_mae=26.2deg val_capture=96.00% val_bank=96.00% val_acq_acc=100.00% score=9.147 best=9.147 patience=0/8
temporal epoch=020/100 loss=8.66231 center_teacher=1.000 acq_teacher=1.000 capture=100.00% bank_capture=100.00% acq_acc=100.00% acq_conf=0.706 radius=0.0m pred_step=5.772 target_step=5.875 pred_v=5.780 target_v=5.875 val_mle=8.974m val_p90=12.144m val_speed_mae=3.702 heading=0.2/-1.0deg val_progress_mae=8.434m val_heading_mae=26.1deg val_capture=96.00% val_bank=96.00% val_acq_acc=100.00% score=9.545 best=9.147 patience=1/8
temporal epoch=021/100 loss=8.64901 center_teacher=1.000 acq_teacher=1.000 capture=100.00% bank_capture=100.00% acq_acc=100.00% acq_conf=0.709 radius=0.0m pred_step=5.721 target_step=5.875 pred_v=5.737 target_v=5.875 val_mle=8.526m val_p90=11.544m val_speed_mae=3.738 heading=0.4/-1.0deg val_progress_mae=7.944m val_heading_mae=26.2deg val_capture=96.00% val_bank=96.00% val_acq_acc=100.00% score=9.083 best=9.083 patience=0/8
temporal epoch=022/100 loss=10.02558 center_teacher=1.000 acq_teacher=1.000 capture=100.00% bank_capture=100.00% acq_acc=100.00% acq_conf=0.710 radius=0.0m pred_step=3.091 target_step=5.875 pred_v=3.423 target_v=5.875 val_mle=8.661m val_p90=11.837m val_speed_mae=3.513 heading=0.2/-1.0deg val_progress_mae=8.111m val_heading_mae=26.2deg val_capture=96.00% val_bank=96.00% val_acq_acc=100.00% score=9.212 best=9.083 patience=1/8
temporal epoch=023/100 loss=8.53623 center_teacher=1.000 acq_teacher=1.000 capture=100.00% bank_capture=100.00% acq_acc=100.00% acq_conf=0.709 radius=0.0m pred_step=4.707 target_step=5.875 pred_v=4.843 target_v=5.875 val_mle=9.043m val_p90=12.554m val_speed_mae=5.059 heading=0.5/-1.0deg val_progress_mae=8.479m val_heading_mae=26.1deg val_capture=96.00% val_bank=96.00% val_acq_acc=100.00% score=9.682 best=9.083 patience=2/8
temporal epoch=024/100 loss=10.46466 center_teacher=1.000 acq_teacher=1.000 capture=100.00% bank_capture=100.00% acq_acc=100.00% acq_conf=0.711 radius=0.0m pred_step=7.619 target_step=5.875 pred_v=7.407 target_v=5.875 val_mle=8.574m val_p90=11.964m val_speed_mae=4.045 heading=0.9/-1.0deg val_progress_mae=7.969m val_heading_mae=26.2deg val_capture=96.00% val_bank=96.00% val_acq_acc=100.00% score=9.147 best=9.083 patience=3/8
temporal epoch=025/100 loss=8.43001 center_teacher=1.000 acq_teacher=1.000 capture=100.00% bank_capture=100.00% acq_acc=100.00% acq_conf=0.708 radius=0.0m pred_step=5.656 target_step=5.875 pred_v=5.678 target_v=5.875 val_mle=9.240m val_p90=12.817m val_speed_mae=3.707 heading=0.3/-1.0deg val_progress_mae=8.698m val_heading_mae=26.2deg val_capture=96.00% val_bank=96.00% val_acq_acc=100.00% score=9.819 best=9.083 patience=4/8
temporal epoch=026/100 loss=9.63850 center_teacher=1.000 acq_teacher=1.000 capture=100.00% bank_capture=100.00% acq_acc=100.00% acq_conf=0.708 radius=0.0m pred_step=3.315 target_step=5.875 pred_v=3.627 target_v=5.875 val_mle=8.993m val_p90=12.518m val_speed_mae=3.765 heading=0.6/-1.0deg val_progress_mae=8.435m val_heading_mae=26.2deg val_capture=96.00% val_bank=96.00% val_acq_acc=100.00% score=9.567 best=9.083 patience=5/8
temporal epoch=027/100 loss=8.60298 center_teacher=1.000 acq_teacher=1.000 capture=100.00% bank_capture=100.00% acq_acc=100.00% acq_conf=0.708 radius=0.0m pred_step=3.902 target_step=5.875 pred_v=4.137 target_v=5.875 val_mle=8.661m val_p90=12.099m val_speed_mae=5.095 heading=0.2/-1.0deg val_progress_mae=8.107m val_heading_mae=26.4deg val_capture=96.00% val_bank=96.00% val_acq_acc=100.00% score=9.291 best=9.083 patience=6/8
temporal epoch=028/100 loss=11.19044 center_teacher=1.000 acq_teacher=1.000 capture=100.00% bank_capture=100.00% acq_acc=100.00% acq_conf=0.708 radius=0.0m pred_step=8.250 target_step=5.875 pred_v=7.962 target_v=5.875 val_mle=8.774m val_p90=12.401m val_speed_mae=5.895 heading=0.3/-1.0deg val_progress_mae=8.189m val_heading_mae=26.3deg val_capture=96.00% val_bank=96.00% val_acq_acc=100.00% score=9.447 best=9.083 patience=7/8
temporal epoch=029/100 loss=9.46635 center_teacher=1.000 acq_teacher=1.000 capture=100.00% bank_capture=100.00% acq_acc=100.00% acq_conf=0.709 radius=0.0m pred_step=7.310 target_step=5.875 pred_v=7.132 target_v=5.875 val_mle=9.089m val_p90=13.143m val_speed_mae=3.724 heading=0.8/-1.0deg val_progress_mae=8.594m val_heading_mae=26.0deg val_capture=96.00% val_bank=96.00% val_acq_acc=100.00% score=9.665 best=9.083 patience=8/8
EARLY STOP: controlled local-prior validation score did not improve by 0.003 for 8 epochs.
