[PREPARED] PASS | city=cityb | step=4 m | selection=soft_sequence_v13_multicity_auto_train_fullroute | existing GT/routes unchanged
[CADENCE] source=experiment_route_stats_train_01 | mean=5.550783 m | p90=9.862441 m | p95=11.094216 m
[OK] clean v39 runtime: Forward-18 SoftMS -> GRU -> Kalman -> one final MeanShift
[OK] weighted-centroid decoder removed from generated runtime source
[PATCH OK] GRU = current + delta + delta2 + SAT + SoftMS position + visual displacement + previous state
[PATCH OK] 3-frame delta2 directly corrects acceleration + next_step
[PATCH OK] training/validation/inference motion starts from current-city cadence
[PATCH OK] Kalman = smooth confidence-adaptive measurement-preserving residual fusion
[PATCH OK] step corridor = continuous confidence relaxation
[PATCH OK] no held-out navigation result is read by this patch
[V39-BEARING] final-MS route-centerline reference patch: PASS
[ARCH-AUDIT] forward_18: PASS
[ARCH-AUDIT] base_geometry_6x6: PASS
[ARCH-AUDIT] front_softms_source: PASS
[ARCH-AUDIT] one_final_ms_source: PASS
[ARCH-AUDIT] front_decoder_softms: PASS
[ARCH-AUDIT] simple_seven_block_gru: PASS
[ARCH-AUDIT] residual_motion_head: PASS
[ARCH-AUDIT] causal_visual_displacement: PASS
[ARCH-AUDIT] cadence_initialized_tracker: PASS
[ARCH-AUDIT] motion_training_inference_aligned: PASS
[ARCH-AUDIT] training_city_motion_scale_init: PASS
[ARCH-AUDIT] forward_origin_backshift_covers_jitter: PASS
[ARCH-AUDIT] protocol: PASS
[ARCH-AUDIT] controlled_gt_reference_enabled: PASS
[ARCH-AUDIT] frame_count: PASS
[ARCH-AUDIT] gru_flag: PASS
[ARCH-AUDIT] kalman_flag: PASS
[TRAIN] reuse visual checkpoint /yh/study/uav-sat/v39_otherdata/output/minimal_loss_correct_gt_20260921_223816/cityb/train_frames3/checkpoints/visual_retrieval_A_only.pt
route_A: reuse UAV backbone cache
temporal split train=[0,135) val=[139,164) route_length=781.2m
City training-sequence mean forward step=5.317m/frame p90=9.734m/frame
temporal epoch=001/100 loss=10.63685 center_teacher=1.000 acq_teacher=1.000 capture=100.00% bank_capture=100.00% acq_acc=100.00% acq_conf=0.715 radius=0.0m pred_step=5.173 target_step=5.317 pred_v=5.243 target_v=5.317 val_mle=11.166m val_p90=13.844m val_speed_mae=3.002 heading=-0.0/2.4deg val_progress_mae=11.304m val_heading_mae=31.9deg val_capture=84.00% val_bank=84.00% val_acq_acc=100.00% score=12.039 best=12.039 patience=0/8
temporal epoch=002/100 loss=10.99203 center_teacher=1.000 acq_teacher=1.000 capture=100.00% bank_capture=100.00% acq_acc=100.00% acq_conf=0.719 radius=0.0m pred_step=4.166 target_step=5.317 pred_v=4.414 target_v=5.317 val_mle=11.059m val_p90=13.733m val_speed_mae=2.762 heading=0.2/2.4deg val_progress_mae=11.184m val_heading_mae=31.9deg val_capture=84.00% val_bank=84.00% val_acq_acc=100.00% score=11.917 best=11.917 patience=0/8
temporal epoch=003/100 loss=10.53769 center_teacher=1.000 acq_teacher=1.000 capture=100.00% bank_capture=100.00% acq_acc=100.00% acq_conf=0.719 radius=0.0m pred_step=4.830 target_step=5.317 pred_v=4.972 target_v=5.317 val_mle=10.907m val_p90=13.569m val_speed_mae=2.817 heading=0.1/2.4deg val_progress_mae=11.018m val_heading_mae=31.9deg val_capture=84.00% val_bank=84.00% val_acq_acc=100.00% score=11.763 best=11.763 patience=0/8
temporal epoch=004/100 loss=10.32510 center_teacher=1.000 acq_teacher=1.000 capture=100.00% bank_capture=100.00% acq_acc=100.00% acq_conf=0.714 radius=0.0m pred_step=5.689 target_step=5.317 pred_v=5.695 target_v=5.317 val_mle=10.711m val_p90=13.365m val_speed_mae=2.871 heading=-0.1/2.4deg val_progress_mae=10.802m val_heading_mae=31.8deg val_capture=84.00% val_bank=84.00% val_acq_acc=100.00% score=11.562 best=11.562 patience=0/8
temporal epoch=005/100 loss=10.20100 center_teacher=1.000 acq_teacher=1.000 capture=100.00% bank_capture=100.00% acq_acc=100.00% acq_conf=0.714 radius=0.0m pred_step=5.704 target_step=5.317 pred_v=5.709 target_v=5.317 val_mle=10.485m val_p90=13.131m val_speed_mae=2.733 heading=-0.1/2.4deg val_progress_mae=10.553m val_heading_mae=31.9deg val_capture=84.00% val_bank=84.00% val_acq_acc=100.00% score=11.322 best=11.322 patience=0/8
temporal epoch=006/100 loss=10.13691 center_teacher=1.000 acq_teacher=1.000 capture=100.00% bank_capture=100.00% acq_acc=100.00% acq_conf=0.720 radius=0.0m pred_step=4.939 target_step=5.317 pred_v=5.066 target_v=5.317 val_mle=10.235m val_p90=12.874m val_speed_mae=2.873 heading=-0.0/2.4deg val_progress_mae=10.277m val_heading_mae=31.9deg val_capture=84.00% val_bank=84.00% val_acq_acc=100.00% score=11.070 best=11.070 patience=0/8
temporal epoch=007/100 loss=10.30077 center_teacher=1.000 acq_teacher=1.000 capture=100.00% bank_capture=100.00% acq_acc=100.00% acq_conf=0.719 radius=0.0m pred_step=4.248 target_step=5.317 pred_v=4.486 target_v=5.317 val_mle=9.965m val_p90=12.593m val_speed_mae=2.925 heading=0.1/2.4deg val_progress_mae=9.984m val_heading_mae=31.9deg val_capture=84.00% val_bank=84.00% val_acq_acc=100.00% score=10.794 best=10.794 patience=0/8
temporal epoch=008/100 loss=10.08897 center_teacher=1.000 acq_teacher=1.000 capture=100.00% bank_capture=100.00% acq_acc=100.00% acq_conf=0.719 radius=0.0m pred_step=4.328 target_step=5.317 pred_v=4.559 target_v=5.317 val_mle=9.679m val_p90=12.293m val_speed_mae=2.733 heading=0.1/2.4deg val_progress_mae=9.678m val_heading_mae=31.9deg val_capture=84.00% val_bank=84.00% val_acq_acc=100.00% score=10.490 best=10.490 patience=0/8
temporal epoch=009/100 loss=9.62870 center_teacher=1.000 acq_teacher=1.000 capture=100.00% bank_capture=100.00% acq_acc=100.00% acq_conf=0.714 radius=0.0m pred_step=4.954 target_step=5.317 pred_v=5.089 target_v=5.317 val_mle=9.385m val_p90=11.979m val_speed_mae=2.755 heading=-0.1/2.4deg val_progress_mae=9.368m val_heading_mae=31.8deg val_capture=84.00% val_bank=84.00% val_acq_acc=100.00% score=10.188 best=10.188 patience=0/8
temporal epoch=010/100 loss=9.50832 center_teacher=1.000 acq_teacher=1.000 capture=100.00% bank_capture=100.00% acq_acc=100.00% acq_conf=0.714 radius=0.0m pred_step=5.255 target_step=5.317 pred_v=5.348 target_v=5.317 val_mle=9.127m val_p90=11.708m val_speed_mae=2.740 heading=-0.1/2.4deg val_progress_mae=9.098m val_heading_mae=31.9deg val_capture=84.00% val_bank=84.00% val_acq_acc=100.00% score=9.921 best=9.921 patience=0/8
temporal epoch=011/100 loss=9.72835 center_teacher=1.000 acq_teacher=1.000 capture=100.00% bank_capture=100.00% acq_acc=100.00% acq_conf=0.719 radius=0.0m pred_step=4.515 target_step=5.317 pred_v=4.729 target_v=5.317 val_mle=8.948m val_p90=11.516m val_speed_mae=2.902 heading=0.1/2.4deg val_progress_mae=8.916m val_heading_mae=31.9deg val_capture=84.00% val_bank=84.00% val_acq_acc=100.00% score=9.744 best=9.744 patience=0/8
temporal epoch=012/100 loss=9.73462 center_teacher=1.000 acq_teacher=1.000 capture=100.00% bank_capture=100.00% acq_acc=100.00% acq_conf=0.719 radius=0.0m pred_step=4.282 target_step=5.317 pred_v=4.535 target_v=5.317 val_mle=8.843m val_p90=11.402m val_speed_mae=2.725 heading=0.0/2.4deg val_progress_mae=8.820m val_heading_mae=31.8deg val_capture=84.00% val_bank=84.00% val_acq_acc=100.00% score=9.628 best=9.628 patience=0/8
temporal epoch=013/100 loss=9.25304 center_teacher=1.000 acq_teacher=1.000 capture=100.00% bank_capture=100.00% acq_acc=100.00% acq_conf=0.714 radius=0.0m pred_step=5.227 target_step=5.317 pred_v=5.339 target_v=5.317 val_mle=8.813m val_p90=11.354m val_speed_mae=2.885 heading=-0.2/2.4deg val_progress_mae=8.774m val_heading_mae=31.8deg val_capture=84.00% val_bank=84.00% val_acq_acc=100.00% score=9.604 best=9.604 patience=0/8
temporal epoch=014/100 loss=9.30766 center_teacher=1.000 acq_teacher=1.000 capture=100.00% bank_capture=100.00% acq_acc=100.00% acq_conf=0.714 radius=0.0m pred_step=5.700 target_step=5.317 pred_v=5.743 target_v=5.317 val_mle=8.821m val_p90=11.360m val_speed_mae=2.718 heading=-0.3/2.4deg val_progress_mae=8.791m val_heading_mae=31.8deg val_capture=84.00% val_bank=84.00% val_acq_acc=100.00% score=9.604 best=9.604 patience=1/8
temporal epoch=015/100 loss=9.60235 center_teacher=1.000 acq_teacher=1.000 capture=100.00% bank_capture=100.00% acq_acc=100.00% acq_conf=0.714 radius=0.0m pred_step=4.481 target_step=5.317 pred_v=4.724 target_v=5.317 val_mle=8.884m val_p90=11.424m val_speed_mae=3.016 heading=-0.2/2.4deg val_progress_mae=8.866m val_heading_mae=31.8deg val_capture=84.00% val_bank=84.00% val_acq_acc=100.00% score=9.684 best=9.604 patience=2/8
temporal epoch=016/100 loss=9.47417 center_teacher=1.000 acq_teacher=1.000 capture=100.00% bank_capture=100.00% acq_acc=100.00% acq_conf=0.714 radius=0.0m pred_step=4.092 target_step=5.317 pred_v=4.411 target_v=5.317 val_mle=8.982m val_p90=11.523m val_speed_mae=2.926 heading=-0.4/2.4deg val_progress_mae=8.981m val_heading_mae=31.8deg val_capture=84.00% val_bank=84.00% val_acq_acc=100.00% score=9.782 best=9.604 patience=3/8
temporal epoch=017/100 loss=9.37047 center_teacher=1.000 acq_teacher=1.000 capture=100.00% bank_capture=100.00% acq_acc=100.00% acq_conf=0.715 radius=0.0m pred_step=6.092 target_step=5.317 pred_v=6.103 target_v=5.317 val_mle=9.059m val_p90=11.604m val_speed_mae=2.896 heading=-0.9/2.4deg val_progress_mae=9.063m val_heading_mae=31.8deg val_capture=84.00% val_bank=84.00% val_acq_acc=100.00% score=9.860 best=9.604 patience=4/8
temporal epoch=018/100 loss=8.96964 center_teacher=1.000 acq_teacher=1.000 capture=100.00% bank_capture=100.00% acq_acc=100.00% acq_conf=0.714 radius=0.0m pred_step=5.156 target_step=5.317 pred_v=5.324 target_v=5.317 val_mle=8.925m val_p90=11.450m val_speed_mae=3.902 heading=-0.4/2.4deg val_progress_mae=8.916m val_heading_mae=31.8deg val_capture=84.00% val_bank=84.00% val_acq_acc=100.00% score=9.771 best=9.604 patience=5/8
temporal epoch=019/100 loss=10.09216 center_teacher=1.000 acq_teacher=1.000 capture=100.00% bank_capture=100.00% acq_acc=100.00% acq_conf=0.716 radius=0.0m pred_step=3.131 target_step=5.317 pred_v=3.630 target_v=5.317 val_mle=8.810m val_p90=11.281m val_speed_mae=2.772 heading=-0.3/2.4deg val_progress_mae=8.799m val_heading_mae=31.8deg val_capture=84.00% val_bank=84.00% val_acq_acc=100.00% score=9.596 best=9.596 patience=0/8
temporal epoch=020/100 loss=9.30657 center_teacher=1.000 acq_teacher=1.000 capture=100.00% bank_capture=100.00% acq_acc=100.00% acq_conf=0.714 radius=0.0m pred_step=6.068 target_step=5.317 pred_v=6.128 target_v=5.317 val_mle=8.823m val_p90=11.293m val_speed_mae=3.619 heading=-0.9/2.4deg val_progress_mae=8.813m val_heading_mae=31.8deg val_capture=84.00% val_bank=84.00% val_acq_acc=100.00% score=9.652 best=9.596 patience=1/8
temporal epoch=021/100 loss=8.53870 center_teacher=1.000 acq_teacher=1.000 capture=100.00% bank_capture=100.00% acq_acc=100.00% acq_conf=0.716 radius=0.0m pred_step=6.003 target_step=5.317 pred_v=6.067 target_v=5.317 val_mle=8.756m val_p90=11.165m val_speed_mae=5.108 heading=-0.4/2.4deg val_progress_mae=8.760m val_heading_mae=32.0deg val_capture=84.00% val_bank=84.00% val_acq_acc=100.00% score=9.658 best=9.596 patience=2/8
temporal epoch=022/100 loss=11.84579 center_teacher=1.000 acq_teacher=1.000 capture=100.00% bank_capture=100.00% acq_acc=100.00% acq_conf=0.719 radius=0.0m pred_step=1.932 target_step=5.317 pred_v=2.509 target_v=5.317 val_mle=8.635m val_p90=11.126m val_speed_mae=4.676 heading=0.4/2.4deg val_progress_mae=8.635m val_heading_mae=32.0deg val_capture=84.00% val_bank=84.00% val_acq_acc=100.00% score=9.511 best=9.511 patience=0/8
temporal epoch=023/100 loss=8.67618 center_teacher=1.000 acq_teacher=1.000 capture=100.00% bank_capture=100.00% acq_acc=100.00% acq_conf=0.719 radius=0.0m pred_step=3.285 target_step=5.317 pred_v=3.777 target_v=5.317 val_mle=8.495m val_p90=10.946m val_speed_mae=5.985 heading=0.2/2.4deg val_progress_mae=8.497m val_heading_mae=31.9deg val_capture=84.00% val_bank=84.00% val_acq_acc=100.00% score=9.433 best=9.433 patience=0/8
temporal epoch=024/100 loss=13.53697 center_teacher=1.000 acq_teacher=1.000 capture=100.00% bank_capture=100.00% acq_acc=100.00% acq_conf=0.716 radius=0.0m pred_step=9.360 target_step=5.317 pred_v=8.958 target_v=5.317 val_mle=8.535m val_p90=11.077m val_speed_mae=8.067 heading=-0.2/2.4deg val_progress_mae=8.542m val_heading_mae=32.1deg val_capture=84.00% val_bank=84.00% val_acq_acc=100.00% score=9.579 best=9.433 patience=1/8
temporal epoch=025/100 loss=11.94696 center_teacher=1.000 acq_teacher=1.000 capture=100.00% bank_capture=100.00% acq_acc=100.00% acq_conf=0.720 radius=0.0m pred_step=9.230 target_step=5.317 pred_v=8.729 target_v=5.317 val_mle=8.894m val_p90=11.609m val_speed_mae=2.689 heading=0.8/2.4deg val_progress_mae=8.553m val_heading_mae=32.3deg val_capture=88.00% val_bank=88.00% val_acq_acc=100.00% score=9.590 best=9.433 patience=2/8
temporal epoch=026/100 loss=9.28534 center_teacher=1.000 acq_teacher=1.000 capture=100.00% bank_capture=100.00% acq_acc=100.00% acq_conf=0.722 radius=0.0m pred_step=3.114 target_step=5.317 pred_v=3.650 target_v=5.317 val_mle=8.684m val_p90=11.221m val_speed_mae=5.425 heading=2.0/2.4deg val_progress_mae=8.403m val_heading_mae=32.5deg val_capture=88.00% val_bank=88.00% val_acq_acc=100.00% score=9.513 best=9.433 patience=3/8
temporal epoch=027/100 loss=9.95580 center_teacher=1.000 acq_teacher=1.000 capture=100.00% bank_capture=100.00% acq_acc=100.00% acq_conf=0.723 radius=0.0m pred_step=1.809 target_step=5.317 pred_v=2.515 target_v=5.317 val_mle=9.233m val_p90=11.839m val_speed_mae=3.724 heading=2.4/2.4deg val_progress_mae=8.984m val_heading_mae=32.6deg val_capture=88.00% val_bank=88.00% val_acq_acc=100.00% score=9.994 best=9.433 patience=4/8
temporal epoch=028/100 loss=10.24742 center_teacher=1.000 acq_teacher=1.000 capture=100.00% bank_capture=100.00% acq_acc=100.00% acq_conf=0.720 radius=0.0m pred_step=7.609 target_step=5.317 pred_v=7.367 target_v=5.317 val_mle=8.578m val_p90=11.161m val_speed_mae=5.816 heading=2.5/2.4deg val_progress_mae=8.291m val_heading_mae=32.6deg val_capture=88.00% val_bank=88.00% val_acq_acc=100.00% score=9.423 best=9.423 patience=0/8
temporal epoch=029/100 loss=10.01089 center_teacher=1.000 acq_teacher=1.000 capture=100.00% bank_capture=100.00% acq_acc=100.00% acq_conf=0.721 radius=0.0m pred_step=7.954 target_step=5.317 pred_v=7.606 target_v=5.317 val_mle=9.087m val_p90=12.081m val_speed_mae=2.874 heading=3.0/2.4deg val_progress_mae=8.819m val_heading_mae=32.8deg val_capture=88.00% val_bank=88.00% val_acq_acc=100.00% score=9.800 best=9.423 patience=1/8
temporal epoch=030/100 loss=7.61411 center_teacher=1.000 acq_teacher=1.000 capture=100.00% bank_capture=100.00% acq_acc=100.00% acq_conf=0.722 radius=0.0m pred_step=4.430 target_step=5.317 pred_v=4.762 target_v=5.317 val_mle=8.929m val_p90=11.930m val_speed_mae=4.973 heading=3.7/2.4deg val_progress_mae=8.646m val_heading_mae=32.8deg val_capture=88.00% val_bank=88.00% val_acq_acc=100.00% score=9.742 best=9.423 patience=2/8
temporal epoch=031/100 loss=9.64296 center_teacher=1.000 acq_teacher=1.000 capture=100.00% bank_capture=100.00% acq_acc=100.00% acq_conf=0.722 radius=0.0m pred_step=1.839 target_step=5.317 pred_v=2.609 target_v=5.317 val_mle=9.410m val_p90=12.470m val_speed_mae=2.863 heading=4.0/2.4deg val_progress_mae=9.199m val_heading_mae=32.9deg val_capture=88.00% val_bank=88.00% val_acq_acc=100.00% score=10.135 best=9.423 patience=3/8
temporal epoch=032/100 loss=8.53019 center_teacher=1.000 acq_teacher=1.000 capture=100.00% bank_capture=100.00% acq_acc=100.00% acq_conf=0.723 radius=0.0m pred_step=6.271 target_step=5.317 pred_v=6.309 target_v=5.317 val_mle=8.635m val_p90=11.770m val_speed_mae=4.609 heading=4.2/2.4deg val_progress_mae=8.398m val_heading_mae=33.0deg val_capture=92.00% val_bank=92.00% val_acq_acc=100.00% score=9.344 best=9.344 patience=0/8
temporal epoch=033/100 loss=8.93511 center_teacher=1.000 acq_teacher=1.000 capture=100.00% bank_capture=100.00% acq_acc=100.00% acq_conf=0.721 radius=0.0m pred_step=7.125 target_step=5.317 pred_v=6.934 target_v=5.317 val_mle=9.207m val_p90=12.598m val_speed_mae=2.828 heading=4.1/2.4deg val_progress_mae=8.988m val_heading_mae=33.0deg val_capture=92.00% val_bank=92.00% val_acq_acc=100.00% score=9.844 best=9.344 patience=1/8
temporal epoch=034/100 loss=7.14468 center_teacher=1.000 acq_teacher=1.000 capture=100.00% bank_capture=100.00% acq_acc=100.00% acq_conf=0.723 radius=0.0m pred_step=4.600 target_step=5.317 pred_v=4.925 target_v=5.317 val_mle=8.487m val_p90=11.516m val_speed_mae=4.692 heading=4.8/2.4deg val_progress_mae=8.194m val_heading_mae=32.9deg val_capture=88.00% val_bank=88.00% val_acq_acc=100.00% score=9.273 best=9.273 patience=0/8
temporal epoch=035/100 loss=10.16459 center_teacher=1.000 acq_teacher=1.000 capture=100.00% bank_capture=100.00% acq_acc=100.00% acq_conf=0.722 radius=0.0m pred_step=1.573 target_step=5.317 pred_v=2.389 target_v=5.317 val_mle=8.891m val_p90=12.164m val_speed_mae=2.663 heading=5.0/2.4deg val_progress_mae=8.676m val_heading_mae=33.2deg val_capture=92.00% val_bank=92.00% val_acq_acc=100.00% score=9.511 best=9.273 patience=1/8
temporal epoch=036/100 loss=7.68522 center_teacher=1.000 acq_teacher=1.000 capture=100.00% bank_capture=100.00% acq_acc=100.00% acq_conf=0.719 radius=0.0m pred_step=4.896 target_step=5.317 pred_v=5.290 target_v=5.317 val_mle=8.911m val_p90=12.207m val_speed_mae=2.998 heading=5.8/2.4deg val_progress_mae=8.681m val_heading_mae=33.3deg val_capture=92.00% val_bank=92.00% val_acq_acc=100.00% score=9.548 best=9.273 patience=2/8
temporal epoch=037/100 loss=9.47830 center_teacher=1.000 acq_teacher=1.000 capture=100.00% bank_capture=100.00% acq_acc=100.00% acq_conf=0.721 radius=0.0m pred_step=6.346 target_step=5.317 pred_v=6.217 target_v=5.317 val_mle=9.103m val_p90=12.594m val_speed_mae=2.729 heading=4.6/2.4deg val_progress_mae=8.855m val_heading_mae=33.3deg val_capture=92.00% val_bank=92.00% val_acq_acc=100.00% score=9.731 best=9.273 patience=3/8
temporal epoch=038/100 loss=7.75594 center_teacher=1.000 acq_teacher=1.000 capture=100.00% bank_capture=100.00% acq_acc=100.00% acq_conf=0.724 radius=0.0m pred_step=5.186 target_step=5.317 pred_v=5.298 target_v=5.317 val_mle=9.298m val_p90=12.574m val_speed_mae=2.713 heading=5.7/2.4deg val_progress_mae=9.160m val_heading_mae=33.4deg val_capture=92.00% val_bank=92.00% val_acq_acc=100.00% score=9.936 best=9.273 patience=4/8
temporal epoch=039/100 loss=11.24971 center_teacher=1.000 acq_teacher=1.000 capture=100.00% bank_capture=100.00% acq_acc=100.00% acq_conf=0.715 radius=0.0m pred_step=2.949 target_step=5.317 pred_v=3.988 target_v=5.317 val_mle=8.341m val_p90=11.372m val_speed_mae=2.666 heading=7.9/2.4deg val_progress_mae=8.306m val_heading_mae=33.6deg val_capture=92.00% val_bank=92.00% val_acq_acc=100.00% score=8.951 best=8.951 patience=0/8
temporal epoch=040/100 loss=10.92003 center_teacher=1.000 acq_teacher=1.000 capture=100.00% bank_capture=100.00% acq_acc=100.00% acq_conf=0.715 radius=0.0m pred_step=4.479 target_step=5.317 pred_v=5.298 target_v=5.317 val_mle=9.202m val_p90=12.408m val_speed_mae=3.474 heading=7.5/2.4deg val_progress_mae=9.029m val_heading_mae=33.4deg val_capture=92.00% val_bank=92.00% val_acq_acc=100.00% score=9.873 best=8.951 patience=1/8
temporal epoch=041/100 loss=8.63431 center_teacher=1.000 acq_teacher=1.000 capture=100.00% bank_capture=100.00% acq_acc=100.00% acq_conf=0.718 radius=0.0m pred_step=7.130 target_step=5.317 pred_v=7.232 target_v=5.317 val_mle=8.837m val_p90=12.200m val_speed_mae=2.629 heading=6.1/2.4deg val_progress_mae=8.429m val_heading_mae=33.0deg val_capture=92.00% val_bank=92.00% val_acq_acc=100.00% score=9.448 best=8.951 patience=2/8
temporal epoch=042/100 loss=11.83808 center_teacher=1.000 acq_teacher=1.000 capture=100.00% bank_capture=100.00% acq_acc=100.00% acq_conf=0.719 radius=0.0m pred_step=4.068 target_step=5.317 pred_v=4.287 target_v=5.317 val_mle=9.467m val_p90=12.971m val_speed_mae=3.072 heading=3.1/2.4deg val_progress_mae=9.070m val_heading_mae=32.8deg val_capture=88.00% val_bank=88.00% val_acq_acc=100.00% score=10.198 best=8.951 patience=3/8
temporal epoch=043/100 loss=11.01032 center_teacher=1.000 acq_teacher=1.000 capture=100.00% bank_capture=100.00% acq_acc=100.00% acq_conf=0.720 radius=0.0m pred_step=4.202 target_step=5.317 pred_v=4.387 target_v=5.317 val_mle=8.636m val_p90=11.990m val_speed_mae=2.641 heading=3.8/2.4deg val_progress_mae=8.194m val_heading_mae=33.1deg val_capture=92.00% val_bank=92.00% val_acq_acc=100.00% score=9.240 best=8.951 patience=4/8
temporal epoch=044/100 loss=6.68113 center_teacher=1.000 acq_teacher=1.000 capture=100.00% bank_capture=100.00% acq_acc=100.00% acq_conf=0.723 radius=0.0m pred_step=5.620 target_step=5.317 pred_v=5.770 target_v=5.317 val_mle=9.319m val_p90=12.632m val_speed_mae=3.433 heading=5.3/2.4deg val_progress_mae=8.898m val_heading_mae=33.2deg val_capture=92.00% val_bank=92.00% val_acq_acc=100.00% score=9.984 best=8.951 patience=5/8
temporal epoch=045/100 loss=10.90212 center_teacher=1.000 acq_teacher=1.000 capture=100.00% bank_capture=100.00% acq_acc=100.00% acq_conf=0.718 radius=0.0m pred_step=5.975 target_step=5.317 pred_v=6.577 target_v=5.317 val_mle=8.930m val_p90=12.126m val_speed_mae=2.663 heading=6.8/2.4deg val_progress_mae=8.446m val_heading_mae=33.1deg val_capture=92.00% val_bank=92.00% val_acq_acc=100.00% score=9.542 best=8.951 patience=6/8
temporal epoch=046/100 loss=10.06525 center_teacher=1.000 acq_teacher=1.000 capture=100.00% bank_capture=100.00% acq_acc=100.00% acq_conf=0.714 radius=0.0m pred_step=3.468 target_step=5.317 pred_v=4.375 target_v=5.317 val_mle=8.448m val_p90=11.604m val_speed_mae=2.599 heading=5.8/2.4deg val_progress_mae=7.949m val_heading_mae=33.1deg val_capture=92.00% val_bank=92.00% val_acq_acc=100.00% score=9.042 best=8.951 patience=7/8
temporal epoch=047/100 loss=6.34090 center_teacher=1.000 acq_teacher=1.000 capture=100.00% bank_capture=100.00% acq_acc=100.00% acq_conf=0.721 radius=0.0m pred_step=4.502 target_step=5.317 pred_v=4.900 target_v=5.317 val_mle=9.155m val_p90=12.610m val_speed_mae=2.794 heading=5.4/2.4deg val_progress_mae=8.783m val_heading_mae=33.5deg val_capture=92.00% val_bank=92.00% val_acq_acc=100.00% score=9.785 best=8.951 patience=8/8
EARLY STOP: controlled local-prior validation score did not improve by 0.003 for 8 epochs.
[TRAIN-ONLY V5 CALIBRATION] {"confidence_power": 1.0, "delta2_scale": 0.0, "fixed_variance_m2": 9.0, "objective": 9.301924695434781, "prior_blend_base": 0.05, "prior_blend_cutoff": 0.7, "prior_blend_lowconf_gain": 0.3, "prior_blend_max": 0.3, "q_cross": 0.30000000000000004, "q_progress": 1.125, "q_velocity": 0.75, "stage": "filter", "step_relax_confidence": 0.0, "step_relax_width": 0.05, "step_visual_slack_m": 10.0, "temporal_3frame_scale": 1.1, "val_mle_m": 8.273246565944499, "val_p90_m": 11.169919644110069, "val_progress_mae": 8.18116195244062, "val_speed_mae": 2.663646921853472}
[TRAIN-ONLY V5 NO-KALMAN DIAGNOSTIC] {"mle_m": 8.167836880027508, "p90_m": 11.249114541935723}
