[denseuav] epoch=001/120 loss=4.931744
[denseuav] epoch=005/120 loss=5.961056
[denseuav] epoch=010/120 loss=4.206178
[denseuav] epoch=015/120 loss=3.942561
[denseuav] epoch=020/120 loss=2.335376
[denseuav] epoch=025/120 loss=1.845378
[denseuav] epoch=030/120 loss=1.666675
[denseuav] epoch=035/120 loss=1.316207
[denseuav] epoch=040/120 loss=1.465266
[denseuav] epoch=045/120 loss=1.221512
[denseuav] epoch=050/120 loss=1.339075
[denseuav] epoch=055/120 loss=1.217526
[denseuav] epoch=060/120 loss=1.126159
[denseuav] epoch=065/120 loss=1.049034
[denseuav] epoch=070/120 loss=1.097094
[denseuav] epoch=075/120 loss=0.918606
[denseuav] epoch=080/120 loss=0.918058
[denseuav] epoch=085/120 loss=0.991355
[denseuav] epoch=090/120 loss=0.857217
[denseuav] epoch=095/120 loss=0.978972
[denseuav] epoch=100/120 loss=0.974952
[denseuav] epoch=105/120 loss=0.932684
[denseuav] epoch=110/120 loss=0.923824
[denseuav] epoch=115/120 loss=0.950831
[denseuav] epoch=120/120 loss=0.931554
[4RST] saved /yh/study/uav-sat/v39_otherdata/generated/native_four_rst_baselines/denseuav/cityc/checkpoint.pt
[4RST] denseuav/test_01: R1=33.33% MLE=61.535m LSR15=1.26%
[4RST] denseuav/test_02: R1=35.24% MLE=56.643m LSR15=6.61%
[4RST] DONE denseuav/cityc: R1=34.46% MLE=58.658m
/yh/study/uav-sat/v39_otherdata/external/native_baseline_env/lib/python3.8/site-packages/timm/models/layers/__init__.py:49: FutureWarning: Importing from timm.models.layers is deprecated, please import via timm.layers
  warnings.warn(f"Importing from {__name__} is deprecated, please import via timm.layers", FutureWarning)
