[denseuav] epoch=001/120 loss=5.286844
[denseuav] epoch=005/120 loss=5.966567
[denseuav] epoch=010/120 loss=4.563968
[denseuav] epoch=015/120 loss=4.918423
[denseuav] epoch=020/120 loss=3.875481
[denseuav] epoch=025/120 loss=2.615405
[denseuav] epoch=030/120 loss=2.356020
[denseuav] epoch=035/120 loss=1.689487
[denseuav] epoch=040/120 loss=1.483605
[denseuav] epoch=045/120 loss=1.399486
[denseuav] epoch=050/120 loss=1.310924
[denseuav] epoch=055/120 loss=1.128836
[denseuav] epoch=060/120 loss=1.022560
[denseuav] epoch=065/120 loss=1.034955
[denseuav] epoch=070/120 loss=1.035030
[denseuav] epoch=075/120 loss=0.893988
[denseuav] epoch=080/120 loss=0.897986
[denseuav] epoch=085/120 loss=0.830509
[denseuav] epoch=090/120 loss=1.027516
[denseuav] epoch=095/120 loss=1.003214
[denseuav] epoch=100/120 loss=0.865331
[denseuav] epoch=105/120 loss=0.963948
[denseuav] epoch=110/120 loss=0.882700
[denseuav] epoch=115/120 loss=1.002319
[denseuav] epoch=120/120 loss=1.021932
[4RST] saved /yh/study/uav-sat/v39_otherdata/generated/native_four_rst_baselines/denseuav/cityb/checkpoint.pt
[4RST] denseuav/test_01: R1=34.38% MLE=62.925m LSR15=3.12%
[4RST] denseuav/test_02: R1=33.33% MLE=58.159m LSR15=1.61%
[4RST] DONE denseuav/cityb: R1=33.82% MLE=60.363m
/yh/study/uav-sat/v39_otherdata/external/native_baseline_env/lib/python3.8/site-packages/timm/models/layers/__init__.py:49: FutureWarning: Importing from timm.models.layers is deprecated, please import via timm.layers
  warnings.warn(f"Importing from {__name__} is deprecated, please import via timm.layers", FutureWarning)
