[PREPARED] PASS | city=citya | step=8 m | selection=unrecorded_legacy | existing GT/routes unchanged
[CADENCE] source=train_01_manifest_gt | mean=10.675142 m | p90=17.170058 m | p95=19.094575 m
[OK] clean v39: Weighted Centroid -> original GRU -> original Kalman -> one final MS; pure MS timer enabled
[PATCH OK] simple GRU inputs = mean + delta + delta2 + SAT context + direct SoftMS position + previous state
[PATCH OK] no split/dual/residual gate; no position innovation
[PATCH OK] fixed conservative correction bounds: parallel=0.75m cross=0.50m
[PATCH OK] temporal losses: measurement=2.50 next_step=1.50 velocity=0.10
[V39-BEARING] final-MS route-centerline reference patch: PASS
[ARCH-AUDIT] forward_18: PASS
[ARCH-AUDIT] base_geometry_6x6: PASS
[ARCH-AUDIT] simple_six_block_gru: PASS
[ARCH-AUDIT] one_final_ms_source: PASS
[ARCH-AUDIT] front_decoder_softms: PASS
[ARCH-AUDIT] protocol: PASS
[ARCH-AUDIT] controlled_gt_reference_enabled: PASS
[ARCH-AUDIT] frame_count: PASS
[ARCH-AUDIT] gru_flag: PASS
[ARCH-AUDIT] kalman_flag: PASS
[REUSE] visual checkpoint -> /yh/study/uav-sat/v39_otherdata/iclr_bearing_ablation_fixed_20260920_034028/citya/prepared/v39_output_corrected/checkpoints/visual_retrieval_A_only.pt
[TRAIN] reuse visual checkpoint /yh/study/uav-sat/v39_otherdata/iclr_bearing_ablation_fixed_20260920_034028/citya/train_full/checkpoints/visual_retrieval_A_only.pt
route_A backbone cache: 99/99
temporal split train=[0,67) val=[71,82) route_length=781.2m
Route-A GT mean forward step=10.303m/frame p90=16.876m/frame
temporal epoch=001/80 loss=18.47561 center_teacher=1.000 acq_teacher=1.000 capture=74.63% bank_capture=74.63% acq_acc=100.00% acq_conf=0.440 radius=0.0m pred_step=0.755 target_step=10.303 pred_v=0.751 target_v=10.303 val_mle=4.520m val_p90=7.455m val_speed_mae=10.955 heading=-0.0/-1.6deg val_progress_mae=0.000m val_heading_mae=46.3deg val_capture=9.09% val_bank=9.09% val_acq_acc=100.00% score=33.274 best=33.274 patience=0/4
temporal epoch=002/80 loss=18.32102 center_teacher=1.000 acq_teacher=1.000 capture=74.63% bank_capture=74.63% acq_acc=100.00% acq_conf=0.440 radius=0.0m pred_step=0.797 target_step=10.303 pred_v=0.758 target_v=10.303 val_mle=4.860m val_p90=7.937m val_speed_mae=10.943 heading=-0.4/-1.6deg val_progress_mae=0.000m val_heading_mae=46.3deg val_capture=9.09% val_bank=9.09% val_acq_acc=100.00% score=33.591 best=33.274 patience=1/4
temporal epoch=003/80 loss=18.04392 center_teacher=1.000 acq_teacher=1.000 capture=74.63% bank_capture=74.63% acq_acc=100.00% acq_conf=0.440 radius=0.0m pred_step=0.863 target_step=10.303 pred_v=0.770 target_v=10.303 val_mle=5.396m val_p90=8.988m val_speed_mae=10.927 heading=-0.6/-1.6deg val_progress_mae=0.000m val_heading_mae=46.3deg val_capture=9.09% val_bank=9.09% val_acq_acc=100.00% score=34.094 best=33.274 patience=2/4
temporal epoch=004/80 loss=17.67202 center_teacher=1.000 acq_teacher=1.000 capture=74.63% bank_capture=74.63% acq_acc=100.00% acq_conf=0.440 radius=0.0m pred_step=0.947 target_step=10.303 pred_v=0.786 target_v=10.303 val_mle=6.829m val_p90=11.971m val_speed_mae=10.908 heading=-0.8/-1.6deg val_progress_mae=0.000m val_heading_mae=46.3deg val_capture=9.09% val_bank=9.09% val_acq_acc=100.00% score=35.487 best=33.274 patience=3/4
temporal epoch=005/80 loss=17.23789 center_teacher=1.000 acq_teacher=1.000 capture=74.63% bank_capture=74.63% acq_acc=100.00% acq_conf=0.440 radius=0.0m pred_step=1.051 target_step=10.303 pred_v=0.805 target_v=10.303 val_mle=10.252m val_p90=16.879m val_speed_mae=10.885 heading=-0.9/-1.6deg val_progress_mae=0.000m val_heading_mae=46.3deg val_capture=9.09% val_bank=9.09% val_acq_acc=100.00% score=38.865 best=33.274 patience=4/4
temporal epoch=006/80 loss=16.71257 center_teacher=1.000 acq_teacher=1.000 capture=74.63% bank_capture=74.63% acq_acc=100.00% acq_conf=0.440 radius=0.0m pred_step=1.172 target_step=10.303 pred_v=0.827 target_v=10.303 val_mle=10.319m val_p90=16.916m val_speed_mae=10.858 heading=-0.7/-1.6deg val_progress_mae=0.000m val_heading_mae=46.3deg val_capture=9.09% val_bank=9.09% val_acq_acc=100.00% score=38.879 best=33.274 patience=5/4
temporal epoch=007/80 loss=16.13560 center_teacher=1.000 acq_teacher=1.000 capture=74.63% bank_capture=74.63% acq_acc=100.00% acq_conf=0.440 radius=0.0m pred_step=1.311 target_step=10.303 pred_v=0.853 target_v=10.303 val_mle=10.332m val_p90=16.914m val_speed_mae=10.826 heading=-0.2/-1.6deg val_progress_mae=0.000m val_heading_mae=46.4deg val_capture=9.09% val_bank=9.09% val_acq_acc=100.00% score=38.830 best=33.274 patience=6/4
temporal epoch=008/80 loss=15.99280 center_teacher=1.000 acq_teacher=1.000 capture=80.60% bank_capture=80.60% acq_acc=100.00% acq_conf=0.437 radius=0.0m pred_step=1.477 target_step=10.303 pred_v=0.884 target_v=10.303 val_mle=10.330m val_p90=16.913m val_speed_mae=10.789 heading=0.4/-1.6deg val_progress_mae=0.000m val_heading_mae=46.5deg val_capture=9.09% val_bank=9.09% val_acq_acc=100.00% score=38.757 best=33.274 patience=7/4
temporal epoch=009/80 loss=18.91527 center_teacher=1.000 acq_teacher=1.000 capture=83.58% bank_capture=83.58% acq_acc=100.00% acq_conf=0.437 radius=0.0m pred_step=1.685 target_step=10.303 pred_v=0.922 target_v=10.303 val_mle=10.319m val_p90=16.911m val_speed_mae=10.750 heading=1.4/-1.6deg val_progress_mae=0.000m val_heading_mae=46.6deg val_capture=27.27% val_bank=27.27% val_acq_acc=100.00% score=37.579 best=33.274 patience=8/4
temporal epoch=010/80 loss=19.54249 center_teacher=1.000 acq_teacher=1.000 capture=85.07% bank_capture=85.07% acq_acc=100.00% acq_conf=0.437 radius=0.0m pred_step=1.895 target_step=10.303 pred_v=0.961 target_v=10.303 val_mle=10.321m val_p90=16.909m val_speed_mae=10.711 heading=2.6/-1.6deg val_progress_mae=0.000m val_heading_mae=46.7deg val_capture=27.27% val_bank=27.27% val_acq_acc=100.00% score=37.508 best=33.274 patience=9/4
temporal epoch=011/80 loss=18.31332 center_teacher=1.000 acq_teacher=1.000 capture=85.07% bank_capture=85.07% acq_acc=100.00% acq_conf=0.436 radius=0.0m pred_step=2.117 target_step=10.303 pred_v=1.001 target_v=10.303 val_mle=10.320m val_p90=16.906m val_speed_mae=10.670 heading=4.0/-1.6deg val_progress_mae=0.000m val_heading_mae=46.9deg val_capture=27.27% val_bank=27.27% val_acq_acc=100.00% score=37.431 best=33.274 patience=10/4
temporal epoch=012/80 loss=17.22092 center_teacher=1.000 acq_teacher=1.000 capture=85.07% bank_capture=85.07% acq_acc=100.00% acq_conf=0.435 radius=0.0m pred_step=2.347 target_step=10.303 pred_v=1.042 target_v=10.303 val_mle=10.320m val_p90=16.905m val_speed_mae=10.624 heading=5.9/-1.6deg val_progress_mae=0.000m val_heading_mae=47.1deg val_capture=27.27% val_bank=27.27% val_acq_acc=100.00% score=37.346 best=33.274 patience=11/4
temporal epoch=013/80 loss=16.20214 center_teacher=1.000 acq_teacher=1.000 capture=86.57% bank_capture=86.57% acq_acc=100.00% acq_conf=0.437 radius=0.0m pred_step=2.598 target_step=10.303 pred_v=1.089 target_v=10.303 val_mle=10.343m val_p90=16.901m val_speed_mae=10.567 heading=8.0/-1.6deg val_progress_mae=0.000m val_heading_mae=47.4deg val_capture=27.27% val_bank=27.27% val_acq_acc=100.00% score=37.264 best=33.274 patience=12/4
temporal epoch=014/80 loss=15.76099 center_teacher=1.000 acq_teacher=1.000 capture=88.06% bank_capture=88.06% acq_acc=100.00% acq_conf=0.438 radius=0.0m pred_step=2.910 target_step=10.303 pred_v=1.148 target_v=10.303 val_mle=10.341m val_p90=16.902m val_speed_mae=10.496 heading=10.8/-1.6deg val_progress_mae=0.000m val_heading_mae=47.8deg val_capture=27.27% val_bank=27.27% val_acq_acc=100.00% score=37.132 best=33.274 patience=13/4
temporal epoch=015/80 loss=15.29354 center_teacher=1.000 acq_teacher=1.000 capture=97.01% bank_capture=97.01% acq_acc=100.00% acq_conf=0.436 radius=0.0m pred_step=3.243 target_step=10.303 pred_v=1.221 target_v=10.303 val_mle=10.346m val_p90=16.899m val_speed_mae=10.410 heading=13.7/-1.6deg val_progress_mae=0.000m val_heading_mae=48.4deg val_capture=36.36% val_bank=36.36% val_acq_acc=100.00% score=36.436 best=33.274 patience=14/4
temporal epoch=016/80 loss=14.65334 center_teacher=1.000 acq_teacher=1.000 capture=97.01% bank_capture=97.01% acq_acc=100.00% acq_conf=0.436 radius=0.0m pred_step=3.618 target_step=10.303 pred_v=1.313 target_v=10.303 val_mle=10.342m val_p90=16.902m val_speed_mae=10.303 heading=16.3/-1.6deg val_progress_mae=0.000m val_heading_mae=49.7deg val_capture=36.36% val_bank=36.36% val_acq_acc=100.00% score=36.258 best=33.274 patience=15/4
temporal epoch=017/80 loss=13.87665 center_teacher=1.000 acq_teacher=1.000 capture=97.01% bank_capture=97.01% acq_acc=100.00% acq_conf=0.435 radius=0.0m pred_step=3.996 target_step=10.303 pred_v=1.421 target_v=10.303 val_mle=10.340m val_p90=16.898m val_speed_mae=10.171 heading=18.7/-1.6deg val_progress_mae=0.000m val_heading_mae=50.9deg val_capture=36.36% val_bank=36.36% val_acq_acc=100.00% score=36.028 best=33.274 patience=16/4
temporal epoch=018/80 loss=13.46320 center_teacher=1.000 acq_teacher=1.000 capture=100.00% bank_capture=100.00% acq_acc=100.00% acq_conf=0.430 radius=0.0m pred_step=4.404 target_step=10.303 pred_v=1.564 target_v=10.303 val_mle=10.337m val_p90=16.902m val_speed_mae=10.009 heading=20.1/-1.6deg val_progress_mae=0.000m val_heading_mae=52.3deg val_capture=36.36% val_bank=36.36% val_acq_acc=100.00% score=35.741 best=33.274 patience=17/4
EARLY STOP: controlled local-prior validation score did not improve by 0.020 for 4 epochs.
