[PREPARED] PASS | city=citya | step=8 m | selection=unrecorded_legacy | existing GT/routes unchanged
[CADENCE] source=train_01_manifest_gt | mean=10.675142 m | p90=17.170058 m | p95=19.094575 m
[OK] clean v39: Weighted Centroid -> original GRU -> original Kalman -> one final MS; pure MS timer enabled
[PATCH OK] simple GRU inputs = mean + delta + delta2 + SAT context + direct SoftMS position + previous state
[PATCH OK] no split/dual/residual gate; no position innovation
[PATCH OK] fixed conservative correction bounds: parallel=0.75m cross=0.50m
[PATCH OK] temporal losses: measurement=2.50 next_step=1.50 velocity=0.10
[V39-BEARING] final-MS route-centerline reference patch: PASS
[ARCH-AUDIT] forward_18: PASS
[ARCH-AUDIT] base_geometry_6x6: PASS
[ARCH-AUDIT] simple_six_block_gru: PASS
[ARCH-AUDIT] one_final_ms_source: PASS
[ARCH-AUDIT] front_decoder_softms: PASS
[ARCH-AUDIT] protocol: PASS
[ARCH-AUDIT] controlled_gt_reference_enabled: PASS
[ARCH-AUDIT] frame_count: PASS
[ARCH-AUDIT] gru_flag: PASS
[ARCH-AUDIT] kalman_flag: PASS
route_B: reuse UAV backbone cache

=== citya no_kalman: test_01 ===
route_B final MLE=3.746m P90=6.936m LSR@15=100.00% selected_capture=61.96% bank_capture=61.96% acq_acc=100.00% speed_mae=9.435m/frame progress_mae=1.469m heading_mae=35.1deg jump_rate=1.10% max_step=23.86m final_leg=4 gt_leg=4
route_C: reuse UAV backbone cache

=== citya no_kalman: test_02 ===
route_C final MLE=4.340m P90=7.649m LSR@15=100.00% selected_capture=79.63% bank_capture=79.63% acq_acc=100.00% speed_mae=9.840m/frame progress_mae=1.471m heading_mae=38.3deg jump_rate=0.93% max_step=24.79m final_leg=4 gt_leg=4
[DONE] /yh/study/uav-sat/v39_otherdata/iclr_bearing_ablation_fixed_20260920_034028/citya/variants/no_kalman/bearing_v39_summary.json
