[TURN-DIVERSITY-AUDIT] PASS
{
  "city": "citya",
  "routes": {
    "test_01": {
      "source": "Bearing-UAV official wps34bc_50.json",
      "waypoints": 13,
      "turn_delta_mod360_deg": [
        283.3,
        110.1,
        45.3,
        356.4,
        271.1,
        346.3,
        336.9,
        310.7,
        3.7,
        356.2,
        268.3
      ],
      "meaningful_20_350_deg": [
        283.3,
        110.1,
        45.3,
        271.1,
        346.3,
        336.9,
        310.7,
        268.3
      ]
    },
    "test_02": {
      "source": "Bearing-UAV official wps34bc_51.json",
      "waypoints": 10,
      "turn_delta_mod360_deg": [
        20.4,
        78.9,
        262.7,
        87.3,
        257.5,
        118.3,
        246.7,
        107.6
      ],
      "meaningful_20_350_deg": [
        20.4,
        78.9,
        262.7,
        87.3,
        257.5,
        118.3,
        246.7,
        107.6
      ]
    }
  },
  "combined": {
    "meaningful_turn_count": 16,
    "occupied_turn_bins": [
      0,
      1,
      4,
      5
    ],
    "near_90_fraction": 0.4375,
    "rule": "meaningful delta in [20,350] deg; >=4 bins across two tests; <=65% near 90deg"
  }
}
