[PREPARED] PASS | city=citya | step=8 m | selection=unrecorded_legacy | existing GT/routes unchanged
[CADENCE] source=train_01_manifest_gt | mean=10.675142 m | p90=17.170058 m | p95=19.094575 m
[OK] clean v39: Weighted Centroid -> original GRU -> original Kalman -> one final MS; pure MS timer enabled
[PATCH OK] simple GRU inputs = mean + delta + delta2 + SAT context + direct SoftMS position + previous state
[PATCH OK] no split/dual/residual gate; no position innovation
[PATCH OK] fixed conservative correction bounds: parallel=0.75m cross=0.50m
[PATCH OK] temporal losses: measurement=2.50 next_step=1.50 velocity=0.10
[V39-BEARING] final-MS route-centerline reference patch: PASS
[ARCH-AUDIT] forward_18: PASS
[ARCH-AUDIT] base_geometry_6x6: PASS
[ARCH-AUDIT] simple_six_block_gru: PASS
[ARCH-AUDIT] one_final_ms_source: PASS
[ARCH-AUDIT] front_decoder_not_ms: PASS
[ARCH-AUDIT] protocol: PASS
[ARCH-AUDIT] controlled_gt_reference_enabled: PASS
[ARCH-AUDIT] frame_count: PASS
[ARCH-AUDIT] gru_flag: PASS
[ARCH-AUDIT] kalman_flag: PASS
[REUSE] visual checkpoint -> /yh/study/uav-sat/v39_otherdata/iclr_bearing_ablation_20260920_031858/citya/prepared/v39_output_corrected/checkpoints/visual_retrieval_A_only.pt
[TRAIN] reuse visual checkpoint /yh/study/uav-sat/v39_otherdata/iclr_bearing_ablation_20260920_031858/citya/train_full/checkpoints/visual_retrieval_A_only.pt
route_A backbone cache: 99/99
temporal split train=[0,67) val=[71,82) route_length=781.2m
Route-A GT mean forward step=10.238m/frame p90=16.876m/frame
temporal epoch=001/80 loss=18.75087 center_teacher=1.000 acq_teacher=1.000 capture=74.63% bank_capture=74.63% acq_acc=100.00% acq_conf=0.389 radius=0.0m pred_step=0.756 target_step=10.238 pred_v=0.751 target_v=10.238 val_mle=4.575m val_p90=7.553m val_speed_mae=10.954 heading=-0.0/-1.6deg val_progress_mae=0.000m val_heading_mae=46.3deg val_capture=9.09% val_bank=9.09% val_acq_acc=100.00% score=33.327 best=33.327 patience=0/4
temporal epoch=002/80 loss=18.61575 center_teacher=1.000 acq_teacher=1.000 capture=74.63% bank_capture=74.63% acq_acc=100.00% acq_conf=0.389 radius=0.0m pred_step=0.807 target_step=10.238 pred_v=0.760 target_v=10.238 val_mle=5.112m val_p90=8.456m val_speed_mae=10.940 heading=-0.3/-1.6deg val_progress_mae=0.000m val_heading_mae=46.3deg val_capture=9.09% val_bank=9.09% val_acq_acc=100.00% score=33.834 best=33.327 patience=1/4
temporal epoch=003/80 loss=18.37537 center_teacher=1.000 acq_teacher=1.000 capture=74.63% bank_capture=74.63% acq_acc=100.00% acq_conf=0.389 radius=0.0m pred_step=0.889 target_step=10.238 pred_v=0.775 target_v=10.238 val_mle=6.061m val_p90=10.357m val_speed_mae=10.921 heading=-0.6/-1.6deg val_progress_mae=0.000m val_heading_mae=46.3deg val_capture=9.09% val_bank=9.09% val_acq_acc=100.00% score=34.745 best=33.327 patience=2/4
temporal epoch=004/80 loss=18.05879 center_teacher=1.000 acq_teacher=1.000 capture=74.63% bank_capture=74.63% acq_acc=100.00% acq_conf=0.389 radius=0.0m pred_step=0.994 target_step=10.238 pred_v=0.794 target_v=10.238 val_mle=8.111m val_p90=13.914m val_speed_mae=10.897 heading=-0.7/-1.6deg val_progress_mae=0.000m val_heading_mae=46.3deg val_capture=9.09% val_bank=9.09% val_acq_acc=100.00% score=36.749 best=33.327 patience=3/4
temporal epoch=005/80 loss=17.68361 center_teacher=1.000 acq_teacher=1.000 capture=74.63% bank_capture=74.63% acq_acc=100.00% acq_conf=0.389 radius=0.0m pred_step=1.121 target_step=10.238 pred_v=0.817 target_v=10.238 val_mle=10.320m val_p90=16.894m val_speed_mae=10.869 heading=-0.6/-1.6deg val_progress_mae=0.000m val_heading_mae=46.3deg val_capture=9.09% val_bank=9.09% val_acq_acc=100.00% score=38.901 best=33.327 patience=4/4
temporal epoch=006/80 loss=17.22841 center_teacher=1.000 acq_teacher=1.000 capture=74.63% bank_capture=74.63% acq_acc=100.00% acq_conf=0.389 radius=0.0m pred_step=1.275 target_step=10.238 pred_v=0.846 target_v=10.238 val_mle=10.337m val_p90=16.893m val_speed_mae=10.834 heading=-0.2/-1.6deg val_progress_mae=0.000m val_heading_mae=46.4deg val_capture=9.09% val_bank=9.09% val_acq_acc=100.00% score=38.851 best=33.327 patience=5/4
temporal epoch=007/80 loss=17.15646 center_teacher=1.000 acq_teacher=1.000 capture=80.60% bank_capture=80.60% acq_acc=100.00% acq_conf=0.385 radius=0.0m pred_step=1.470 target_step=10.238 pred_v=0.882 target_v=10.238 val_mle=10.337m val_p90=16.892m val_speed_mae=10.792 heading=0.5/-1.6deg val_progress_mae=0.000m val_heading_mae=46.5deg val_capture=9.09% val_bank=9.09% val_acq_acc=100.00% score=38.769 best=33.327 patience=6/4
temporal epoch=008/80 loss=23.13496 center_teacher=1.000 acq_teacher=1.000 capture=85.07% bank_capture=85.07% acq_acc=100.00% acq_conf=0.386 radius=0.0m pred_step=1.689 target_step=10.238 pred_v=0.923 target_v=10.238 val_mle=10.325m val_p90=16.893m val_speed_mae=10.744 heading=1.4/-1.6deg val_progress_mae=0.000m val_heading_mae=46.6deg val_capture=27.27% val_bank=27.27% val_acq_acc=100.00% score=37.574 best=33.327 patience=7/4
temporal epoch=009/80 loss=22.21961 center_teacher=1.000 acq_teacher=1.000 capture=85.07% bank_capture=85.07% acq_acc=100.00% acq_conf=0.386 radius=0.0m pred_step=1.941 target_step=10.238 pred_v=0.971 target_v=10.238 val_mle=10.324m val_p90=16.893m val_speed_mae=10.693 heading=2.6/-1.6deg val_progress_mae=0.000m val_heading_mae=46.8deg val_capture=27.27% val_bank=27.27% val_acq_acc=100.00% score=37.476 best=33.327 patience=8/4
temporal epoch=010/80 loss=21.19819 center_teacher=1.000 acq_teacher=1.000 capture=85.07% bank_capture=85.07% acq_acc=100.00% acq_conf=0.385 radius=0.0m pred_step=2.206 target_step=10.238 pred_v=1.022 target_v=10.238 val_mle=10.320m val_p90=16.891m val_speed_mae=10.636 heading=4.3/-1.6deg val_progress_mae=0.000m val_heading_mae=47.0deg val_capture=27.27% val_bank=27.27% val_acq_acc=100.00% score=37.364 best=33.327 patience=9/4
temporal epoch=011/80 loss=20.15442 center_teacher=1.000 acq_teacher=1.000 capture=85.07% bank_capture=85.07% acq_acc=100.00% acq_conf=0.383 radius=0.0m pred_step=2.516 target_step=10.238 pred_v=1.082 target_v=10.238 val_mle=10.317m val_p90=16.892m val_speed_mae=10.570 heading=6.4/-1.6deg val_progress_mae=0.000m val_heading_mae=47.2deg val_capture=27.27% val_bank=27.27% val_acq_acc=100.00% score=37.238 best=33.327 patience=10/4
temporal epoch=012/80 loss=19.80977 center_teacher=1.000 acq_teacher=1.000 capture=88.06% bank_capture=88.06% acq_acc=100.00% acq_conf=0.386 radius=0.0m pred_step=2.856 target_step=10.238 pred_v=1.151 target_v=10.238 val_mle=10.342m val_p90=16.891m val_speed_mae=10.493 heading=9.0/-1.6deg val_progress_mae=0.000m val_heading_mae=47.6deg val_capture=27.27% val_bank=27.27% val_acq_acc=100.00% score=37.119 best=33.327 patience=11/4
temporal epoch=013/80 loss=18.82630 center_teacher=1.000 acq_teacher=1.000 capture=89.55% bank_capture=89.55% acq_acc=100.00% acq_conf=0.383 radius=0.0m pred_step=3.236 target_step=10.238 pred_v=1.234 target_v=10.238 val_mle=10.347m val_p90=16.889m val_speed_mae=10.397 heading=12.2/-1.6deg val_progress_mae=0.000m val_heading_mae=48.0deg val_capture=36.36% val_bank=36.36% val_acq_acc=100.00% score=36.400 best=33.327 patience=12/4
temporal epoch=014/80 loss=18.27610 center_teacher=1.000 acq_teacher=1.000 capture=97.01% bank_capture=97.01% acq_acc=100.00% acq_conf=0.383 radius=0.0m pred_step=3.642 target_step=10.238 pred_v=1.335 target_v=10.238 val_mle=10.350m val_p90=16.892m val_speed_mae=10.280 heading=15.4/-1.6deg val_progress_mae=0.000m val_heading_mae=49.3deg val_capture=36.36% val_bank=36.36% val_acq_acc=100.00% score=36.205 best=33.327 patience=13/4
temporal epoch=015/80 loss=17.49835 center_teacher=1.000 acq_teacher=1.000 capture=97.01% bank_capture=97.01% acq_acc=100.00% acq_conf=0.382 radius=0.0m pred_step=4.038 target_step=10.238 pred_v=1.454 target_v=10.238 val_mle=10.347m val_p90=16.890m val_speed_mae=10.134 heading=17.9/-1.6deg val_progress_mae=0.000m val_heading_mae=50.7deg val_capture=36.36% val_bank=36.36% val_acq_acc=100.00% score=35.954 best=33.327 patience=14/4
temporal epoch=016/80 loss=17.24010 center_teacher=1.000 acq_teacher=1.000 capture=100.00% bank_capture=100.00% acq_acc=100.00% acq_conf=0.378 radius=0.0m pred_step=4.466 target_step=10.238 pred_v=1.607 target_v=10.238 val_mle=10.345m val_p90=16.892m val_speed_mae=9.958 heading=19.8/-1.6deg val_progress_mae=0.000m val_heading_mae=52.2deg val_capture=36.36% val_bank=36.36% val_acq_acc=100.00% score=35.646 best=33.327 patience=15/4
temporal epoch=017/80 loss=16.86853 center_teacher=1.000 acq_teacher=1.000 capture=100.00% bank_capture=100.00% acq_acc=100.00% acq_conf=0.378 radius=0.0m pred_step=4.893 target_step=10.238 pred_v=1.793 target_v=10.238 val_mle=10.343m val_p90=16.893m val_speed_mae=9.753 heading=20.7/-1.6deg val_progress_mae=0.000m val_heading_mae=53.4deg val_capture=36.36% val_bank=36.36% val_acq_acc=100.00% score=35.269 best=33.327 patience=16/4
temporal epoch=018/80 loss=16.53358 center_teacher=1.000 acq_teacher=1.000 capture=100.00% bank_capture=100.00% acq_acc=100.00% acq_conf=0.378 radius=0.0m pred_step=5.288 target_step=10.238 pred_v=2.000 target_v=10.238 val_mle=10.342m val_p90=16.893m val_speed_mae=9.521 heading=21.0/-1.6deg val_progress_mae=0.000m val_heading_mae=54.1deg val_capture=36.36% val_bank=36.36% val_acq_acc=100.00% score=34.824 best=33.327 patience=17/4
EARLY STOP: controlled local-prior validation score did not improve by 0.020 for 4 epochs.
