[PREPARED] PASS | city=cityc | step=4 m | selection=soft_sequence_v13_multicity_auto_train_fullroute | existing GT/routes unchanged
[CADENCE] source=experiment_route_stats_train_01 | mean=5.807527 m | p90=11.516146 m | p95=13.307293 m
[OK] clean v39 runtime: Forward-18 SoftMS -> GRU -> Kalman -> one final MeanShift
[OK] weighted-centroid decoder removed from generated runtime source
[PATCH OK] GRU = current + delta + delta2 + SAT + SoftMS position + visual displacement + previous state
[PATCH OK] 3-frame delta2 directly corrects acceleration + next_step
[PATCH OK] training/validation/inference motion starts from current-city cadence
[PATCH OK] Kalman = smooth confidence-adaptive measurement-preserving residual fusion
[PATCH OK] step corridor = continuous confidence relaxation
[PATCH OK] no held-out navigation result is read by this patch
[V39-BEARING] final-MS route-centerline reference patch: PASS
[ARCH-AUDIT] forward_18: PASS
[ARCH-AUDIT] base_geometry_6x6: PASS
[ARCH-AUDIT] front_softms_source: PASS
[ARCH-AUDIT] one_final_ms_source: PASS
[ARCH-AUDIT] front_decoder_softms: PASS
[ARCH-AUDIT] simple_seven_block_gru: PASS
[ARCH-AUDIT] residual_motion_head: PASS
[ARCH-AUDIT] causal_visual_displacement: PASS
[ARCH-AUDIT] cadence_initialized_tracker: PASS
[ARCH-AUDIT] motion_training_inference_aligned: PASS
[ARCH-AUDIT] training_city_motion_scale_init: PASS
[ARCH-AUDIT] forward_origin_backshift_covers_jitter: PASS
[ARCH-AUDIT] protocol: PASS
[ARCH-AUDIT] controlled_gt_reference_enabled: PASS
[ARCH-AUDIT] frame_count: PASS
[ARCH-AUDIT] gru_flag: PASS
[ARCH-AUDIT] kalman_flag: PASS
route_B: reuse UAV backbone cache

=== cityc no_ms: nav50 ===
route_B final MLE=7.520m P90=13.100m LSR@15=96.23% selected_capture=100.00% bank_capture=100.00% acq_acc=100.00% speed_mae=2.921m/frame progress_mae=3.242m heading_mae=37.2deg jump_rate=3.80% max_step=20.80m final_leg=11 gt_leg=11
route_C: reuse UAV backbone cache

=== cityc no_ms: nav51 ===
route_C final MLE=6.404m P90=10.841m LSR@15=98.68% selected_capture=100.00% bank_capture=100.00% acq_acc=100.00% speed_mae=3.479m/frame progress_mae=4.473m heading_mae=36.3deg jump_rate=11.06% max_step=27.12m final_leg=9 gt_leg=9
[DONE] /yh/study/uav-sat/v39_otherdata/output/run_20260921_203550/frozen_v5/cityc/variants/no_ms/bearing_v39_summary.json
