[PREPARED] PASS | city=cityd | step=4 m | selection=soft_sequence_v13_multicity_auto_train_fullroute | existing GT/routes unchanged
[CADENCE] source=experiment_route_stats_train_01 | mean=5.465267 m | p90=10.039383 m | p95=12.083230 m
[OK] clean v39 runtime: Forward-18 SoftMS -> GRU -> Kalman -> one final MeanShift
[OK] weighted-centroid decoder removed from generated runtime source
[PATCH OK] GRU = current + delta + delta2 + SAT + SoftMS position + visual displacement + previous state
[PATCH OK] 3-frame delta2 directly corrects acceleration + next_step
[PATCH OK] training/validation/inference motion starts from current-city cadence
[PATCH OK] Kalman = smooth confidence-adaptive measurement-preserving residual fusion
[PATCH OK] step corridor = continuous confidence relaxation
[PATCH OK] no held-out navigation result is read by this patch
[V39-BEARING] final-MS route-centerline reference patch: PASS
[ARCH-AUDIT] forward_18: PASS
[ARCH-AUDIT] base_geometry_6x6: PASS
[ARCH-AUDIT] front_softms_source: PASS
[ARCH-AUDIT] one_final_ms_source: PASS
[ARCH-AUDIT] front_decoder_softms: PASS
[ARCH-AUDIT] simple_seven_block_gru: PASS
[ARCH-AUDIT] residual_motion_head: PASS
[ARCH-AUDIT] causal_visual_displacement: PASS
[ARCH-AUDIT] cadence_initialized_tracker: PASS
[ARCH-AUDIT] motion_training_inference_aligned: PASS
[ARCH-AUDIT] training_city_motion_scale_init: PASS
[ARCH-AUDIT] forward_origin_backshift_covers_jitter: PASS
[ARCH-AUDIT] protocol: PASS
[ARCH-AUDIT] controlled_gt_reference_enabled: PASS
[ARCH-AUDIT] frame_count: PASS
[ARCH-AUDIT] gru_flag: PASS
[ARCH-AUDIT] kalman_flag: PASS
[TRAIN] reuse visual checkpoint /yh/study/uav-sat/v39_otherdata/output/run_20260921_203550/frozen_v5/cityd/train_frames2/checkpoints/visual_retrieval_A_only.pt
route_A: reuse UAV backbone cache
temporal split train=[0,136) val=[140,166) route_length=789.4m
City training-sequence mean forward step=5.530m/frame p90=10.147m/frame
temporal epoch=001/100 loss=15.66879 center_teacher=1.000 acq_teacher=1.000 capture=100.00% bank_capture=100.00% acq_acc=100.00% acq_conf=0.643 radius=0.0m pred_step=5.212 target_step=5.530 pred_v=5.242 target_v=5.530 val_mle=10.247m val_p90=12.554m val_speed_mae=3.000 heading=-0.0/0.7deg val_progress_mae=10.247m val_heading_mae=30.5deg val_capture=96.15% val_bank=96.15% val_acq_acc=100.00% score=10.843 best=10.843 patience=0/4
temporal epoch=002/100 loss=15.67463 center_teacher=1.000 acq_teacher=1.000 capture=100.00% bank_capture=100.00% acq_acc=100.00% acq_conf=0.643 radius=0.0m pred_step=4.422 target_step=5.530 pred_v=4.542 target_v=5.530 val_mle=10.075m val_p90=12.383m val_speed_mae=2.913 heading=-0.1/0.7deg val_progress_mae=10.068m val_heading_mae=30.5deg val_capture=96.15% val_bank=96.15% val_acq_acc=100.00% score=10.660 best=10.660 patience=0/4
temporal epoch=003/100 loss=15.37013 center_teacher=1.000 acq_teacher=1.000 capture=100.00% bank_capture=100.00% acq_acc=100.00% acq_conf=0.643 radius=0.0m pred_step=4.873 target_step=5.530 pred_v=4.944 target_v=5.530 val_mle=9.805m val_p90=12.120m val_speed_mae=2.915 heading=-0.2/0.7deg val_progress_mae=9.790m val_heading_mae=30.5deg val_capture=96.15% val_bank=96.15% val_acq_acc=100.00% score=10.382 best=10.382 patience=0/4
temporal epoch=004/100 loss=15.21262 center_teacher=1.000 acq_teacher=1.000 capture=100.00% bank_capture=100.00% acq_acc=100.00% acq_conf=0.643 radius=0.0m pred_step=5.583 target_step=5.530 pred_v=5.575 target_v=5.530 val_mle=9.475m val_p90=11.790m val_speed_mae=2.916 heading=-0.1/0.7deg val_progress_mae=9.448m val_heading_mae=30.5deg val_capture=96.15% val_bank=96.15% val_acq_acc=100.00% score=10.043 best=10.043 patience=0/4
temporal epoch=005/100 loss=15.00621 center_teacher=1.000 acq_teacher=1.000 capture=100.00% bank_capture=100.00% acq_acc=100.00% acq_conf=0.642 radius=0.0m pred_step=5.466 target_step=5.530 pred_v=5.478 target_v=5.530 val_mle=9.127m val_p90=11.432m val_speed_mae=2.912 heading=0.1/0.7deg val_progress_mae=9.085m val_heading_mae=30.5deg val_capture=96.15% val_bank=96.15% val_acq_acc=100.00% score=9.683 best=9.683 patience=0/4
temporal epoch=006/100 loss=14.87351 center_teacher=1.000 acq_teacher=1.000 capture=100.00% bank_capture=100.00% acq_acc=100.00% acq_conf=0.642 radius=0.0m pred_step=4.718 target_step=5.530 pred_v=4.828 target_v=5.530 val_mle=8.795m val_p90=11.097m val_speed_mae=2.966 heading=0.2/0.7deg val_progress_mae=8.738m val_heading_mae=30.5deg val_capture=96.15% val_bank=96.15% val_acq_acc=100.00% score=9.343 best=9.343 patience=0/4
temporal epoch=007/100 loss=14.69029 center_teacher=1.000 acq_teacher=1.000 capture=100.00% bank_capture=100.00% acq_acc=100.00% acq_conf=0.642 radius=0.0m pred_step=4.584 target_step=5.530 pred_v=4.717 target_v=5.530 val_mle=8.491m val_p90=10.803m val_speed_mae=2.913 heading=0.1/0.7deg val_progress_mae=8.417m val_heading_mae=30.5deg val_capture=96.15% val_bank=96.15% val_acq_acc=100.00% score=9.027 best=9.027 patience=0/4
temporal epoch=008/100 loss=14.43735 center_teacher=1.000 acq_teacher=1.000 capture=100.00% bank_capture=100.00% acq_acc=100.00% acq_conf=0.642 radius=0.0m pred_step=5.155 target_step=5.530 pred_v=5.225 target_v=5.530 val_mle=8.243m val_p90=10.554m val_speed_mae=2.916 heading=0.0/0.7deg val_progress_mae=8.153m val_heading_mae=30.5deg val_capture=96.15% val_bank=96.15% val_acq_acc=100.00% score=8.772 best=8.772 patience=0/4
temporal epoch=009/100 loss=14.39653 center_teacher=1.000 acq_teacher=1.000 capture=100.00% bank_capture=100.00% acq_acc=100.00% acq_conf=0.642 radius=0.0m pred_step=5.640 target_step=5.530 pred_v=5.655 target_v=5.530 val_mle=8.039m val_p90=10.349m val_speed_mae=2.915 heading=-0.0/0.7deg val_progress_mae=7.934m val_heading_mae=30.5deg val_capture=96.15% val_bank=96.15% val_acq_acc=100.00% score=8.561 best=8.561 patience=0/4
temporal epoch=010/100 loss=14.31198 center_teacher=1.000 acq_teacher=1.000 capture=100.00% bank_capture=100.00% acq_acc=100.00% acq_conf=0.642 radius=0.0m pred_step=5.448 target_step=5.530 pred_v=5.481 target_v=5.530 val_mle=7.873m val_p90=10.188m val_speed_mae=2.912 heading=0.0/0.7deg val_progress_mae=7.754m val_heading_mae=30.5deg val_capture=96.15% val_bank=96.15% val_acq_acc=100.00% score=8.389 best=8.389 patience=0/4
temporal epoch=011/100 loss=14.24518 center_teacher=1.000 acq_teacher=1.000 capture=100.00% bank_capture=100.00% acq_acc=100.00% acq_conf=0.642 radius=0.0m pred_step=4.897 target_step=5.530 pred_v=4.992 target_v=5.530 val_mle=7.747m val_p90=10.061m val_speed_mae=2.921 heading=0.1/0.7deg val_progress_mae=7.618m val_heading_mae=30.5deg val_capture=96.15% val_bank=96.15% val_acq_acc=100.00% score=8.259 best=8.259 patience=0/4
temporal epoch=012/100 loss=14.27639 center_teacher=1.000 acq_teacher=1.000 capture=100.00% bank_capture=100.00% acq_acc=100.00% acq_conf=0.642 radius=0.0m pred_step=4.579 target_step=5.530 pred_v=4.708 target_v=5.530 val_mle=7.630m val_p90=9.954m val_speed_mae=2.911 heading=0.2/0.7deg val_progress_mae=7.492m val_heading_mae=30.5deg val_capture=96.15% val_bank=96.15% val_acq_acc=100.00% score=8.138 best=8.138 patience=0/4
temporal epoch=013/100 loss=14.16102 center_teacher=1.000 acq_teacher=1.000 capture=100.00% bank_capture=100.00% acq_acc=100.00% acq_conf=0.642 radius=0.0m pred_step=5.024 target_step=5.530 pred_v=5.098 target_v=5.530 val_mle=7.537m val_p90=9.864m val_speed_mae=2.913 heading=0.2/0.7deg val_progress_mae=7.393m val_heading_mae=30.5deg val_capture=96.15% val_bank=96.15% val_acq_acc=100.00% score=8.042 best=8.042 patience=0/4
temporal epoch=014/100 loss=14.13919 center_teacher=1.000 acq_teacher=1.000 capture=100.00% bank_capture=100.00% acq_acc=100.00% acq_conf=0.642 radius=0.0m pred_step=5.488 target_step=5.530 pred_v=5.505 target_v=5.530 val_mle=7.458m val_p90=9.783m val_speed_mae=2.912 heading=0.1/0.7deg val_progress_mae=7.309m val_heading_mae=30.5deg val_capture=96.15% val_bank=96.15% val_acq_acc=100.00% score=7.961 best=7.961 patience=0/4
temporal epoch=015/100 loss=14.05693 center_teacher=1.000 acq_teacher=1.000 capture=100.00% bank_capture=100.00% acq_acc=100.00% acq_conf=0.642 radius=0.0m pred_step=5.147 target_step=5.530 pred_v=5.203 target_v=5.530 val_mle=7.395m val_p90=9.709m val_speed_mae=2.908 heading=0.1/0.7deg val_progress_mae=7.243m val_heading_mae=30.5deg val_capture=96.15% val_bank=96.15% val_acq_acc=100.00% score=7.896 best=7.896 patience=0/4
temporal epoch=016/100 loss=14.06230 center_teacher=1.000 acq_teacher=1.000 capture=100.00% bank_capture=100.00% acq_acc=100.00% acq_conf=0.642 radius=0.0m pred_step=4.698 target_step=5.530 pred_v=4.806 target_v=5.530 val_mle=7.344m val_p90=9.651m val_speed_mae=2.907 heading=0.1/0.7deg val_progress_mae=7.190m val_heading_mae=30.5deg val_capture=96.15% val_bank=96.15% val_acq_acc=100.00% score=7.843 best=7.843 patience=0/4
temporal epoch=017/100 loss=14.01524 center_teacher=1.000 acq_teacher=1.000 capture=100.00% bank_capture=100.00% acq_acc=100.00% acq_conf=0.642 radius=0.0m pred_step=4.869 target_step=5.530 pred_v=4.955 target_v=5.530 val_mle=7.310m val_p90=9.620m val_speed_mae=2.909 heading=0.2/0.7deg val_progress_mae=7.157m val_heading_mae=30.5deg val_capture=96.15% val_bank=96.15% val_acq_acc=100.00% score=7.808 best=7.808 patience=0/4
temporal epoch=018/100 loss=14.01385 center_teacher=1.000 acq_teacher=1.000 capture=100.00% bank_capture=100.00% acq_acc=100.00% acq_conf=0.642 radius=0.0m pred_step=5.480 target_step=5.530 pred_v=5.493 target_v=5.530 val_mle=7.276m val_p90=9.588m val_speed_mae=2.905 heading=0.2/0.7deg val_progress_mae=7.123m val_heading_mae=30.5deg val_capture=96.15% val_bank=96.15% val_acq_acc=100.00% score=7.773 best=7.773 patience=0/4
temporal epoch=019/100 loss=13.93617 center_teacher=1.000 acq_teacher=1.000 capture=100.00% bank_capture=100.00% acq_acc=100.00% acq_conf=0.642 radius=0.0m pred_step=4.914 target_step=5.530 pred_v=4.994 target_v=5.530 val_mle=7.253m val_p90=9.558m val_speed_mae=2.900 heading=0.2/0.7deg val_progress_mae=7.101m val_heading_mae=30.5deg val_capture=96.15% val_bank=96.15% val_acq_acc=100.00% score=7.749 best=7.749 patience=0/4
temporal epoch=020/100 loss=13.90699 center_teacher=1.000 acq_teacher=1.000 capture=100.00% bank_capture=100.00% acq_acc=100.00% acq_conf=0.642 radius=0.0m pred_step=4.690 target_step=5.530 pred_v=4.798 target_v=5.530 val_mle=7.234m val_p90=9.551m val_speed_mae=2.957 heading=0.2/0.7deg val_progress_mae=7.084m val_heading_mae=30.5deg val_capture=96.15% val_bank=96.15% val_acq_acc=100.00% score=7.732 best=7.732 patience=0/4
temporal epoch=021/100 loss=14.08638 center_teacher=1.000 acq_teacher=1.000 capture=100.00% bank_capture=100.00% acq_acc=100.00% acq_conf=0.642 radius=0.0m pred_step=5.910 target_step=5.530 pred_v=5.872 target_v=5.530 val_mle=7.201m val_p90=9.520m val_speed_mae=2.892 heading=0.2/0.7deg val_progress_mae=7.052m val_heading_mae=30.5deg val_capture=96.15% val_bank=96.15% val_acq_acc=100.00% score=7.695 best=7.695 patience=0/4
temporal epoch=022/100 loss=13.99422 center_teacher=1.000 acq_teacher=1.000 capture=100.00% bank_capture=100.00% acq_acc=100.00% acq_conf=0.642 radius=0.0m pred_step=4.251 target_step=5.530 pred_v=4.416 target_v=5.530 val_mle=7.201m val_p90=9.524m val_speed_mae=2.910 heading=0.3/0.7deg val_progress_mae=7.055m val_heading_mae=30.5deg val_capture=96.15% val_bank=96.15% val_acq_acc=100.00% score=7.696 best=7.695 patience=1/4
temporal epoch=023/100 loss=14.36496 center_teacher=1.000 acq_teacher=1.000 capture=100.00% bank_capture=100.00% acq_acc=100.00% acq_conf=0.642 radius=0.0m pred_step=6.114 target_step=5.530 pred_v=6.059 target_v=5.530 val_mle=7.202m val_p90=9.528m val_speed_mae=2.951 heading=0.2/0.7deg val_progress_mae=7.058m val_heading_mae=30.5deg val_capture=96.15% val_bank=96.15% val_acq_acc=100.00% score=7.699 best=7.695 patience=2/4
temporal epoch=024/100 loss=13.67116 center_teacher=1.000 acq_teacher=1.000 capture=100.00% bank_capture=100.00% acq_acc=100.00% acq_conf=0.642 radius=0.0m pred_step=4.976 target_step=5.530 pred_v=5.064 target_v=5.530 val_mle=7.206m val_p90=9.524m val_speed_mae=3.489 heading=0.1/0.7deg val_progress_mae=7.065m val_heading_mae=30.5deg val_capture=96.15% val_bank=96.15% val_acq_acc=100.00% score=7.730 best=7.695 patience=3/4
temporal epoch=025/100 loss=14.21499 center_teacher=1.000 acq_teacher=1.000 capture=100.00% bank_capture=100.00% acq_acc=100.00% acq_conf=0.642 radius=0.0m pred_step=3.615 target_step=5.530 pred_v=3.869 target_v=5.530 val_mle=7.262m val_p90=9.604m val_speed_mae=8.551 heading=0.2/0.7deg val_progress_mae=7.127m val_heading_mae=30.5deg val_capture=96.15% val_bank=96.15% val_acq_acc=100.00% score=8.041 best=7.695 patience=4/4
EARLY STOP: controlled local-prior validation score did not improve by 0.003 for 4 epochs.
