[PATCH OK] v39_otherdata/bearing_iclr_ablation.py
[PATCH OK] dataset domains = citya/cityb/cityc/cityd; paper labels = nav50/nav51
[PATCH OK] active runner = Forward-18 SoftMS -> residual temporal GRU -> constrained Kalman -> final MeanShift
[PATCH OK] recurrent/Kalman state starts at current-city training cadence
[PATCH OK] Kalman profile is selected from current-city training validation only
[PATCH OK] 1/2/3-frame rows use separately trained temporal checkpoints
[PATCH OK] no held-out nav50/nav51 metric was read or modified
[TEMPORAL V5] direct delta2 acceleration + next-step supervision: PASS
[PATCH ORDER] legacy 5-block Context-GRU prepatch disabled: PASS
[CALIBRATION V5] direct delta2 + residual Kalman train-validation search: PASS
[RUNNER V5] patience=4, next-step=3.0, acceleration=0.50: PASS
[PRE-RUN AUDIT] single_city_runner: PASS
[PRE-RUN AUDIT] other_cities_not_looped: PASS
[PRE-RUN AUDIT] patience_is_4: PASS
[PRE-RUN AUDIT] fresh_prepare_current_city_only: PASS
[PRE-RUN AUDIT] legacy_context_gru_disabled: PASS
[PRE-RUN AUDIT] active_runner_has_no_legacy_centroid_decoder: PASS
[PRE-RUN AUDIT] runner_requests_front_softms: PASS
[PRE-RUN AUDIT] quadratic_next_step: PASS
[PRE-RUN AUDIT] separate_1_2_3_checkpoints: PASS
[PRE-RUN AUDIT] seven_block_current_delta_delta2_gru: PASS
[PRE-RUN AUDIT] direct_delta2_acceleration: PASS
[PRE-RUN AUDIT] direct_delta2_next_step: PASS
[PRE-RUN AUDIT] smooth_measurement_preserving_kalman: PASS
[PRE-RUN AUDIT] continuous_step_relaxation: PASS
[PRE-RUN AUDIT] raw_visual_previous_measurement: PASS
[PRE-RUN AUDIT] v5_train_only_calibration: PASS
[PRE-RUN AUDIT] calibration_loads_delta2: PASS
[PRE-RUN AUDIT] forward_backshift_enabled: PASS
================================================================================
[FRESH BEARING PREP] ONLY citya
[FRESH BEARING PREP] source=/yh/study/cvpr_data/Bearing_UAV_90K
[FRESH BEARING PREP] cityb/cityc/cityd WILL NOT RUN unless CITY is changed
================================================================================
[TURN-DIVERSITY-AUDIT] PASS
{
  "city": "citya",
  "routes": {
    "test_01": {
      "source": "Bearing-UAV official wps34bc_50.json",
      "waypoints": 13,
      "turn_delta_mod360_deg": [
        283.3,
        110.1,
        45.3,
        356.4,
        271.1,
        346.3,
        336.9,
        310.7,
        3.7,
        356.2,
        268.3
      ],
      "meaningful_20_350_deg": [
        283.3,
        110.1,
        45.3,
        271.1,
        346.3,
        336.9,
        310.7,
        268.3
      ]
    },
    "test_02": {
      "source": "Bearing-UAV official wps34bc_51.json",
      "waypoints": 10,
      "turn_delta_mod360_deg": [
        20.4,
        78.9,
        262.7,
        87.3,
        257.5,
        118.3,
        246.7,
        107.6
      ],
      "meaningful_20_350_deg": [
        20.4,
        78.9,
        262.7,
        87.3,
        257.5,
        118.3,
        246.7,
        107.6
      ]
    }
  },
  "combined": {
    "meaningful_turn_count": 16,
    "occupied_turn_bins": [
      0,
      1,
      4,
      5
    ],
    "near_90_fraction": 0.4375,
    "rule": "meaningful delta in [20,350] deg; >=4 bins across two tests; <=65% near 90deg"
  }
}
[TRAIN-ROUTE-PROBE] city=citya profile=strict
{
  "train_01": {
    "candidate": "train_01",
    "status": "incomplete",
    "full": false,
    "frames": 69,
    "targets": 196,
    "selected_ratio": 0.3520408163265306,
    "first_target": 0,
    "last_target": 68,
    "target_span_ratio": 0.3487179487179487,
    "start_m": 5.804329994309351,
    "end_m": 515.1246222932574,
    "worst_waypoint_m": 514.3056322441687,
    "centerline_cross_p90_m": 5.305720337836609,
    "same_leg_lateral_delta_p90_m": 3.2817689573489477,
    "backward_step_pct": 16.176470588235293,
    "actual_step_p90_m": 9.799217511627667
  },
  "train_02": {
    "candidate": "train_02",
    "status": "ok",
    "full": true,
    "frames": 197,
    "targets": 198,
    "selected_ratio": 0.9949494949494949,
    "first_target": 0,
    "last_target": 197,
    "target_span_ratio": 1.0,
    "start_m": 4.391737694279891,
    "end_m": 4.911050001289654,
    "worst_waypoint_m": 8.79032624556273,
    "centerline_cross_p90_m": 6.30269879605136,
    "same_leg_lateral_delta_p90_m": 5.018402467134978,
    "backward_step_pct": 15.306122448979592,
    "actual_step_p90_m": 10.30482089483257
  },
  "train_03": {
    "candidate": "train_03",
    "status": "ok",
    "full": true,
    "frames": 148,
    "targets": 203,
    "selected_ratio": 0.729064039408867,
    "first_target": 0,
    "last_target": 202,
    "target_span_ratio": 1.0,
    "start_m": 8.525114405535442,
    "end_m": 4.3251508242687144,
    "worst_waypoint_m": 6.723658556506802,
    "centerline_cross_p90_m": 5.458798712802741,
    "same_leg_lateral_delta_p90_m": 3.5938513786901556,
    "backward_step_pct": 4.081632653061225,
    "actual_step_p90_m": 12.722837455366925
  }
}
[SEQUENCE-V12-FULLROUTE] train_01 {
  "split": "train",
  "planned_length_m": 789.4022056368694,
  "waypoints": 6,
  "frames": 197,
  "sample_step_m": 4.0,
  "selection_version": "soft_sequence_v13_multicity_auto_train_fullroute",
  "max_sample_distance_m": 10.0,
  "preferred_step_m": 4.0,
  "safety_max_step_m": 22.0,
  "point_cross_weight": 20.0,
  "lateral_smooth_weight": 35.0,
  "big_turn_threshold_deg": 20.0,
  "heading_weight_px_per_deg": 0.0,
  "targets": 198,
  "dense_frames_before_prune": 197,
  "dense_selected_ratio": 0.9949494949494949,
  "selected_ratio": 0.9949494949494949,
  "prune_keep_ratio": 1.0,
  "skipped_targets": 1,
  "per_leg_prune": [
    {
      "leg": 0,
      "dense": 197,
      "kept": 197,
      "coverage": 1.0,
      "mode": "dense_fallback_for_coverage",
      "first_target": 0,
      "last_target": 197
    }
  ],
  "mean_target_error_m": 5.747569397366028,
  "max_target_error_m": 9.978593103149521,
  "centerline_cross_mean_m": 3.1600280155693405,
  "centerline_cross_p90_m": 6.30269879605136,
  "centerline_cross_max_m": 9.434099618495399,
  "same_leg_lateral_delta_p90_m": 5.018402467134978,
  "same_leg_lateral_delta_max_m": 10.193748326605382,
  "actual_step_mean_m": 5.603307075897074,
  "actual_step_p50_m": 5.052065465116305,
  "actual_step_p90_m": 10.30482089483257,
  "actual_step_p95_m": 11.938275300306024,
  "actual_step_max_m": 20.0168060887281,
  "step_over_7m_pct": 29.591836734693878,
  "step_over_10m_pct": 11.224489795918368,
  "step_over_14m_pct": 1.530612244897959,
  "cross_step_p90_m": 5.018402467135028,
  "backward_step_pct": 15.306122448979592,
  "same_leg_backward_step_pct": 15.306122448979592,
  "max_cross_track_rule_m": 8.5,
  "max_same_leg_lateral_jump_rule_m": 4.0,
  "max_same_leg_backward_rule_m": 0.25
}
[SEQUENCE-V12-FULLROUTE] test_01 {
  "split": "inference",
  "planned_length_m": 750.8491472570564,
  "waypoints": 13,
  "frames": 162,
  "sample_step_m": 4.0,
  "selection_version": "soft_sequence_v13_multicity_auto_train_fullroute",
  "max_sample_distance_m": 10.0,
  "preferred_step_m": 4.0,
  "safety_max_step_m": 22.0,
  "point_cross_weight": 20.0,
  "lateral_smooth_weight": 35.0,
  "big_turn_threshold_deg": 20.0,
  "heading_weight_px_per_deg": 0.0,
  "targets": 189,
  "dense_frames_before_prune": 189,
  "dense_selected_ratio": 1.0,
  "selected_ratio": 0.8571428571428571,
  "prune_keep_ratio": 0.8571428571428571,
  "skipped_targets": 27,
  "per_leg_prune": [
    {
      "leg": 0,
      "dense": 37,
      "kept": 37,
      "coverage": 1.0,
      "mode": "dense_fallback_for_coverage",
      "first_target": 0,
      "last_target": 36
    },
    {
      "leg": 1,
      "dense": 23,
      "kept": 15,
      "coverage": 1.0,
      "mode": "smoothed_full_span",
      "first_target": 37,
      "last_target": 59
    },
    {
      "leg": 2,
      "dense": 20,
      "kept": 20,
      "coverage": 1.0,
      "mode": "dense_fallback_for_coverage",
      "first_target": 60,
      "last_target": 79
    },
    {
      "leg": 3,
      "dense": 19,
      "kept": 19,
      "coverage": 1.0,
      "mode": "dense_fallback_for_coverage",
      "first_target": 80,
      "last_target": 98
    },
    {
      "leg": 4,
      "dense": 23,
      "kept": 16,
      "coverage": 1.0,
      "mode": "smoothed_full_span",
      "first_target": 99,
      "last_target": 121
    },
    {
      "leg": 5,
      "dense": 28,
      "kept": 21,
      "coverage": 0.9259259259259259,
      "mode": "smoothed_full_span",
      "first_target": 122,
      "last_target": 149
    },
    {
      "leg": 6,
      "dense": 28,
      "kept": 23,
      "coverage": 0.9259259259259259,
      "mode": "smoothed_full_span",
      "first_target": 150,
      "last_target": 177
    },
    {
      "leg": 7,
      "dense": 11,
      "kept": 11,
      "coverage": 1.0,
      "mode": "dense_fallback_for_coverage",
      "first_target": 178,
      "last_target": 188
    }
  ],
  "mean_target_error_m": 5.474449626567724,
  "max_target_error_m": 9.733826927400344,
  "centerline_cross_mean_m": 3.121796934260484,
  "centerline_cross_p90_m": 5.772535489692385,
  "centerline_cross_max_m": 9.576889052884747,
  "same_leg_lateral_delta_p90_m": 3.93062343887843,
  "same_leg_lateral_delta_max_m": 13.012427108992998,
  "actual_step_mean_m": 5.979458051828475,
  "actual_step_p50_m": 4.891639775925316,
  "actual_step_p90_m": 11.499078333762215,
  "actual_step_p95_m": 13.40170432476803,
  "actual_step_max_m": 17.34246988115543,
  "step_over_7m_pct": 32.298136645962735,
  "step_over_10m_pct": 14.285714285714285,
  "step_over_14m_pct": 4.3478260869565215,
  "cross_step_p90_m": 4.038115453613788,
  "backward_step_pct": 11.180124223602485,
  "same_leg_backward_step_pct": 9.937888198757763,
  "max_cross_track_rule_m": 8.5,
  "max_same_leg_lateral_jump_rule_m": 4.0,
  "max_same_leg_backward_rule_m": 0.25
}
[SEQUENCE-V12-FULLROUTE] test_02 {
  "split": "inference",
  "planned_length_m": 1052.8979954325384,
  "waypoints": 10,
  "frames": 205,
  "sample_step_m": 4.0,
  "selection_version": "soft_sequence_v13_multicity_auto_train_fullroute",
  "max_sample_distance_m": 10.0,
  "preferred_step_m": 4.0,
  "safety_max_step_m": 22.0,
  "point_cross_weight": 20.0,
  "lateral_smooth_weight": 35.0,
  "big_turn_threshold_deg": 20.0,
  "heading_weight_px_per_deg": 0.0,
  "targets": 264,
  "dense_frames_before_prune": 264,
  "dense_selected_ratio": 1.0,
  "selected_ratio": 0.7765151515151515,
  "prune_keep_ratio": 0.7765151515151515,
  "skipped_targets": 59,
  "per_leg_prune": [
    {
      "leg": 0,
      "dense": 21,
      "kept": 17,
      "coverage": 1.0,
      "mode": "smoothed_full_span",
      "first_target": 0,
      "last_target": 20
    },
    {
      "leg": 1,
      "dense": 24,
      "kept": 15,
      "coverage": 0.9565217391304348,
      "mode": "smoothed_full_span",
      "first_target": 21,
      "last_target": 44
    },
    {
      "leg": 2,
      "dense": 27,
      "kept": 18,
      "coverage": 1.0,
      "mode": "smoothed_full_span",
      "first_target": 45,
      "last_target": 71
    },
    {
      "leg": 3,
      "dense": 37,
      "kept": 31,
      "coverage": 1.0,
      "mode": "smoothed_full_span",
      "first_target": 72,
      "last_target": 108
    },
    {
      "leg": 4,
      "dense": 28,
      "kept": 28,
      "coverage": 1.0,
      "mode": "dense_fallback_for_coverage",
      "first_target": 109,
      "last_target": 136
    },
    {
      "leg": 5,
      "dense": 37,
      "kept": 22,
      "coverage": 1.0,
      "mode": "smoothed_full_span",
      "first_target": 137,
      "last_target": 173
    },
    {
      "leg": 6,
      "dense": 30,
      "kept": 21,
      "coverage": 1.0,
      "mode": "smoothed_full_span",
      "first_target": 174,
      "last_target": 203
    },
    {
      "leg": 7,
      "dense": 34,
      "kept": 34,
      "coverage": 1.0,
      "mode": "dense_fallback_for_coverage",
      "first_target": 204,
      "last_target": 237
    },
    {
      "leg": 8,
      "dense": 26,
      "kept": 19,
      "coverage": 1.0,
      "mode": "smoothed_full_span",
      "first_target": 238,
      "last_target": 263
    }
  ],
  "mean_target_error_m": 5.568805564114464,
  "max_target_error_m": 9.98729682367195,
  "centerline_cross_mean_m": 3.3552894684484005,
  "centerline_cross_p90_m": 6.777544940452791,
  "centerline_cross_max_m": 8.164351375577855,
  "same_leg_lateral_delta_p90_m": 3.9347373702959123,
  "same_leg_lateral_delta_max_m": 6.2347360210471265,
  "actual_step_mean_m": 6.15376779124752,
  "actual_step_p50_m": 5.301699261890776,
  "actual_step_p90_m": 11.384493069752446,
  "actual_step_p95_m": 13.99212123983621,
  "actual_step_max_m": 19.79083412428393,
  "step_over_7m_pct": 31.372549019607842,
  "step_over_10m_pct": 15.196078431372548,
  "step_over_14m_pct": 5.392156862745098,
  "cross_step_p90_m": 3.9593205187909586,
  "backward_step_pct": 6.372549019607843,
  "same_leg_backward_step_pct": 4.901960784313726,
  "max_cross_track_rule_m": 8.5,
  "max_same_leg_lateral_jump_rule_m": 4.0,
  "max_same_leg_backward_rule_m": 0.25
}
[DONE] experiment: /yh/study/uav-sat/v39_otherdata/output/run_20260921_203550/frozen_v5/citya/prepared__building/experiment.json
[MULTICITY-PREP] PASS city=citya Route-A source=train_02 profile=strict
{
  "train_01": {
    "frames": 197,
    "waypoints": 6,
    "start_m": 4.391737790941201,
    "end_m": 4.91104964755124,
    "worst_waypoint_m": 8.790326098509231
  },
  "test_01": {
    "frames": 162,
    "waypoints": 13,
    "start_m": 8.655479517461297,
    "end_m": 2.2136991895278166,
    "worst_waypoint_m": 7.372929818545167
  },
  "test_02": {
    "frames": 205,
    "waypoints": 10,
    "start_m": 3.89779200847352,
    "end_m": 7.7180862873394895,
    "worst_waypoint_m": 7.269611489125477
  }
}
================================================================================
Bearing-UAV SINGLE-CITY ablation v4
CITY            : citya
Held-out tracks : nav50 / nav51 inside citya
Patience        : 4
Architecture    : Forward18 SoftMS -> 3-frame delta2 residual GRU
                  -> confidence-adaptive residual Kalman
                  -> final MeanShift -> XY
Other cities    : NOT RUN
================================================================================
[PREPARED] PASS | city=citya | step=4 m | selection=soft_sequence_v13_multicity_auto_train_fullroute | existing GT/routes unchanged
[CADENCE] source=experiment_route_stats_train_01 | mean=5.603307 m | p90=10.304821 m | p95=11.938275 m
[TRAIN START] citya frames=1 GPU0 patience=4
[PREPARED] PASS | city=citya | step=4 m | selection=soft_sequence_v13_multicity_auto_train_fullroute | existing GT/routes unchanged
[CADENCE] source=experiment_route_stats_train_01 | mean=5.603307 m | p90=10.304821 m | p95=11.938275 m
[OK] clean v39 runtime: Forward-18 SoftMS -> GRU -> Kalman -> one final MeanShift
[OK] weighted-centroid decoder removed from generated runtime source
[PATCH OK] GRU = current + delta + delta2 + SAT + SoftMS position + visual displacement + previous state
[PATCH OK] 3-frame delta2 directly corrects acceleration + next_step
[PATCH OK] training/validation/inference motion starts from current-city cadence
[PATCH OK] Kalman = smooth confidence-adaptive measurement-preserving residual fusion
[PATCH OK] step corridor = continuous confidence relaxation
[PATCH OK] no held-out navigation result is read by this patch
[V39-BEARING] final-MS route-centerline reference patch: PASS
[ARCH-AUDIT] forward_18: PASS
[ARCH-AUDIT] base_geometry_6x6: PASS
[ARCH-AUDIT] front_softms_source: PASS
[ARCH-AUDIT] one_final_ms_source: PASS
[ARCH-AUDIT] front_decoder_softms: PASS
[ARCH-AUDIT] simple_seven_block_gru: PASS
[ARCH-AUDIT] residual_motion_head: PASS
[ARCH-AUDIT] causal_visual_displacement: PASS
[ARCH-AUDIT] cadence_initialized_tracker: PASS
[ARCH-AUDIT] motion_training_inference_aligned: PASS
[ARCH-AUDIT] training_city_motion_scale_init: PASS
[ARCH-AUDIT] forward_origin_backshift_covers_jitter: PASS
[ARCH-AUDIT] protocol: PASS
[ARCH-AUDIT] controlled_gt_reference_enabled: PASS
[ARCH-AUDIT] frame_count: PASS
[ARCH-AUDIT] gru_flag: PASS
[ARCH-AUDIT] kalman_flag: PASS
satellite backbone cache: 256/47961
satellite backbone cache: 5376/47961
satellite backbone cache: 10496/47961
satellite backbone cache: 15616/47961
satellite backbone cache: 20736/47961
satellite backbone cache: 25856/47961
satellite backbone cache: 30976/47961
satellite backbone cache: 36096/47961
satellite backbone cache: 41216/47961
satellite backbone cache: 46336/47961
satellite backbone cache: 47961/47961
satellite gallery size=47961
Route A backbone cache: 197/197
Route A visual candidate capture=100.00%
visual epoch=001/30 loss=4.39271 val_softms_mle=9.776m val_p90=14.516m val_lsr10=46.15%
visual epoch=002/30 loss=4.17336 val_softms_mle=9.555m val_p90=14.985m val_lsr10=50.00%
visual epoch=003/30 loss=4.08229 val_softms_mle=8.049m val_p90=12.222m val_lsr10=65.38%
visual epoch=004/30 loss=3.73398 val_softms_mle=8.033m val_p90=12.216m val_lsr10=65.38%
visual epoch=005/30 loss=3.72741 val_softms_mle=7.891m val_p90=11.909m val_lsr10=61.54%
visual epoch=006/30 loss=3.56674 val_softms_mle=8.267m val_p90=12.812m val_lsr10=57.69%
visual epoch=007/30 loss=3.47017 val_softms_mle=9.295m val_p90=14.326m val_lsr10=53.85%
visual epoch=008/30 loss=3.47041 val_softms_mle=9.615m val_p90=14.219m val_lsr10=57.69%
visual epoch=009/30 loss=3.54842 val_softms_mle=10.044m val_p90=14.519m val_lsr10=46.15%
visual epoch=010/30 loss=3.42043 val_softms_mle=10.555m val_p90=15.023m val_lsr10=38.46%
visual epoch=011/30 loss=3.08881 val_softms_mle=11.510m val_p90=15.487m val_lsr10=26.92%
visual epoch=012/30 loss=3.07146 val_softms_mle=12.297m val_p90=16.400m val_lsr10=23.08%
visual epoch=013/30 loss=3.04806 val_softms_mle=12.260m val_p90=16.805m val_lsr10=30.77%
visual early stopping: Route A validation stopped improving
best Route A visual validation SoftMS MLE=7.891m
route_A backbone cache: 197/197
temporal split train=[0,135) val=[139,165) route_length=789.4m
City training-sequence mean forward step=5.543m/frame p90=10.326m/frame
temporal epoch=001/100 loss=12.13166 center_teacher=1.000 acq_teacher=1.000 capture=100.00% bank_capture=100.00% acq_acc=100.00% acq_conf=0.719 radius=0.0m pred_step=5.584 target_step=5.543 pred_v=5.587 target_v=5.543 val_mle=11.498m val_p90=13.373m val_speed_mae=3.056 heading=-0.1/-1.7deg val_progress_mae=10.789m val_heading_mae=39.8deg val_capture=96.15% val_bank=96.15% val_acq_acc=100.00% score=12.131 best=12.131 patience=0/4
temporal epoch=002/100 loss=12.18261 center_teacher=1.000 acq_teacher=1.000 capture=100.00% bank_capture=100.00% acq_acc=100.00% acq_conf=0.720 radius=0.0m pred_step=4.925 target_step=5.543 pred_v=5.003 target_v=5.543 val_mle=11.431m val_p90=13.302m val_speed_mae=3.311 heading=-0.4/-1.7deg val_progress_mae=10.713m val_heading_mae=39.8deg val_capture=96.15% val_bank=96.15% val_acq_acc=100.00% score=12.075 best=12.075 patience=0/4
temporal epoch=003/100 loss=12.11456 center_teacher=1.000 acq_teacher=1.000 capture=100.00% bank_capture=100.00% acq_acc=100.00% acq_conf=0.720 radius=0.0m pred_step=4.785 target_step=5.543 pred_v=4.869 target_v=5.543 val_mle=11.330m val_p90=13.201m val_speed_mae=3.069 heading=-0.4/-1.7deg val_progress_mae=10.599m val_heading_mae=39.8deg val_capture=96.15% val_bank=96.15% val_acq_acc=100.00% score=11.958 best=11.958 patience=0/4
temporal epoch=004/100 loss=11.93385 center_teacher=1.000 acq_teacher=1.000 capture=100.00% bank_capture=100.00% acq_acc=100.00% acq_conf=0.718 radius=0.0m pred_step=5.084 target_step=5.543 pred_v=5.119 target_v=5.543 val_mle=11.203m val_p90=13.075m val_speed_mae=2.908 heading=-0.2/-1.7deg val_progress_mae=10.456m val_heading_mae=39.7deg val_capture=96.15% val_bank=96.15% val_acq_acc=100.00% score=11.819 best=11.819 patience=0/4
temporal epoch=005/100 loss=11.80599 center_teacher=1.000 acq_teacher=1.000 capture=100.00% bank_capture=100.00% acq_acc=100.00% acq_conf=0.719 radius=0.0m pred_step=5.374 target_step=5.543 pred_v=5.364 target_v=5.543 val_mle=11.059m val_p90=12.926m val_speed_mae=2.895 heading=-0.1/-1.7deg val_progress_mae=10.291m val_heading_mae=39.7deg val_capture=96.15% val_bank=96.15% val_acq_acc=100.00% score=11.669 best=11.669 patience=0/4
temporal epoch=006/100 loss=11.69671 center_teacher=1.000 acq_teacher=1.000 capture=100.00% bank_capture=100.00% acq_acc=100.00% acq_conf=0.719 radius=0.0m pred_step=5.352 target_step=5.543 pred_v=5.338 target_v=5.543 val_mle=10.895m val_p90=12.755m val_speed_mae=2.956 heading=-0.1/-1.7deg val_progress_mae=10.102m val_heading_mae=39.7deg val_capture=96.15% val_bank=96.15% val_acq_acc=100.00% score=11.503 best=11.503 patience=0/4
temporal epoch=007/100 loss=11.61371 center_teacher=1.000 acq_teacher=1.000 capture=100.00% bank_capture=100.00% acq_acc=100.00% acq_conf=0.719 radius=0.0m pred_step=5.055 target_step=5.543 pred_v=5.071 target_v=5.543 val_mle=10.719m val_p90=12.572m val_speed_mae=3.201 heading=-0.2/-1.7deg val_progress_mae=9.895m val_heading_mae=39.8deg val_capture=96.15% val_bank=96.15% val_acq_acc=100.00% score=11.332 best=11.332 patience=0/4
temporal epoch=008/100 loss=11.60616 center_teacher=1.000 acq_teacher=1.000 capture=100.00% bank_capture=100.00% acq_acc=100.00% acq_conf=0.719 radius=0.0m pred_step=4.756 target_step=5.543 pred_v=4.800 target_v=5.543 val_mle=10.538m val_p90=12.391m val_speed_mae=3.259 heading=-0.3/-1.7deg val_progress_mae=9.689m val_heading_mae=39.8deg val_capture=96.15% val_bank=96.15% val_acq_acc=100.00% score=11.148 best=11.148 patience=0/4
temporal epoch=009/100 loss=11.45302 center_teacher=1.000 acq_teacher=1.000 capture=100.00% bank_capture=100.00% acq_acc=100.00% acq_conf=0.720 radius=0.0m pred_step=4.708 target_step=5.543 pred_v=4.742 target_v=5.543 val_mle=10.356m val_p90=12.230m val_speed_mae=2.954 heading=-0.3/-1.7deg val_progress_mae=9.489m val_heading_mae=39.7deg val_capture=96.15% val_bank=96.15% val_acq_acc=100.00% score=10.945 best=10.945 patience=0/4
temporal epoch=010/100 loss=11.28540 center_teacher=1.000 acq_teacher=1.000 capture=100.00% bank_capture=100.00% acq_acc=100.00% acq_conf=0.718 radius=0.0m pred_step=5.117 target_step=5.543 pred_v=5.076 target_v=5.543 val_mle=10.214m val_p90=12.107m val_speed_mae=2.878 heading=-0.2/-1.7deg val_progress_mae=9.334m val_heading_mae=39.7deg val_capture=96.15% val_bank=96.15% val_acq_acc=100.00% score=10.794 best=10.794 patience=0/4
temporal epoch=011/100 loss=11.20862 center_teacher=1.000 acq_teacher=1.000 capture=100.00% bank_capture=100.00% acq_acc=100.00% acq_conf=0.719 radius=0.0m pred_step=5.289 target_step=5.543 pred_v=5.199 target_v=5.543 val_mle=10.122m val_p90=12.032m val_speed_mae=2.877 heading=-0.2/-1.7deg val_progress_mae=9.236m val_heading_mae=39.7deg val_capture=96.15% val_bank=96.15% val_acq_acc=100.00% score=10.700 best=10.700 patience=0/4
temporal epoch=012/100 loss=11.14832 center_teacher=1.000 acq_teacher=1.000 capture=100.00% bank_capture=100.00% acq_acc=100.00% acq_conf=0.719 radius=0.0m pred_step=5.123 target_step=5.543 pred_v=5.032 target_v=5.543 val_mle=10.051m val_p90=11.991m val_speed_mae=2.883 heading=-0.2/-1.7deg val_progress_mae=9.158m val_heading_mae=39.7deg val_capture=96.15% val_bank=96.15% val_acq_acc=100.00% score=10.627 best=10.627 patience=0/4
temporal epoch=013/100 loss=11.12619 center_teacher=1.000 acq_teacher=1.000 capture=100.00% bank_capture=100.00% acq_acc=100.00% acq_conf=0.719 radius=0.0m pred_step=5.033 target_step=5.543 pred_v=4.937 target_v=5.543 val_mle=10.019m val_p90=11.979m val_speed_mae=2.875 heading=-0.2/-1.7deg val_progress_mae=9.121m val_heading_mae=39.7deg val_capture=96.15% val_bank=96.15% val_acq_acc=100.00% score=10.593 best=10.593 patience=0/4
temporal epoch=014/100 loss=11.13692 center_teacher=1.000 acq_teacher=1.000 capture=100.00% bank_capture=100.00% acq_acc=100.00% acq_conf=0.719 radius=0.0m pred_step=5.201 target_step=5.543 pred_v=5.072 target_v=5.543 val_mle=10.008m val_p90=11.990m val_speed_mae=2.968 heading=-0.2/-1.7deg val_progress_mae=9.106m val_heading_mae=39.7deg val_capture=96.15% val_bank=96.15% val_acq_acc=100.00% score=10.586 best=10.586 patience=0/4
temporal epoch=015/100 loss=11.16253 center_teacher=1.000 acq_teacher=1.000 capture=100.00% bank_capture=100.00% acq_acc=100.00% acq_conf=0.719 radius=0.0m pred_step=5.466 target_step=5.543 pred_v=5.298 target_v=5.543 val_mle=10.006m val_p90=12.001m val_speed_mae=2.863 heading=-0.1/-1.7deg val_progress_mae=9.101m val_heading_mae=39.7deg val_capture=96.15% val_bank=96.15% val_acq_acc=100.00% score=10.579 best=10.579 patience=0/4
temporal epoch=016/100 loss=10.98279 center_teacher=1.000 acq_teacher=1.000 capture=100.00% bank_capture=100.00% acq_acc=100.00% acq_conf=0.719 radius=0.0m pred_step=4.900 target_step=5.543 pred_v=4.802 target_v=5.543 val_mle=10.034m val_p90=12.055m val_speed_mae=2.919 heading=-0.1/-1.7deg val_progress_mae=9.130m val_heading_mae=39.7deg val_capture=96.15% val_bank=96.15% val_acq_acc=100.00% score=10.610 best=10.579 patience=1/4
temporal epoch=017/100 loss=11.16758 center_teacher=1.000 acq_teacher=1.000 capture=100.00% bank_capture=100.00% acq_acc=100.00% acq_conf=0.719 radius=0.0m pred_step=5.402 target_step=5.543 pred_v=5.246 target_v=5.543 val_mle=10.095m val_p90=12.151m val_speed_mae=3.306 heading=-0.0/-1.7deg val_progress_mae=9.198m val_heading_mae=39.7deg val_capture=96.15% val_bank=96.15% val_acq_acc=100.00% score=10.692 best=10.579 patience=2/4
temporal epoch=018/100 loss=11.32354 center_teacher=1.000 acq_teacher=1.000 capture=100.00% bank_capture=100.00% acq_acc=100.00% acq_conf=0.719 radius=0.0m pred_step=5.978 target_step=5.543 pred_v=5.761 target_v=5.543 val_mle=10.165m val_p90=12.254m val_speed_mae=3.384 heading=-0.1/-1.7deg val_progress_mae=9.276m val_heading_mae=39.7deg val_capture=96.15% val_bank=96.15% val_acq_acc=100.00% score=10.768 best=10.579 patience=3/4
temporal epoch=019/100 loss=11.10036 center_teacher=1.000 acq_teacher=1.000 capture=100.00% bank_capture=100.00% acq_acc=100.00% acq_conf=0.719 radius=0.0m pred_step=4.046 target_step=5.543 pred_v=4.081 target_v=5.543 val_mle=10.223m val_p90=12.318m val_speed_mae=3.396 heading=-0.1/-1.7deg val_progress_mae=9.345m val_heading_mae=39.7deg val_capture=96.15% val_bank=96.15% val_acq_acc=100.00% score=10.829 best=10.579 patience=4/4
EARLY STOP: controlled local-prior validation score did not improve by 0.003 for 4 epochs.
[TRAIN DONE] citya frames=1
[TEMPORAL FAIRNESS] frame1/frame2/frame3 share one visual checkpoint
[TRAIN START] citya frames=2 GPU5 patience=4
[TRAIN START] citya frames=3 GPU6 patience=4
[PREPARED] PASS | city=citya | step=4 m | selection=soft_sequence_v13_multicity_auto_train_fullroute | existing GT/routes unchanged
[CADENCE] source=experiment_route_stats_train_01 | mean=5.603307 m | p90=10.304821 m | p95=11.938275 m
[PREPARED] PASS | city=citya | step=4 m | selection=soft_sequence_v13_multicity_auto_train_fullroute | existing GT/routes unchanged
[CADENCE] source=experiment_route_stats_train_01 | mean=5.603307 m | p90=10.304821 m | p95=11.938275 m
[OK] clean v39 runtime: Forward-18 SoftMS -> GRU -> Kalman -> one final MeanShift
[OK] weighted-centroid decoder removed from generated runtime source
[OK] clean v39 runtime: Forward-18 SoftMS -> GRU -> Kalman -> one final MeanShift
[OK] weighted-centroid decoder removed from generated runtime source
[PATCH OK] GRU = current + delta + delta2 + SAT + SoftMS position + visual displacement + previous state
[PATCH OK] 3-frame delta2 directly corrects acceleration + next_step
[PATCH OK] training/validation/inference motion starts from current-city cadence
[PATCH OK] Kalman = smooth confidence-adaptive measurement-preserving residual fusion
[PATCH OK] step corridor = continuous confidence relaxation
[PATCH OK] no held-out navigation result is read by this patch
[PATCH OK] GRU = current + delta + delta2 + SAT + SoftMS position + visual displacement + previous state
[PATCH OK] 3-frame delta2 directly corrects acceleration + next_step
[PATCH OK] training/validation/inference motion starts from current-city cadence
[PATCH OK] Kalman = smooth confidence-adaptive measurement-preserving residual fusion
[PATCH OK] step corridor = continuous confidence relaxation
[PATCH OK] no held-out navigation result is read by this patch
[V39-BEARING] final-MS route-centerline reference patch: PASS
[V39-BEARING] final-MS route-centerline reference patch: PASS
[ARCH-AUDIT] forward_18: PASS
[ARCH-AUDIT] base_geometry_6x6: PASS
[ARCH-AUDIT] front_softms_source: PASS
[ARCH-AUDIT] one_final_ms_source: PASS
[ARCH-AUDIT] front_decoder_softms: PASS
[ARCH-AUDIT] simple_seven_block_gru: PASS
[ARCH-AUDIT] residual_motion_head: PASS
[ARCH-AUDIT] causal_visual_displacement: PASS
[ARCH-AUDIT] cadence_initialized_tracker: PASS
[ARCH-AUDIT] motion_training_inference_aligned: PASS
[ARCH-AUDIT] training_city_motion_scale_init: PASS
[ARCH-AUDIT] forward_origin_backshift_covers_jitter: PASS
[ARCH-AUDIT] protocol: PASS
[ARCH-AUDIT] controlled_gt_reference_enabled: PASS
[ARCH-AUDIT] frame_count: PASS
[ARCH-AUDIT] gru_flag: PASS
[ARCH-AUDIT] kalman_flag: PASS
[TRAIN] reuse visual checkpoint /yh/study/uav-sat/v39_otherdata/output/run_20260921_203550/frozen_v5/citya/train_frames2/checkpoints/visual_retrieval_A_only.pt
[ARCH-AUDIT] forward_18: PASS
[ARCH-AUDIT] base_geometry_6x6: PASS
[ARCH-AUDIT] front_softms_source: PASS
[ARCH-AUDIT] one_final_ms_source: PASS
[ARCH-AUDIT] front_decoder_softms: PASS
[ARCH-AUDIT] simple_seven_block_gru: PASS
[ARCH-AUDIT] residual_motion_head: PASS
[ARCH-AUDIT] causal_visual_displacement: PASS
[ARCH-AUDIT] cadence_initialized_tracker: PASS
[ARCH-AUDIT] motion_training_inference_aligned: PASS
[ARCH-AUDIT] training_city_motion_scale_init: PASS
[ARCH-AUDIT] forward_origin_backshift_covers_jitter: PASS
[ARCH-AUDIT] protocol: PASS
[ARCH-AUDIT] controlled_gt_reference_enabled: PASS
[ARCH-AUDIT] frame_count: PASS
[ARCH-AUDIT] gru_flag: PASS
[ARCH-AUDIT] kalman_flag: PASS
[TRAIN] reuse visual checkpoint /yh/study/uav-sat/v39_otherdata/output/run_20260921_203550/frozen_v5/citya/train_frames3/checkpoints/visual_retrieval_A_only.pt
route_A: reuse UAV backbone cache
route_A: reuse UAV backbone cache
temporal split train=[0,135) val=[139,165) route_length=789.4m
City training-sequence mean forward step=5.543m/frame p90=10.326m/frame
temporal split train=[0,135) val=[139,165) route_length=789.4m
City training-sequence mean forward step=5.543m/frame p90=10.326m/frame
temporal epoch=001/100 loss=12.14936 center_teacher=1.000 acq_teacher=1.000 capture=100.00% bank_capture=100.00% acq_acc=100.00% acq_conf=0.719 radius=0.0m pred_step=5.414 target_step=5.543 pred_v=5.449 target_v=5.543 val_mle=11.491m val_p90=13.366m val_speed_mae=3.664 heading=-0.1/-1.7deg val_progress_mae=10.781m val_heading_mae=39.8deg val_capture=96.15% val_bank=96.15% val_acq_acc=100.00% score=12.154 best=12.154 patience=0/4
temporal epoch=001/100 loss=12.12903 center_teacher=1.000 acq_teacher=1.000 capture=100.00% bank_capture=100.00% acq_acc=100.00% acq_conf=0.719 radius=0.0m pred_step=5.517 target_step=5.543 pred_v=5.531 target_v=5.543 val_mle=11.494m val_p90=13.368m val_speed_mae=3.398 heading=-0.2/-1.7deg val_progress_mae=10.785m val_heading_mae=39.8deg val_capture=96.15% val_bank=96.15% val_acq_acc=100.00% score=12.144 best=12.144 patience=0/4
temporal epoch=002/100 loss=12.47905 center_teacher=1.000 acq_teacher=1.000 capture=100.00% bank_capture=100.00% acq_acc=100.00% acq_conf=0.720 radius=0.0m pred_step=4.498 target_step=5.543 pred_v=4.631 target_v=5.543 val_mle=11.423m val_p90=13.292m val_speed_mae=3.437 heading=-0.5/-1.7deg val_progress_mae=10.705m val_heading_mae=39.8deg val_capture=96.15% val_bank=96.15% val_acq_acc=100.00% score=12.072 best=12.072 patience=0/4
temporal epoch=002/100 loss=12.76892 center_teacher=1.000 acq_teacher=1.000 capture=100.00% bank_capture=100.00% acq_acc=100.00% acq_conf=0.718 radius=0.0m pred_step=4.248 target_step=5.543 pred_v=4.460 target_v=5.543 val_mle=11.418m val_p90=13.280m val_speed_mae=3.308 heading=-0.3/-1.7deg val_progress_mae=10.695m val_heading_mae=39.7deg val_capture=96.15% val_bank=96.15% val_acq_acc=100.00% score=12.060 best=12.060 patience=0/4
temporal epoch=003/100 loss=12.08995 center_teacher=1.000 acq_teacher=1.000 capture=100.00% bank_capture=100.00% acq_acc=100.00% acq_conf=0.720 radius=0.0m pred_step=4.749 target_step=5.543 pred_v=4.832 target_v=5.543 val_mle=11.317m val_p90=13.188m val_speed_mae=2.912 heading=-0.3/-1.7deg val_progress_mae=10.587m val_heading_mae=39.7deg val_capture=96.15% val_bank=96.15% val_acq_acc=100.00% score=11.937 best=11.937 patience=0/4
temporal epoch=003/100 loss=12.02393 center_teacher=1.000 acq_teacher=1.000 capture=100.00% bank_capture=100.00% acq_acc=100.00% acq_conf=0.719 radius=0.0m pred_step=4.922 target_step=5.543 pred_v=4.986 target_v=5.543 val_mle=11.301m val_p90=13.159m val_speed_mae=2.879 heading=-0.1/-1.7deg val_progress_mae=10.562m val_heading_mae=39.7deg val_capture=96.15% val_bank=96.15% val_acq_acc=100.00% score=11.918 best=11.918 patience=0/4
temporal epoch=004/100 loss=11.90192 center_teacher=1.000 acq_teacher=1.000 capture=100.00% bank_capture=100.00% acq_acc=100.00% acq_conf=0.719 radius=0.0m pred_step=5.454 target_step=5.543 pred_v=5.438 target_v=5.543 val_mle=11.193m val_p90=13.057m val_speed_mae=2.884 heading=-0.1/-1.7deg val_progress_mae=10.445m val_heading_mae=39.7deg val_capture=96.15% val_bank=96.15% val_acq_acc=100.00% score=11.807 best=11.807 patience=0/4
temporal epoch=004/100 loss=11.99325 center_teacher=1.000 acq_teacher=1.000 capture=100.00% bank_capture=100.00% acq_acc=100.00% acq_conf=0.719 radius=0.0m pred_step=5.836 target_step=5.543 pred_v=5.717 target_v=5.543 val_mle=11.160m val_p90=13.004m val_speed_mae=2.903 heading=0.1/-1.7deg val_progress_mae=10.398m val_heading_mae=39.7deg val_capture=96.15% val_bank=96.15% val_acq_acc=100.00% score=11.773 best=11.773 patience=0/4
temporal epoch=005/100 loss=11.85839 center_teacher=1.000 acq_teacher=1.000 capture=100.00% bank_capture=100.00% acq_acc=100.00% acq_conf=0.719 radius=0.0m pred_step=5.690 target_step=5.543 pred_v=5.635 target_v=5.543 val_mle=11.043m val_p90=12.900m val_speed_mae=2.895 heading=-0.0/-1.7deg val_progress_mae=10.272m val_heading_mae=39.7deg val_capture=96.15% val_bank=96.15% val_acq_acc=100.00% score=11.653 best=11.653 patience=0/4
temporal epoch=005/100 loss=11.83537 center_teacher=1.000 acq_teacher=1.000 capture=100.00% bank_capture=100.00% acq_acc=100.00% acq_conf=0.719 radius=0.0m pred_step=5.766 target_step=5.543 pred_v=5.641 target_v=5.543 val_mle=10.989m val_p90=12.820m val_speed_mae=2.995 heading=0.1/-1.7deg val_progress_mae=10.199m val_heading_mae=39.7deg val_capture=96.15% val_bank=96.15% val_acq_acc=100.00% score=11.601 best=11.601 patience=0/4
temporal epoch=006/100 loss=11.68889 center_teacher=1.000 acq_teacher=1.000 capture=100.00% bank_capture=100.00% acq_acc=100.00% acq_conf=0.719 radius=0.0m pred_step=5.306 target_step=5.543 pred_v=5.292 target_v=5.543 val_mle=10.883m val_p90=12.721m val_speed_mae=3.230 heading=-0.2/-1.7deg val_progress_mae=10.082m val_heading_mae=39.8deg val_capture=96.15% val_bank=96.15% val_acq_acc=100.00% score=11.504 best=11.504 patience=0/4
temporal epoch=006/100 loss=11.70291 center_teacher=1.000 acq_teacher=1.000 capture=100.00% bank_capture=100.00% acq_acc=100.00% acq_conf=0.719 radius=0.0m pred_step=4.948 target_step=5.543 pred_v=4.946 target_v=5.543 val_mle=10.809m val_p90=12.616m val_speed_mae=3.705 heading=-0.1/-1.7deg val_progress_mae=9.985m val_heading_mae=39.7deg val_capture=96.15% val_bank=96.15% val_acq_acc=100.00% score=11.450 best=11.450 patience=0/4
temporal epoch=007/100 loss=11.71890 center_teacher=1.000 acq_teacher=1.000 capture=100.00% bank_capture=100.00% acq_acc=100.00% acq_conf=0.720 radius=0.0m pred_step=4.697 target_step=5.543 pred_v=4.752 target_v=5.543 val_mle=10.695m val_p90=12.532m val_speed_mae=3.586 heading=-0.4/-1.7deg val_progress_mae=9.865m val_heading_mae=39.8deg val_capture=96.15% val_bank=96.15% val_acq_acc=100.00% score=11.327 best=11.327 patience=0/4
temporal epoch=007/100 loss=11.94492 center_teacher=1.000 acq_teacher=1.000 capture=100.00% bank_capture=100.00% acq_acc=100.00% acq_conf=0.720 radius=0.0m pred_step=4.273 target_step=5.543 pred_v=4.367 target_v=5.543 val_mle=10.600m val_p90=12.402m val_speed_mae=3.658 heading=-0.3/-1.7deg val_progress_mae=9.747m val_heading_mae=39.7deg val_capture=96.15% val_bank=96.15% val_acq_acc=100.00% score=11.232 best=11.232 patience=0/4
temporal epoch=008/100 loss=11.72021 center_teacher=1.000 acq_teacher=1.000 capture=100.00% bank_capture=100.00% acq_acc=100.00% acq_conf=0.720 radius=0.0m pred_step=4.447 target_step=5.543 pred_v=4.522 target_v=5.543 val_mle=10.502m val_p90=12.345m val_speed_mae=3.277 heading=-0.5/-1.7deg val_progress_mae=9.651m val_heading_mae=39.8deg val_capture=96.15% val_bank=96.15% val_acq_acc=100.00% score=11.111 best=11.111 patience=0/4
temporal epoch=008/100 loss=11.64083 center_teacher=1.000 acq_teacher=1.000 capture=100.00% bank_capture=100.00% acq_acc=100.00% acq_conf=0.718 radius=0.0m pred_step=4.508 target_step=5.543 pred_v=4.543 target_v=5.543 val_mle=10.380m val_p90=12.191m val_speed_mae=3.053 heading=-0.2/-1.7deg val_progress_mae=9.502m val_heading_mae=39.7deg val_capture=96.15% val_bank=96.15% val_acq_acc=100.00% score=10.974 best=10.974 patience=0/4
temporal epoch=009/100 loss=11.37301 center_teacher=1.000 acq_teacher=1.000 capture=100.00% bank_capture=100.00% acq_acc=100.00% acq_conf=0.720 radius=0.0m pred_step=4.848 target_step=5.543 pred_v=4.850 target_v=5.543 val_mle=10.315m val_p90=12.180m val_speed_mae=2.933 heading=-0.4/-1.7deg val_progress_mae=9.452m val_heading_mae=39.7deg val_capture=96.15% val_bank=96.15% val_acq_acc=100.00% score=10.902 best=10.902 patience=0/4
temporal epoch=009/100 loss=11.24537 center_teacher=1.000 acq_teacher=1.000 capture=100.00% bank_capture=100.00% acq_acc=100.00% acq_conf=0.719 radius=0.0m pred_step=5.212 target_step=5.543 pred_v=5.097 target_v=5.543 val_mle=10.192m val_p90=12.012m val_speed_mae=2.938 heading=-0.0/-1.7deg val_progress_mae=9.295m val_heading_mae=39.7deg val_capture=96.15% val_bank=96.15% val_acq_acc=100.00% score=10.774 best=10.774 patience=0/4
temporal epoch=010/100 loss=11.25606 center_teacher=1.000 acq_teacher=1.000 capture=100.00% bank_capture=100.00% acq_acc=100.00% acq_conf=0.718 radius=0.0m pred_step=5.215 target_step=5.543 pred_v=5.145 target_v=5.543 val_mle=10.178m val_p90=12.058m val_speed_mae=3.027 heading=-0.2/-1.7deg val_progress_mae=9.305m val_heading_mae=39.7deg val_capture=96.15% val_bank=96.15% val_acq_acc=100.00% score=10.765 best=10.765 patience=0/4
temporal epoch=010/100 loss=11.13712 center_teacher=1.000 acq_teacher=1.000 capture=100.00% bank_capture=100.00% acq_acc=100.00% acq_conf=0.719 radius=0.0m pred_step=5.282 target_step=5.543 pred_v=5.117 target_v=5.543 val_mle=10.047m val_p90=11.874m val_speed_mae=3.214 heading=0.2/-1.7deg val_progress_mae=9.134m val_heading_mae=39.6deg val_capture=96.15% val_bank=96.15% val_acq_acc=100.00% score=10.638 best=10.638 patience=0/4
temporal epoch=011/100 loss=11.21647 center_teacher=1.000 acq_teacher=1.000 capture=100.00% bank_capture=100.00% acq_acc=100.00% acq_conf=0.718 radius=0.0m pred_step=4.911 target_step=5.543 pred_v=4.849 target_v=5.543 val_mle=10.105m val_p90=11.993m val_speed_mae=3.216 heading=-0.3/-1.7deg val_progress_mae=9.225m val_heading_mae=39.8deg val_capture=96.15% val_bank=96.15% val_acq_acc=100.00% score=10.699 best=10.699 patience=0/4
temporal epoch=011/100 loss=11.15827 center_teacher=1.000 acq_teacher=1.000 capture=100.00% bank_capture=100.00% acq_acc=100.00% acq_conf=0.719 radius=0.0m pred_step=4.845 target_step=5.543 pred_v=4.719 target_v=5.543 val_mle=9.945m val_p90=11.777m val_speed_mae=3.465 heading=0.2/-1.7deg val_progress_mae=9.020m val_heading_mae=39.7deg val_capture=96.15% val_bank=96.15% val_acq_acc=100.00% score=10.545 best=10.545 patience=0/4
temporal epoch=012/100 loss=11.16017 center_teacher=1.000 acq_teacher=1.000 capture=100.00% bank_capture=100.00% acq_acc=100.00% acq_conf=0.720 radius=0.0m pred_step=4.752 target_step=5.543 pred_v=4.684 target_v=5.543 val_mle=10.062m val_p90=11.971m val_speed_mae=2.930 heading=-0.4/-1.7deg val_progress_mae=9.182m val_heading_mae=39.8deg val_capture=96.15% val_bank=96.15% val_acq_acc=100.00% score=10.640 best=10.640 patience=0/4
temporal epoch=012/100 loss=11.14128 center_teacher=1.000 acq_teacher=1.000 capture=100.00% bank_capture=100.00% acq_acc=100.00% acq_conf=0.719 radius=0.0m pred_step=4.655 target_step=5.543 pred_v=4.527 target_v=5.543 val_mle=9.865m val_p90=11.713m val_speed_mae=3.077 heading=0.1/-1.7deg val_progress_mae=8.932m val_heading_mae=39.7deg val_capture=96.15% val_bank=96.15% val_acq_acc=100.00% score=10.443 best=10.443 patience=0/4
temporal epoch=013/100 loss=11.08128 center_teacher=1.000 acq_teacher=1.000 capture=100.00% bank_capture=100.00% acq_acc=100.00% acq_conf=0.721 radius=0.0m pred_step=5.109 target_step=5.543 pred_v=4.973 target_v=5.543 val_mle=10.053m val_p90=11.974m val_speed_mae=2.911 heading=-0.5/-1.7deg val_progress_mae=9.176m val_heading_mae=39.8deg val_capture=96.15% val_bank=96.15% val_acq_acc=100.00% score=10.630 best=10.630 patience=0/4
temporal epoch=013/100 loss=10.97627 center_teacher=1.000 acq_teacher=1.000 capture=100.00% bank_capture=100.00% acq_acc=100.00% acq_conf=0.719 radius=0.0m pred_step=5.134 target_step=5.543 pred_v=4.904 target_v=5.543 val_mle=9.827m val_p90=11.679m val_speed_mae=2.872 heading=0.0/-1.7deg val_progress_mae=8.887m val_heading_mae=39.7deg val_capture=96.15% val_bank=96.15% val_acq_acc=100.00% score=10.394 best=10.394 patience=0/4
temporal epoch=014/100 loss=11.10806 center_teacher=1.000 acq_teacher=1.000 capture=100.00% bank_capture=100.00% acq_acc=100.00% acq_conf=0.720 radius=0.0m pred_step=5.570 target_step=5.543 pred_v=5.360 target_v=5.543 val_mle=10.046m val_p90=11.974m val_speed_mae=2.869 heading=-0.3/-1.7deg val_progress_mae=9.169m val_heading_mae=39.7deg val_capture=96.15% val_bank=96.15% val_acq_acc=100.00% score=10.621 best=10.621 patience=0/4
temporal epoch=014/100 loss=10.94479 center_teacher=1.000 acq_teacher=1.000 capture=100.00% bank_capture=100.00% acq_acc=100.00% acq_conf=0.719 radius=0.0m pred_step=5.594 target_step=5.543 pred_v=5.281 target_v=5.543 val_mle=9.805m val_p90=11.661m val_speed_mae=2.920 heading=0.2/-1.7deg val_progress_mae=8.859m val_heading_mae=39.6deg val_capture=96.15% val_bank=96.15% val_acq_acc=100.00% score=10.373 best=10.373 patience=0/4
temporal epoch=015/100 loss=10.98643 center_teacher=1.000 acq_teacher=1.000 capture=100.00% bank_capture=100.00% acq_acc=100.00% acq_conf=0.718 radius=0.0m pred_step=5.083 target_step=5.543 pred_v=4.925 target_v=5.543 val_mle=10.067m val_p90=11.989m val_speed_mae=2.880 heading=-0.2/-1.7deg val_progress_mae=9.192m val_heading_mae=39.7deg val_capture=96.15% val_bank=96.15% val_acq_acc=100.00% score=10.643 best=10.621 patience=1/4
temporal epoch=015/100 loss=10.76179 center_teacher=1.000 acq_teacher=1.000 capture=100.00% bank_capture=100.00% acq_acc=100.00% acq_conf=0.719 radius=0.0m pred_step=5.035 target_step=5.543 pred_v=4.801 target_v=5.543 val_mle=9.808m val_p90=11.667m val_speed_mae=3.260 heading=0.3/-1.7deg val_progress_mae=8.858m val_heading_mae=39.6deg val_capture=96.15% val_bank=96.15% val_acq_acc=100.00% score=10.392 best=10.373 patience=1/4
temporal epoch=016/100 loss=11.00779 center_teacher=1.000 acq_teacher=1.000 capture=100.00% bank_capture=100.00% acq_acc=100.00% acq_conf=0.718 radius=0.0m pred_step=4.905 target_step=5.543 pred_v=4.765 target_v=5.543 val_mle=10.113m val_p90=12.043m val_speed_mae=3.244 heading=-0.3/-1.7deg val_progress_mae=9.240m val_heading_mae=39.7deg val_capture=96.15% val_bank=96.15% val_acq_acc=100.00% score=10.708 best=10.621 patience=2/4
temporal epoch=016/100 loss=10.78421 center_teacher=1.000 acq_teacher=1.000 capture=100.00% bank_capture=100.00% acq_acc=100.00% acq_conf=0.719 radius=0.0m pred_step=4.634 target_step=5.543 pred_v=4.460 target_v=5.543 val_mle=9.844m val_p90=11.713m val_speed_mae=3.047 heading=0.3/-1.7deg val_progress_mae=8.898m val_heading_mae=39.6deg val_capture=96.15% val_bank=96.15% val_acq_acc=100.00% score=10.420 best=10.373 patience=2/4
temporal epoch=017/100 loss=11.50774 center_teacher=1.000 acq_teacher=1.000 capture=100.00% bank_capture=100.00% acq_acc=100.00% acq_conf=0.720 radius=0.0m pred_step=5.963 target_step=5.543 pred_v=5.688 target_v=5.543 val_mle=10.170m val_p90=12.120m val_speed_mae=3.058 heading=-0.4/-1.7deg val_progress_mae=9.305m val_heading_mae=39.7deg val_capture=96.15% val_bank=96.15% val_acq_acc=100.00% score=10.759 best=10.621 patience=3/4
temporal epoch=017/100 loss=11.19691 center_teacher=1.000 acq_teacher=1.000 capture=100.00% bank_capture=100.00% acq_acc=100.00% acq_conf=0.719 radius=0.0m pred_step=6.094 target_step=5.543 pred_v=5.702 target_v=5.543 val_mle=9.889m val_p90=11.768m val_speed_mae=2.944 heading=0.2/-1.7deg val_progress_mae=8.947m val_heading_mae=39.6deg val_capture=96.15% val_bank=96.15% val_acq_acc=100.00% score=10.461 best=10.373 patience=3/4
temporal epoch=018/100 loss=10.91166 center_teacher=1.000 acq_teacher=1.000 capture=100.00% bank_capture=100.00% acq_acc=100.00% acq_conf=0.719 radius=0.0m pred_step=5.272 target_step=5.543 pred_v=5.087 target_v=5.543 val_mle=10.261m val_p90=12.257m val_speed_mae=2.921 heading=-0.2/-1.7deg val_progress_mae=9.410m val_heading_mae=39.7deg val_capture=96.15% val_bank=96.15% val_acq_acc=100.00% score=10.845 best=10.621 patience=4/4
EARLY STOP: controlled local-prior validation score did not improve by 0.003 for 4 epochs.
[TRAIN DONE] citya frames=2
temporal epoch=018/100 loss=10.52388 center_teacher=1.000 acq_teacher=1.000 capture=100.00% bank_capture=100.00% acq_acc=100.00% acq_conf=0.719 radius=0.0m pred_step=5.092 target_step=5.543 pred_v=4.861 target_v=5.543 val_mle=9.957m val_p90=11.851m val_speed_mae=3.078 heading=0.3/-1.7deg val_progress_mae=9.026m val_heading_mae=39.6deg val_capture=96.15% val_bank=96.15% val_acq_acc=100.00% score=10.538 best=10.373 patience=4/4
EARLY STOP: controlled local-prior validation score did not improve by 0.003 for 4 epochs.
[TRAIN-ONLY V5 CALIBRATION] {"confidence_power": 1.0, "delta2_scale": 2.0, "fixed_variance_m2": 9.0, "objective": 10.673657901954817, "prior_blend_base": 0.05, "prior_blend_cutoff": 0.7, "prior_blend_lowconf_gain": 0.3, "prior_blend_max": 0.3, "q_cross": 0.30000000000000004, "q_progress": 1.125, "q_velocity": 0.75, "stage": "filter", "step_relax_confidence": 0.0, "step_relax_width": 0.05, "step_visual_slack_m": 10.0, "temporal_3frame_scale": 0.9, "val_mle_m": 9.600652349179487, "val_p90_m": 11.603849243139468, "val_progress_mae": 8.652428192500098, "val_speed_mae": 2.9086665699585867}
[TRAIN-ONLY V5 NO-KALMAN DIAGNOSTIC] {"mle_m": 9.650318579542683, "p90_m": 11.645417122579868}
[TRAIN DONE] citya frames=3
[EVAL START] citya full GPU0
[PREPARED] PASS | city=citya | step=4 m | selection=soft_sequence_v13_multicity_auto_train_fullroute | existing GT/routes unchanged
[CADENCE] source=experiment_route_stats_train_01 | mean=5.603307 m | p90=10.304821 m | p95=11.938275 m
[OK] clean v39 runtime: Forward-18 SoftMS -> GRU -> Kalman -> one final MeanShift
[OK] weighted-centroid decoder removed from generated runtime source
[PATCH OK] GRU = current + delta + delta2 + SAT + SoftMS position + visual displacement + previous state
[PATCH OK] 3-frame delta2 directly corrects acceleration + next_step
[PATCH OK] training/validation/inference motion starts from current-city cadence
[PATCH OK] Kalman = smooth confidence-adaptive measurement-preserving residual fusion
[PATCH OK] step corridor = continuous confidence relaxation
[PATCH OK] no held-out navigation result is read by this patch
[V39-BEARING] final-MS route-centerline reference patch: PASS
[ARCH-AUDIT] forward_18: PASS
[ARCH-AUDIT] base_geometry_6x6: PASS
[ARCH-AUDIT] front_softms_source: PASS
[ARCH-AUDIT] one_final_ms_source: PASS
[ARCH-AUDIT] front_decoder_softms: PASS
[ARCH-AUDIT] simple_seven_block_gru: PASS
[ARCH-AUDIT] residual_motion_head: PASS
[ARCH-AUDIT] causal_visual_displacement: PASS
[ARCH-AUDIT] cadence_initialized_tracker: PASS
[ARCH-AUDIT] motion_training_inference_aligned: PASS
[ARCH-AUDIT] training_city_motion_scale_init: PASS
[ARCH-AUDIT] forward_origin_backshift_covers_jitter: PASS
[ARCH-AUDIT] protocol: PASS
[ARCH-AUDIT] controlled_gt_reference_enabled: PASS
[ARCH-AUDIT] frame_count: PASS
[ARCH-AUDIT] gru_flag: PASS
[ARCH-AUDIT] kalman_flag: PASS
route_B backbone cache: 162/162

=== citya full: nav50 ===
route_B final MLE=3.914m P90=6.726m LSR@15=100.00% selected_capture=100.00% bank_capture=100.00% acq_acc=100.00% speed_mae=2.918m/frame progress_mae=1.823m heading_mae=36.3deg jump_rate=0.00% max_step=20.37m final_leg=11 gt_leg=11
route_C backbone cache: 205/205

=== citya full: nav51 ===
route_C final MLE=3.966m P90=6.906m LSR@15=100.00% selected_capture=98.05% bank_capture=98.05% acq_acc=100.00% speed_mae=2.957m/frame progress_mae=2.309m heading_mae=33.2deg jump_rate=2.45% max_step=19.77m final_leg=8 gt_leg=8
[DONE] /yh/study/uav-sat/v39_otherdata/output/run_20260921_203550/frozen_v5/citya/variants/full/bearing_v39_summary.json
[EVAL START] citya no_gru GPU0
[EVAL START] citya no_kalman GPU5
[EVAL START] citya no_ms GPU6
[PREPARED] PASS | city=citya | step=4 m | selection=soft_sequence_v13_multicity_auto_train_fullroute | existing GT/routes unchanged
[CADENCE] source=experiment_route_stats_train_01 | mean=5.603307 m | p90=10.304821 m | p95=11.938275 m
[PREPARED] PASS | city=citya | step=4 m | selection=soft_sequence_v13_multicity_auto_train_fullroute | existing GT/routes unchanged
[CADENCE] source=experiment_route_stats_train_01 | mean=5.603307 m | p90=10.304821 m | p95=11.938275 m
[OK] clean v39 runtime: Forward-18 SoftMS -> GRU -> Kalman -> one final MeanShift
[OK] weighted-centroid decoder removed from generated runtime source
[PREPARED] PASS | city=citya | step=4 m | selection=soft_sequence_v13_multicity_auto_train_fullroute | existing GT/routes unchanged
[CADENCE] source=experiment_route_stats_train_01 | mean=5.603307 m | p90=10.304821 m | p95=11.938275 m
[OK] clean v39 runtime: Forward-18 SoftMS -> GRU -> Kalman -> one final MeanShift
[OK] weighted-centroid decoder removed from generated runtime source
[OK] clean v39 runtime: Forward-18 SoftMS -> GRU -> Kalman -> one final MeanShift
[OK] weighted-centroid decoder removed from generated runtime source
[PATCH OK] GRU = current + delta + delta2 + SAT + SoftMS position + visual displacement + previous state
[PATCH OK] 3-frame delta2 directly corrects acceleration + next_step
[PATCH OK] training/validation/inference motion starts from current-city cadence
[PATCH OK] Kalman = smooth confidence-adaptive measurement-preserving residual fusion
[PATCH OK] step corridor = continuous confidence relaxation
[PATCH OK] no held-out navigation result is read by this patch
[PATCH OK] GRU = current + delta + delta2 + SAT + SoftMS position + visual displacement + previous state
[PATCH OK] 3-frame delta2 directly corrects acceleration + next_step
[PATCH OK] training/validation/inference motion starts from current-city cadence
[PATCH OK] Kalman = smooth confidence-adaptive measurement-preserving residual fusion
[PATCH OK] step corridor = continuous confidence relaxation
[PATCH OK] no held-out navigation result is read by this patch
[V39-BEARING] final-MS route-centerline reference patch: PASS
[V39-BEARING] final-MS route-centerline reference patch: PASS
[PATCH OK] GRU = current + delta + delta2 + SAT + SoftMS position + visual displacement + previous state
[PATCH OK] 3-frame delta2 directly corrects acceleration + next_step
[PATCH OK] training/validation/inference motion starts from current-city cadence
[PATCH OK] Kalman = smooth confidence-adaptive measurement-preserving residual fusion
[PATCH OK] step corridor = continuous confidence relaxation
[PATCH OK] no held-out navigation result is read by this patch
[V39-BEARING] final-MS route-centerline reference patch: PASS
[ARCH-AUDIT] forward_18: PASS
[ARCH-AUDIT] base_geometry_6x6: PASS
[ARCH-AUDIT] front_softms_source: PASS
[ARCH-AUDIT] one_final_ms_source: PASS
[ARCH-AUDIT] front_decoder_softms: PASS
[ARCH-AUDIT] simple_seven_block_gru: PASS
[ARCH-AUDIT] residual_motion_head: PASS
[ARCH-AUDIT] causal_visual_displacement: PASS
[ARCH-AUDIT] cadence_initialized_tracker: PASS
[ARCH-AUDIT] motion_training_inference_aligned: PASS
[ARCH-AUDIT] training_city_motion_scale_init: PASS
[ARCH-AUDIT] forward_origin_backshift_covers_jitter: PASS
[ARCH-AUDIT] protocol: PASS
[ARCH-AUDIT] controlled_gt_reference_enabled: PASS
[ARCH-AUDIT] frame_count: PASS
[ARCH-AUDIT] gru_flag: PASS
[ARCH-AUDIT] kalman_flag: PASS
[ARCH-AUDIT] forward_18: PASS
[ARCH-AUDIT] base_geometry_6x6: PASS
[ARCH-AUDIT] front_softms_source: PASS
[ARCH-AUDIT] one_final_ms_source: PASS
[ARCH-AUDIT] front_decoder_softms: PASS
[ARCH-AUDIT] simple_seven_block_gru: PASS
[ARCH-AUDIT] residual_motion_head: PASS
[ARCH-AUDIT] causal_visual_displacement: PASS
[ARCH-AUDIT] cadence_initialized_tracker: PASS
[ARCH-AUDIT] motion_training_inference_aligned: PASS
[ARCH-AUDIT] training_city_motion_scale_init: PASS
[ARCH-AUDIT] forward_origin_backshift_covers_jitter: PASS
[ARCH-AUDIT] protocol: PASS
[ARCH-AUDIT] controlled_gt_reference_enabled: PASS
[ARCH-AUDIT] frame_count: PASS
[ARCH-AUDIT] gru_flag: PASS
[ARCH-AUDIT] kalman_flag: PASS
[ARCH-AUDIT] forward_18: PASS
[ARCH-AUDIT] base_geometry_6x6: PASS
[ARCH-AUDIT] front_softms_source: PASS
[ARCH-AUDIT] one_final_ms_source: PASS
[ARCH-AUDIT] front_decoder_softms: PASS
[ARCH-AUDIT] simple_seven_block_gru: PASS
[ARCH-AUDIT] residual_motion_head: PASS
[ARCH-AUDIT] causal_visual_displacement: PASS
[ARCH-AUDIT] cadence_initialized_tracker: PASS
[ARCH-AUDIT] motion_training_inference_aligned: PASS
[ARCH-AUDIT] training_city_motion_scale_init: PASS
[ARCH-AUDIT] forward_origin_backshift_covers_jitter: PASS
[ARCH-AUDIT] protocol: PASS
[ARCH-AUDIT] controlled_gt_reference_enabled: PASS
[ARCH-AUDIT] frame_count: PASS
[ARCH-AUDIT] gru_flag: PASS
[ARCH-AUDIT] kalman_flag: PASS
route_B: reuse UAV backbone cache

=== citya no_kalman: nav50 ===
route_B: reuse UAV backbone cache

=== citya no_ms: nav50 ===
route_B: reuse UAV backbone cache

=== citya no_gru: nav50 ===
route_B final MLE=4.190m P90=6.792m LSR@15=100.00% selected_capture=100.00% bank_capture=100.00% acq_acc=100.00% speed_mae=5.865m/frame progress_mae=2.291m heading_mae=36.3deg jump_rate=0.00% max_step=20.64m final_leg=11 gt_leg=11
route_C: reuse UAV backbone cache

=== citya no_gru: nav51 ===
route_B final MLE=6.262m P90=11.522m LSR@15=100.00% selected_capture=100.00% bank_capture=100.00% acq_acc=100.00% speed_mae=2.918m/frame progress_mae=3.673m heading_mae=37.1deg jump_rate=8.70% max_step=22.32m final_leg=11 gt_leg=11
route_C: reuse UAV backbone cache

=== citya no_ms: nav51 ===
route_B final MLE=3.924m P90=6.665m LSR@15=100.00% selected_capture=100.00% bank_capture=100.00% acq_acc=100.00% speed_mae=2.926m/frame progress_mae=1.837m heading_mae=36.3deg jump_rate=0.00% max_step=20.40m final_leg=11 gt_leg=11
route_C: reuse UAV backbone cache

=== citya no_kalman: nav51 ===
route_C final MLE=7.266m P90=12.617m LSR@15=94.63% selected_capture=98.05% bank_capture=98.05% acq_acc=100.00% speed_mae=2.957m/frame progress_mae=5.773m heading_mae=35.9deg jump_rate=11.76% max_step=27.97m final_leg=8 gt_leg=8
[DONE] /yh/study/uav-sat/v39_otherdata/output/run_20260921_203550/frozen_v5/citya/variants/no_ms/bearing_v39_summary.json
route_C final MLE=4.340m P90=7.669m LSR@15=100.00% selected_capture=98.05% bank_capture=98.05% acq_acc=100.00% speed_mae=6.016m/frame progress_mae=2.836m heading_mae=33.1deg jump_rate=0.98% max_step=20.70m final_leg=8 gt_leg=8
[DONE] /yh/study/uav-sat/v39_otherdata/output/run_20260921_203550/frozen_v5/citya/variants/no_gru/bearing_v39_summary.json
route_C final MLE=3.963m P90=6.888m LSR@15=100.00% selected_capture=98.05% bank_capture=98.05% acq_acc=100.00% speed_mae=2.966m/frame progress_mae=2.301m heading_mae=33.3deg jump_rate=1.96% max_step=19.85m final_leg=8 gt_leg=8
[DONE] /yh/study/uav-sat/v39_otherdata/output/run_20260921_203550/frozen_v5/citya/variants/no_kalman/bearing_v39_summary.json
[EVAL START] citya frames2 GPU6
[EVAL START] citya grid4 GPU0
[EVAL START] citya frames1 GPU5
[PREPARED] PASS | city=citya | step=4 m | selection=soft_sequence_v13_multicity_auto_train_fullroute | existing GT/routes unchanged
[CADENCE] source=experiment_route_stats_train_01 | mean=5.603307 m | p90=10.304821 m | p95=11.938275 m
[OK] clean v39 runtime: Forward-18 SoftMS -> GRU -> Kalman -> one final MeanShift
[OK] weighted-centroid decoder removed from generated runtime source
[PATCH OK] GRU = current + delta + delta2 + SAT + SoftMS position + visual displacement + previous state
[PATCH OK] 3-frame delta2 directly corrects acceleration + next_step
[PATCH OK] training/validation/inference motion starts from current-city cadence
[PATCH OK] Kalman = smooth confidence-adaptive measurement-preserving residual fusion
[PATCH OK] step corridor = continuous confidence relaxation
[PATCH OK] no held-out navigation result is read by this patch
[V39-BEARING] final-MS route-centerline reference patch: PASS
[PREPARED] PASS | city=citya | step=4 m | selection=soft_sequence_v13_multicity_auto_train_fullroute | existing GT/routes unchanged
[CADENCE] source=experiment_route_stats_train_01 | mean=5.603307 m | p90=10.304821 m | p95=11.938275 m
[OK] clean v39 runtime: Forward-18 SoftMS -> GRU -> Kalman -> one final MeanShift
[OK] weighted-centroid decoder removed from generated runtime source
[PATCH OK] GRU = current + delta + delta2 + SAT + SoftMS position + visual displacement + previous state
[PATCH OK] 3-frame delta2 directly corrects acceleration + next_step
[PATCH OK] training/validation/inference motion starts from current-city cadence
[PATCH OK] Kalman = smooth confidence-adaptive measurement-preserving residual fusion
[PATCH OK] step corridor = continuous confidence relaxation
[PATCH OK] no held-out navigation result is read by this patch
[V39-BEARING] final-MS route-centerline reference patch: PASS
[PREPARED] PASS | city=citya | step=4 m | selection=soft_sequence_v13_multicity_auto_train_fullroute | existing GT/routes unchanged
[CADENCE] source=experiment_route_stats_train_01 | mean=5.603307 m | p90=10.304821 m | p95=11.938275 m
[OK] clean v39 runtime: Forward-18 SoftMS -> GRU -> Kalman -> one final MeanShift
[OK] weighted-centroid decoder removed from generated runtime source
[PATCH OK] GRU = current + delta + delta2 + SAT + SoftMS position + visual displacement + previous state
[PATCH OK] 3-frame delta2 directly corrects acceleration + next_step
[PATCH OK] training/validation/inference motion starts from current-city cadence
[PATCH OK] Kalman = smooth confidence-adaptive measurement-preserving residual fusion
[PATCH OK] step corridor = continuous confidence relaxation
[PATCH OK] no held-out navigation result is read by this patch
[V39-BEARING] final-MS route-centerline reference patch: PASS
[ARCH-AUDIT] forward_18: PASS
[ARCH-AUDIT] base_geometry_6x6: PASS
[ARCH-AUDIT] front_softms_source: PASS
[ARCH-AUDIT] one_final_ms_source: PASS
[ARCH-AUDIT] front_decoder_softms: PASS
[ARCH-AUDIT] simple_seven_block_gru: PASS
[ARCH-AUDIT] residual_motion_head: PASS
[ARCH-AUDIT] causal_visual_displacement: PASS
[ARCH-AUDIT] cadence_initialized_tracker: PASS
[ARCH-AUDIT] motion_training_inference_aligned: PASS
[ARCH-AUDIT] training_city_motion_scale_init: PASS
[ARCH-AUDIT] forward_origin_backshift_covers_jitter: PASS
[ARCH-AUDIT] protocol: PASS
[ARCH-AUDIT] controlled_gt_reference_enabled: PASS
[ARCH-AUDIT] frame_count: PASS
[ARCH-AUDIT] gru_flag: PASS
[ARCH-AUDIT] kalman_flag: PASS
[ARCH-AUDIT] forward_18: PASS
[ARCH-AUDIT] base_geometry_6x6: PASS
[ARCH-AUDIT] front_softms_source: PASS
[ARCH-AUDIT] one_final_ms_source: PASS
[ARCH-AUDIT] front_decoder_softms: PASS
[ARCH-AUDIT] simple_seven_block_gru: PASS
[ARCH-AUDIT] residual_motion_head: PASS
[ARCH-AUDIT] causal_visual_displacement: PASS
[ARCH-AUDIT] cadence_initialized_tracker: PASS
[ARCH-AUDIT] motion_training_inference_aligned: PASS
[ARCH-AUDIT] training_city_motion_scale_init: PASS
[ARCH-AUDIT] forward_origin_backshift_covers_jitter: PASS
[ARCH-AUDIT] protocol: PASS
[ARCH-AUDIT] controlled_gt_reference_enabled: PASS
[ARCH-AUDIT] frame_count: PASS
[ARCH-AUDIT] gru_flag: PASS
[ARCH-AUDIT] kalman_flag: PASS
[ARCH-AUDIT] forward_18: PASS
[ARCH-AUDIT] base_geometry_6x6: PASS
[ARCH-AUDIT] front_softms_source: PASS
[ARCH-AUDIT] one_final_ms_source: PASS
[ARCH-AUDIT] front_decoder_softms: PASS
[ARCH-AUDIT] simple_seven_block_gru: PASS
[ARCH-AUDIT] residual_motion_head: PASS
[ARCH-AUDIT] causal_visual_displacement: PASS
[ARCH-AUDIT] cadence_initialized_tracker: PASS
[ARCH-AUDIT] motion_training_inference_aligned: PASS
[ARCH-AUDIT] training_city_motion_scale_init: PASS
[ARCH-AUDIT] forward_origin_backshift_covers_jitter: PASS
[ARCH-AUDIT] protocol: PASS
[ARCH-AUDIT] controlled_gt_reference_enabled: PASS
[ARCH-AUDIT] frame_count: PASS
[ARCH-AUDIT] gru_flag: PASS
[ARCH-AUDIT] kalman_flag: PASS
route_B: reuse UAV backbone cache

=== citya frames2: nav50 ===
route_B: reuse UAV backbone cache

=== citya grid4: nav50 ===
route_B: reuse UAV backbone cache

=== citya frames1: nav50 ===
route_B final MLE=3.926m P90=6.611m LSR@15=100.00% selected_capture=100.00% bank_capture=100.00% acq_acc=100.00% speed_mae=2.905m/frame progress_mae=1.855m heading_mae=36.3deg jump_rate=0.00% max_step=20.49m final_leg=11 gt_leg=11
route_C: reuse UAV backbone cache

=== citya frames2: nav51 ===
route_B final MLE=3.920m P90=6.602m LSR@15=100.00% selected_capture=100.00% bank_capture=100.00% acq_acc=100.00% speed_mae=2.895m/frame progress_mae=1.848m heading_mae=36.3deg jump_rate=0.00% max_step=20.45m final_leg=11 gt_leg=11
route_C: reuse UAV backbone cache

=== citya frames1: nav51 ===
route_B final MLE=4.295m P90=7.588m LSR@15=100.00% selected_capture=100.00% bank_capture=100.00% acq_acc=100.00% speed_mae=2.918m/frame progress_mae=2.147m heading_mae=36.3deg jump_rate=0.62% max_step=20.35m final_leg=11 gt_leg=11
route_C: reuse UAV backbone cache

=== citya grid4: nav51 ===
route_C final MLE=3.999m P90=6.980m LSR@15=100.00% selected_capture=98.54% bank_capture=98.54% acq_acc=100.00% speed_mae=3.097m/frame progress_mae=2.359m heading_mae=33.2deg jump_rate=2.45% max_step=19.77m final_leg=8 gt_leg=8
[DONE] /yh/study/uav-sat/v39_otherdata/output/run_20260921_203550/frozen_v5/citya/variants/frames2/bearing_v39_summary.json
route_C final MLE=3.958m P90=6.928m LSR@15=100.00% selected_capture=98.54% bank_capture=98.54% acq_acc=100.00% speed_mae=2.974m/frame progress_mae=2.333m heading_mae=33.3deg jump_rate=1.96% max_step=19.75m final_leg=8 gt_leg=8
[DONE] /yh/study/uav-sat/v39_otherdata/output/run_20260921_203550/frozen_v5/citya/variants/frames1/bearing_v39_summary.json
[EVAL START] citya grid8 GPU6
[EVAL START] citya grid5 GPU5
route_C final MLE=4.593m P90=8.420m LSR@15=99.51% selected_capture=98.05% bank_capture=98.05% acq_acc=100.00% speed_mae=2.957m/frame progress_mae=3.033m heading_mae=33.7deg jump_rate=4.41% max_step=23.11m final_leg=8 gt_leg=8
[DONE] /yh/study/uav-sat/v39_otherdata/output/run_20260921_203550/frozen_v5/citya/variants/grid4/bearing_v39_summary.json
[PREPARED] PASS | city=citya | step=4 m | selection=soft_sequence_v13_multicity_auto_train_fullroute | existing GT/routes unchanged
[CADENCE] source=experiment_route_stats_train_01 | mean=5.603307 m | p90=10.304821 m | p95=11.938275 m
[OK] clean v39 runtime: Forward-18 SoftMS -> GRU -> Kalman -> one final MeanShift
[OK] weighted-centroid decoder removed from generated runtime source
[PATCH OK] GRU = current + delta + delta2 + SAT + SoftMS position + visual displacement + previous state
[PATCH OK] 3-frame delta2 directly corrects acceleration + next_step
[PATCH OK] training/validation/inference motion starts from current-city cadence
[PATCH OK] Kalman = smooth confidence-adaptive measurement-preserving residual fusion
[PATCH OK] step corridor = continuous confidence relaxation
[PATCH OK] no held-out navigation result is read by this patch
[V39-BEARING] final-MS route-centerline reference patch: PASS
[PREPARED] PASS | city=citya | step=4 m | selection=soft_sequence_v13_multicity_auto_train_fullroute | existing GT/routes unchanged
[CADENCE] source=experiment_route_stats_train_01 | mean=5.603307 m | p90=10.304821 m | p95=11.938275 m
[OK] clean v39 runtime: Forward-18 SoftMS -> GRU -> Kalman -> one final MeanShift
[OK] weighted-centroid decoder removed from generated runtime source
[PATCH OK] GRU = current + delta + delta2 + SAT + SoftMS position + visual displacement + previous state
[PATCH OK] 3-frame delta2 directly corrects acceleration + next_step
[PATCH OK] training/validation/inference motion starts from current-city cadence
[PATCH OK] Kalman = smooth confidence-adaptive measurement-preserving residual fusion
[PATCH OK] step corridor = continuous confidence relaxation
[PATCH OK] no held-out navigation result is read by this patch
[V39-BEARING] final-MS route-centerline reference patch: PASS
[EVAL START] citya grid7 GPU0
[ARCH-AUDIT] forward_18: PASS
[ARCH-AUDIT] base_geometry_6x6: PASS
[ARCH-AUDIT] front_softms_source: PASS
[ARCH-AUDIT] one_final_ms_source: PASS
[ARCH-AUDIT] front_decoder_softms: PASS
[ARCH-AUDIT] simple_seven_block_gru: PASS
[ARCH-AUDIT] residual_motion_head: PASS
[ARCH-AUDIT] causal_visual_displacement: PASS
[ARCH-AUDIT] cadence_initialized_tracker: PASS
[ARCH-AUDIT] motion_training_inference_aligned: PASS
[ARCH-AUDIT] training_city_motion_scale_init: PASS
[ARCH-AUDIT] forward_origin_backshift_covers_jitter: PASS
[ARCH-AUDIT] protocol: PASS
[ARCH-AUDIT] controlled_gt_reference_enabled: PASS
[ARCH-AUDIT] frame_count: PASS
[ARCH-AUDIT] gru_flag: PASS
[ARCH-AUDIT] kalman_flag: PASS
[PREPARED] PASS | city=citya | step=4 m | selection=soft_sequence_v13_multicity_auto_train_fullroute | existing GT/routes unchanged
[CADENCE] source=experiment_route_stats_train_01 | mean=5.603307 m | p90=10.304821 m | p95=11.938275 m
[OK] clean v39 runtime: Forward-18 SoftMS -> GRU -> Kalman -> one final MeanShift
[OK] weighted-centroid decoder removed from generated runtime source
[PATCH OK] GRU = current + delta + delta2 + SAT + SoftMS position + visual displacement + previous state
[PATCH OK] 3-frame delta2 directly corrects acceleration + next_step
[PATCH OK] training/validation/inference motion starts from current-city cadence
[PATCH OK] Kalman = smooth confidence-adaptive measurement-preserving residual fusion
[PATCH OK] step corridor = continuous confidence relaxation
[PATCH OK] no held-out navigation result is read by this patch
[V39-BEARING] final-MS route-centerline reference patch: PASS
[ARCH-AUDIT] forward_18: PASS
[ARCH-AUDIT] base_geometry_6x6: PASS
[ARCH-AUDIT] front_softms_source: PASS
[ARCH-AUDIT] one_final_ms_source: PASS
[ARCH-AUDIT] front_decoder_softms: PASS
[ARCH-AUDIT] simple_seven_block_gru: PASS
[ARCH-AUDIT] residual_motion_head: PASS
[ARCH-AUDIT] causal_visual_displacement: PASS
[ARCH-AUDIT] cadence_initialized_tracker: PASS
[ARCH-AUDIT] motion_training_inference_aligned: PASS
[ARCH-AUDIT] training_city_motion_scale_init: PASS
[ARCH-AUDIT] forward_origin_backshift_covers_jitter: PASS
[ARCH-AUDIT] protocol: PASS
[ARCH-AUDIT] controlled_gt_reference_enabled: PASS
[ARCH-AUDIT] frame_count: PASS
[ARCH-AUDIT] gru_flag: PASS
[ARCH-AUDIT] kalman_flag: PASS
route_B: reuse UAV backbone cache

=== citya grid8: nav50 ===
route_B: reuse UAV backbone cache

=== citya grid5: nav50 ===
[ARCH-AUDIT] forward_18: PASS
[ARCH-AUDIT] base_geometry_6x6: PASS
[ARCH-AUDIT] front_softms_source: PASS
[ARCH-AUDIT] one_final_ms_source: PASS
[ARCH-AUDIT] front_decoder_softms: PASS
[ARCH-AUDIT] simple_seven_block_gru: PASS
[ARCH-AUDIT] residual_motion_head: PASS
[ARCH-AUDIT] causal_visual_displacement: PASS
[ARCH-AUDIT] cadence_initialized_tracker: PASS
[ARCH-AUDIT] motion_training_inference_aligned: PASS
[ARCH-AUDIT] training_city_motion_scale_init: PASS
[ARCH-AUDIT] forward_origin_backshift_covers_jitter: PASS
[ARCH-AUDIT] protocol: PASS
[ARCH-AUDIT] controlled_gt_reference_enabled: PASS
[ARCH-AUDIT] frame_count: PASS
[ARCH-AUDIT] gru_flag: PASS
[ARCH-AUDIT] kalman_flag: PASS
route_B: reuse UAV backbone cache

=== citya grid7: nav50 ===
route_B final MLE=3.901m P90=6.726m LSR@15=100.00% selected_capture=100.00% bank_capture=100.00% acq_acc=100.00% speed_mae=2.918m/frame progress_mae=1.814m heading_mae=36.3deg jump_rate=0.00% max_step=20.37m final_leg=11 gt_leg=11
route_C: reuse UAV backbone cache

=== citya grid8: nav51 ===
route_B final MLE=3.914m P90=6.724m LSR@15=100.00% selected_capture=100.00% bank_capture=100.00% acq_acc=100.00% speed_mae=2.918m/frame progress_mae=1.823m heading_mae=36.3deg jump_rate=0.00% max_step=20.37m final_leg=11 gt_leg=11
route_C: reuse UAV backbone cache

=== citya grid5: nav51 ===
route_B final MLE=3.900m P90=6.723m LSR@15=100.00% selected_capture=100.00% bank_capture=100.00% acq_acc=100.00% speed_mae=2.918m/frame progress_mae=1.814m heading_mae=36.3deg jump_rate=0.00% max_step=20.37m final_leg=11 gt_leg=11
route_C: reuse UAV backbone cache

=== citya grid7: nav51 ===
route_C final MLE=3.965m P90=6.905m LSR@15=100.00% selected_capture=98.05% bank_capture=98.05% acq_acc=100.00% speed_mae=2.957m/frame progress_mae=2.308m heading_mae=33.2deg jump_rate=2.45% max_step=19.71m final_leg=8 gt_leg=8
[DONE] /yh/study/uav-sat/v39_otherdata/output/run_20260921_203550/frozen_v5/citya/variants/grid5/bearing_v39_summary.json
route_C final MLE=3.898m P90=6.809m LSR@15=100.00% selected_capture=98.05% bank_capture=98.05% acq_acc=100.00% speed_mae=2.957m/frame progress_mae=2.228m heading_mae=33.2deg jump_rate=1.96% max_step=19.76m final_leg=8 gt_leg=8
[DONE] /yh/study/uav-sat/v39_otherdata/output/run_20260921_203550/frozen_v5/citya/variants/grid8/bearing_v39_summary.json
route_C final MLE=3.898m P90=6.808m LSR@15=100.00% selected_capture=98.05% bank_capture=98.05% acq_acc=100.00% speed_mae=2.957m/frame progress_mae=2.227m heading_mae=33.2deg jump_rate=1.96% max_step=19.76m final_leg=8 gt_leg=8
[DONE] /yh/study/uav-sat/v39_otherdata/output/run_20260921_203550/frozen_v5/citya/variants/grid7/bearing_v39_summary.json
# Bearing-UAV single-city ICLR ablation (measured)

Dataset domain(s): CITYA; held-out navigation trajectories are reported as nav50/nav51.
The local-search protocol is reported separately from the official Bearing-UAV global-regression benchmark.

## Component removal

| Variant | MLE (m) | P90 (m) | LSR@3 | LSR@5 | LSR@10 |
|---|---:|---:|---:|---:|---:|
| w/o GRU | 4.274 | 7.303 | 32.15% | 65.67% | 98.64% |
| w/o Kalman | 3.946 | 6.843 | 38.69% | 71.12% | 98.91% |
| w/o MeanShift | 6.823 | 12.111 | 16.89% | 38.15% | 79.29% |
| Full | 3.943 | 6.805 | 38.42% | 71.39% | 99.18% |

## Temporal input

| Input | MLE (m) | P90 (m) | LSR@3 | LSR@5 |
|---|---:|---:|---:|---:|
| 1 frame | 3.941 | 6.806 | 38.96% | 72.21% |
| 2 frames | 3.967 | 6.799 | 38.42% | 70.84% |
| Full | 3.943 | 6.805 | 38.42% | 71.39% |

## Final MeanShift window

| Window | Candidates | MLE (m) | P90 (m) | LSR@5 | MS latency (ms) |
|---|---:|---:|---:|---:|---:|
| 4x4 | 16 | 4.462 | 8.149 | 63.76% | 3.838 |
| 5x5 | 25 | 3.943 | 6.805 | 71.39% | 3.778 |
| 6x6 | 36 | 3.943 | 6.805 | 71.39% | 5.093 |
| 7x7 | 49 | 3.899 | 6.765 | 72.48% | 6.350 |
| 8x8 | 64 | 3.900 | 6.766 | 72.48% | 7.797 |

## Integrity audit

`FULL_TREND_CHECK=FAIL`

At least one ablation is better on a primary metric. Do not claim every component improves accuracy; revise only through training/validation data, not held-out navigation results.

================================================================================
DONE: Bearing-UAV SINGLE-CITY ablation v4
CITY  : citya
Suite : /yh/study/uav-sat/v39_otherdata/output/run_20260921_203550/frozen_v5
Table : /yh/study/uav-sat/v39_otherdata/output/run_20260921_203550/frozen_v5/paper_ablation_tables.md
Audit : /yh/study/uav-sat/v39_otherdata/output/run_20260921_203550/frozen_v5/paper_trend_audit.json
================================================================================
