[PREPARED] PASS | city=cityb | step=4 m | selection=soft_sequence_v13_multicity_auto_train_fullroute | existing GT/routes unchanged
[CADENCE] source=experiment_route_stats_train_01 | mean=5.769227 m | p90=10.316216 m | p95=11.515852 m
[OK] clean v39 runtime: Forward-18 SoftMS -> GRU -> Kalman -> one final MeanShift
[OK] weighted-centroid decoder removed from generated runtime source
[PATCH OK] GRU = current + delta + delta2 + SAT + SoftMS position + visual displacement + previous state
[PATCH OK] 3-frame delta2 directly corrects acceleration + next_step
[PATCH OK] training/validation/inference motion starts from current-city cadence
[PATCH OK] Kalman = smooth confidence-adaptive measurement-preserving residual fusion
[PATCH OK] step corridor = continuous confidence relaxation
[PATCH OK] no held-out navigation result is read by this patch
[V39-BEARING] final-MS route-centerline reference patch: PASS
[ARCH-AUDIT] forward_18: PASS
[ARCH-AUDIT] base_geometry_6x6: PASS
[ARCH-AUDIT] front_softms_source: PASS
[ARCH-AUDIT] one_final_ms_source: PASS
[ARCH-AUDIT] front_decoder_softms: PASS
[ARCH-AUDIT] simple_seven_block_gru: PASS
[ARCH-AUDIT] residual_motion_head: PASS
[ARCH-AUDIT] causal_visual_displacement: PASS
[ARCH-AUDIT] cadence_initialized_tracker: PASS
[ARCH-AUDIT] motion_training_inference_aligned: PASS
[ARCH-AUDIT] training_city_motion_scale_init: PASS
[ARCH-AUDIT] forward_origin_backshift_covers_jitter: PASS
[ARCH-AUDIT] protocol: PASS
[ARCH-AUDIT] controlled_gt_reference_enabled: PASS
[ARCH-AUDIT] frame_count: PASS
[ARCH-AUDIT] gru_flag: PASS
[ARCH-AUDIT] kalman_flag: PASS
[TRAIN] reuse visual checkpoint /yh/study/uav-sat/v39_otherdata/output/run_20260921_203550/frozen_v5/cityb/train_frames2/checkpoints/visual_retrieval_A_only.pt
route_A: reuse UAV backbone cache
temporal split train=[0,135) val=[139,165) route_length=789.4m
City training-sequence mean forward step=5.743m/frame p90=10.578m/frame
temporal epoch=001/100 loss=14.04749 center_teacher=1.000 acq_teacher=1.000 capture=100.00% bank_capture=100.00% acq_acc=100.00% acq_conf=0.626 radius=0.0m pred_step=5.490 target_step=5.743 pred_v=5.518 target_v=5.743 val_mle=11.330m val_p90=13.666m val_speed_mae=2.908 heading=0.1/-1.5deg val_progress_mae=10.470m val_heading_mae=31.0deg val_capture=96.15% val_bank=96.15% val_acq_acc=100.00% score=11.929 best=11.929 patience=0/4
temporal epoch=002/100 loss=14.01919 center_teacher=1.000 acq_teacher=1.000 capture=100.00% bank_capture=100.00% acq_acc=100.00% acq_conf=0.625 radius=0.0m pred_step=4.611 target_step=5.743 pred_v=4.733 target_v=5.743 val_mle=11.202m val_p90=13.497m val_speed_mae=2.642 heading=-0.1/-1.5deg val_progress_mae=10.313m val_heading_mae=31.0deg val_capture=96.15% val_bank=96.15% val_acq_acc=100.00% score=11.782 best=11.782 patience=0/4
temporal epoch=003/100 loss=13.66011 center_teacher=1.000 acq_teacher=1.000 capture=100.00% bank_capture=100.00% acq_acc=100.00% acq_conf=0.625 radius=0.0m pred_step=5.118 target_step=5.743 pred_v=5.181 target_v=5.743 val_mle=11.007m val_p90=13.273m val_speed_mae=2.579 heading=-0.3/-1.5deg val_progress_mae=10.089m val_heading_mae=31.0deg val_capture=96.15% val_bank=96.15% val_acq_acc=100.00% score=11.577 best=11.577 patience=0/4
temporal epoch=004/100 loss=13.55424 center_teacher=1.000 acq_teacher=1.000 capture=100.00% bank_capture=100.00% acq_acc=100.00% acq_conf=0.625 radius=0.0m pred_step=5.857 target_step=5.743 pred_v=5.833 target_v=5.743 val_mle=10.790m val_p90=13.021m val_speed_mae=2.678 heading=-0.2/-1.5deg val_progress_mae=9.838m val_heading_mae=31.0deg val_capture=96.15% val_bank=96.15% val_acq_acc=100.00% score=11.358 best=11.358 patience=0/4
temporal epoch=005/100 loss=13.43633 center_teacher=1.000 acq_teacher=1.000 capture=100.00% bank_capture=100.00% acq_acc=100.00% acq_conf=0.626 radius=0.0m pred_step=5.987 target_step=5.743 pred_v=5.948 target_v=5.743 val_mle=10.538m val_p90=12.752m val_speed_mae=2.562 heading=-0.1/-1.5deg val_progress_mae=9.557m val_heading_mae=31.0deg val_capture=96.15% val_bank=96.15% val_acq_acc=100.00% score=11.092 best=11.092 patience=0/4
temporal epoch=006/100 loss=13.20279 center_teacher=1.000 acq_teacher=1.000 capture=100.00% bank_capture=100.00% acq_acc=100.00% acq_conf=0.626 radius=0.0m pred_step=5.514 target_step=5.743 pred_v=5.534 target_v=5.743 val_mle=10.298m val_p90=12.474m val_speed_mae=2.618 heading=0.1/-1.5deg val_progress_mae=9.281m val_heading_mae=31.0deg val_capture=96.15% val_bank=96.15% val_acq_acc=100.00% score=10.847 best=10.847 patience=0/4
temporal epoch=007/100 loss=13.17155 center_teacher=1.000 acq_teacher=1.000 capture=100.00% bank_capture=100.00% acq_acc=100.00% acq_conf=0.626 radius=0.0m pred_step=4.902 target_step=5.743 pred_v=4.998 target_v=5.743 val_mle=10.050m val_p90=12.191m val_speed_mae=2.864 heading=0.1/-1.5deg val_progress_mae=8.999m val_heading_mae=31.0deg val_capture=96.15% val_bank=96.15% val_acq_acc=100.00% score=10.602 best=10.602 patience=0/4
temporal epoch=008/100 loss=13.10160 center_teacher=1.000 acq_teacher=1.000 capture=100.00% bank_capture=100.00% acq_acc=100.00% acq_conf=0.626 radius=0.0m pred_step=4.732 target_step=5.743 pred_v=4.851 target_v=5.743 val_mle=9.819m val_p90=11.933m val_speed_mae=2.612 heading=0.1/-1.5deg val_progress_mae=8.743m val_heading_mae=31.0deg val_capture=96.15% val_bank=96.15% val_acq_acc=100.00% score=10.350 best=10.350 patience=0/4
temporal epoch=009/100 loss=12.87931 center_teacher=1.000 acq_teacher=1.000 capture=100.00% bank_capture=100.00% acq_acc=100.00% acq_conf=0.626 radius=0.0m pred_step=5.104 target_step=5.743 pred_v=5.183 target_v=5.743 val_mle=9.625m val_p90=11.720m val_speed_mae=2.543 heading=0.1/-1.5deg val_progress_mae=8.532m val_heading_mae=31.0deg val_capture=96.15% val_bank=96.15% val_acq_acc=100.00% score=10.147 best=10.147 patience=0/4
temporal epoch=010/100 loss=12.77298 center_teacher=1.000 acq_teacher=1.000 capture=100.00% bank_capture=100.00% acq_acc=100.00% acq_conf=0.626 radius=0.0m pred_step=5.552 target_step=5.743 pred_v=5.580 target_v=5.743 val_mle=9.465m val_p90=11.546m val_speed_mae=2.569 heading=0.0/-1.5deg val_progress_mae=8.359m val_heading_mae=31.0deg val_capture=96.15% val_bank=96.15% val_acq_acc=100.00% score=9.983 best=9.983 patience=0/4
temporal epoch=011/100 loss=12.69940 center_teacher=1.000 acq_teacher=1.000 capture=100.00% bank_capture=100.00% acq_acc=100.00% acq_conf=0.626 radius=0.0m pred_step=5.631 target_step=5.743 pred_v=5.653 target_v=5.743 val_mle=9.356m val_p90=11.397m val_speed_mae=2.539 heading=-0.0/-1.5deg val_progress_mae=8.228m val_heading_mae=31.0deg val_capture=96.15% val_bank=96.15% val_acq_acc=100.00% score=9.868 best=9.868 patience=0/4
temporal epoch=012/100 loss=12.61231 center_teacher=1.000 acq_teacher=1.000 capture=100.00% bank_capture=100.00% acq_acc=100.00% acq_conf=0.625 radius=0.0m pred_step=5.365 target_step=5.743 pred_v=5.422 target_v=5.743 val_mle=9.240m val_p90=11.265m val_speed_mae=2.563 heading=-0.1/-1.5deg val_progress_mae=8.099m val_heading_mae=31.0deg val_capture=96.15% val_bank=96.15% val_acq_acc=100.00% score=9.750 best=9.750 patience=0/4
temporal epoch=013/100 loss=12.60904 center_teacher=1.000 acq_teacher=1.000 capture=100.00% bank_capture=100.00% acq_acc=100.00% acq_conf=0.625 radius=0.0m pred_step=5.070 target_step=5.743 pred_v=5.163 target_v=5.743 val_mle=9.137m val_p90=11.144m val_speed_mae=2.592 heading=-0.1/-1.5deg val_progress_mae=7.982m val_heading_mae=31.0deg val_capture=96.15% val_bank=96.15% val_acq_acc=100.00% score=9.645 best=9.645 patience=0/4
temporal epoch=014/100 loss=12.58343 center_teacher=1.000 acq_teacher=1.000 capture=100.00% bank_capture=100.00% acq_acc=100.00% acq_conf=0.625 radius=0.0m pred_step=5.048 target_step=5.743 pred_v=5.142 target_v=5.743 val_mle=9.043m val_p90=11.032m val_speed_mae=2.527 heading=-0.1/-1.5deg val_progress_mae=7.875m val_heading_mae=31.0deg val_capture=96.15% val_bank=96.15% val_acq_acc=100.00% score=9.545 best=9.545 patience=0/4
temporal epoch=015/100 loss=12.54170 center_teacher=1.000 acq_teacher=1.000 capture=100.00% bank_capture=100.00% acq_acc=100.00% acq_conf=0.626 radius=0.0m pred_step=5.347 target_step=5.743 pred_v=5.401 target_v=5.743 val_mle=8.956m val_p90=10.925m val_speed_mae=2.564 heading=-0.1/-1.5deg val_progress_mae=7.772m val_heading_mae=31.0deg val_capture=96.15% val_bank=96.15% val_acq_acc=100.00% score=9.457 best=9.457 patience=0/4
temporal epoch=016/100 loss=12.54106 center_teacher=1.000 acq_teacher=1.000 capture=100.00% bank_capture=100.00% acq_acc=100.00% acq_conf=0.626 radius=0.0m pred_step=5.645 target_step=5.743 pred_v=5.660 target_v=5.743 val_mle=8.873m val_p90=10.821m val_speed_mae=2.557 heading=-0.1/-1.5deg val_progress_mae=7.673m val_heading_mae=31.0deg val_capture=96.15% val_bank=96.15% val_acq_acc=100.00% score=9.370 best=9.370 patience=0/4
temporal epoch=017/100 loss=12.48764 center_teacher=1.000 acq_teacher=1.000 capture=100.00% bank_capture=100.00% acq_acc=100.00% acq_conf=0.626 radius=0.0m pred_step=5.454 target_step=5.743 pred_v=5.489 target_v=5.743 val_mle=8.793m val_p90=10.718m val_speed_mae=2.529 heading=-0.1/-1.5deg val_progress_mae=7.577m val_heading_mae=31.0deg val_capture=96.15% val_bank=96.15% val_acq_acc=100.00% score=9.286 best=9.286 patience=0/4
temporal epoch=018/100 loss=12.43908 center_teacher=1.000 acq_teacher=1.000 capture=100.00% bank_capture=100.00% acq_acc=100.00% acq_conf=0.625 radius=0.0m pred_step=5.131 target_step=5.743 pred_v=5.202 target_v=5.743 val_mle=8.721m val_p90=10.631m val_speed_mae=2.546 heading=-0.2/-1.5deg val_progress_mae=7.488m val_heading_mae=31.0deg val_capture=96.15% val_bank=96.15% val_acq_acc=100.00% score=9.212 best=9.212 patience=0/4
temporal epoch=019/100 loss=12.38861 center_teacher=1.000 acq_teacher=1.000 capture=100.00% bank_capture=100.00% acq_acc=100.00% acq_conf=0.625 radius=0.0m pred_step=5.177 target_step=5.743 pred_v=5.238 target_v=5.743 val_mle=8.657m val_p90=10.568m val_speed_mae=2.562 heading=-0.2/-1.5deg val_progress_mae=7.409m val_heading_mae=31.0deg val_capture=96.15% val_bank=96.15% val_acq_acc=100.00% score=9.146 best=9.146 patience=0/4
temporal epoch=020/100 loss=12.41018 center_teacher=1.000 acq_teacher=1.000 capture=100.00% bank_capture=100.00% acq_acc=100.00% acq_conf=0.625 radius=0.0m pred_step=5.679 target_step=5.743 pred_v=5.672 target_v=5.743 val_mle=8.595m val_p90=10.503m val_speed_mae=2.587 heading=-0.2/-1.5deg val_progress_mae=7.332m val_heading_mae=30.9deg val_capture=96.15% val_bank=96.15% val_acq_acc=100.00% score=9.084 best=9.084 patience=0/4
temporal epoch=021/100 loss=12.34694 center_teacher=1.000 acq_teacher=1.000 capture=100.00% bank_capture=100.00% acq_acc=100.00% acq_conf=0.625 radius=0.0m pred_step=5.604 target_step=5.743 pred_v=5.601 target_v=5.743 val_mle=8.523m val_p90=10.438m val_speed_mae=2.566 heading=-0.2/-1.5deg val_progress_mae=7.241m val_heading_mae=30.9deg val_capture=96.15% val_bank=96.15% val_acq_acc=100.00% score=9.008 best=9.008 patience=0/4
temporal epoch=022/100 loss=12.35251 center_teacher=1.000 acq_teacher=1.000 capture=100.00% bank_capture=100.00% acq_acc=100.00% acq_conf=0.625 radius=0.0m pred_step=4.847 target_step=5.743 pred_v=4.933 target_v=5.743 val_mle=8.476m val_p90=10.383m val_speed_mae=2.520 heading=-0.2/-1.5deg val_progress_mae=7.182m val_heading_mae=30.9deg val_capture=96.15% val_bank=96.15% val_acq_acc=100.00% score=8.956 best=8.956 patience=0/4
temporal epoch=023/100 loss=12.34930 center_teacher=1.000 acq_teacher=1.000 capture=100.00% bank_capture=100.00% acq_acc=100.00% acq_conf=0.625 radius=0.0m pred_step=5.617 target_step=5.743 pred_v=5.599 target_v=5.743 val_mle=8.439m val_p90=10.338m val_speed_mae=2.848 heading=-0.2/-1.5deg val_progress_mae=7.136m val_heading_mae=30.9deg val_capture=96.15% val_bank=96.15% val_acq_acc=100.00% score=8.935 best=8.935 patience=0/4
temporal epoch=024/100 loss=12.36631 center_teacher=1.000 acq_teacher=1.000 capture=100.00% bank_capture=100.00% acq_acc=100.00% acq_conf=0.625 radius=0.0m pred_step=6.042 target_step=5.743 pred_v=5.968 target_v=5.743 val_mle=8.386m val_p90=10.277m val_speed_mae=3.004 heading=-0.2/-1.5deg val_progress_mae=7.070m val_heading_mae=30.9deg val_capture=96.15% val_bank=96.15% val_acq_acc=100.00% score=8.887 best=8.887 patience=0/4
temporal epoch=025/100 loss=12.68512 center_teacher=1.000 acq_teacher=1.000 capture=100.00% bank_capture=100.00% acq_acc=100.00% acq_conf=0.626 radius=0.0m pred_step=3.973 target_step=5.743 pred_v=4.153 target_v=5.743 val_mle=8.375m val_p90=10.255m val_speed_mae=2.592 heading=-0.4/-1.5deg val_progress_mae=7.059m val_heading_mae=30.9deg val_capture=96.15% val_bank=96.15% val_acq_acc=100.00% score=8.855 best=8.855 patience=0/4
temporal epoch=026/100 loss=12.97074 center_teacher=1.000 acq_teacher=1.000 capture=100.00% bank_capture=100.00% acq_acc=100.00% acq_conf=0.625 radius=0.0m pred_step=6.655 target_step=5.743 pred_v=6.489 target_v=5.743 val_mle=8.378m val_p90=10.299m val_speed_mae=3.109 heading=-0.3/-1.5deg val_progress_mae=7.068m val_heading_mae=30.9deg val_capture=96.15% val_bank=96.15% val_acq_acc=100.00% score=8.884 best=8.855 patience=1/4
temporal epoch=027/100 loss=12.13047 center_teacher=1.000 acq_teacher=1.000 capture=100.00% bank_capture=100.00% acq_acc=100.00% acq_conf=0.625 radius=0.0m pred_step=5.816 target_step=5.743 pred_v=5.754 target_v=5.743 val_mle=8.359m val_p90=10.312m val_speed_mae=5.619 heading=-0.4/-1.5deg val_progress_mae=7.051m val_heading_mae=30.9deg val_capture=96.15% val_bank=96.15% val_acq_acc=100.00% score=8.990 best=8.855 patience=2/4
temporal epoch=028/100 loss=14.51296 center_teacher=1.000 acq_teacher=1.000 capture=100.00% bank_capture=100.00% acq_acc=100.00% acq_conf=0.626 radius=0.0m pred_step=2.077 target_step=5.743 pred_v=2.485 target_v=5.743 val_mle=8.441m val_p90=10.431m val_speed_mae=6.034 heading=-0.5/-1.5deg val_progress_mae=7.155m val_heading_mae=30.9deg val_capture=96.15% val_bank=96.15% val_acq_acc=100.00% score=9.096 best=8.855 patience=3/4
temporal epoch=029/100 loss=17.73596 center_teacher=1.000 acq_teacher=1.000 capture=100.00% bank_capture=100.00% acq_acc=100.00% acq_conf=0.625 radius=0.0m pred_step=10.089 target_step=5.743 pred_v=9.803 target_v=5.743 val_mle=8.546m val_p90=10.562m val_speed_mae=8.236 heading=-0.2/-1.5deg val_progress_mae=7.292m val_heading_mae=30.9deg val_capture=96.15% val_bank=96.15% val_acq_acc=100.00% score=9.316 best=8.855 patience=4/4
EARLY STOP: controlled local-prior validation score did not improve by 0.003 for 4 epochs.
