[PREPARED] PASS | city=cityd | step=4 m | selection=soft_sequence_v13_multicity_auto_train_fullroute | existing GT/routes unchanged
[CADENCE] source=experiment_route_stats_train_01 | mean=5.465267 m | p90=10.039383 m | p95=12.083230 m
[OK] clean v39 runtime: Forward-18 SoftMS -> GRU -> Kalman -> one final MeanShift
[OK] weighted-centroid decoder removed from generated runtime source
[PATCH OK] GRU = current + delta + delta2 + SAT + SoftMS position + visual displacement + previous state
[PATCH OK] 3-frame delta2 directly corrects acceleration + next_step
[PATCH OK] training/validation/inference motion starts from current-city cadence
[PATCH OK] Kalman = smooth confidence-adaptive measurement-preserving residual fusion
[PATCH OK] step corridor = continuous confidence relaxation
[PATCH OK] no held-out navigation result is read by this patch
[V39-BEARING] final-MS route-centerline reference patch: PASS
[ARCH-AUDIT] forward_18: PASS
[ARCH-AUDIT] base_geometry_6x6: PASS
[ARCH-AUDIT] front_softms_source: PASS
[ARCH-AUDIT] one_final_ms_source: PASS
[ARCH-AUDIT] front_decoder_softms: PASS
[ARCH-AUDIT] simple_seven_block_gru: PASS
[ARCH-AUDIT] residual_motion_head: PASS
[ARCH-AUDIT] causal_visual_displacement: PASS
[ARCH-AUDIT] cadence_initialized_tracker: PASS
[ARCH-AUDIT] motion_training_inference_aligned: PASS
[ARCH-AUDIT] training_city_motion_scale_init: PASS
[ARCH-AUDIT] forward_origin_backshift_covers_jitter: PASS
[ARCH-AUDIT] protocol: PASS
[ARCH-AUDIT] controlled_gt_reference_enabled: PASS
[ARCH-AUDIT] frame_count: PASS
[ARCH-AUDIT] gru_flag: PASS
[ARCH-AUDIT] kalman_flag: PASS
[TRAIN] reuse visual checkpoint /yh/study/uav-sat/v39_otherdata/output/run_20260921_203550/frozen_v5/cityd/train_frames3/checkpoints/visual_retrieval_A_only.pt
route_A: reuse UAV backbone cache
temporal split train=[0,136) val=[140,166) route_length=789.4m
City training-sequence mean forward step=5.530m/frame p90=10.147m/frame
temporal epoch=001/100 loss=15.66537 center_teacher=1.000 acq_teacher=1.000 capture=100.00% bank_capture=100.00% acq_acc=100.00% acq_conf=0.643 radius=0.0m pred_step=5.169 target_step=5.530 pred_v=5.221 target_v=5.530 val_mle=10.235m val_p90=12.542m val_speed_mae=2.960 heading=-0.0/0.7deg val_progress_mae=10.234m val_heading_mae=30.5deg val_capture=96.15% val_bank=96.15% val_acq_acc=100.00% score=10.828 best=10.828 patience=0/4
temporal epoch=002/100 loss=15.63809 center_teacher=1.000 acq_teacher=1.000 capture=100.00% bank_capture=100.00% acq_acc=100.00% acq_conf=0.643 radius=0.0m pred_step=4.458 target_step=5.530 pred_v=4.622 target_v=5.530 val_mle=10.048m val_p90=12.361m val_speed_mae=2.913 heading=-0.1/0.7deg val_progress_mae=10.041m val_heading_mae=30.5deg val_capture=96.15% val_bank=96.15% val_acq_acc=100.00% score=10.633 best=10.633 patience=0/4
temporal epoch=003/100 loss=15.34547 center_teacher=1.000 acq_teacher=1.000 capture=100.00% bank_capture=100.00% acq_acc=100.00% acq_conf=0.643 radius=0.0m pred_step=5.026 target_step=5.530 pred_v=5.104 target_v=5.530 val_mle=9.778m val_p90=12.095m val_speed_mae=2.917 heading=-0.2/0.7deg val_progress_mae=9.762m val_heading_mae=30.5deg val_capture=96.15% val_bank=96.15% val_acq_acc=100.00% score=10.355 best=10.355 patience=0/4
temporal epoch=004/100 loss=15.23714 center_teacher=1.000 acq_teacher=1.000 capture=100.00% bank_capture=100.00% acq_acc=100.00% acq_conf=0.643 radius=0.0m pred_step=5.719 target_step=5.530 pred_v=5.696 target_v=5.530 val_mle=9.451m val_p90=11.766m val_speed_mae=2.916 heading=-0.1/0.7deg val_progress_mae=9.423m val_heading_mae=30.5deg val_capture=96.15% val_bank=96.15% val_acq_acc=100.00% score=10.017 best=10.017 patience=0/4
temporal epoch=005/100 loss=14.97462 center_teacher=1.000 acq_teacher=1.000 capture=100.00% bank_capture=100.00% acq_acc=100.00% acq_conf=0.642 radius=0.0m pred_step=5.313 target_step=5.530 pred_v=5.355 target_v=5.530 val_mle=9.112m val_p90=11.415m val_speed_mae=2.934 heading=0.0/0.7deg val_progress_mae=9.070m val_heading_mae=30.5deg val_capture=96.15% val_bank=96.15% val_acq_acc=100.00% score=9.669 best=9.669 patience=0/4
temporal epoch=006/100 loss=14.92725 center_teacher=1.000 acq_teacher=1.000 capture=100.00% bank_capture=100.00% acq_acc=100.00% acq_conf=0.642 radius=0.0m pred_step=4.441 target_step=5.530 pred_v=4.620 target_v=5.530 val_mle=8.787m val_p90=11.089m val_speed_mae=2.923 heading=0.1/0.7deg val_progress_mae=8.730m val_heading_mae=30.5deg val_capture=96.15% val_bank=96.15% val_acq_acc=100.00% score=9.333 best=9.333 patience=0/4
temporal epoch=007/100 loss=14.57061 center_teacher=1.000 acq_teacher=1.000 capture=100.00% bank_capture=100.00% acq_acc=100.00% acq_conf=0.642 radius=0.0m pred_step=4.761 target_step=5.530 pred_v=4.902 target_v=5.530 val_mle=8.492m val_p90=10.801m val_speed_mae=2.916 heading=0.0/0.7deg val_progress_mae=8.418m val_heading_mae=30.5deg val_capture=96.15% val_bank=96.15% val_acq_acc=100.00% score=9.028 best=9.028 patience=0/4
temporal epoch=008/100 loss=14.46889 center_teacher=1.000 acq_teacher=1.000 capture=100.00% bank_capture=100.00% acq_acc=100.00% acq_conf=0.642 radius=0.0m pred_step=5.707 target_step=5.530 pred_v=5.716 target_v=5.530 val_mle=8.245m val_p90=10.552m val_speed_mae=2.918 heading=0.0/0.7deg val_progress_mae=8.156m val_heading_mae=30.5deg val_capture=96.15% val_bank=96.15% val_acq_acc=100.00% score=8.773 best=8.773 patience=0/4
temporal epoch=009/100 loss=14.38577 center_teacher=1.000 acq_teacher=1.000 capture=100.00% bank_capture=100.00% acq_acc=100.00% acq_conf=0.642 radius=0.0m pred_step=5.794 target_step=5.530 pred_v=5.788 target_v=5.530 val_mle=8.036m val_p90=10.340m val_speed_mae=2.913 heading=0.1/0.7deg val_progress_mae=7.932m val_heading_mae=30.5deg val_capture=96.15% val_bank=96.15% val_acq_acc=100.00% score=8.557 best=8.557 patience=0/4
temporal epoch=010/100 loss=14.24742 center_teacher=1.000 acq_teacher=1.000 capture=100.00% bank_capture=100.00% acq_acc=100.00% acq_conf=0.642 radius=0.0m pred_step=4.887 target_step=5.530 pred_v=5.010 target_v=5.530 val_mle=7.881m val_p90=10.181m val_speed_mae=3.003 heading=0.2/0.7deg val_progress_mae=7.764m val_heading_mae=30.5deg val_capture=96.15% val_bank=96.15% val_acq_acc=100.00% score=8.402 best=8.402 patience=0/4
temporal epoch=011/100 loss=14.30866 center_teacher=1.000 acq_teacher=1.000 capture=100.00% bank_capture=100.00% acq_acc=100.00% acq_conf=0.642 radius=0.0m pred_step=4.424 target_step=5.530 pred_v=4.609 target_v=5.530 val_mle=7.742m val_p90=10.058m val_speed_mae=2.912 heading=0.3/0.7deg val_progress_mae=7.615m val_heading_mae=30.5deg val_capture=96.15% val_bank=96.15% val_acq_acc=100.00% score=8.254 best=8.254 patience=0/4
temporal epoch=012/100 loss=14.05064 center_teacher=1.000 acq_teacher=1.000 capture=100.00% bank_capture=100.00% acq_acc=100.00% acq_conf=0.642 radius=0.0m pred_step=5.295 target_step=5.530 pred_v=5.360 target_v=5.530 val_mle=7.641m val_p90=9.960m val_speed_mae=2.933 heading=0.2/0.7deg val_progress_mae=7.506m val_heading_mae=30.5deg val_capture=96.15% val_bank=96.15% val_acq_acc=100.00% score=8.151 best=8.151 patience=0/4
temporal epoch=013/100 loss=14.18861 center_teacher=1.000 acq_teacher=1.000 capture=100.00% bank_capture=100.00% acq_acc=100.00% acq_conf=0.642 radius=0.0m pred_step=6.027 target_step=5.530 pred_v=5.997 target_v=5.530 val_mle=7.546m val_p90=9.867m val_speed_mae=2.910 heading=0.2/0.7deg val_progress_mae=7.404m val_heading_mae=30.5deg val_capture=96.15% val_bank=96.15% val_acq_acc=100.00% score=8.051 best=8.051 patience=0/4
temporal epoch=014/100 loss=13.95331 center_teacher=1.000 acq_teacher=1.000 capture=100.00% bank_capture=100.00% acq_acc=100.00% acq_conf=0.642 radius=0.0m pred_step=4.871 target_step=5.530 pred_v=5.004 target_v=5.530 val_mle=7.473m val_p90=9.785m val_speed_mae=3.130 heading=0.3/0.7deg val_progress_mae=7.326m val_heading_mae=30.5deg val_capture=96.15% val_bank=96.15% val_acq_acc=100.00% score=7.987 best=7.987 patience=0/4
temporal epoch=015/100 loss=14.16223 center_teacher=1.000 acq_teacher=1.000 capture=100.00% bank_capture=100.00% acq_acc=100.00% acq_conf=0.642 radius=0.0m pred_step=4.144 target_step=5.530 pred_v=4.383 target_v=5.530 val_mle=7.412m val_p90=9.730m val_speed_mae=2.922 heading=0.4/0.7deg val_progress_mae=7.263m val_heading_mae=30.5deg val_capture=96.15% val_bank=96.15% val_acq_acc=100.00% score=7.914 best=7.914 patience=0/4
temporal epoch=016/100 loss=14.17342 center_teacher=1.000 acq_teacher=1.000 capture=100.00% bank_capture=100.00% acq_acc=100.00% acq_conf=0.642 radius=0.0m pred_step=6.215 target_step=5.530 pred_v=6.172 target_v=5.530 val_mle=7.361m val_p90=9.672m val_speed_mae=3.170 heading=0.4/0.7deg val_progress_mae=7.209m val_heading_mae=30.5deg val_capture=96.15% val_bank=96.15% val_acq_acc=100.00% score=7.873 best=7.873 patience=0/4
temporal epoch=017/100 loss=13.83104 center_teacher=1.000 acq_teacher=1.000 capture=100.00% bank_capture=100.00% acq_acc=100.00% acq_conf=0.642 radius=0.0m pred_step=5.865 target_step=5.530 pred_v=5.882 target_v=5.530 val_mle=7.290m val_p90=9.589m val_speed_mae=4.224 heading=0.4/0.7deg val_progress_mae=7.134m val_heading_mae=30.5deg val_capture=96.15% val_bank=96.15% val_acq_acc=100.00% score=7.853 best=7.853 patience=0/4
temporal epoch=018/100 loss=15.80960 center_teacher=1.000 acq_teacher=1.000 capture=100.00% bank_capture=100.00% acq_acc=100.00% acq_conf=0.642 radius=0.0m pred_step=2.586 target_step=5.530 pred_v=3.064 target_v=5.530 val_mle=7.258m val_p90=9.559m val_speed_mae=2.900 heading=0.5/0.7deg val_progress_mae=7.103m val_heading_mae=30.5deg val_capture=96.15% val_bank=96.15% val_acq_acc=100.00% score=7.754 best=7.754 patience=0/4
temporal epoch=019/100 loss=14.13337 center_teacher=1.000 acq_teacher=1.000 capture=100.00% bank_capture=100.00% acq_acc=100.00% acq_conf=0.642 radius=0.0m pred_step=6.090 target_step=5.530 pred_v=6.095 target_v=5.530 val_mle=7.265m val_p90=9.569m val_speed_mae=6.398 heading=0.6/0.7deg val_progress_mae=7.114m val_heading_mae=30.5deg val_capture=96.15% val_bank=96.15% val_acq_acc=100.00% score=7.936 best=7.754 patience=1/4
temporal epoch=020/100 loss=15.39594 center_teacher=1.000 acq_teacher=1.000 capture=100.00% bank_capture=100.00% acq_acc=100.00% acq_conf=0.642 radius=0.0m pred_step=7.850 target_step=5.530 pred_v=7.627 target_v=5.530 val_mle=7.170m val_p90=9.465m val_speed_mae=3.758 heading=0.7/0.7deg val_progress_mae=7.013m val_heading_mae=30.5deg val_capture=96.15% val_bank=96.15% val_acq_acc=100.00% score=7.706 best=7.706 patience=0/4
temporal epoch=021/100 loss=16.49040 center_teacher=1.000 acq_teacher=1.000 capture=100.00% bank_capture=100.00% acq_acc=100.00% acq_conf=0.642 radius=0.0m pred_step=1.997 target_step=5.530 pred_v=2.473 target_v=5.530 val_mle=7.135m val_p90=9.440m val_speed_mae=4.784 heading=0.7/0.7deg val_progress_mae=6.978m val_heading_mae=30.5deg val_capture=96.15% val_bank=96.15% val_acq_acc=100.00% score=7.721 best=7.706 patience=1/4
temporal epoch=022/100 loss=14.15522 center_teacher=1.000 acq_teacher=1.000 capture=100.00% bank_capture=100.00% acq_acc=100.00% acq_conf=0.642 radius=0.0m pred_step=3.341 target_step=5.530 pred_v=3.759 target_v=5.530 val_mle=7.194m val_p90=9.524m val_speed_mae=8.140 heading=0.6/0.7deg val_progress_mae=7.046m val_heading_mae=30.5deg val_capture=96.15% val_bank=96.15% val_acq_acc=100.00% score=7.951 best=7.706 patience=2/4
temporal epoch=023/100 loss=18.80372 center_teacher=1.000 acq_teacher=1.000 capture=100.00% bank_capture=100.00% acq_acc=100.00% acq_conf=0.642 radius=0.0m pred_step=9.982 target_step=5.530 pred_v=9.589 target_v=5.530 val_mle=7.160m val_p90=9.530m val_speed_mae=8.487 heading=0.9/0.7deg val_progress_mae=7.012m val_heading_mae=30.5deg val_capture=96.15% val_bank=96.15% val_acq_acc=100.00% score=7.932 best=7.706 patience=3/4
temporal epoch=024/100 loss=16.68091 center_teacher=1.000 acq_teacher=1.000 capture=100.00% bank_capture=100.00% acq_acc=100.00% acq_conf=0.640 radius=0.0m pred_step=8.874 target_step=5.530 pred_v=8.537 target_v=5.530 val_mle=7.036m val_p90=9.407m val_speed_mae=4.528 heading=1.6/0.7deg val_progress_mae=6.881m val_heading_mae=30.5deg val_capture=96.15% val_bank=96.15% val_acq_acc=100.00% score=7.606 best=7.606 patience=0/4
temporal epoch=025/100 loss=16.98359 center_teacher=1.000 acq_teacher=1.000 capture=100.00% bank_capture=100.00% acq_acc=100.00% acq_conf=0.641 radius=0.0m pred_step=1.486 target_step=5.530 pred_v=2.028 target_v=5.530 val_mle=7.060m val_p90=9.429m val_speed_mae=5.277 heading=1.4/0.7deg val_progress_mae=6.910m val_heading_mae=30.5deg val_capture=96.15% val_bank=96.15% val_acq_acc=100.00% score=7.669 best=7.606 patience=1/4
temporal epoch=026/100 loss=17.46483 center_teacher=1.000 acq_teacher=1.000 capture=100.00% bank_capture=100.00% acq_acc=100.00% acq_conf=0.642 radius=0.0m pred_step=1.115 target_step=5.530 pred_v=1.780 target_v=5.530 val_mle=7.187m val_p90=9.580m val_speed_mae=3.264 heading=1.0/0.7deg val_progress_mae=7.048m val_heading_mae=30.5deg val_capture=96.15% val_bank=96.15% val_acq_acc=100.00% score=7.699 best=7.606 patience=2/4
temporal epoch=027/100 loss=15.59225 center_teacher=1.000 acq_teacher=1.000 capture=100.00% bank_capture=100.00% acq_acc=100.00% acq_conf=0.642 radius=0.0m pred_step=7.679 target_step=5.530 pred_v=7.489 target_v=5.530 val_mle=7.252m val_p90=9.697m val_speed_mae=7.336 heading=1.2/0.7deg val_progress_mae=7.120m val_heading_mae=30.5deg val_capture=96.15% val_bank=96.15% val_acq_acc=100.00% score=7.971 best=7.606 patience=3/4
temporal epoch=028/100 loss=16.55989 center_teacher=1.000 acq_teacher=1.000 capture=100.00% bank_capture=100.00% acq_acc=100.00% acq_conf=0.644 radius=0.0m pred_step=8.272 target_step=5.530 pred_v=8.030 target_v=5.530 val_mle=7.139m val_p90=9.460m val_speed_mae=4.886 heading=1.9/0.7deg val_progress_mae=7.003m val_heading_mae=30.5deg val_capture=96.15% val_bank=96.15% val_acq_acc=100.00% score=7.731 best=7.606 patience=4/4
EARLY STOP: controlled local-prior validation score did not improve by 0.003 for 4 epochs.
[TRAIN-ONLY V5 CALIBRATION] {"confidence_power": 1.0, "delta2_scale": 2.0, "fixed_variance_m2": 9.0, "objective": 7.878360147855345, "prior_blend_base": 0.05, "prior_blend_cutoff": 0.7, "prior_blend_lowconf_gain": 0.3, "prior_blend_max": 0.3, "q_cross": 0.30000000000000004, "q_progress": 1.125, "q_velocity": 0.75, "stage": "filter", "step_relax_confidence": 0.55, "step_relax_width": 0.08, "step_visual_slack_m": 3.0, "temporal_3frame_scale": 1.1, "val_mle_m": 6.979680941846761, "val_p90_m": 9.266090274309992, "val_progress_mae": 6.812028959540153, "val_speed_mae": 4.463584723419175}
[TRAIN-ONLY V5 NO-KALMAN DIAGNOSTIC] {"mle_m": 7.0591729234213, "p90_m": 9.4150471860554}
