[PREPARED] PASS | city=cityb | step=4 m | selection=soft_sequence_v13_multicity_auto_train_fullroute | existing GT/routes unchanged
[CADENCE] source=experiment_route_stats_train_01 | mean=5.769227 m | p90=10.316216 m | p95=11.515852 m
[OK] clean v39 runtime: Forward-18 SoftMS -> GRU -> Kalman -> one final MeanShift
[OK] weighted-centroid decoder removed from generated runtime source
[PATCH OK] GRU = current + delta + delta2 + SAT + SoftMS position + visual displacement + previous state
[PATCH OK] 3-frame delta2 directly corrects acceleration + next_step
[PATCH OK] training/validation/inference motion starts from current-city cadence
[PATCH OK] Kalman = smooth confidence-adaptive measurement-preserving residual fusion
[PATCH OK] step corridor = continuous confidence relaxation
[PATCH OK] no held-out navigation result is read by this patch
[V39-BEARING] final-MS route-centerline reference patch: PASS
[ARCH-AUDIT] forward_18: PASS
[ARCH-AUDIT] base_geometry_6x6: PASS
[ARCH-AUDIT] front_softms_source: PASS
[ARCH-AUDIT] one_final_ms_source: PASS
[ARCH-AUDIT] front_decoder_softms: PASS
[ARCH-AUDIT] simple_seven_block_gru: PASS
[ARCH-AUDIT] residual_motion_head: PASS
[ARCH-AUDIT] causal_visual_displacement: PASS
[ARCH-AUDIT] cadence_initialized_tracker: PASS
[ARCH-AUDIT] motion_training_inference_aligned: PASS
[ARCH-AUDIT] training_city_motion_scale_init: PASS
[ARCH-AUDIT] forward_origin_backshift_covers_jitter: PASS
[ARCH-AUDIT] protocol: PASS
[ARCH-AUDIT] controlled_gt_reference_enabled: PASS
[ARCH-AUDIT] frame_count: PASS
[ARCH-AUDIT] gru_flag: PASS
[ARCH-AUDIT] kalman_flag: PASS
[TRAIN] reuse visual checkpoint /yh/study/uav-sat/v39_otherdata/output/run_20260921_203550/frozen_v5/cityb/train_frames3/checkpoints/visual_retrieval_A_only.pt
route_A: reuse UAV backbone cache
temporal split train=[0,135) val=[139,165) route_length=789.4m
City training-sequence mean forward step=5.743m/frame p90=10.578m/frame
temporal epoch=001/100 loss=14.07060 center_teacher=1.000 acq_teacher=1.000 capture=100.00% bank_capture=100.00% acq_acc=100.00% acq_conf=0.626 radius=0.0m pred_step=5.396 target_step=5.743 pred_v=5.449 target_v=5.743 val_mle=11.354m val_p90=13.669m val_speed_mae=2.888 heading=0.0/-1.5deg val_progress_mae=10.487m val_heading_mae=31.0deg val_capture=96.15% val_bank=96.15% val_acq_acc=100.00% score=11.952 best=11.952 patience=0/4
temporal epoch=002/100 loss=13.96765 center_teacher=1.000 acq_teacher=1.000 capture=100.00% bank_capture=100.00% acq_acc=100.00% acq_conf=0.625 radius=0.0m pred_step=4.649 target_step=5.743 pred_v=4.805 target_v=5.743 val_mle=11.215m val_p90=13.515m val_speed_mae=2.530 heading=-0.2/-1.5deg val_progress_mae=10.329m val_heading_mae=31.0deg val_capture=96.15% val_bank=96.15% val_acq_acc=100.00% score=11.791 best=11.791 patience=0/4
temporal epoch=003/100 loss=13.68447 center_teacher=1.000 acq_teacher=1.000 capture=100.00% bank_capture=100.00% acq_acc=100.00% acq_conf=0.625 radius=0.0m pred_step=5.539 target_step=5.743 pred_v=5.542 target_v=5.743 val_mle=11.028m val_p90=13.299m val_speed_mae=2.642 heading=-0.3/-1.5deg val_progress_mae=10.115m val_heading_mae=31.0deg val_capture=96.15% val_bank=96.15% val_acq_acc=100.00% score=11.602 best=11.602 patience=0/4
temporal epoch=004/100 loss=13.59478 center_teacher=1.000 acq_teacher=1.000 capture=100.00% bank_capture=100.00% acq_acc=100.00% acq_conf=0.625 radius=0.0m pred_step=5.965 target_step=5.743 pred_v=5.898 target_v=5.743 val_mle=10.814m val_p90=13.049m val_speed_mae=2.549 heading=-0.2/-1.5deg val_progress_mae=9.868m val_heading_mae=31.0deg val_capture=96.15% val_bank=96.15% val_acq_acc=100.00% score=11.376 best=11.376 patience=0/4
temporal epoch=005/100 loss=13.35952 center_teacher=1.000 acq_teacher=1.000 capture=100.00% bank_capture=100.00% acq_acc=100.00% acq_conf=0.626 radius=0.0m pred_step=5.385 target_step=5.743 pred_v=5.413 target_v=5.743 val_mle=10.567m val_p90=12.785m val_speed_mae=2.760 heading=-0.0/-1.5deg val_progress_mae=9.595m val_heading_mae=31.0deg val_capture=96.15% val_bank=96.15% val_acq_acc=100.00% score=11.132 best=11.132 patience=0/4
temporal epoch=006/100 loss=13.43631 center_teacher=1.000 acq_teacher=1.000 capture=100.00% bank_capture=100.00% acq_acc=100.00% acq_conf=0.626 radius=0.0m pred_step=4.677 target_step=5.743 pred_v=4.821 target_v=5.743 val_mle=10.329m val_p90=12.509m val_speed_mae=2.828 heading=0.1/-1.5deg val_progress_mae=9.321m val_heading_mae=31.0deg val_capture=96.15% val_bank=96.15% val_acq_acc=100.00% score=10.889 best=10.889 patience=0/4
temporal epoch=007/100 loss=13.21540 center_teacher=1.000 acq_teacher=1.000 capture=100.00% bank_capture=100.00% acq_acc=100.00% acq_conf=0.626 radius=0.0m pred_step=4.798 target_step=5.743 pred_v=4.928 target_v=5.743 val_mle=10.083m val_p90=12.226m val_speed_mae=2.538 heading=0.1/-1.5deg val_progress_mae=9.041m val_heading_mae=31.0deg val_capture=96.15% val_bank=96.15% val_acq_acc=100.00% score=10.620 best=10.620 patience=0/4
temporal epoch=008/100 loss=12.95008 center_teacher=1.000 acq_teacher=1.000 capture=100.00% bank_capture=100.00% acq_acc=100.00% acq_conf=0.626 radius=0.0m pred_step=5.557 target_step=5.743 pred_v=5.574 target_v=5.743 val_mle=9.846m val_p90=11.961m val_speed_mae=2.563 heading=0.0/-1.5deg val_progress_mae=8.777m val_heading_mae=31.0deg val_capture=96.15% val_bank=96.15% val_acq_acc=100.00% score=10.376 best=10.376 patience=0/4
temporal epoch=009/100 loss=12.77564 center_teacher=1.000 acq_teacher=1.000 capture=100.00% bank_capture=100.00% acq_acc=100.00% acq_conf=0.626 radius=0.0m pred_step=5.523 target_step=5.743 pred_v=5.556 target_v=5.743 val_mle=9.669m val_p90=11.736m val_speed_mae=2.589 heading=-0.1/-1.5deg val_progress_mae=8.573m val_heading_mae=31.0deg val_capture=96.15% val_bank=96.15% val_acq_acc=100.00% score=10.195 best=10.195 patience=0/4
temporal epoch=010/100 loss=12.74204 center_teacher=1.000 acq_teacher=1.000 capture=100.00% bank_capture=100.00% acq_acc=100.00% acq_conf=0.625 radius=0.0m pred_step=4.910 target_step=5.743 pred_v=5.044 target_v=5.743 val_mle=9.509m val_p90=11.554m val_speed_mae=2.651 heading=-0.1/-1.5deg val_progress_mae=8.399m val_heading_mae=31.0deg val_capture=96.15% val_bank=96.15% val_acq_acc=100.00% score=10.032 best=10.032 patience=0/4
temporal epoch=011/100 loss=12.70523 center_teacher=1.000 acq_teacher=1.000 capture=100.00% bank_capture=100.00% acq_acc=100.00% acq_conf=0.626 radius=0.0m pred_step=4.860 target_step=5.743 pred_v=5.005 target_v=5.743 val_mle=9.354m val_p90=11.403m val_speed_mae=2.574 heading=-0.1/-1.5deg val_progress_mae=8.243m val_heading_mae=31.0deg val_capture=96.15% val_bank=96.15% val_acq_acc=100.00% score=9.869 best=9.869 patience=0/4
temporal epoch=012/100 loss=12.66324 center_teacher=1.000 acq_teacher=1.000 capture=100.00% bank_capture=100.00% acq_acc=100.00% acq_conf=0.626 radius=0.0m pred_step=5.789 target_step=5.743 pred_v=5.800 target_v=5.743 val_mle=9.241m val_p90=11.269m val_speed_mae=2.659 heading=0.0/-1.5deg val_progress_mae=8.119m val_heading_mae=31.0deg val_capture=96.15% val_bank=96.15% val_acq_acc=100.00% score=9.756 best=9.756 patience=0/4
temporal epoch=013/100 loss=12.57322 center_teacher=1.000 acq_teacher=1.000 capture=100.00% bank_capture=100.00% acq_acc=100.00% acq_conf=0.626 radius=0.0m pred_step=5.702 target_step=5.743 pred_v=5.725 target_v=5.743 val_mle=9.137m val_p90=11.144m val_speed_mae=2.666 heading=0.0/-1.5deg val_progress_mae=8.002m val_heading_mae=31.0deg val_capture=96.15% val_bank=96.15% val_acq_acc=100.00% score=9.650 best=9.650 patience=0/4
temporal epoch=014/100 loss=12.70157 center_teacher=1.000 acq_teacher=1.000 capture=100.00% bank_capture=100.00% acq_acc=100.00% acq_conf=0.626 radius=0.0m pred_step=4.532 target_step=5.743 pred_v=4.727 target_v=5.743 val_mle=9.070m val_p90=11.030m val_speed_mae=2.577 heading=-0.0/-1.5deg val_progress_mae=7.910m val_heading_mae=31.0deg val_capture=96.15% val_bank=96.15% val_acq_acc=100.00% score=9.575 best=9.575 patience=0/4
temporal epoch=015/100 loss=12.40402 center_teacher=1.000 acq_teacher=1.000 capture=100.00% bank_capture=100.00% acq_acc=100.00% acq_conf=0.626 radius=0.0m pred_step=5.240 target_step=5.743 pred_v=5.329 target_v=5.743 val_mle=8.971m val_p90=10.930m val_speed_mae=3.096 heading=-0.0/-1.5deg val_progress_mae=7.810m val_heading_mae=31.0deg val_capture=96.15% val_bank=96.15% val_acq_acc=100.00% score=9.499 best=9.499 patience=0/4
temporal epoch=016/100 loss=12.75763 center_teacher=1.000 acq_teacher=1.000 capture=100.00% bank_capture=100.00% acq_acc=100.00% acq_conf=0.626 radius=0.0m pred_step=6.564 target_step=5.743 pred_v=6.453 target_v=5.743 val_mle=8.915m val_p90=10.824m val_speed_mae=2.522 heading=-0.0/-1.5deg val_progress_mae=7.728m val_heading_mae=30.9deg val_capture=96.15% val_bank=96.15% val_acq_acc=100.00% score=9.412 best=9.412 patience=0/4
temporal epoch=017/100 loss=12.52014 center_teacher=1.000 acq_teacher=1.000 capture=100.00% bank_capture=100.00% acq_acc=100.00% acq_conf=0.626 radius=0.0m pred_step=4.528 target_step=5.743 pred_v=4.713 target_v=5.743 val_mle=8.852m val_p90=10.759m val_speed_mae=2.777 heading=-0.0/-1.5deg val_progress_mae=7.652m val_heading_mae=30.9deg val_capture=96.15% val_bank=96.15% val_acq_acc=100.00% score=9.359 best=9.359 patience=0/4
temporal epoch=018/100 loss=12.29994 center_teacher=1.000 acq_teacher=1.000 capture=100.00% bank_capture=100.00% acq_acc=100.00% acq_conf=0.626 radius=0.0m pred_step=4.897 target_step=5.743 pred_v=5.033 target_v=5.743 val_mle=8.779m val_p90=10.748m val_speed_mae=4.055 heading=-0.0/-1.5deg val_progress_mae=7.575m val_heading_mae=30.9deg val_capture=96.15% val_bank=96.15% val_acq_acc=100.00% score=9.347 best=9.347 patience=0/4
temporal epoch=019/100 loss=13.46767 center_teacher=1.000 acq_teacher=1.000 capture=100.00% bank_capture=100.00% acq_acc=100.00% acq_conf=0.626 radius=0.0m pred_step=7.406 target_step=5.743 pred_v=7.182 target_v=5.743 val_mle=8.750m val_p90=10.719m val_speed_mae=2.659 heading=0.1/-1.5deg val_progress_mae=7.527m val_heading_mae=30.9deg val_capture=96.15% val_bank=96.15% val_acq_acc=100.00% score=9.247 best=9.247 patience=0/4
temporal epoch=020/100 loss=13.20678 center_teacher=1.000 acq_teacher=1.000 capture=100.00% bank_capture=100.00% acq_acc=100.00% acq_conf=0.625 radius=0.0m pred_step=3.473 target_step=5.743 pred_v=3.816 target_v=5.743 val_mle=8.719m val_p90=10.717m val_speed_mae=3.481 heading=-0.1/-1.5deg val_progress_mae=7.488m val_heading_mae=30.9deg val_capture=96.15% val_bank=96.15% val_acq_acc=100.00% score=9.256 best=9.247 patience=1/4
temporal epoch=021/100 loss=12.23154 center_teacher=1.000 acq_teacher=1.000 capture=100.00% bank_capture=100.00% acq_acc=100.00% acq_conf=0.625 radius=0.0m pred_step=4.773 target_step=5.743 pred_v=4.917 target_v=5.743 val_mle=8.718m val_p90=10.716m val_speed_mae=8.094 heading=-0.2/-1.5deg val_progress_mae=7.483m val_heading_mae=30.9deg val_capture=96.15% val_bank=96.15% val_acq_acc=100.00% score=9.486 best=9.247 patience=2/4
temporal epoch=022/100 loss=16.75062 center_teacher=1.000 acq_teacher=1.000 capture=100.00% bank_capture=100.00% acq_acc=100.00% acq_conf=0.626 radius=0.0m pred_step=9.833 target_step=5.743 pred_v=9.255 target_v=5.743 val_mle=8.645m val_p90=10.625m val_speed_mae=2.600 heading=-0.0/-1.5deg val_progress_mae=7.399m val_heading_mae=30.9deg val_capture=96.15% val_bank=96.15% val_acq_acc=100.00% score=9.136 best=9.136 patience=0/4
temporal epoch=023/100 loss=12.36412 center_teacher=1.000 acq_teacher=1.000 capture=100.00% bank_capture=100.00% acq_acc=100.00% acq_conf=0.626 radius=0.0m pred_step=4.200 target_step=5.743 pred_v=4.442 target_v=5.743 val_mle=8.652m val_p90=10.631m val_speed_mae=5.232 heading=-0.3/-1.5deg val_progress_mae=7.411m val_heading_mae=30.9deg val_capture=96.15% val_bank=96.15% val_acq_acc=100.00% score=9.275 best=9.136 patience=1/4
temporal epoch=024/100 loss=12.87976 center_teacher=1.000 acq_teacher=1.000 capture=100.00% bank_capture=100.00% acq_acc=100.00% acq_conf=0.626 radius=0.0m pred_step=3.062 target_step=5.743 pred_v=3.456 target_v=5.743 val_mle=8.645m val_p90=10.655m val_speed_mae=7.481 heading=-0.5/-1.5deg val_progress_mae=7.403m val_heading_mae=30.9deg val_capture=96.15% val_bank=96.15% val_acq_acc=100.00% score=9.380 best=9.136 patience=2/4
temporal epoch=025/100 loss=17.27499 center_teacher=1.000 acq_teacher=1.000 capture=100.00% bank_capture=100.00% acq_acc=100.00% acq_conf=0.625 radius=0.0m pred_step=10.053 target_step=5.743 pred_v=9.650 target_v=5.743 val_mle=8.647m val_p90=10.689m val_speed_mae=7.970 heading=-0.3/-1.5deg val_progress_mae=7.412m val_heading_mae=30.9deg val_capture=96.15% val_bank=96.15% val_acq_acc=100.00% score=9.407 best=9.136 patience=3/4
temporal epoch=026/100 loss=14.16394 center_teacher=1.000 acq_teacher=1.000 capture=100.00% bank_capture=100.00% acq_acc=100.00% acq_conf=0.626 radius=0.0m pred_step=8.787 target_step=5.743 pred_v=8.326 target_v=5.743 val_mle=8.666m val_p90=10.735m val_speed_mae=5.413 heading=-0.6/-1.5deg val_progress_mae=7.447m val_heading_mae=30.9deg val_capture=96.15% val_bank=96.15% val_acq_acc=100.00% score=9.299 best=9.136 patience=4/4
EARLY STOP: controlled local-prior validation score did not improve by 0.003 for 4 epochs.
[TRAIN-ONLY V5 CALIBRATION] {"confidence_power": 1.0, "delta2_scale": 0.0, "fixed_variance_m2": 9.0, "objective": 9.471939051461804, "prior_blend_base": 0.05, "prior_blend_cutoff": 0.7, "prior_blend_lowconf_gain": 0.3, "prior_blend_max": 0.3, "q_cross": 0.30000000000000004, "q_progress": 1.125, "q_velocity": 0.75, "stage": "filter", "step_relax_confidence": 0.0, "step_relax_width": 0.05, "step_visual_slack_m": 10.0, "temporal_3frame_scale": 1.0, "val_mle_m": 8.510122117341915, "val_p90_m": 10.470071088895017, "val_progress_mae": 7.22646616408781, "val_speed_mae": 2.5973292683705385}
[TRAIN-ONLY V5 NO-KALMAN DIAGNOSTIC] {"mle_m": 8.59921122720363, "p90_m": 10.520208309927483}
