[PATCH OK] v39_otherdata/bearing_iclr_ablation.py
[PATCH OK] dataset domains = citya/cityb/cityc/cityd; paper labels = nav50/nav51
[PATCH OK] active runner = Forward-18 SoftMS -> residual temporal GRU -> constrained Kalman -> final MeanShift
[PATCH OK] recurrent/Kalman state starts at current-city training cadence
[PATCH OK] Kalman profile is selected from current-city training validation only
[PATCH OK] 1/2/3-frame rows use separately trained temporal checkpoints
[PATCH OK] no held-out nav50/nav51 metric was read or modified
[TEMPORAL V5] direct delta2 acceleration + next-step supervision: PASS
[PATCH ORDER] legacy 5-block Context-GRU prepatch disabled: PASS
[CALIBRATION V5] direct delta2 + residual Kalman train-validation search: PASS
[RUNNER V5] patience=4, next-step=3.0, acceleration=0.50: PASS
[PRE-RUN AUDIT] single_city_runner: PASS
[PRE-RUN AUDIT] other_cities_not_looped: PASS
[PRE-RUN AUDIT] patience_is_4: PASS
[PRE-RUN AUDIT] fresh_prepare_current_city_only: PASS
[PRE-RUN AUDIT] legacy_context_gru_disabled: PASS
[PRE-RUN AUDIT] active_runner_has_no_legacy_centroid_decoder: PASS
[PRE-RUN AUDIT] runner_requests_front_softms: PASS
[PRE-RUN AUDIT] quadratic_next_step: PASS
[PRE-RUN AUDIT] separate_1_2_3_checkpoints: PASS
[PRE-RUN AUDIT] seven_block_current_delta_delta2_gru: PASS
[PRE-RUN AUDIT] direct_delta2_acceleration: PASS
[PRE-RUN AUDIT] direct_delta2_next_step: PASS
[PRE-RUN AUDIT] smooth_measurement_preserving_kalman: PASS
[PRE-RUN AUDIT] continuous_step_relaxation: PASS
[PRE-RUN AUDIT] raw_visual_previous_measurement: PASS
[PRE-RUN AUDIT] v5_train_only_calibration: PASS
[PRE-RUN AUDIT] calibration_loads_delta2: PASS
[PRE-RUN AUDIT] forward_backshift_enabled: PASS
================================================================================
[FRESH BEARING PREP] ONLY cityd
[FRESH BEARING PREP] source=/yh/study/cvpr_data/Bearing_UAV_90K
[FRESH BEARING PREP] cityb/cityc/cityd WILL NOT RUN unless CITY is changed
================================================================================
[TURN-DIVERSITY-AUDIT] PASS
{
  "city": "cityd",
  "routes": {
    "test_01": {
      "source": "Bearing-UAV official wps38bc_50.json",
      "waypoints": 13,
      "turn_delta_mod360_deg": [
        283.3,
        110.1,
        45.3,
        356.4,
        271.1,
        346.3,
        336.9,
        310.7,
        3.7,
        356.2,
        268.3
      ],
      "meaningful_20_350_deg": [
        283.3,
        110.1,
        45.3,
        271.1,
        346.3,
        336.9,
        310.7,
        268.3
      ]
    },
    "test_02": {
      "source": "Bearing-UAV official wps38bc_51.json",
      "waypoints": 11,
      "turn_delta_mod360_deg": [
        349.1,
        309.4,
        58.2,
        351.4,
        311.4,
        350.8,
        90.4,
        253.9,
        112.8
      ],
      "meaningful_20_350_deg": [
        349.1,
        309.4,
        58.2,
        311.4,
        90.4,
        253.9,
        112.8
      ]
    }
  },
  "combined": {
    "meaningful_turn_count": 15,
    "occupied_turn_bins": [
      0,
      1,
      4,
      5
    ],
    "near_90_fraction": 0.26666666666666666,
    "rule": "meaningful delta in [20,350] deg; >=4 bins across two tests; <=65% near 90deg"
  }
}
[TRAIN-ROUTE-PROBE] city=cityd profile=strict
{
  "train_01": {
    "candidate": "train_01",
    "status": "ok",
    "full": true,
    "frames": 196,
    "targets": 196,
    "selected_ratio": 1.0,
    "first_target": 0,
    "last_target": 195,
    "target_span_ratio": 1.0,
    "start_m": 8.712092356321719,
    "end_m": 5.461172847733172,
    "worst_waypoint_m": 7.2867745339013235,
    "centerline_cross_p90_m": 6.269733662795753,
    "same_leg_lateral_delta_p90_m": 4.045992392341737,
    "backward_step_pct": 16.923076923076923,
    "actual_step_p90_m": 11.09802733641663
  },
  "train_02": {
    "candidate": "train_02",
    "status": "ok",
    "full": true,
    "frames": 198,
    "targets": 198,
    "selected_ratio": 1.0,
    "first_target": 0,
    "last_target": 197,
    "target_span_ratio": 1.0,
    "start_m": 5.584183124056347,
    "end_m": 5.105316916826363,
    "worst_waypoint_m": 5.105316916826363,
    "centerline_cross_p90_m": 5.538768977903369,
    "same_leg_lateral_delta_p90_m": 3.9719721721757764,
    "backward_step_pct": 17.766497461928935,
    "actual_step_p90_m": 10.0393834097101
  },
  "train_03": {
    "candidate": "train_03",
    "status": "ok",
    "full": true,
    "frames": 186,
    "targets": 203,
    "selected_ratio": 0.916256157635468,
    "first_target": 0,
    "last_target": 202,
    "target_span_ratio": 1.0,
    "start_m": 2.7215979567648745,
    "end_m": 2.3809389357429454,
    "worst_waypoint_m": 5.3392936481846185,
    "centerline_cross_p90_m": 5.953537604458374,
    "same_leg_lateral_delta_p90_m": 4.336094328153847,
    "backward_step_pct": 7.5675675675675675,
    "actual_step_p90_m": 10.315143182811706
  }
}
[SEQUENCE-V12-FULLROUTE] train_01 {
  "split": "train",
  "planned_length_m": 789.4022056368694,
  "waypoints": 6,
  "frames": 198,
  "sample_step_m": 4.0,
  "selection_version": "soft_sequence_v13_multicity_auto_train_fullroute",
  "max_sample_distance_m": 10.0,
  "preferred_step_m": 4.0,
  "safety_max_step_m": 22.0,
  "point_cross_weight": 20.0,
  "lateral_smooth_weight": 35.0,
  "big_turn_threshold_deg": 20.0,
  "heading_weight_px_per_deg": 0.0,
  "targets": 198,
  "dense_frames_before_prune": 198,
  "dense_selected_ratio": 1.0,
  "selected_ratio": 1.0,
  "prune_keep_ratio": 1.0,
  "skipped_targets": 0,
  "per_leg_prune": [
    {
      "leg": 0,
      "dense": 198,
      "kept": 198,
      "coverage": 1.0,
      "mode": "dense_fallback_for_coverage",
      "first_target": 0,
      "last_target": 197
    }
  ],
  "mean_target_error_m": 5.25833080626977,
  "max_target_error_m": 9.963817317584924,
  "centerline_cross_mean_m": 2.965873857479413,
  "centerline_cross_p90_m": 5.538768977903369,
  "centerline_cross_max_m": 9.034113606980688,
  "same_leg_lateral_delta_p90_m": 3.9719721721757764,
  "same_leg_lateral_delta_max_m": 9.74377606761661,
  "actual_step_mean_m": 5.46526745122335,
  "actual_step_p50_m": 4.72238799078699,
  "actual_step_p90_m": 10.0393834097101,
  "actual_step_p95_m": 12.083229654779757,
  "actual_step_max_m": 16.252882976832588,
  "step_over_7m_pct": 28.934010152284262,
  "step_over_10m_pct": 10.65989847715736,
  "step_over_14m_pct": 1.5228426395939088,
  "cross_step_p90_m": 3.9719721721757755,
  "backward_step_pct": 17.766497461928935,
  "same_leg_backward_step_pct": 17.766497461928935,
  "max_cross_track_rule_m": 8.5,
  "max_same_leg_lateral_jump_rule_m": 4.0,
  "max_same_leg_backward_rule_m": 0.25
}
[SEQUENCE-V12-FULLROUTE] test_01 {
  "split": "inference",
  "planned_length_m": 750.8491472570564,
  "waypoints": 13,
  "frames": 140,
  "sample_step_m": 4.0,
  "selection_version": "soft_sequence_v13_multicity_auto_train_fullroute",
  "max_sample_distance_m": 10.0,
  "preferred_step_m": 4.0,
  "safety_max_step_m": 22.0,
  "point_cross_weight": 20.0,
  "lateral_smooth_weight": 35.0,
  "big_turn_threshold_deg": 20.0,
  "heading_weight_px_per_deg": 0.0,
  "targets": 189,
  "dense_frames_before_prune": 189,
  "dense_selected_ratio": 1.0,
  "selected_ratio": 0.7407407407407407,
  "prune_keep_ratio": 0.7407407407407407,
  "skipped_targets": 49,
  "per_leg_prune": [
    {
      "leg": 0,
      "dense": 37,
      "kept": 26,
      "coverage": 1.0,
      "mode": "smoothed_full_span",
      "first_target": 0,
      "last_target": 36
    },
    {
      "leg": 1,
      "dense": 23,
      "kept": 17,
      "coverage": 0.9090909090909091,
      "mode": "smoothed_full_span",
      "first_target": 37,
      "last_target": 59
    },
    {
      "leg": 2,
      "dense": 20,
      "kept": 15,
      "coverage": 1.0,
      "mode": "smoothed_full_span",
      "first_target": 60,
      "last_target": 79
    },
    {
      "leg": 3,
      "dense": 19,
      "kept": 14,
      "coverage": 1.0,
      "mode": "smoothed_full_span",
      "first_target": 80,
      "last_target": 98
    },
    {
      "leg": 4,
      "dense": 23,
      "kept": 14,
      "coverage": 0.9545454545454546,
      "mode": "smoothed_full_span",
      "first_target": 99,
      "last_target": 121
    },
    {
      "leg": 5,
      "dense": 28,
      "kept": 16,
      "coverage": 0.9629629629629629,
      "mode": "smoothed_full_span",
      "first_target": 122,
      "last_target": 149
    },
    {
      "leg": 6,
      "dense": 28,
      "kept": 27,
      "coverage": 0.9629629629629629,
      "mode": "smoothed_full_span",
      "first_target": 150,
      "last_target": 177
    },
    {
      "leg": 7,
      "dense": 11,
      "kept": 11,
      "coverage": 1.0,
      "mode": "smoothed_full_span",
      "first_target": 178,
      "last_target": 188
    }
  ],
  "mean_target_error_m": 5.125508890702445,
  "max_target_error_m": 9.693072737642302,
  "centerline_cross_mean_m": 2.5924077258803955,
  "centerline_cross_p90_m": 5.1009117251633445,
  "centerline_cross_max_m": 9.229487635822608,
  "same_leg_lateral_delta_p90_m": 3.5551027313324393,
  "same_leg_lateral_delta_max_m": 13.466483209214008,
  "actual_step_mean_m": 6.456087785678501,
  "actual_step_p50_m": 5.095050682856248,
  "actual_step_p90_m": 12.394130375771603,
  "actual_step_p95_m": 17.595057588491287,
  "actual_step_max_m": 21.782513622519666,
  "step_over_7m_pct": 33.093525179856115,
  "step_over_10m_pct": 15.827338129496402,
  "step_over_14m_pct": 9.352517985611511,
  "cross_step_p90_m": 3.5807287931656178,
  "backward_step_pct": 5.755395683453237,
  "same_leg_backward_step_pct": 3.597122302158273,
  "max_cross_track_rule_m": 8.5,
  "max_same_leg_lateral_jump_rule_m": 4.0,
  "max_same_leg_backward_rule_m": 0.25
}
[SEQUENCE-V12-FULLROUTE] test_02 {
  "split": "inference",
  "planned_length_m": 1164.7307744629352,
  "waypoints": 11,
  "frames": 235,
  "sample_step_m": 4.0,
  "selection_version": "soft_sequence_v13_multicity_auto_train_fullroute",
  "max_sample_distance_m": 10.0,
  "preferred_step_m": 4.0,
  "safety_max_step_m": 22.0,
  "point_cross_weight": 20.0,
  "lateral_smooth_weight": 35.0,
  "big_turn_threshold_deg": 20.0,
  "heading_weight_px_per_deg": 0.0,
  "targets": 292,
  "dense_frames_before_prune": 290,
  "dense_selected_ratio": 0.9931506849315068,
  "selected_ratio": 0.8047945205479452,
  "prune_keep_ratio": 0.8103448275862069,
  "skipped_targets": 57,
  "per_leg_prune": [
    {
      "leg": 0,
      "dense": 52,
      "kept": 52,
      "coverage": 1.0,
      "mode": "dense_fallback_for_coverage",
      "first_target": 0,
      "last_target": 51
    },
    {
      "leg": 1,
      "dense": 20,
      "kept": 14,
      "coverage": 1.0,
      "mode": "smoothed_full_span",
      "first_target": 52,
      "last_target": 71
    },
    {
      "leg": 2,
      "dense": 48,
      "kept": 27,
      "coverage": 1.0,
      "mode": "smoothed_full_span",
      "first_target": 72,
      "last_target": 119
    },
    {
      "leg": 3,
      "dense": 42,
      "kept": 32,
      "coverage": 1.0,
      "mode": "smoothed_full_span",
      "first_target": 120,
      "last_target": 161
    },
    {
      "leg": 4,
      "dense": 45,
      "kept": 35,
      "coverage": 0.9545454545454546,
      "mode": "smoothed_full_span",
      "first_target": 162,
      "last_target": 206
    },
    {
      "leg": 5,
      "dense": 28,
      "kept": 20,
      "coverage": 1.0,
      "mode": "smoothed_full_span",
      "first_target": 207,
      "last_target": 234
    },
    {
      "leg": 6,
      "dense": 55,
      "kept": 55,
      "coverage": 1.0,
      "mode": "dense_fallback_for_coverage",
      "first_target": 235,
      "last_target": 291
    }
  ],
  "mean_target_error_m": 5.517730255402319,
  "max_target_error_m": 9.991971278512423,
  "centerline_cross_mean_m": 3.0889039806589986,
  "centerline_cross_p90_m": 6.464629697150208,
  "centerline_cross_max_m": 9.71633104609104,
  "same_leg_lateral_delta_p90_m": 4.796076632874715,
  "same_leg_lateral_delta_max_m": 9.524428268975853,
  "actual_step_mean_m": 6.215978873347926,
  "actual_step_p50_m": 5.580145611544351,
  "actual_step_p90_m": 11.10037567392737,
  "actual_step_p95_m": 13.702006812802338,
  "actual_step_max_m": 21.215709139848748,
  "step_over_7m_pct": 35.47008547008547,
  "step_over_10m_pct": 14.957264957264957,
  "step_over_14m_pct": 4.273504273504273,
  "cross_step_p90_m": 4.8790738762130275,
  "backward_step_pct": 9.401709401709402,
  "same_leg_backward_step_pct": 8.11965811965812,
  "max_cross_track_rule_m": 8.5,
  "max_same_leg_lateral_jump_rule_m": 4.0,
  "max_same_leg_backward_rule_m": 0.25
}
[DONE] experiment: /yh/study/uav-sat/v39_otherdata/output/run_20260921_203550/frozen_v5/cityd/prepared__building/experiment.json
[MULTICITY-PREP] PASS city=cityd Route-A source=train_02 profile=strict
{
  "train_01": {
    "frames": 198,
    "waypoints": 6,
    "start_m": 5.584183201780033,
    "end_m": 5.105316483824439,
    "worst_waypoint_m": 5.105316483824439
  },
  "test_01": {
    "frames": 140,
    "waypoints": 13,
    "start_m": 7.786727613343649,
    "end_m": 2.2384305984803228,
    "worst_waypoint_m": 5.739519064705813
  },
  "test_02": {
    "frames": 235,
    "waypoints": 11,
    "start_m": 4.026738008733758,
    "end_m": 8.742515532522717,
    "worst_waypoint_m": 6.717003917019093
  }
}
================================================================================
Bearing-UAV SINGLE-CITY ablation v4
CITY            : cityd
Held-out tracks : nav50 / nav51 inside cityd
Patience        : 4
Architecture    : Forward18 SoftMS -> 3-frame delta2 residual GRU
                  -> confidence-adaptive residual Kalman
                  -> final MeanShift -> XY
Other cities    : NOT RUN
================================================================================
[PREPARED] PASS | city=cityd | step=4 m | selection=soft_sequence_v13_multicity_auto_train_fullroute | existing GT/routes unchanged
[CADENCE] source=experiment_route_stats_train_01 | mean=5.465267 m | p90=10.039383 m | p95=12.083230 m
[TRAIN START] cityd frames=1 GPU0 patience=4
[PREPARED] PASS | city=cityd | step=4 m | selection=soft_sequence_v13_multicity_auto_train_fullroute | existing GT/routes unchanged
[CADENCE] source=experiment_route_stats_train_01 | mean=5.465267 m | p90=10.039383 m | p95=12.083230 m
[OK] clean v39 runtime: Forward-18 SoftMS -> GRU -> Kalman -> one final MeanShift
[OK] weighted-centroid decoder removed from generated runtime source
[PATCH OK] GRU = current + delta + delta2 + SAT + SoftMS position + visual displacement + previous state
[PATCH OK] 3-frame delta2 directly corrects acceleration + next_step
[PATCH OK] training/validation/inference motion starts from current-city cadence
[PATCH OK] Kalman = smooth confidence-adaptive measurement-preserving residual fusion
[PATCH OK] step corridor = continuous confidence relaxation
[PATCH OK] no held-out navigation result is read by this patch
[V39-BEARING] final-MS route-centerline reference patch: PASS
[ARCH-AUDIT] forward_18: PASS
[ARCH-AUDIT] base_geometry_6x6: PASS
[ARCH-AUDIT] front_softms_source: PASS
[ARCH-AUDIT] one_final_ms_source: PASS
[ARCH-AUDIT] front_decoder_softms: PASS
[ARCH-AUDIT] simple_seven_block_gru: PASS
[ARCH-AUDIT] residual_motion_head: PASS
[ARCH-AUDIT] causal_visual_displacement: PASS
[ARCH-AUDIT] cadence_initialized_tracker: PASS
[ARCH-AUDIT] motion_training_inference_aligned: PASS
[ARCH-AUDIT] training_city_motion_scale_init: PASS
[ARCH-AUDIT] forward_origin_backshift_covers_jitter: PASS
[ARCH-AUDIT] protocol: PASS
[ARCH-AUDIT] controlled_gt_reference_enabled: PASS
[ARCH-AUDIT] frame_count: PASS
[ARCH-AUDIT] gru_flag: PASS
[ARCH-AUDIT] kalman_flag: PASS
satellite backbone cache: 256/47961
satellite backbone cache: 5376/47961
satellite backbone cache: 10496/47961
satellite backbone cache: 15616/47961
satellite backbone cache: 20736/47961
satellite backbone cache: 25856/47961
satellite backbone cache: 30976/47961
satellite backbone cache: 36096/47961
satellite backbone cache: 41216/47961
satellite backbone cache: 46336/47961
satellite backbone cache: 47961/47961
satellite gallery size=47961
Route A backbone cache: 198/198
Route A visual candidate capture=100.00%
visual epoch=001/30 loss=4.90379 val_softms_mle=10.292m val_p90=15.219m val_lsr10=61.54%
visual epoch=002/30 loss=4.56952 val_softms_mle=6.217m val_p90=10.827m val_lsr10=84.62%
visual epoch=003/30 loss=4.26816 val_softms_mle=6.592m val_p90=11.621m val_lsr10=84.62%
visual epoch=004/30 loss=3.96179 val_softms_mle=6.622m val_p90=11.207m val_lsr10=76.92%
visual epoch=005/30 loss=3.87542 val_softms_mle=8.494m val_p90=13.381m val_lsr10=76.92%
visual epoch=006/30 loss=3.65055 val_softms_mle=7.454m val_p90=11.424m val_lsr10=80.77%
visual epoch=007/30 loss=3.60734 val_softms_mle=7.045m val_p90=11.503m val_lsr10=73.08%
visual epoch=008/30 loss=3.58773 val_softms_mle=7.543m val_p90=12.510m val_lsr10=69.23%
visual epoch=009/30 loss=3.38981 val_softms_mle=8.288m val_p90=12.608m val_lsr10=65.38%
visual epoch=010/30 loss=3.30593 val_softms_mle=8.819m val_p90=12.811m val_lsr10=57.69%
visual early stopping: Route A validation stopped improving
best Route A visual validation SoftMS MLE=6.217m
route_A backbone cache: 198/198
temporal split train=[0,136) val=[140,166) route_length=789.4m
City training-sequence mean forward step=5.530m/frame p90=10.147m/frame
temporal epoch=001/100 loss=15.67458 center_teacher=1.000 acq_teacher=1.000 capture=100.00% bank_capture=100.00% acq_acc=100.00% acq_conf=0.643 radius=0.0m pred_step=5.308 target_step=5.530 pred_v=5.326 target_v=5.530 val_mle=10.240m val_p90=12.548m val_speed_mae=2.911 heading=-0.0/0.7deg val_progress_mae=10.240m val_heading_mae=30.5deg val_capture=96.15% val_bank=96.15% val_acq_acc=100.00% score=10.831 best=10.831 patience=0/4
temporal epoch=002/100 loss=15.57401 center_teacher=1.000 acq_teacher=1.000 capture=100.00% bank_capture=100.00% acq_acc=100.00% acq_conf=0.643 radius=0.0m pred_step=4.739 target_step=5.530 pred_v=4.821 target_v=5.530 val_mle=10.069m val_p90=12.378m val_speed_mae=2.912 heading=-0.1/0.7deg val_progress_mae=10.063m val_heading_mae=30.5deg val_capture=96.15% val_bank=96.15% val_acq_acc=100.00% score=10.655 best=10.655 patience=0/4
temporal epoch=003/100 loss=15.39066 center_teacher=1.000 acq_teacher=1.000 capture=100.00% bank_capture=100.00% acq_acc=100.00% acq_conf=0.643 radius=0.0m pred_step=4.804 target_step=5.530 pred_v=4.883 target_v=5.530 val_mle=9.819m val_p90=12.134m val_speed_mae=2.913 heading=-0.2/0.7deg val_progress_mae=9.804m val_heading_mae=30.5deg val_capture=96.15% val_bank=96.15% val_acq_acc=100.00% score=10.396 best=10.396 patience=0/4
temporal epoch=004/100 loss=15.18929 center_teacher=1.000 acq_teacher=1.000 capture=100.00% bank_capture=100.00% acq_acc=100.00% acq_conf=0.643 radius=0.0m pred_step=5.193 target_step=5.530 pred_v=5.231 target_v=5.530 val_mle=9.525m val_p90=11.838m val_speed_mae=2.915 heading=-0.2/0.7deg val_progress_mae=9.499m val_heading_mae=30.5deg val_capture=96.15% val_bank=96.15% val_acq_acc=100.00% score=10.093 best=10.093 patience=0/4
temporal epoch=005/100 loss=15.01201 center_teacher=1.000 acq_teacher=1.000 capture=100.00% bank_capture=100.00% acq_acc=100.00% acq_conf=0.643 radius=0.0m pred_step=5.360 target_step=5.530 pred_v=5.383 target_v=5.530 val_mle=9.200m val_p90=11.512m val_speed_mae=2.914 heading=-0.1/0.7deg val_progress_mae=9.161m val_heading_mae=30.5deg val_capture=96.15% val_bank=96.15% val_acq_acc=100.00% score=9.758 best=9.758 patience=0/4
temporal epoch=006/100 loss=14.81756 center_teacher=1.000 acq_teacher=1.000 capture=100.00% bank_capture=100.00% acq_acc=100.00% acq_conf=0.642 radius=0.0m pred_step=5.146 target_step=5.530 pred_v=5.200 target_v=5.530 val_mle=8.894m val_p90=11.200m val_speed_mae=2.912 heading=0.1/0.7deg val_progress_mae=8.841m val_heading_mae=30.5deg val_capture=96.15% val_bank=96.15% val_acq_acc=100.00% score=9.443 best=9.443 patience=0/4
temporal epoch=007/100 loss=14.67273 center_teacher=1.000 acq_teacher=1.000 capture=100.00% bank_capture=100.00% acq_acc=100.00% acq_conf=0.642 radius=0.0m pred_step=4.915 target_step=5.530 pred_v=5.000 target_v=5.530 val_mle=8.618m val_p90=10.924m val_speed_mae=2.912 heading=0.2/0.7deg val_progress_mae=8.550m val_heading_mae=30.5deg val_capture=96.15% val_bank=96.15% val_acq_acc=100.00% score=9.158 best=9.158 patience=0/4
temporal epoch=008/100 loss=14.52721 center_teacher=1.000 acq_teacher=1.000 capture=100.00% bank_capture=100.00% acq_acc=100.00% acq_conf=0.642 radius=0.0m pred_step=5.037 target_step=5.530 pred_v=5.110 target_v=5.530 val_mle=8.378m val_p90=10.681m val_speed_mae=2.912 heading=0.1/0.7deg val_progress_mae=8.295m val_heading_mae=30.5deg val_capture=96.15% val_bank=96.15% val_acq_acc=100.00% score=8.910 best=8.910 patience=0/4
temporal epoch=009/100 loss=14.41147 center_teacher=1.000 acq_teacher=1.000 capture=100.00% bank_capture=100.00% acq_acc=100.00% acq_conf=0.642 radius=0.0m pred_step=5.266 target_step=5.530 pred_v=5.313 target_v=5.530 val_mle=8.177m val_p90=10.477m val_speed_mae=2.912 heading=0.1/0.7deg val_progress_mae=8.081m val_heading_mae=30.5deg val_capture=96.15% val_bank=96.15% val_acq_acc=100.00% score=8.703 best=8.703 patience=0/4
temporal epoch=010/100 loss=14.33396 center_teacher=1.000 acq_teacher=1.000 capture=100.00% bank_capture=100.00% acq_acc=100.00% acq_conf=0.642 radius=0.0m pred_step=5.232 target_step=5.530 pred_v=5.281 target_v=5.530 val_mle=8.015m val_p90=10.324m val_speed_mae=2.910 heading=0.1/0.7deg val_progress_mae=7.906m val_heading_mae=30.5deg val_capture=96.15% val_bank=96.15% val_acq_acc=100.00% score=8.536 best=8.536 patience=0/4
temporal epoch=011/100 loss=14.26432 center_teacher=1.000 acq_teacher=1.000 capture=100.00% bank_capture=100.00% acq_acc=100.00% acq_conf=0.642 radius=0.0m pred_step=4.940 target_step=5.530 pred_v=5.020 target_v=5.530 val_mle=7.894m val_p90=10.201m val_speed_mae=2.908 heading=0.1/0.7deg val_progress_mae=7.775m val_heading_mae=30.5deg val_capture=96.15% val_bank=96.15% val_acq_acc=100.00% score=8.411 best=8.411 patience=0/4
temporal epoch=012/100 loss=14.22117 center_teacher=1.000 acq_teacher=1.000 capture=100.00% bank_capture=100.00% acq_acc=100.00% acq_conf=0.642 radius=0.0m pred_step=4.859 target_step=5.530 pred_v=4.945 target_v=5.530 val_mle=7.780m val_p90=10.099m val_speed_mae=2.908 heading=0.1/0.7deg val_progress_mae=7.652m val_heading_mae=30.5deg val_capture=96.15% val_bank=96.15% val_acq_acc=100.00% score=8.293 best=8.293 patience=0/4
temporal epoch=013/100 loss=14.15712 center_teacher=1.000 acq_teacher=1.000 capture=100.00% bank_capture=100.00% acq_acc=100.00% acq_conf=0.642 radius=0.0m pred_step=5.101 target_step=5.530 pred_v=5.156 target_v=5.530 val_mle=7.692m val_p90=10.011m val_speed_mae=2.908 heading=0.1/0.7deg val_progress_mae=7.557m val_heading_mae=30.5deg val_capture=96.15% val_bank=96.15% val_acq_acc=100.00% score=8.202 best=8.202 patience=0/4
temporal epoch=014/100 loss=14.17025 center_teacher=1.000 acq_teacher=1.000 capture=100.00% bank_capture=100.00% acq_acc=100.00% acq_conf=0.642 radius=0.0m pred_step=5.332 target_step=5.530 pred_v=5.357 target_v=5.530 val_mle=7.610m val_p90=9.927m val_speed_mae=2.904 heading=0.1/0.7deg val_progress_mae=7.470m val_heading_mae=30.5deg val_capture=96.15% val_bank=96.15% val_acq_acc=100.00% score=8.117 best=8.117 patience=0/4
temporal epoch=015/100 loss=14.11902 center_teacher=1.000 acq_teacher=1.000 capture=100.00% bank_capture=100.00% acq_acc=100.00% acq_conf=0.642 radius=0.0m pred_step=4.908 target_step=5.530 pred_v=4.981 target_v=5.530 val_mle=7.549m val_p90=9.851m val_speed_mae=2.899 heading=0.1/0.7deg val_progress_mae=7.404m val_heading_mae=30.5deg val_capture=96.15% val_bank=96.15% val_acq_acc=100.00% score=8.053 best=8.053 patience=0/4
temporal epoch=016/100 loss=14.09187 center_teacher=1.000 acq_teacher=1.000 capture=100.00% bank_capture=100.00% acq_acc=100.00% acq_conf=0.642 radius=0.0m pred_step=4.759 target_step=5.530 pred_v=4.847 target_v=5.530 val_mle=7.494m val_p90=9.798m val_speed_mae=2.901 heading=0.0/0.7deg val_progress_mae=7.348m val_heading_mae=30.5deg val_capture=96.15% val_bank=96.15% val_acq_acc=100.00% score=7.998 best=7.998 patience=0/4
temporal epoch=017/100 loss=14.15088 center_teacher=1.000 acq_teacher=1.000 capture=100.00% bank_capture=100.00% acq_acc=100.00% acq_conf=0.642 radius=0.0m pred_step=5.745 target_step=5.530 pred_v=5.716 target_v=5.530 val_mle=7.436m val_p90=9.730m val_speed_mae=2.892 heading=-0.0/0.7deg val_progress_mae=7.287m val_heading_mae=30.5deg val_capture=96.15% val_bank=96.15% val_acq_acc=100.00% score=7.937 best=7.937 patience=0/4
temporal epoch=018/100 loss=14.06699 center_teacher=1.000 acq_teacher=1.000 capture=100.00% bank_capture=100.00% acq_acc=100.00% acq_conf=0.642 radius=0.0m pred_step=4.482 target_step=5.530 pred_v=4.599 target_v=5.530 val_mle=7.406m val_p90=9.688m val_speed_mae=2.889 heading=-0.0/0.7deg val_progress_mae=7.258m val_heading_mae=30.5deg val_capture=96.15% val_bank=96.15% val_acq_acc=100.00% score=7.906 best=7.906 patience=0/4
temporal epoch=019/100 loss=14.11840 center_teacher=1.000 acq_teacher=1.000 capture=100.00% bank_capture=100.00% acq_acc=100.00% acq_conf=0.642 radius=0.0m pred_step=5.617 target_step=5.530 pred_v=5.599 target_v=5.530 val_mle=7.381m val_p90=9.649m val_speed_mae=2.904 heading=-0.0/0.7deg val_progress_mae=7.233m val_heading_mae=30.5deg val_capture=96.15% val_bank=96.15% val_acq_acc=100.00% score=7.881 best=7.881 patience=0/4
temporal epoch=020/100 loss=13.95895 center_teacher=1.000 acq_teacher=1.000 capture=100.00% bank_capture=100.00% acq_acc=100.00% acq_conf=0.645 radius=0.0m pred_step=5.251 target_step=5.530 pred_v=5.277 target_v=5.530 val_mle=7.328m val_p90=9.574m val_speed_mae=3.001 heading=-0.0/0.7deg val_progress_mae=7.178m val_heading_mae=30.5deg val_capture=96.15% val_bank=96.15% val_acq_acc=100.00% score=7.832 best=7.832 patience=0/4
temporal epoch=021/100 loss=14.13751 center_teacher=1.000 acq_teacher=1.000 capture=100.00% bank_capture=100.00% acq_acc=100.00% acq_conf=0.647 radius=0.0m pred_step=4.020 target_step=5.530 pred_v=4.191 target_v=5.530 val_mle=7.349m val_p90=9.593m val_speed_mae=6.678 heading=-0.2/0.7deg val_progress_mae=7.204m val_heading_mae=30.5deg val_capture=96.15% val_bank=96.15% val_acq_acc=100.00% score=8.037 best=7.832 patience=1/4
temporal epoch=022/100 loss=17.36768 center_teacher=1.000 acq_teacher=1.000 capture=100.00% bank_capture=100.00% acq_acc=100.00% acq_conf=0.648 radius=0.0m pred_step=8.740 target_step=5.530 pred_v=8.352 target_v=5.530 val_mle=7.214m val_p90=9.440m val_speed_mae=3.716 heading=-0.2/0.7deg val_progress_mae=7.060m val_heading_mae=30.5deg val_capture=96.15% val_bank=96.15% val_acq_acc=100.00% score=7.750 best=7.750 patience=0/4
temporal epoch=023/100 loss=16.67089 center_teacher=1.000 acq_teacher=1.000 capture=100.00% bank_capture=100.00% acq_acc=100.00% acq_conf=0.649 radius=0.0m pred_step=1.770 target_step=5.530 pred_v=2.150 target_v=5.530 val_mle=7.249m val_p90=9.679m val_speed_mae=3.410 heading=-0.7/0.7deg val_progress_mae=7.072m val_heading_mae=30.5deg val_capture=96.15% val_bank=96.15% val_acq_acc=100.00% score=7.769 best=7.750 patience=1/4
temporal epoch=024/100 loss=14.35165 center_teacher=1.000 acq_teacher=1.000 capture=100.00% bank_capture=100.00% acq_acc=100.00% acq_conf=0.649 radius=0.0m pred_step=5.064 target_step=5.530 pred_v=5.126 target_v=5.530 val_mle=7.287m val_p90=9.687m val_speed_mae=8.342 heading=-0.7/0.7deg val_progress_mae=7.117m val_heading_mae=30.5deg val_capture=96.15% val_bank=96.15% val_acq_acc=100.00% score=8.055 best=7.750 patience=2/4
temporal epoch=025/100 loss=18.18364 center_teacher=1.000 acq_teacher=1.000 capture=100.00% bank_capture=100.00% acq_acc=100.00% acq_conf=0.649 radius=0.0m pred_step=9.579 target_step=5.530 pred_v=9.094 target_v=5.530 val_mle=7.191m val_p90=9.551m val_speed_mae=3.906 heading=-0.8/0.7deg val_progress_mae=7.016m val_heading_mae=30.5deg val_capture=96.15% val_bank=96.15% val_acq_acc=100.00% score=7.735 best=7.735 patience=0/4
temporal epoch=026/100 loss=16.14438 center_teacher=1.000 acq_teacher=1.000 capture=100.00% bank_capture=100.00% acq_acc=100.00% acq_conf=0.646 radius=0.0m pred_step=2.057 target_step=5.530 pred_v=2.453 target_v=5.530 val_mle=7.416m val_p90=9.505m val_speed_mae=5.028 heading=-1.6/0.7deg val_progress_mae=7.068m val_heading_mae=30.5deg val_capture=96.15% val_bank=96.15% val_acq_acc=100.00% score=8.018 best=7.735 patience=1/4
temporal epoch=027/100 loss=14.05552 center_teacher=1.000 acq_teacher=1.000 capture=100.00% bank_capture=100.00% acq_acc=100.00% acq_conf=0.646 radius=0.0m pred_step=4.329 target_step=5.530 pred_v=4.506 target_v=5.530 val_mle=7.222m val_p90=9.261m val_speed_mae=4.614 heading=-1.9/0.7deg val_progress_mae=6.893m val_heading_mae=30.5deg val_capture=100.00% val_bank=100.00% val_acq_acc=100.00% score=7.721 best=7.721 patience=0/4
temporal epoch=028/100 loss=18.01079 center_teacher=1.000 acq_teacher=1.000 capture=100.00% bank_capture=100.00% acq_acc=100.00% acq_conf=0.646 radius=0.0m pred_step=9.699 target_step=5.530 pred_v=9.195 target_v=5.530 val_mle=7.203m val_p90=9.208m val_speed_mae=2.960 heading=-1.9/0.7deg val_progress_mae=6.874m val_heading_mae=30.5deg val_capture=100.00% val_bank=100.00% val_acq_acc=100.00% score=7.618 best=7.618 patience=0/4
temporal epoch=029/100 loss=14.34675 center_teacher=1.000 acq_teacher=1.000 capture=100.00% bank_capture=100.00% acq_acc=100.00% acq_conf=0.646 radius=0.0m pred_step=4.172 target_step=5.530 pred_v=4.376 target_v=5.530 val_mle=7.080m val_p90=9.171m val_speed_mae=5.312 heading=-2.8/0.7deg val_progress_mae=6.755m val_heading_mae=30.6deg val_capture=100.00% val_bank=100.00% val_acq_acc=100.00% score=7.609 best=7.609 patience=0/4
temporal epoch=030/100 loss=14.67999 center_teacher=1.000 acq_teacher=1.000 capture=100.00% bank_capture=100.00% acq_acc=100.00% acq_conf=0.639 radius=0.0m pred_step=2.853 target_step=5.530 pred_v=3.226 target_v=5.530 val_mle=7.178m val_p90=9.327m val_speed_mae=2.816 heading=-3.2/0.7deg val_progress_mae=6.865m val_heading_mae=30.6deg val_capture=100.00% val_bank=100.00% val_acq_acc=100.00% score=7.586 best=7.586 patience=0/4
temporal epoch=031/100 loss=17.68291 center_teacher=1.000 acq_teacher=1.000 capture=100.00% bank_capture=100.00% acq_acc=100.00% acq_conf=0.645 radius=0.0m pred_step=9.781 target_step=5.530 pred_v=9.249 target_v=5.530 val_mle=7.304m val_p90=9.443m val_speed_mae=2.817 heading=-3.0/0.7deg val_progress_mae=7.002m val_heading_mae=30.7deg val_capture=100.00% val_bank=100.00% val_acq_acc=100.00% score=7.716 best=7.586 patience=1/4
temporal epoch=032/100 loss=14.09848 center_teacher=1.000 acq_teacher=1.000 capture=100.00% bank_capture=100.00% acq_acc=100.00% acq_conf=0.638 radius=0.0m pred_step=5.915 target_step=5.530 pred_v=5.898 target_v=5.530 val_mle=7.099m val_p90=9.179m val_speed_mae=5.279 heading=-3.9/0.7deg val_progress_mae=6.782m val_heading_mae=31.0deg val_capture=100.00% val_bank=100.00% val_acq_acc=100.00% score=7.629 best=7.586 patience=2/4
temporal epoch=033/100 loss=15.70128 center_teacher=1.000 acq_teacher=1.000 capture=100.00% bank_capture=100.00% acq_acc=100.00% acq_conf=0.636 radius=0.0m pred_step=1.811 target_step=5.530 pred_v=2.273 target_v=5.530 val_mle=7.311m val_p90=9.479m val_speed_mae=3.674 heading=-4.3/0.7deg val_progress_mae=6.999m val_heading_mae=30.9deg val_capture=100.00% val_bank=100.00% val_acq_acc=100.00% score=7.767 best=7.586 patience=3/4
temporal epoch=034/100 loss=13.73623 center_teacher=1.000 acq_teacher=1.000 capture=100.00% bank_capture=100.00% acq_acc=100.00% acq_conf=0.636 radius=0.0m pred_step=5.830 target_step=5.530 pred_v=5.804 target_v=5.530 val_mle=7.272m val_p90=9.484m val_speed_mae=3.077 heading=-4.0/0.7deg val_progress_mae=6.967m val_heading_mae=31.0deg val_capture=100.00% val_bank=100.00% val_acq_acc=100.00% score=7.697 best=7.586 patience=4/4
EARLY STOP: controlled local-prior validation score did not improve by 0.003 for 4 epochs.
[TRAIN DONE] cityd frames=1
[TEMPORAL FAIRNESS] frame1/frame2/frame3 share one visual checkpoint
[TRAIN START] cityd frames=2 GPU5 patience=4
[TRAIN START] cityd frames=3 GPU6 patience=4
[PREPARED] PASS | city=cityd | step=4 m | selection=soft_sequence_v13_multicity_auto_train_fullroute | existing GT/routes unchanged
[CADENCE] source=experiment_route_stats_train_01 | mean=5.465267 m | p90=10.039383 m | p95=12.083230 m
[PREPARED] PASS | city=cityd | step=4 m | selection=soft_sequence_v13_multicity_auto_train_fullroute | existing GT/routes unchanged
[CADENCE] source=experiment_route_stats_train_01 | mean=5.465267 m | p90=10.039383 m | p95=12.083230 m
[OK] clean v39 runtime: Forward-18 SoftMS -> GRU -> Kalman -> one final MeanShift
[OK] weighted-centroid decoder removed from generated runtime source
[PATCH OK] GRU = current + delta + delta2 + SAT + SoftMS position + visual displacement + previous state
[PATCH OK] 3-frame delta2 directly corrects acceleration + next_step
[PATCH OK] training/validation/inference motion starts from current-city cadence
[PATCH OK] Kalman = smooth confidence-adaptive measurement-preserving residual fusion
[PATCH OK] step corridor = continuous confidence relaxation
[PATCH OK] no held-out navigation result is read by this patch
[OK] clean v39 runtime: Forward-18 SoftMS -> GRU -> Kalman -> one final MeanShift
[OK] weighted-centroid decoder removed from generated runtime source
[V39-BEARING] final-MS route-centerline reference patch: PASS
[PATCH OK] GRU = current + delta + delta2 + SAT + SoftMS position + visual displacement + previous state
[PATCH OK] 3-frame delta2 directly corrects acceleration + next_step
[PATCH OK] training/validation/inference motion starts from current-city cadence
[PATCH OK] Kalman = smooth confidence-adaptive measurement-preserving residual fusion
[PATCH OK] step corridor = continuous confidence relaxation
[PATCH OK] no held-out navigation result is read by this patch
[V39-BEARING] final-MS route-centerline reference patch: PASS
[ARCH-AUDIT] forward_18: PASS
[ARCH-AUDIT] base_geometry_6x6: PASS
[ARCH-AUDIT] front_softms_source: PASS
[ARCH-AUDIT] one_final_ms_source: PASS
[ARCH-AUDIT] front_decoder_softms: PASS
[ARCH-AUDIT] simple_seven_block_gru: PASS
[ARCH-AUDIT] residual_motion_head: PASS
[ARCH-AUDIT] causal_visual_displacement: PASS
[ARCH-AUDIT] cadence_initialized_tracker: PASS
[ARCH-AUDIT] motion_training_inference_aligned: PASS
[ARCH-AUDIT] training_city_motion_scale_init: PASS
[ARCH-AUDIT] forward_origin_backshift_covers_jitter: PASS
[ARCH-AUDIT] protocol: PASS
[ARCH-AUDIT] controlled_gt_reference_enabled: PASS
[ARCH-AUDIT] frame_count: PASS
[ARCH-AUDIT] gru_flag: PASS
[ARCH-AUDIT] kalman_flag: PASS
[TRAIN] reuse visual checkpoint /yh/study/uav-sat/v39_otherdata/output/run_20260921_203550/frozen_v5/cityd/train_frames3/checkpoints/visual_retrieval_A_only.pt
[ARCH-AUDIT] forward_18: PASS
[ARCH-AUDIT] base_geometry_6x6: PASS
[ARCH-AUDIT] front_softms_source: PASS
[ARCH-AUDIT] one_final_ms_source: PASS
[ARCH-AUDIT] front_decoder_softms: PASS
[ARCH-AUDIT] simple_seven_block_gru: PASS
[ARCH-AUDIT] residual_motion_head: PASS
[ARCH-AUDIT] causal_visual_displacement: PASS
[ARCH-AUDIT] cadence_initialized_tracker: PASS
[ARCH-AUDIT] motion_training_inference_aligned: PASS
[ARCH-AUDIT] training_city_motion_scale_init: PASS
[ARCH-AUDIT] forward_origin_backshift_covers_jitter: PASS
[ARCH-AUDIT] protocol: PASS
[ARCH-AUDIT] controlled_gt_reference_enabled: PASS
[ARCH-AUDIT] frame_count: PASS
[ARCH-AUDIT] gru_flag: PASS
[ARCH-AUDIT] kalman_flag: PASS
[TRAIN] reuse visual checkpoint /yh/study/uav-sat/v39_otherdata/output/run_20260921_203550/frozen_v5/cityd/train_frames2/checkpoints/visual_retrieval_A_only.pt
route_A: reuse UAV backbone cache
temporal split train=[0,136) val=[140,166) route_length=789.4m
City training-sequence mean forward step=5.530m/frame p90=10.147m/frame
route_A: reuse UAV backbone cache
temporal split train=[0,136) val=[140,166) route_length=789.4m
City training-sequence mean forward step=5.530m/frame p90=10.147m/frame
temporal epoch=001/100 loss=15.66537 center_teacher=1.000 acq_teacher=1.000 capture=100.00% bank_capture=100.00% acq_acc=100.00% acq_conf=0.643 radius=0.0m pred_step=5.169 target_step=5.530 pred_v=5.221 target_v=5.530 val_mle=10.235m val_p90=12.542m val_speed_mae=2.960 heading=-0.0/0.7deg val_progress_mae=10.234m val_heading_mae=30.5deg val_capture=96.15% val_bank=96.15% val_acq_acc=100.00% score=10.828 best=10.828 patience=0/4
temporal epoch=001/100 loss=15.66879 center_teacher=1.000 acq_teacher=1.000 capture=100.00% bank_capture=100.00% acq_acc=100.00% acq_conf=0.643 radius=0.0m pred_step=5.212 target_step=5.530 pred_v=5.242 target_v=5.530 val_mle=10.247m val_p90=12.554m val_speed_mae=3.000 heading=-0.0/0.7deg val_progress_mae=10.247m val_heading_mae=30.5deg val_capture=96.15% val_bank=96.15% val_acq_acc=100.00% score=10.843 best=10.843 patience=0/4
temporal epoch=002/100 loss=15.63809 center_teacher=1.000 acq_teacher=1.000 capture=100.00% bank_capture=100.00% acq_acc=100.00% acq_conf=0.643 radius=0.0m pred_step=4.458 target_step=5.530 pred_v=4.622 target_v=5.530 val_mle=10.048m val_p90=12.361m val_speed_mae=2.913 heading=-0.1/0.7deg val_progress_mae=10.041m val_heading_mae=30.5deg val_capture=96.15% val_bank=96.15% val_acq_acc=100.00% score=10.633 best=10.633 patience=0/4
temporal epoch=002/100 loss=15.67463 center_teacher=1.000 acq_teacher=1.000 capture=100.00% bank_capture=100.00% acq_acc=100.00% acq_conf=0.643 radius=0.0m pred_step=4.422 target_step=5.530 pred_v=4.542 target_v=5.530 val_mle=10.075m val_p90=12.383m val_speed_mae=2.913 heading=-0.1/0.7deg val_progress_mae=10.068m val_heading_mae=30.5deg val_capture=96.15% val_bank=96.15% val_acq_acc=100.00% score=10.660 best=10.660 patience=0/4
temporal epoch=003/100 loss=15.34547 center_teacher=1.000 acq_teacher=1.000 capture=100.00% bank_capture=100.00% acq_acc=100.00% acq_conf=0.643 radius=0.0m pred_step=5.026 target_step=5.530 pred_v=5.104 target_v=5.530 val_mle=9.778m val_p90=12.095m val_speed_mae=2.917 heading=-0.2/0.7deg val_progress_mae=9.762m val_heading_mae=30.5deg val_capture=96.15% val_bank=96.15% val_acq_acc=100.00% score=10.355 best=10.355 patience=0/4
temporal epoch=003/100 loss=15.37013 center_teacher=1.000 acq_teacher=1.000 capture=100.00% bank_capture=100.00% acq_acc=100.00% acq_conf=0.643 radius=0.0m pred_step=4.873 target_step=5.530 pred_v=4.944 target_v=5.530 val_mle=9.805m val_p90=12.120m val_speed_mae=2.915 heading=-0.2/0.7deg val_progress_mae=9.790m val_heading_mae=30.5deg val_capture=96.15% val_bank=96.15% val_acq_acc=100.00% score=10.382 best=10.382 patience=0/4
temporal epoch=004/100 loss=15.23714 center_teacher=1.000 acq_teacher=1.000 capture=100.00% bank_capture=100.00% acq_acc=100.00% acq_conf=0.643 radius=0.0m pred_step=5.719 target_step=5.530 pred_v=5.696 target_v=5.530 val_mle=9.451m val_p90=11.766m val_speed_mae=2.916 heading=-0.1/0.7deg val_progress_mae=9.423m val_heading_mae=30.5deg val_capture=96.15% val_bank=96.15% val_acq_acc=100.00% score=10.017 best=10.017 patience=0/4
temporal epoch=004/100 loss=15.21262 center_teacher=1.000 acq_teacher=1.000 capture=100.00% bank_capture=100.00% acq_acc=100.00% acq_conf=0.643 radius=0.0m pred_step=5.583 target_step=5.530 pred_v=5.575 target_v=5.530 val_mle=9.475m val_p90=11.790m val_speed_mae=2.916 heading=-0.1/0.7deg val_progress_mae=9.448m val_heading_mae=30.5deg val_capture=96.15% val_bank=96.15% val_acq_acc=100.00% score=10.043 best=10.043 patience=0/4
temporal epoch=005/100 loss=14.97462 center_teacher=1.000 acq_teacher=1.000 capture=100.00% bank_capture=100.00% acq_acc=100.00% acq_conf=0.642 radius=0.0m pred_step=5.313 target_step=5.530 pred_v=5.355 target_v=5.530 val_mle=9.112m val_p90=11.415m val_speed_mae=2.934 heading=0.0/0.7deg val_progress_mae=9.070m val_heading_mae=30.5deg val_capture=96.15% val_bank=96.15% val_acq_acc=100.00% score=9.669 best=9.669 patience=0/4
temporal epoch=005/100 loss=15.00621 center_teacher=1.000 acq_teacher=1.000 capture=100.00% bank_capture=100.00% acq_acc=100.00% acq_conf=0.642 radius=0.0m pred_step=5.466 target_step=5.530 pred_v=5.478 target_v=5.530 val_mle=9.127m val_p90=11.432m val_speed_mae=2.912 heading=0.1/0.7deg val_progress_mae=9.085m val_heading_mae=30.5deg val_capture=96.15% val_bank=96.15% val_acq_acc=100.00% score=9.683 best=9.683 patience=0/4
temporal epoch=006/100 loss=14.92725 center_teacher=1.000 acq_teacher=1.000 capture=100.00% bank_capture=100.00% acq_acc=100.00% acq_conf=0.642 radius=0.0m pred_step=4.441 target_step=5.530 pred_v=4.620 target_v=5.530 val_mle=8.787m val_p90=11.089m val_speed_mae=2.923 heading=0.1/0.7deg val_progress_mae=8.730m val_heading_mae=30.5deg val_capture=96.15% val_bank=96.15% val_acq_acc=100.00% score=9.333 best=9.333 patience=0/4
temporal epoch=007/100 loss=14.57061 center_teacher=1.000 acq_teacher=1.000 capture=100.00% bank_capture=100.00% acq_acc=100.00% acq_conf=0.642 radius=0.0m pred_step=4.761 target_step=5.530 pred_v=4.902 target_v=5.530 val_mle=8.492m val_p90=10.801m val_speed_mae=2.916 heading=0.0/0.7deg val_progress_mae=8.418m val_heading_mae=30.5deg val_capture=96.15% val_bank=96.15% val_acq_acc=100.00% score=9.028 best=9.028 patience=0/4
temporal epoch=006/100 loss=14.87351 center_teacher=1.000 acq_teacher=1.000 capture=100.00% bank_capture=100.00% acq_acc=100.00% acq_conf=0.642 radius=0.0m pred_step=4.718 target_step=5.530 pred_v=4.828 target_v=5.530 val_mle=8.795m val_p90=11.097m val_speed_mae=2.966 heading=0.2/0.7deg val_progress_mae=8.738m val_heading_mae=30.5deg val_capture=96.15% val_bank=96.15% val_acq_acc=100.00% score=9.343 best=9.343 patience=0/4
temporal epoch=008/100 loss=14.46889 center_teacher=1.000 acq_teacher=1.000 capture=100.00% bank_capture=100.00% acq_acc=100.00% acq_conf=0.642 radius=0.0m pred_step=5.707 target_step=5.530 pred_v=5.716 target_v=5.530 val_mle=8.245m val_p90=10.552m val_speed_mae=2.918 heading=0.0/0.7deg val_progress_mae=8.156m val_heading_mae=30.5deg val_capture=96.15% val_bank=96.15% val_acq_acc=100.00% score=8.773 best=8.773 patience=0/4
temporal epoch=007/100 loss=14.69029 center_teacher=1.000 acq_teacher=1.000 capture=100.00% bank_capture=100.00% acq_acc=100.00% acq_conf=0.642 radius=0.0m pred_step=4.584 target_step=5.530 pred_v=4.717 target_v=5.530 val_mle=8.491m val_p90=10.803m val_speed_mae=2.913 heading=0.1/0.7deg val_progress_mae=8.417m val_heading_mae=30.5deg val_capture=96.15% val_bank=96.15% val_acq_acc=100.00% score=9.027 best=9.027 patience=0/4
temporal epoch=009/100 loss=14.38577 center_teacher=1.000 acq_teacher=1.000 capture=100.00% bank_capture=100.00% acq_acc=100.00% acq_conf=0.642 radius=0.0m pred_step=5.794 target_step=5.530 pred_v=5.788 target_v=5.530 val_mle=8.036m val_p90=10.340m val_speed_mae=2.913 heading=0.1/0.7deg val_progress_mae=7.932m val_heading_mae=30.5deg val_capture=96.15% val_bank=96.15% val_acq_acc=100.00% score=8.557 best=8.557 patience=0/4
temporal epoch=008/100 loss=14.43735 center_teacher=1.000 acq_teacher=1.000 capture=100.00% bank_capture=100.00% acq_acc=100.00% acq_conf=0.642 radius=0.0m pred_step=5.155 target_step=5.530 pred_v=5.225 target_v=5.530 val_mle=8.243m val_p90=10.554m val_speed_mae=2.916 heading=0.0/0.7deg val_progress_mae=8.153m val_heading_mae=30.5deg val_capture=96.15% val_bank=96.15% val_acq_acc=100.00% score=8.772 best=8.772 patience=0/4
temporal epoch=010/100 loss=14.24742 center_teacher=1.000 acq_teacher=1.000 capture=100.00% bank_capture=100.00% acq_acc=100.00% acq_conf=0.642 radius=0.0m pred_step=4.887 target_step=5.530 pred_v=5.010 target_v=5.530 val_mle=7.881m val_p90=10.181m val_speed_mae=3.003 heading=0.2/0.7deg val_progress_mae=7.764m val_heading_mae=30.5deg val_capture=96.15% val_bank=96.15% val_acq_acc=100.00% score=8.402 best=8.402 patience=0/4
temporal epoch=009/100 loss=14.39653 center_teacher=1.000 acq_teacher=1.000 capture=100.00% bank_capture=100.00% acq_acc=100.00% acq_conf=0.642 radius=0.0m pred_step=5.640 target_step=5.530 pred_v=5.655 target_v=5.530 val_mle=8.039m val_p90=10.349m val_speed_mae=2.915 heading=-0.0/0.7deg val_progress_mae=7.934m val_heading_mae=30.5deg val_capture=96.15% val_bank=96.15% val_acq_acc=100.00% score=8.561 best=8.561 patience=0/4
temporal epoch=011/100 loss=14.30866 center_teacher=1.000 acq_teacher=1.000 capture=100.00% bank_capture=100.00% acq_acc=100.00% acq_conf=0.642 radius=0.0m pred_step=4.424 target_step=5.530 pred_v=4.609 target_v=5.530 val_mle=7.742m val_p90=10.058m val_speed_mae=2.912 heading=0.3/0.7deg val_progress_mae=7.615m val_heading_mae=30.5deg val_capture=96.15% val_bank=96.15% val_acq_acc=100.00% score=8.254 best=8.254 patience=0/4
temporal epoch=010/100 loss=14.31198 center_teacher=1.000 acq_teacher=1.000 capture=100.00% bank_capture=100.00% acq_acc=100.00% acq_conf=0.642 radius=0.0m pred_step=5.448 target_step=5.530 pred_v=5.481 target_v=5.530 val_mle=7.873m val_p90=10.188m val_speed_mae=2.912 heading=0.0/0.7deg val_progress_mae=7.754m val_heading_mae=30.5deg val_capture=96.15% val_bank=96.15% val_acq_acc=100.00% score=8.389 best=8.389 patience=0/4
temporal epoch=012/100 loss=14.05064 center_teacher=1.000 acq_teacher=1.000 capture=100.00% bank_capture=100.00% acq_acc=100.00% acq_conf=0.642 radius=0.0m pred_step=5.295 target_step=5.530 pred_v=5.360 target_v=5.530 val_mle=7.641m val_p90=9.960m val_speed_mae=2.933 heading=0.2/0.7deg val_progress_mae=7.506m val_heading_mae=30.5deg val_capture=96.15% val_bank=96.15% val_acq_acc=100.00% score=8.151 best=8.151 patience=0/4
temporal epoch=011/100 loss=14.24518 center_teacher=1.000 acq_teacher=1.000 capture=100.00% bank_capture=100.00% acq_acc=100.00% acq_conf=0.642 radius=0.0m pred_step=4.897 target_step=5.530 pred_v=4.992 target_v=5.530 val_mle=7.747m val_p90=10.061m val_speed_mae=2.921 heading=0.1/0.7deg val_progress_mae=7.618m val_heading_mae=30.5deg val_capture=96.15% val_bank=96.15% val_acq_acc=100.00% score=8.259 best=8.259 patience=0/4
temporal epoch=013/100 loss=14.18861 center_teacher=1.000 acq_teacher=1.000 capture=100.00% bank_capture=100.00% acq_acc=100.00% acq_conf=0.642 radius=0.0m pred_step=6.027 target_step=5.530 pred_v=5.997 target_v=5.530 val_mle=7.546m val_p90=9.867m val_speed_mae=2.910 heading=0.2/0.7deg val_progress_mae=7.404m val_heading_mae=30.5deg val_capture=96.15% val_bank=96.15% val_acq_acc=100.00% score=8.051 best=8.051 patience=0/4
temporal epoch=012/100 loss=14.27639 center_teacher=1.000 acq_teacher=1.000 capture=100.00% bank_capture=100.00% acq_acc=100.00% acq_conf=0.642 radius=0.0m pred_step=4.579 target_step=5.530 pred_v=4.708 target_v=5.530 val_mle=7.630m val_p90=9.954m val_speed_mae=2.911 heading=0.2/0.7deg val_progress_mae=7.492m val_heading_mae=30.5deg val_capture=96.15% val_bank=96.15% val_acq_acc=100.00% score=8.138 best=8.138 patience=0/4
temporal epoch=014/100 loss=13.95331 center_teacher=1.000 acq_teacher=1.000 capture=100.00% bank_capture=100.00% acq_acc=100.00% acq_conf=0.642 radius=0.0m pred_step=4.871 target_step=5.530 pred_v=5.004 target_v=5.530 val_mle=7.473m val_p90=9.785m val_speed_mae=3.130 heading=0.3/0.7deg val_progress_mae=7.326m val_heading_mae=30.5deg val_capture=96.15% val_bank=96.15% val_acq_acc=100.00% score=7.987 best=7.987 patience=0/4
temporal epoch=013/100 loss=14.16102 center_teacher=1.000 acq_teacher=1.000 capture=100.00% bank_capture=100.00% acq_acc=100.00% acq_conf=0.642 radius=0.0m pred_step=5.024 target_step=5.530 pred_v=5.098 target_v=5.530 val_mle=7.537m val_p90=9.864m val_speed_mae=2.913 heading=0.2/0.7deg val_progress_mae=7.393m val_heading_mae=30.5deg val_capture=96.15% val_bank=96.15% val_acq_acc=100.00% score=8.042 best=8.042 patience=0/4
temporal epoch=015/100 loss=14.16223 center_teacher=1.000 acq_teacher=1.000 capture=100.00% bank_capture=100.00% acq_acc=100.00% acq_conf=0.642 radius=0.0m pred_step=4.144 target_step=5.530 pred_v=4.383 target_v=5.530 val_mle=7.412m val_p90=9.730m val_speed_mae=2.922 heading=0.4/0.7deg val_progress_mae=7.263m val_heading_mae=30.5deg val_capture=96.15% val_bank=96.15% val_acq_acc=100.00% score=7.914 best=7.914 patience=0/4
temporal epoch=014/100 loss=14.13919 center_teacher=1.000 acq_teacher=1.000 capture=100.00% bank_capture=100.00% acq_acc=100.00% acq_conf=0.642 radius=0.0m pred_step=5.488 target_step=5.530 pred_v=5.505 target_v=5.530 val_mle=7.458m val_p90=9.783m val_speed_mae=2.912 heading=0.1/0.7deg val_progress_mae=7.309m val_heading_mae=30.5deg val_capture=96.15% val_bank=96.15% val_acq_acc=100.00% score=7.961 best=7.961 patience=0/4
temporal epoch=016/100 loss=14.17342 center_teacher=1.000 acq_teacher=1.000 capture=100.00% bank_capture=100.00% acq_acc=100.00% acq_conf=0.642 radius=0.0m pred_step=6.215 target_step=5.530 pred_v=6.172 target_v=5.530 val_mle=7.361m val_p90=9.672m val_speed_mae=3.170 heading=0.4/0.7deg val_progress_mae=7.209m val_heading_mae=30.5deg val_capture=96.15% val_bank=96.15% val_acq_acc=100.00% score=7.873 best=7.873 patience=0/4
temporal epoch=015/100 loss=14.05693 center_teacher=1.000 acq_teacher=1.000 capture=100.00% bank_capture=100.00% acq_acc=100.00% acq_conf=0.642 radius=0.0m pred_step=5.147 target_step=5.530 pred_v=5.203 target_v=5.530 val_mle=7.395m val_p90=9.709m val_speed_mae=2.908 heading=0.1/0.7deg val_progress_mae=7.243m val_heading_mae=30.5deg val_capture=96.15% val_bank=96.15% val_acq_acc=100.00% score=7.896 best=7.896 patience=0/4
temporal epoch=017/100 loss=13.83104 center_teacher=1.000 acq_teacher=1.000 capture=100.00% bank_capture=100.00% acq_acc=100.00% acq_conf=0.642 radius=0.0m pred_step=5.865 target_step=5.530 pred_v=5.882 target_v=5.530 val_mle=7.290m val_p90=9.589m val_speed_mae=4.224 heading=0.4/0.7deg val_progress_mae=7.134m val_heading_mae=30.5deg val_capture=96.15% val_bank=96.15% val_acq_acc=100.00% score=7.853 best=7.853 patience=0/4
temporal epoch=016/100 loss=14.06230 center_teacher=1.000 acq_teacher=1.000 capture=100.00% bank_capture=100.00% acq_acc=100.00% acq_conf=0.642 radius=0.0m pred_step=4.698 target_step=5.530 pred_v=4.806 target_v=5.530 val_mle=7.344m val_p90=9.651m val_speed_mae=2.907 heading=0.1/0.7deg val_progress_mae=7.190m val_heading_mae=30.5deg val_capture=96.15% val_bank=96.15% val_acq_acc=100.00% score=7.843 best=7.843 patience=0/4
temporal epoch=018/100 loss=15.80960 center_teacher=1.000 acq_teacher=1.000 capture=100.00% bank_capture=100.00% acq_acc=100.00% acq_conf=0.642 radius=0.0m pred_step=2.586 target_step=5.530 pred_v=3.064 target_v=5.530 val_mle=7.258m val_p90=9.559m val_speed_mae=2.900 heading=0.5/0.7deg val_progress_mae=7.103m val_heading_mae=30.5deg val_capture=96.15% val_bank=96.15% val_acq_acc=100.00% score=7.754 best=7.754 patience=0/4
temporal epoch=017/100 loss=14.01524 center_teacher=1.000 acq_teacher=1.000 capture=100.00% bank_capture=100.00% acq_acc=100.00% acq_conf=0.642 radius=0.0m pred_step=4.869 target_step=5.530 pred_v=4.955 target_v=5.530 val_mle=7.310m val_p90=9.620m val_speed_mae=2.909 heading=0.2/0.7deg val_progress_mae=7.157m val_heading_mae=30.5deg val_capture=96.15% val_bank=96.15% val_acq_acc=100.00% score=7.808 best=7.808 patience=0/4
temporal epoch=019/100 loss=14.13337 center_teacher=1.000 acq_teacher=1.000 capture=100.00% bank_capture=100.00% acq_acc=100.00% acq_conf=0.642 radius=0.0m pred_step=6.090 target_step=5.530 pred_v=6.095 target_v=5.530 val_mle=7.265m val_p90=9.569m val_speed_mae=6.398 heading=0.6/0.7deg val_progress_mae=7.114m val_heading_mae=30.5deg val_capture=96.15% val_bank=96.15% val_acq_acc=100.00% score=7.936 best=7.754 patience=1/4
temporal epoch=018/100 loss=14.01385 center_teacher=1.000 acq_teacher=1.000 capture=100.00% bank_capture=100.00% acq_acc=100.00% acq_conf=0.642 radius=0.0m pred_step=5.480 target_step=5.530 pred_v=5.493 target_v=5.530 val_mle=7.276m val_p90=9.588m val_speed_mae=2.905 heading=0.2/0.7deg val_progress_mae=7.123m val_heading_mae=30.5deg val_capture=96.15% val_bank=96.15% val_acq_acc=100.00% score=7.773 best=7.773 patience=0/4
temporal epoch=020/100 loss=15.39594 center_teacher=1.000 acq_teacher=1.000 capture=100.00% bank_capture=100.00% acq_acc=100.00% acq_conf=0.642 radius=0.0m pred_step=7.850 target_step=5.530 pred_v=7.627 target_v=5.530 val_mle=7.170m val_p90=9.465m val_speed_mae=3.758 heading=0.7/0.7deg val_progress_mae=7.013m val_heading_mae=30.5deg val_capture=96.15% val_bank=96.15% val_acq_acc=100.00% score=7.706 best=7.706 patience=0/4
temporal epoch=019/100 loss=13.93617 center_teacher=1.000 acq_teacher=1.000 capture=100.00% bank_capture=100.00% acq_acc=100.00% acq_conf=0.642 radius=0.0m pred_step=4.914 target_step=5.530 pred_v=4.994 target_v=5.530 val_mle=7.253m val_p90=9.558m val_speed_mae=2.900 heading=0.2/0.7deg val_progress_mae=7.101m val_heading_mae=30.5deg val_capture=96.15% val_bank=96.15% val_acq_acc=100.00% score=7.749 best=7.749 patience=0/4
temporal epoch=021/100 loss=16.49040 center_teacher=1.000 acq_teacher=1.000 capture=100.00% bank_capture=100.00% acq_acc=100.00% acq_conf=0.642 radius=0.0m pred_step=1.997 target_step=5.530 pred_v=2.473 target_v=5.530 val_mle=7.135m val_p90=9.440m val_speed_mae=4.784 heading=0.7/0.7deg val_progress_mae=6.978m val_heading_mae=30.5deg val_capture=96.15% val_bank=96.15% val_acq_acc=100.00% score=7.721 best=7.706 patience=1/4
temporal epoch=020/100 loss=13.90699 center_teacher=1.000 acq_teacher=1.000 capture=100.00% bank_capture=100.00% acq_acc=100.00% acq_conf=0.642 radius=0.0m pred_step=4.690 target_step=5.530 pred_v=4.798 target_v=5.530 val_mle=7.234m val_p90=9.551m val_speed_mae=2.957 heading=0.2/0.7deg val_progress_mae=7.084m val_heading_mae=30.5deg val_capture=96.15% val_bank=96.15% val_acq_acc=100.00% score=7.732 best=7.732 patience=0/4
temporal epoch=022/100 loss=14.15522 center_teacher=1.000 acq_teacher=1.000 capture=100.00% bank_capture=100.00% acq_acc=100.00% acq_conf=0.642 radius=0.0m pred_step=3.341 target_step=5.530 pred_v=3.759 target_v=5.530 val_mle=7.194m val_p90=9.524m val_speed_mae=8.140 heading=0.6/0.7deg val_progress_mae=7.046m val_heading_mae=30.5deg val_capture=96.15% val_bank=96.15% val_acq_acc=100.00% score=7.951 best=7.706 patience=2/4
temporal epoch=021/100 loss=14.08638 center_teacher=1.000 acq_teacher=1.000 capture=100.00% bank_capture=100.00% acq_acc=100.00% acq_conf=0.642 radius=0.0m pred_step=5.910 target_step=5.530 pred_v=5.872 target_v=5.530 val_mle=7.201m val_p90=9.520m val_speed_mae=2.892 heading=0.2/0.7deg val_progress_mae=7.052m val_heading_mae=30.5deg val_capture=96.15% val_bank=96.15% val_acq_acc=100.00% score=7.695 best=7.695 patience=0/4
temporal epoch=023/100 loss=18.80372 center_teacher=1.000 acq_teacher=1.000 capture=100.00% bank_capture=100.00% acq_acc=100.00% acq_conf=0.642 radius=0.0m pred_step=9.982 target_step=5.530 pred_v=9.589 target_v=5.530 val_mle=7.160m val_p90=9.530m val_speed_mae=8.487 heading=0.9/0.7deg val_progress_mae=7.012m val_heading_mae=30.5deg val_capture=96.15% val_bank=96.15% val_acq_acc=100.00% score=7.932 best=7.706 patience=3/4
temporal epoch=022/100 loss=13.99422 center_teacher=1.000 acq_teacher=1.000 capture=100.00% bank_capture=100.00% acq_acc=100.00% acq_conf=0.642 radius=0.0m pred_step=4.251 target_step=5.530 pred_v=4.416 target_v=5.530 val_mle=7.201m val_p90=9.524m val_speed_mae=2.910 heading=0.3/0.7deg val_progress_mae=7.055m val_heading_mae=30.5deg val_capture=96.15% val_bank=96.15% val_acq_acc=100.00% score=7.696 best=7.695 patience=1/4
temporal epoch=023/100 loss=14.36496 center_teacher=1.000 acq_teacher=1.000 capture=100.00% bank_capture=100.00% acq_acc=100.00% acq_conf=0.642 radius=0.0m pred_step=6.114 target_step=5.530 pred_v=6.059 target_v=5.530 val_mle=7.202m val_p90=9.528m val_speed_mae=2.951 heading=0.2/0.7deg val_progress_mae=7.058m val_heading_mae=30.5deg val_capture=96.15% val_bank=96.15% val_acq_acc=100.00% score=7.699 best=7.695 patience=2/4
temporal epoch=024/100 loss=16.68091 center_teacher=1.000 acq_teacher=1.000 capture=100.00% bank_capture=100.00% acq_acc=100.00% acq_conf=0.640 radius=0.0m pred_step=8.874 target_step=5.530 pred_v=8.537 target_v=5.530 val_mle=7.036m val_p90=9.407m val_speed_mae=4.528 heading=1.6/0.7deg val_progress_mae=6.881m val_heading_mae=30.5deg val_capture=96.15% val_bank=96.15% val_acq_acc=100.00% score=7.606 best=7.606 patience=0/4
temporal epoch=024/100 loss=13.67116 center_teacher=1.000 acq_teacher=1.000 capture=100.00% bank_capture=100.00% acq_acc=100.00% acq_conf=0.642 radius=0.0m pred_step=4.976 target_step=5.530 pred_v=5.064 target_v=5.530 val_mle=7.206m val_p90=9.524m val_speed_mae=3.489 heading=0.1/0.7deg val_progress_mae=7.065m val_heading_mae=30.5deg val_capture=96.15% val_bank=96.15% val_acq_acc=100.00% score=7.730 best=7.695 patience=3/4
temporal epoch=025/100 loss=16.98359 center_teacher=1.000 acq_teacher=1.000 capture=100.00% bank_capture=100.00% acq_acc=100.00% acq_conf=0.641 radius=0.0m pred_step=1.486 target_step=5.530 pred_v=2.028 target_v=5.530 val_mle=7.060m val_p90=9.429m val_speed_mae=5.277 heading=1.4/0.7deg val_progress_mae=6.910m val_heading_mae=30.5deg val_capture=96.15% val_bank=96.15% val_acq_acc=100.00% score=7.669 best=7.606 patience=1/4
temporal epoch=025/100 loss=14.21499 center_teacher=1.000 acq_teacher=1.000 capture=100.00% bank_capture=100.00% acq_acc=100.00% acq_conf=0.642 radius=0.0m pred_step=3.615 target_step=5.530 pred_v=3.869 target_v=5.530 val_mle=7.262m val_p90=9.604m val_speed_mae=8.551 heading=0.2/0.7deg val_progress_mae=7.127m val_heading_mae=30.5deg val_capture=96.15% val_bank=96.15% val_acq_acc=100.00% score=8.041 best=7.695 patience=4/4
EARLY STOP: controlled local-prior validation score did not improve by 0.003 for 4 epochs.
[TRAIN DONE] cityd frames=2
temporal epoch=026/100 loss=17.46483 center_teacher=1.000 acq_teacher=1.000 capture=100.00% bank_capture=100.00% acq_acc=100.00% acq_conf=0.642 radius=0.0m pred_step=1.115 target_step=5.530 pred_v=1.780 target_v=5.530 val_mle=7.187m val_p90=9.580m val_speed_mae=3.264 heading=1.0/0.7deg val_progress_mae=7.048m val_heading_mae=30.5deg val_capture=96.15% val_bank=96.15% val_acq_acc=100.00% score=7.699 best=7.606 patience=2/4
temporal epoch=027/100 loss=15.59225 center_teacher=1.000 acq_teacher=1.000 capture=100.00% bank_capture=100.00% acq_acc=100.00% acq_conf=0.642 radius=0.0m pred_step=7.679 target_step=5.530 pred_v=7.489 target_v=5.530 val_mle=7.252m val_p90=9.697m val_speed_mae=7.336 heading=1.2/0.7deg val_progress_mae=7.120m val_heading_mae=30.5deg val_capture=96.15% val_bank=96.15% val_acq_acc=100.00% score=7.971 best=7.606 patience=3/4
temporal epoch=028/100 loss=16.55989 center_teacher=1.000 acq_teacher=1.000 capture=100.00% bank_capture=100.00% acq_acc=100.00% acq_conf=0.644 radius=0.0m pred_step=8.272 target_step=5.530 pred_v=8.030 target_v=5.530 val_mle=7.139m val_p90=9.460m val_speed_mae=4.886 heading=1.9/0.7deg val_progress_mae=7.003m val_heading_mae=30.5deg val_capture=96.15% val_bank=96.15% val_acq_acc=100.00% score=7.731 best=7.606 patience=4/4
EARLY STOP: controlled local-prior validation score did not improve by 0.003 for 4 epochs.
[TRAIN-ONLY V5 CALIBRATION] {"confidence_power": 1.0, "delta2_scale": 2.0, "fixed_variance_m2": 9.0, "objective": 7.878360147855345, "prior_blend_base": 0.05, "prior_blend_cutoff": 0.7, "prior_blend_lowconf_gain": 0.3, "prior_blend_max": 0.3, "q_cross": 0.30000000000000004, "q_progress": 1.125, "q_velocity": 0.75, "stage": "filter", "step_relax_confidence": 0.55, "step_relax_width": 0.08, "step_visual_slack_m": 3.0, "temporal_3frame_scale": 1.1, "val_mle_m": 6.979680941846761, "val_p90_m": 9.266090274309992, "val_progress_mae": 6.812028959540153, "val_speed_mae": 4.463584723419175}
[TRAIN-ONLY V5 NO-KALMAN DIAGNOSTIC] {"mle_m": 7.0591729234213, "p90_m": 9.4150471860554}
[TRAIN DONE] cityd frames=3
[EVAL START] cityd full GPU0
[PREPARED] PASS | city=cityd | step=4 m | selection=soft_sequence_v13_multicity_auto_train_fullroute | existing GT/routes unchanged
[CADENCE] source=experiment_route_stats_train_01 | mean=5.465267 m | p90=10.039383 m | p95=12.083230 m
[OK] clean v39 runtime: Forward-18 SoftMS -> GRU -> Kalman -> one final MeanShift
[OK] weighted-centroid decoder removed from generated runtime source
[PATCH OK] GRU = current + delta + delta2 + SAT + SoftMS position + visual displacement + previous state
[PATCH OK] 3-frame delta2 directly corrects acceleration + next_step
[PATCH OK] training/validation/inference motion starts from current-city cadence
[PATCH OK] Kalman = smooth confidence-adaptive measurement-preserving residual fusion
[PATCH OK] step corridor = continuous confidence relaxation
[PATCH OK] no held-out navigation result is read by this patch
[V39-BEARING] final-MS route-centerline reference patch: PASS
[ARCH-AUDIT] forward_18: PASS
[ARCH-AUDIT] base_geometry_6x6: PASS
[ARCH-AUDIT] front_softms_source: PASS
[ARCH-AUDIT] one_final_ms_source: PASS
[ARCH-AUDIT] front_decoder_softms: PASS
[ARCH-AUDIT] simple_seven_block_gru: PASS
[ARCH-AUDIT] residual_motion_head: PASS
[ARCH-AUDIT] causal_visual_displacement: PASS
[ARCH-AUDIT] cadence_initialized_tracker: PASS
[ARCH-AUDIT] motion_training_inference_aligned: PASS
[ARCH-AUDIT] training_city_motion_scale_init: PASS
[ARCH-AUDIT] forward_origin_backshift_covers_jitter: PASS
[ARCH-AUDIT] protocol: PASS
[ARCH-AUDIT] controlled_gt_reference_enabled: PASS
[ARCH-AUDIT] frame_count: PASS
[ARCH-AUDIT] gru_flag: PASS
[ARCH-AUDIT] kalman_flag: PASS
route_B backbone cache: 140/140

=== cityd full: nav50 ===
route_B final MLE=3.378m P90=5.711m LSR@15=100.00% selected_capture=100.00% bank_capture=100.00% acq_acc=100.00% speed_mae=3.386m/frame progress_mae=1.691m heading_mae=31.1deg jump_rate=0.00% max_step=22.58m final_leg=11 gt_leg=11
route_C backbone cache: 235/235

=== cityd full: nav51 ===
route_C final MLE=3.677m P90=6.299m LSR@15=99.57% selected_capture=98.30% bank_capture=98.30% acq_acc=100.00% speed_mae=4.604m/frame progress_mae=2.084m heading_mae=37.2deg jump_rate=1.28% max_step=22.76m final_leg=9 gt_leg=9
[DONE] /yh/study/uav-sat/v39_otherdata/output/run_20260921_203550/frozen_v5/cityd/variants/full/bearing_v39_summary.json
[EVAL START] cityd no_gru GPU0
[EVAL START] cityd no_kalman GPU5
[EVAL START] cityd no_ms GPU6
[PREPARED] PASS | city=cityd | step=4 m | selection=soft_sequence_v13_multicity_auto_train_fullroute | existing GT/routes unchanged
[CADENCE] source=experiment_route_stats_train_01 | mean=5.465267 m | p90=10.039383 m | p95=12.083230 m
[OK] clean v39 runtime: Forward-18 SoftMS -> GRU -> Kalman -> one final MeanShift
[OK] weighted-centroid decoder removed from generated runtime source
[PREPARED] PASS | city=cityd | step=4 m | selection=soft_sequence_v13_multicity_auto_train_fullroute | existing GT/routes unchanged
[CADENCE] source=experiment_route_stats_train_01 | mean=5.465267 m | p90=10.039383 m | p95=12.083230 m
[PREPARED] PASS | city=cityd | step=4 m | selection=soft_sequence_v13_multicity_auto_train_fullroute | existing GT/routes unchanged
[CADENCE] source=experiment_route_stats_train_01 | mean=5.465267 m | p90=10.039383 m | p95=12.083230 m
[PATCH OK] GRU = current + delta + delta2 + SAT + SoftMS position + visual displacement + previous state
[PATCH OK] 3-frame delta2 directly corrects acceleration + next_step
[PATCH OK] training/validation/inference motion starts from current-city cadence
[PATCH OK] Kalman = smooth confidence-adaptive measurement-preserving residual fusion
[PATCH OK] step corridor = continuous confidence relaxation
[PATCH OK] no held-out navigation result is read by this patch
[OK] clean v39 runtime: Forward-18 SoftMS -> GRU -> Kalman -> one final MeanShift
[OK] weighted-centroid decoder removed from generated runtime source
[V39-BEARING] final-MS route-centerline reference patch: PASS
[OK] clean v39 runtime: Forward-18 SoftMS -> GRU -> Kalman -> one final MeanShift
[OK] weighted-centroid decoder removed from generated runtime source
[PATCH OK] GRU = current + delta + delta2 + SAT + SoftMS position + visual displacement + previous state
[PATCH OK] 3-frame delta2 directly corrects acceleration + next_step
[PATCH OK] training/validation/inference motion starts from current-city cadence
[PATCH OK] Kalman = smooth confidence-adaptive measurement-preserving residual fusion
[PATCH OK] step corridor = continuous confidence relaxation
[PATCH OK] no held-out navigation result is read by this patch
[V39-BEARING] final-MS route-centerline reference patch: PASS
[PATCH OK] GRU = current + delta + delta2 + SAT + SoftMS position + visual displacement + previous state
[PATCH OK] 3-frame delta2 directly corrects acceleration + next_step
[PATCH OK] training/validation/inference motion starts from current-city cadence
[PATCH OK] Kalman = smooth confidence-adaptive measurement-preserving residual fusion
[PATCH OK] step corridor = continuous confidence relaxation
[PATCH OK] no held-out navigation result is read by this patch
[V39-BEARING] final-MS route-centerline reference patch: PASS
[ARCH-AUDIT] forward_18: PASS
[ARCH-AUDIT] base_geometry_6x6: PASS
[ARCH-AUDIT] front_softms_source: PASS
[ARCH-AUDIT] one_final_ms_source: PASS
[ARCH-AUDIT] front_decoder_softms: PASS
[ARCH-AUDIT] simple_seven_block_gru: PASS
[ARCH-AUDIT] residual_motion_head: PASS
[ARCH-AUDIT] causal_visual_displacement: PASS
[ARCH-AUDIT] cadence_initialized_tracker: PASS
[ARCH-AUDIT] motion_training_inference_aligned: PASS
[ARCH-AUDIT] training_city_motion_scale_init: PASS
[ARCH-AUDIT] forward_origin_backshift_covers_jitter: PASS
[ARCH-AUDIT] protocol: PASS
[ARCH-AUDIT] controlled_gt_reference_enabled: PASS
[ARCH-AUDIT] frame_count: PASS
[ARCH-AUDIT] gru_flag: PASS
[ARCH-AUDIT] kalman_flag: PASS
[ARCH-AUDIT] forward_18: PASS
[ARCH-AUDIT] base_geometry_6x6: PASS
[ARCH-AUDIT] front_softms_source: PASS
[ARCH-AUDIT] one_final_ms_source: PASS
[ARCH-AUDIT] front_decoder_softms: PASS
[ARCH-AUDIT] simple_seven_block_gru: PASS
[ARCH-AUDIT] residual_motion_head: PASS
[ARCH-AUDIT] causal_visual_displacement: PASS
[ARCH-AUDIT] cadence_initialized_tracker: PASS
[ARCH-AUDIT] motion_training_inference_aligned: PASS
[ARCH-AUDIT] training_city_motion_scale_init: PASS
[ARCH-AUDIT] forward_origin_backshift_covers_jitter: PASS
[ARCH-AUDIT] protocol: PASS
[ARCH-AUDIT] controlled_gt_reference_enabled: PASS
[ARCH-AUDIT] frame_count: PASS
[ARCH-AUDIT] gru_flag: PASS
[ARCH-AUDIT] kalman_flag: PASS
[ARCH-AUDIT] forward_18: PASS
[ARCH-AUDIT] base_geometry_6x6: PASS
[ARCH-AUDIT] front_softms_source: PASS
[ARCH-AUDIT] one_final_ms_source: PASS
[ARCH-AUDIT] front_decoder_softms: PASS
[ARCH-AUDIT] simple_seven_block_gru: PASS
[ARCH-AUDIT] residual_motion_head: PASS
[ARCH-AUDIT] causal_visual_displacement: PASS
[ARCH-AUDIT] cadence_initialized_tracker: PASS
[ARCH-AUDIT] motion_training_inference_aligned: PASS
[ARCH-AUDIT] training_city_motion_scale_init: PASS
[ARCH-AUDIT] forward_origin_backshift_covers_jitter: PASS
[ARCH-AUDIT] protocol: PASS
[ARCH-AUDIT] controlled_gt_reference_enabled: PASS
[ARCH-AUDIT] frame_count: PASS
[ARCH-AUDIT] gru_flag: PASS
[ARCH-AUDIT] kalman_flag: PASS
route_B: reuse UAV backbone cache

=== cityd no_kalman: nav50 ===
route_B: reuse UAV backbone cache

=== cityd no_gru: nav50 ===
route_B: reuse UAV backbone cache

=== cityd no_ms: nav50 ===
route_B final MLE=5.955m P90=9.828m LSR@15=99.29% selected_capture=100.00% bank_capture=100.00% acq_acc=100.00% speed_mae=3.386m/frame progress_mae=3.359m heading_mae=32.0deg jump_rate=3.60% max_step=24.27m final_leg=11 gt_leg=11
route_C: reuse UAV backbone cache

=== cityd no_ms: nav51 ===
route_B final MLE=3.296m P90=5.651m LSR@15=100.00% selected_capture=100.00% bank_capture=100.00% acq_acc=100.00% speed_mae=3.446m/frame progress_mae=1.651m heading_mae=31.0deg jump_rate=0.00% max_step=22.34m final_leg=11 gt_leg=11
route_C: reuse UAV backbone cache

=== cityd no_kalman: nav51 ===
route_B final MLE=3.931m P90=6.533m LSR@15=100.00% selected_capture=100.00% bank_capture=100.00% acq_acc=100.00% speed_mae=6.046m/frame progress_mae=2.440m heading_mae=31.6deg jump_rate=0.72% max_step=22.39m final_leg=11 gt_leg=11
route_C: reuse UAV backbone cache

=== cityd no_gru: nav51 ===
route_C final MLE=6.966m P90=10.909m LSR@15=97.87% selected_capture=98.30% bank_capture=98.30% acq_acc=100.00% speed_mae=4.604m/frame progress_mae=5.257m heading_mae=40.3deg jump_rate=6.41% max_step=23.64m final_leg=9 gt_leg=9
[DONE] /yh/study/uav-sat/v39_otherdata/output/run_20260921_203550/frozen_v5/cityd/variants/no_ms/bearing_v39_summary.json
[EVAL START] cityd frames2 GPU6
route_C final MLE=4.315m P90=6.794m LSR@15=99.57% selected_capture=98.30% bank_capture=98.30% acq_acc=100.00% speed_mae=6.043m/frame progress_mae=3.034m heading_mae=37.3deg jump_rate=2.56% max_step=22.90m final_leg=9 gt_leg=9
[DONE] /yh/study/uav-sat/v39_otherdata/output/run_20260921_203550/frozen_v5/cityd/variants/no_gru/bearing_v39_summary.json
[PREPARED] PASS | city=cityd | step=4 m | selection=soft_sequence_v13_multicity_auto_train_fullroute | existing GT/routes unchanged
[CADENCE] source=experiment_route_stats_train_01 | mean=5.465267 m | p90=10.039383 m | p95=12.083230 m
[OK] clean v39 runtime: Forward-18 SoftMS -> GRU -> Kalman -> one final MeanShift
[OK] weighted-centroid decoder removed from generated runtime source
route_C final MLE=3.514m P90=5.901m LSR@15=100.00% selected_capture=98.30% bank_capture=98.30% acq_acc=100.00% speed_mae=4.702m/frame progress_mae=1.912m heading_mae=37.1deg jump_rate=0.00% max_step=21.72m final_leg=9 gt_leg=9
[DONE] /yh/study/uav-sat/v39_otherdata/output/run_20260921_203550/frozen_v5/cityd/variants/no_kalman/bearing_v39_summary.json
[PATCH OK] GRU = current + delta + delta2 + SAT + SoftMS position + visual displacement + previous state
[PATCH OK] 3-frame delta2 directly corrects acceleration + next_step
[PATCH OK] training/validation/inference motion starts from current-city cadence
[PATCH OK] Kalman = smooth confidence-adaptive measurement-preserving residual fusion
[PATCH OK] step corridor = continuous confidence relaxation
[PATCH OK] no held-out navigation result is read by this patch
[V39-BEARING] final-MS route-centerline reference patch: PASS
[EVAL START] cityd grid4 GPU0
[EVAL START] cityd frames1 GPU5
[PREPARED] PASS | city=cityd | step=4 m | selection=soft_sequence_v13_multicity_auto_train_fullroute | existing GT/routes unchanged
[CADENCE] source=experiment_route_stats_train_01 | mean=5.465267 m | p90=10.039383 m | p95=12.083230 m
[OK] clean v39 runtime: Forward-18 SoftMS -> GRU -> Kalman -> one final MeanShift
[OK] weighted-centroid decoder removed from generated runtime source
[PATCH OK] GRU = current + delta + delta2 + SAT + SoftMS position + visual displacement + previous state
[PATCH OK] 3-frame delta2 directly corrects acceleration + next_step
[PATCH OK] training/validation/inference motion starts from current-city cadence
[PATCH OK] Kalman = smooth confidence-adaptive measurement-preserving residual fusion
[PATCH OK] step corridor = continuous confidence relaxation
[PATCH OK] no held-out navigation result is read by this patch
[V39-BEARING] final-MS route-centerline reference patch: PASS
[ARCH-AUDIT] forward_18: PASS
[ARCH-AUDIT] base_geometry_6x6: PASS
[ARCH-AUDIT] front_softms_source: PASS
[ARCH-AUDIT] one_final_ms_source: PASS
[ARCH-AUDIT] front_decoder_softms: PASS
[ARCH-AUDIT] simple_seven_block_gru: PASS
[ARCH-AUDIT] residual_motion_head: PASS
[ARCH-AUDIT] causal_visual_displacement: PASS
[ARCH-AUDIT] cadence_initialized_tracker: PASS
[ARCH-AUDIT] motion_training_inference_aligned: PASS
[ARCH-AUDIT] training_city_motion_scale_init: PASS
[ARCH-AUDIT] forward_origin_backshift_covers_jitter: PASS
[ARCH-AUDIT] protocol: PASS
[ARCH-AUDIT] controlled_gt_reference_enabled: PASS
[ARCH-AUDIT] frame_count: PASS
[ARCH-AUDIT] gru_flag: PASS
[ARCH-AUDIT] kalman_flag: PASS
[PREPARED] PASS | city=cityd | step=4 m | selection=soft_sequence_v13_multicity_auto_train_fullroute | existing GT/routes unchanged
[CADENCE] source=experiment_route_stats_train_01 | mean=5.465267 m | p90=10.039383 m | p95=12.083230 m
[OK] clean v39 runtime: Forward-18 SoftMS -> GRU -> Kalman -> one final MeanShift
[OK] weighted-centroid decoder removed from generated runtime source
[PATCH OK] GRU = current + delta + delta2 + SAT + SoftMS position + visual displacement + previous state
[PATCH OK] 3-frame delta2 directly corrects acceleration + next_step
[PATCH OK] training/validation/inference motion starts from current-city cadence
[PATCH OK] Kalman = smooth confidence-adaptive measurement-preserving residual fusion
[PATCH OK] step corridor = continuous confidence relaxation
[PATCH OK] no held-out navigation result is read by this patch
[V39-BEARING] final-MS route-centerline reference patch: PASS
route_B: reuse UAV backbone cache

=== cityd frames2: nav50 ===
[ARCH-AUDIT] forward_18: PASS
[ARCH-AUDIT] base_geometry_6x6: PASS
[ARCH-AUDIT] front_softms_source: PASS
[ARCH-AUDIT] one_final_ms_source: PASS
[ARCH-AUDIT] front_decoder_softms: PASS
[ARCH-AUDIT] simple_seven_block_gru: PASS
[ARCH-AUDIT] residual_motion_head: PASS
[ARCH-AUDIT] causal_visual_displacement: PASS
[ARCH-AUDIT] cadence_initialized_tracker: PASS
[ARCH-AUDIT] motion_training_inference_aligned: PASS
[ARCH-AUDIT] training_city_motion_scale_init: PASS
[ARCH-AUDIT] forward_origin_backshift_covers_jitter: PASS
[ARCH-AUDIT] protocol: PASS
[ARCH-AUDIT] controlled_gt_reference_enabled: PASS
[ARCH-AUDIT] frame_count: PASS
[ARCH-AUDIT] gru_flag: PASS
[ARCH-AUDIT] kalman_flag: PASS
[ARCH-AUDIT] forward_18: PASS
[ARCH-AUDIT] base_geometry_6x6: PASS
[ARCH-AUDIT] front_softms_source: PASS
[ARCH-AUDIT] one_final_ms_source: PASS
[ARCH-AUDIT] front_decoder_softms: PASS
[ARCH-AUDIT] simple_seven_block_gru: PASS
[ARCH-AUDIT] residual_motion_head: PASS
[ARCH-AUDIT] causal_visual_displacement: PASS
[ARCH-AUDIT] cadence_initialized_tracker: PASS
[ARCH-AUDIT] motion_training_inference_aligned: PASS
[ARCH-AUDIT] training_city_motion_scale_init: PASS
[ARCH-AUDIT] forward_origin_backshift_covers_jitter: PASS
[ARCH-AUDIT] protocol: PASS
[ARCH-AUDIT] controlled_gt_reference_enabled: PASS
[ARCH-AUDIT] frame_count: PASS
[ARCH-AUDIT] gru_flag: PASS
[ARCH-AUDIT] kalman_flag: PASS
route_B: reuse UAV backbone cache

=== cityd grid4: nav50 ===
route_B: reuse UAV backbone cache

=== cityd frames1: nav50 ===
route_B final MLE=3.392m P90=5.750m LSR@15=100.00% selected_capture=100.00% bank_capture=100.00% acq_acc=100.00% speed_mae=3.156m/frame progress_mae=1.714m heading_mae=31.2deg jump_rate=0.00% max_step=22.54m final_leg=11 gt_leg=11
route_C: reuse UAV backbone cache

=== cityd frames2: nav51 ===
route_B final MLE=3.711m P90=6.313m LSR@15=100.00% selected_capture=100.00% bank_capture=100.00% acq_acc=100.00% speed_mae=3.386m/frame progress_mae=1.975m heading_mae=31.3deg jump_rate=0.72% max_step=22.58m final_leg=11 gt_leg=11
route_C: reuse UAV backbone cache

=== cityd grid4: nav51 ===
route_B final MLE=3.455m P90=5.806m LSR@15=100.00% selected_capture=100.00% bank_capture=100.00% acq_acc=100.00% speed_mae=5.452m/frame progress_mae=1.761m heading_mae=31.2deg jump_rate=0.00% max_step=22.48m final_leg=11 gt_leg=11
route_C: reuse UAV backbone cache

=== cityd frames1: nav51 ===
route_C final MLE=3.612m P90=6.085m LSR@15=100.00% selected_capture=98.30% bank_capture=98.30% acq_acc=100.00% speed_mae=2.885m/frame progress_mae=2.063m heading_mae=37.1deg jump_rate=1.28% max_step=22.78m final_leg=9 gt_leg=9
[DONE] /yh/study/uav-sat/v39_otherdata/output/run_20260921_203550/frozen_v5/cityd/variants/frames2/bearing_v39_summary.json
[EVAL START] cityd grid8 GPU6
route_C final MLE=4.132m P90=7.175m LSR@15=99.15% selected_capture=98.30% bank_capture=98.30% acq_acc=100.00% speed_mae=4.604m/frame progress_mae=2.581m heading_mae=37.3deg jump_rate=2.99% max_step=20.65m final_leg=9 gt_leg=9
[DONE] /yh/study/uav-sat/v39_otherdata/output/run_20260921_203550/frozen_v5/cityd/variants/grid4/bearing_v39_summary.json
route_C final MLE=3.655m P90=6.425m LSR@15=99.57% selected_capture=98.30% bank_capture=98.30% acq_acc=100.00% speed_mae=4.194m/frame progress_mae=2.080m heading_mae=36.8deg jump_rate=1.28% max_step=22.78m final_leg=9 gt_leg=9
[DONE] /yh/study/uav-sat/v39_otherdata/output/run_20260921_203550/frozen_v5/cityd/variants/frames1/bearing_v39_summary.json
[PREPARED] PASS | city=cityd | step=4 m | selection=soft_sequence_v13_multicity_auto_train_fullroute | existing GT/routes unchanged
[CADENCE] source=experiment_route_stats_train_01 | mean=5.465267 m | p90=10.039383 m | p95=12.083230 m
[OK] clean v39 runtime: Forward-18 SoftMS -> GRU -> Kalman -> one final MeanShift
[OK] weighted-centroid decoder removed from generated runtime source
[PATCH OK] GRU = current + delta + delta2 + SAT + SoftMS position + visual displacement + previous state
[PATCH OK] 3-frame delta2 directly corrects acceleration + next_step
[PATCH OK] training/validation/inference motion starts from current-city cadence
[PATCH OK] Kalman = smooth confidence-adaptive measurement-preserving residual fusion
[PATCH OK] step corridor = continuous confidence relaxation
[PATCH OK] no held-out navigation result is read by this patch
[EVAL START] cityd grid7 GPU0
[V39-BEARING] final-MS route-centerline reference patch: PASS
[EVAL START] cityd grid5 GPU5
[PREPARED] PASS | city=cityd | step=4 m | selection=soft_sequence_v13_multicity_auto_train_fullroute | existing GT/routes unchanged
[CADENCE] source=experiment_route_stats_train_01 | mean=5.465267 m | p90=10.039383 m | p95=12.083230 m
[OK] clean v39 runtime: Forward-18 SoftMS -> GRU -> Kalman -> one final MeanShift
[OK] weighted-centroid decoder removed from generated runtime source
[PATCH OK] GRU = current + delta + delta2 + SAT + SoftMS position + visual displacement + previous state
[PATCH OK] 3-frame delta2 directly corrects acceleration + next_step
[PATCH OK] training/validation/inference motion starts from current-city cadence
[PATCH OK] Kalman = smooth confidence-adaptive measurement-preserving residual fusion
[PATCH OK] step corridor = continuous confidence relaxation
[PATCH OK] no held-out navigation result is read by this patch
[V39-BEARING] final-MS route-centerline reference patch: PASS
[PREPARED] PASS | city=cityd | step=4 m | selection=soft_sequence_v13_multicity_auto_train_fullroute | existing GT/routes unchanged
[CADENCE] source=experiment_route_stats_train_01 | mean=5.465267 m | p90=10.039383 m | p95=12.083230 m
[OK] clean v39 runtime: Forward-18 SoftMS -> GRU -> Kalman -> one final MeanShift
[OK] weighted-centroid decoder removed from generated runtime source
[PATCH OK] GRU = current + delta + delta2 + SAT + SoftMS position + visual displacement + previous state
[PATCH OK] 3-frame delta2 directly corrects acceleration + next_step
[PATCH OK] training/validation/inference motion starts from current-city cadence
[PATCH OK] Kalman = smooth confidence-adaptive measurement-preserving residual fusion
[PATCH OK] step corridor = continuous confidence relaxation
[PATCH OK] no held-out navigation result is read by this patch
[V39-BEARING] final-MS route-centerline reference patch: PASS
[ARCH-AUDIT] forward_18: PASS
[ARCH-AUDIT] base_geometry_6x6: PASS
[ARCH-AUDIT] front_softms_source: PASS
[ARCH-AUDIT] one_final_ms_source: PASS
[ARCH-AUDIT] front_decoder_softms: PASS
[ARCH-AUDIT] simple_seven_block_gru: PASS
[ARCH-AUDIT] residual_motion_head: PASS
[ARCH-AUDIT] causal_visual_displacement: PASS
[ARCH-AUDIT] cadence_initialized_tracker: PASS
[ARCH-AUDIT] motion_training_inference_aligned: PASS
[ARCH-AUDIT] training_city_motion_scale_init: PASS
[ARCH-AUDIT] forward_origin_backshift_covers_jitter: PASS
[ARCH-AUDIT] protocol: PASS
[ARCH-AUDIT] controlled_gt_reference_enabled: PASS
[ARCH-AUDIT] frame_count: PASS
[ARCH-AUDIT] gru_flag: PASS
[ARCH-AUDIT] kalman_flag: PASS
[ARCH-AUDIT] forward_18: PASS
[ARCH-AUDIT] base_geometry_6x6: PASS
[ARCH-AUDIT] front_softms_source: PASS
[ARCH-AUDIT] one_final_ms_source: PASS
[ARCH-AUDIT] front_decoder_softms: PASS
[ARCH-AUDIT] simple_seven_block_gru: PASS
[ARCH-AUDIT] residual_motion_head: PASS
[ARCH-AUDIT] causal_visual_displacement: PASS
[ARCH-AUDIT] cadence_initialized_tracker: PASS
[ARCH-AUDIT] motion_training_inference_aligned: PASS
[ARCH-AUDIT] training_city_motion_scale_init: PASS
[ARCH-AUDIT] forward_origin_backshift_covers_jitter: PASS
[ARCH-AUDIT] protocol: PASS
[ARCH-AUDIT] controlled_gt_reference_enabled: PASS
[ARCH-AUDIT] frame_count: PASS
[ARCH-AUDIT] gru_flag: PASS
[ARCH-AUDIT] kalman_flag: PASS
route_B: reuse UAV backbone cache

=== cityd grid8: nav50 ===
[ARCH-AUDIT] forward_18: PASS
[ARCH-AUDIT] base_geometry_6x6: PASS
[ARCH-AUDIT] front_softms_source: PASS
[ARCH-AUDIT] one_final_ms_source: PASS
[ARCH-AUDIT] front_decoder_softms: PASS
[ARCH-AUDIT] simple_seven_block_gru: PASS
[ARCH-AUDIT] residual_motion_head: PASS
[ARCH-AUDIT] causal_visual_displacement: PASS
[ARCH-AUDIT] cadence_initialized_tracker: PASS
[ARCH-AUDIT] motion_training_inference_aligned: PASS
[ARCH-AUDIT] training_city_motion_scale_init: PASS
[ARCH-AUDIT] forward_origin_backshift_covers_jitter: PASS
[ARCH-AUDIT] protocol: PASS
[ARCH-AUDIT] controlled_gt_reference_enabled: PASS
[ARCH-AUDIT] frame_count: PASS
[ARCH-AUDIT] gru_flag: PASS
[ARCH-AUDIT] kalman_flag: PASS
route_B: reuse UAV backbone cache

=== cityd grid7: nav50 ===
route_B: reuse UAV backbone cache

=== cityd grid5: nav50 ===
route_B final MLE=3.374m P90=5.709m LSR@15=100.00% selected_capture=100.00% bank_capture=100.00% acq_acc=100.00% speed_mae=3.386m/frame progress_mae=1.686m heading_mae=31.1deg jump_rate=0.00% max_step=22.58m final_leg=11 gt_leg=11
route_C: reuse UAV backbone cache

=== cityd grid8: nav51 ===
route_B final MLE=3.373m P90=5.709m LSR@15=100.00% selected_capture=100.00% bank_capture=100.00% acq_acc=100.00% speed_mae=3.386m/frame progress_mae=1.686m heading_mae=31.1deg jump_rate=0.00% max_step=22.58m final_leg=11 gt_leg=11
route_C: reuse UAV backbone cache

=== cityd grid7: nav51 ===
route_B final MLE=3.377m P90=5.712m LSR@15=100.00% selected_capture=100.00% bank_capture=100.00% acq_acc=100.00% speed_mae=3.386m/frame progress_mae=1.691m heading_mae=31.1deg jump_rate=0.00% max_step=22.58m final_leg=11 gt_leg=11
route_C: reuse UAV backbone cache

=== cityd grid5: nav51 ===
route_C final MLE=3.627m P90=6.237m LSR@15=100.00% selected_capture=98.30% bank_capture=98.30% acq_acc=100.00% speed_mae=4.604m/frame progress_mae=2.038m heading_mae=37.2deg jump_rate=0.85% max_step=22.78m final_leg=9 gt_leg=9
[DONE] /yh/study/uav-sat/v39_otherdata/output/run_20260921_203550/frozen_v5/cityd/variants/grid8/bearing_v39_summary.json
route_C final MLE=3.677m P90=6.299m LSR@15=99.57% selected_capture=98.30% bank_capture=98.30% acq_acc=100.00% speed_mae=4.604m/frame progress_mae=2.085m heading_mae=37.2deg jump_rate=1.28% max_step=22.77m final_leg=9 gt_leg=9
[DONE] /yh/study/uav-sat/v39_otherdata/output/run_20260921_203550/frozen_v5/cityd/variants/grid5/bearing_v39_summary.json
route_C final MLE=3.627m P90=6.237m LSR@15=100.00% selected_capture=98.30% bank_capture=98.30% acq_acc=100.00% speed_mae=4.604m/frame progress_mae=2.038m heading_mae=37.2deg jump_rate=0.85% max_step=22.78m final_leg=9 gt_leg=9
[DONE] /yh/study/uav-sat/v39_otherdata/output/run_20260921_203550/frozen_v5/cityd/variants/grid7/bearing_v39_summary.json
# Bearing-UAV single-city ICLR ablation (measured)

Dataset domain(s): CITYD; held-out navigation trajectories are reported as nav50/nav51.
The local-search protocol is reported separately from the official Bearing-UAV global-regression benchmark.

## Component removal

| Variant | MLE (m) | P90 (m) | LSR@3 | LSR@5 | LSR@10 |
|---|---:|---:|---:|---:|---:|
| w/o GRU | 4.172 | 6.618 | 29.07% | 70.13% | 98.40% |
| w/o Kalman | 3.433 | 5.857 | 44.27% | 82.93% | 100.00% |
| w/o MeanShift | 6.589 | 10.627 | 16.27% | 32.00% | 86.93% |
| Full | 3.565 | 5.929 | 43.20% | 81.07% | 99.47% |

## Temporal input

| Input | MLE (m) | P90 (m) | LSR@3 | LSR@5 |
|---|---:|---:|---:|---:|
| 1 frame | 3.580 | 6.061 | 41.33% | 80.80% |
| 2 frames | 3.530 | 5.941 | 42.67% | 81.07% |
| Full | 3.565 | 5.929 | 43.20% | 81.07% |

## Final MeanShift window

| Window | Candidates | MLE (m) | P90 (m) | LSR@5 | MS latency (ms) |
|---|---:|---:|---:|---:|---:|
| 4x4 | 16 | 3.975 | 6.824 | 73.33% | 3.011 |
| 5x5 | 25 | 3.565 | 5.927 | 81.07% | 3.856 |
| 6x6 | 36 | 3.565 | 5.929 | 81.07% | 5.056 |
| 7x7 | 49 | 3.532 | 5.927 | 81.60% | 6.460 |
| 8x8 | 64 | 3.532 | 5.928 | 81.60% | 7.902 |

## Integrity audit

`FULL_TREND_CHECK=FAIL`

At least one ablation is better on a primary metric. Do not claim every component improves accuracy; revise only through training/validation data, not held-out navigation results.

================================================================================
DONE: Bearing-UAV SINGLE-CITY ablation v4
CITY  : cityd
Suite : /yh/study/uav-sat/v39_otherdata/output/run_20260921_203550/frozen_v5
Table : /yh/study/uav-sat/v39_otherdata/output/run_20260921_203550/frozen_v5/paper_ablation_tables.md
Audit : /yh/study/uav-sat/v39_otherdata/output/run_20260921_203550/frozen_v5/paper_trend_audit.json
================================================================================
