[cpu-fix] GPU satellite grid lookup enabled; CPU threads/process=2
[GK-segcv2] epoch=001/60 segment_frames=4 train_next_loss=4.737373 provisional_mle=6.604m final_ms_mle=7.316m closed_search_mle=4.949m closed_within20=99.65% stable=1/2 best_stage=4
[GK-segcv2] epoch=002/60 segment_frames=4 train_next_loss=4.628511 provisional_mle=6.462m final_ms_mle=7.217m closed_search_mle=4.871m closed_within20=99.77% stable=0/2 best_stage=4 -> advance_to_6
[GK-segcv2] epoch=003/60 segment_frames=6 train_next_loss=6.022520 provisional_mle=9.311m final_ms_mle=9.312m closed_search_mle=7.938m closed_within20=93.64% stable=1/2 best_stage=6
[GK-segcv2] epoch=004/60 segment_frames=6 train_next_loss=5.819841 provisional_mle=9.045m final_ms_mle=9.141m closed_search_mle=7.726m closed_within20=94.03% stable=0/2 best_stage=6 -> advance_to_8
[GK-segcv2] epoch=005/60 segment_frames=8 train_next_loss=7.311459 provisional_mle=11.813m final_ms_mle=11.457m closed_search_mle=10.528m closed_within20=85.93% stable=1/2 best_stage=8
[GK-segcv2] epoch=006/60 segment_frames=8 train_next_loss=7.965044 provisional_mle=12.897m final_ms_mle=11.933m closed_search_mle=11.469m closed_within20=82.19% stable=0/2 best_stage=8
[GK-segcv2] epoch=007/60 segment_frames=8 train_next_loss=7.193880 provisional_mle=11.708m final_ms_mle=11.324m closed_search_mle=10.443m closed_within20=85.27% stable=1/2 best_stage=8
[GK-segcv2] epoch=008/60 segment_frames=8 train_next_loss=7.683391 provisional_mle=12.556m final_ms_mle=11.853m closed_search_mle=11.169m closed_within20=83.65% stable=0/2 best_stage=8
[GK-segcv2] epoch=009/60 segment_frames=8 train_next_loss=6.975761 provisional_mle=11.355m final_ms_mle=11.075m closed_search_mle=10.159m closed_within20=85.31% stable=1/2 best_stage=8
[GK-segcv2] epoch=010/60 segment_frames=8 train_next_loss=7.017174 provisional_mle=11.357m final_ms_mle=11.039m closed_search_mle=10.152m closed_within20=85.47% stable=0/2 best_stage=8 -> advance_to_10
[GK-segcv2] epoch=011/60 segment_frames=10 train_next_loss=8.218897 provisional_mle=13.626m final_ms_mle=13.125m closed_search_mle=12.483m closed_within20=78.36% stable=0/2 best_stage=10
[GK-segcv2] epoch=012/60 segment_frames=10 train_next_loss=8.153306 provisional_mle=13.532m final_ms_mle=13.001m closed_search_mle=12.398m closed_within20=78.62% stable=0/2 best_stage=10
[GK-segcv2] epoch=013/60 segment_frames=10 train_next_loss=8.196730 provisional_mle=13.618m final_ms_mle=13.080m closed_search_mle=12.476m closed_within20=78.58% stable=0/2 best_stage=10
[GK-segcv2] epoch=014/60 segment_frames=10 train_next_loss=8.109794 provisional_mle=13.511m final_ms_mle=12.962m closed_search_mle=12.377m closed_within20=78.76% stable=0/2 best_stage=10
[GK-segcv2] epoch=015/60 segment_frames=10 train_next_loss=8.018881 provisional_mle=13.369m final_ms_mle=12.893m closed_search_mle=12.236m closed_within20=79.62% stable=0/2 best_stage=10
[GK-segcv2] epoch=016/60 segment_frames=10 train_next_loss=7.809517 provisional_mle=13.030m final_ms_mle=12.694m closed_search_mle=11.926m closed_within20=80.31% stable=0/2 best_stage=10
[GK-segcv2] epoch=017/60 segment_frames=10 train_next_loss=7.623634 provisional_mle=12.751m final_ms_mle=12.586m closed_search_mle=11.672m closed_within20=81.07% stable=0/2 best_stage=10
[GK-segcv2] epoch=018/60 segment_frames=10 train_next_loss=7.306054 provisional_mle=12.264m final_ms_mle=12.298m closed_search_mle=11.231m closed_within20=82.65% stable=0/2 best_stage=10
[GK-segcv2] epoch=019/60 segment_frames=10 train_next_loss=6.838568 provisional_mle=11.588m final_ms_mle=11.851m closed_search_mle=10.645m closed_within20=84.10% stable=0/2 best_stage=10
[GK-segcv2] epoch=020/60 segment_frames=10 train_next_loss=6.325452 provisional_mle=10.745m final_ms_mle=11.328m closed_search_mle=9.887m closed_within20=86.22% stable=1/2 best_stage=10
[GK-segcv2] epoch=021/60 segment_frames=10 train_next_loss=5.686156 provisional_mle=9.697m final_ms_mle=10.677m closed_search_mle=8.936m closed_within20=88.68% stable=0/2 best_stage=10 -> advance_to_12
[GK-segcv2] epoch=022/60 segment_frames=12 train_next_loss=6.181812 provisional_mle=10.677m final_ms_mle=11.485m closed_search_mle=9.997m closed_within20=86.19% stable=1/2 best_stage=12
[GK-segcv2] epoch=023/60 segment_frames=12 train_next_loss=5.381214 provisional_mle=9.441m final_ms_mle=10.546m closed_search_mle=8.862m closed_within20=89.34% stable=0/2 best_stage=12 -> advance_to_14
[GK-segcv2] epoch=024/60 segment_frames=14 train_next_loss=5.938532 provisional_mle=10.407m final_ms_mle=11.510m closed_search_mle=9.862m closed_within20=86.68% stable=1/2 best_stage=14
[GK-segcv2] epoch=025/60 segment_frames=14 train_next_loss=5.806919 provisional_mle=10.049m final_ms_mle=11.184m closed_search_mle=9.493m closed_within20=87.08% stable=0/2 best_stage=14 -> advance_to_16
[GK-segcv2] epoch=026/60 segment_frames=16 train_next_loss=6.407724 provisional_mle=11.206m final_ms_mle=12.450m closed_search_mle=10.672m closed_within20=84.12% stable=0/2 best_stage=16
[GK-segcv2] epoch=027/60 segment_frames=16 train_next_loss=5.698650 provisional_mle=9.973m final_ms_mle=11.532m closed_search_mle=9.481m closed_within20=86.43% stable=1/2 best_stage=16
[GK-segcv2] epoch=028/60 segment_frames=16 train_next_loss=5.490466 provisional_mle=9.633m final_ms_mle=11.268m closed_search_mle=9.117m closed_within20=86.82% stable=0/2 best_stage=16 -> advance_to_18
[GK-segcv2] epoch=029/60 segment_frames=18 train_next_loss=7.312155 provisional_mle=12.873m final_ms_mle=13.668m closed_search_mle=12.269m closed_within20=81.33% stable=0/2 best_stage=18
[GK-segcv2] epoch=030/60 segment_frames=18 train_next_loss=6.311917 provisional_mle=10.986m final_ms_mle=12.357m closed_search_mle=10.443m closed_within20=86.16% stable=1/2 best_stage=18
[GK-segcv2] epoch=031/60 segment_frames=18 train_next_loss=5.521780 provisional_mle=9.689m final_ms_mle=11.238m closed_search_mle=9.203m closed_within20=88.43% stable=0/2 best_stage=18 -> advance_to_20
[GK-segcv2] epoch=032/60 segment_frames=20 train_next_loss=6.197042 provisional_mle=10.834m final_ms_mle=12.358m closed_search_mle=10.355m closed_within20=84.73% stable=0/2 best_stage=20
[GK-segcv2] epoch=033/60 segment_frames=20 train_next_loss=5.969612 provisional_mle=10.455m final_ms_mle=12.102m closed_search_mle=9.993m closed_within20=85.72% stable=1/2 best_stage=20
[GK-segcv2] epoch=034/60 segment_frames=20 train_next_loss=5.851982 provisional_mle=10.495m final_ms_mle=11.857m closed_search_mle=9.974m closed_within20=86.81% stable=0/2 best_stage=20 -> advance_to_22
[GK-segcv2] epoch=035/60 segment_frames=22 train_next_loss=6.634947 provisional_mle=11.631m final_ms_mle=13.199m closed_search_mle=11.262m closed_within20=83.31% stable=0/2 best_stage=22
[GK-segcv2] epoch=036/60 segment_frames=22 train_next_loss=5.380413 provisional_mle=9.499m final_ms_mle=11.465m closed_search_mle=9.203m closed_within20=88.12% stable=1/2 best_stage=22
[GK-segcv2] epoch=037/60 segment_frames=22 train_next_loss=5.622276 provisional_mle=9.973m final_ms_mle=11.928m closed_search_mle=9.608m closed_within20=87.68% stable=0/2 best_stage=22 -> advance_to_24
[GK-segcv2] epoch=038/60 segment_frames=24 train_next_loss=6.740396 provisional_mle=11.901m final_ms_mle=13.171m closed_search_mle=11.413m closed_within20=83.73% stable=0/2 best_stage=24
[GK-segcv2] epoch=039/60 segment_frames=24 train_next_loss=6.236599 provisional_mle=10.938m final_ms_mle=12.521m closed_search_mle=10.537m closed_within20=85.46% stable=1/2 best_stage=24
[GK-segcv2] epoch=040/60 segment_frames=24 train_next_loss=6.135448 provisional_mle=10.818m final_ms_mle=12.519m closed_search_mle=10.415m closed_within20=84.83% stable=0/2 best_stage=24
[GK-segcv2] epoch=041/60 segment_frames=24 train_next_loss=5.406143 provisional_mle=9.702m final_ms_mle=11.218m closed_search_mle=9.329m closed_within20=88.66% stable=1/2 best_stage=24
[GK-segcv2] epoch=042/60 segment_frames=24 train_next_loss=5.435161 provisional_mle=9.802m final_ms_mle=11.428m closed_search_mle=9.421m closed_within20=87.59% stable=0/2 best_stage=24 -> advance_to_26
[GK-segcv2] epoch=043/60 segment_frames=26 train_next_loss=8.818990 provisional_mle=15.497m final_ms_mle=16.567m closed_search_mle=14.915m closed_within20=76.89% stable=0/2 best_stage=26
[GK-segcv2] epoch=044/60 segment_frames=26 train_next_loss=6.028026 provisional_mle=10.884m final_ms_mle=12.491m closed_search_mle=10.511m closed_within20=84.63% stable=0/2 best_stage=26
[GK-segcv2] epoch=045/60 segment_frames=26 train_next_loss=6.204748 provisional_mle=10.906m final_ms_mle=12.262m closed_search_mle=10.498m closed_within20=85.28% stable=1/2 best_stage=26
[GK-segcv2] epoch=046/60 segment_frames=26 train_next_loss=5.622569 provisional_mle=9.916m final_ms_mle=11.630m closed_search_mle=9.627m closed_within20=87.18% stable=0/2 best_stage=26 -> advance_to_28
[GK-segcv2] epoch=047/60 segment_frames=28 train_next_loss=5.952117 provisional_mle=10.546m final_ms_mle=12.241m closed_search_mle=10.200m closed_within20=86.31% stable=1/2 best_stage=28
[GK-segcv2] epoch=048/60 segment_frames=28 train_next_loss=6.795879 provisional_mle=12.119m final_ms_mle=13.596m closed_search_mle=11.678m closed_within20=83.67% stable=0/2 best_stage=28
[GK-segcv2] epoch=049/60 segment_frames=28 train_next_loss=6.086509 provisional_mle=10.755m final_ms_mle=12.587m closed_search_mle=10.388m closed_within20=84.76% stable=0/2 best_stage=28
[GK-segcv2] epoch=050/60 segment_frames=28 train_next_loss=6.021659 provisional_mle=10.714m final_ms_mle=12.527m closed_search_mle=10.367m closed_within20=84.98% stable=0/2 best_stage=28
[GK-segcv2] epoch=051/60 segment_frames=28 train_next_loss=6.765758 provisional_mle=11.862m final_ms_mle=13.239m closed_search_mle=11.447m closed_within20=83.15% stable=0/2 best_stage=28
[GK-segcv2] epoch=052/60 segment_frames=28 train_next_loss=7.278161 provisional_mle=12.937m final_ms_mle=14.773m closed_search_mle=12.452m closed_within20=81.26% stable=0/2 best_stage=28
[GK-segcv2] epoch=053/60 segment_frames=28 train_next_loss=7.559342 provisional_mle=13.272m final_ms_mle=14.732m closed_search_mle=12.752m closed_within20=81.29% stable=0/2 best_stage=28
[GK-segcv2] epoch=054/60 segment_frames=28 train_next_loss=7.887170 provisional_mle=14.041m final_ms_mle=15.044m closed_search_mle=13.577m closed_within20=78.25% stable=0/2 best_stage=28
[GK-segcv2] epoch=055/60 segment_frames=28 train_next_loss=5.397241 provisional_mle=9.784m final_ms_mle=12.129m closed_search_mle=9.457m closed_within20=87.79% stable=1/2 best_stage=28
[GK-segcv2] epoch=056/60 segment_frames=28 train_next_loss=6.491150 provisional_mle=11.583m final_ms_mle=12.828m closed_search_mle=11.158m closed_within20=83.52% stable=0/2 best_stage=28
[GK-segcv2] epoch=057/60 segment_frames=28 train_next_loss=5.524046 provisional_mle=9.902m final_ms_mle=11.875m closed_search_mle=9.536m closed_within20=87.14% stable=1/2 best_stage=28
[GK-segcv2] epoch=058/60 segment_frames=28 train_next_loss=4.997885 provisional_mle=8.935m final_ms_mle=11.224m closed_search_mle=8.631m closed_within20=89.19% stable=0/2 best_stage=28 -> advance_to_30
[GK-segcv2] epoch=059/60 segment_frames=30 train_next_loss=7.266159 provisional_mle=13.028m final_ms_mle=14.332m closed_search_mle=12.689m closed_within20=79.29% stable=0/2 best_stage=30
[GK-segcv2] epoch=060/60 segment_frames=30 train_next_loss=7.394925 provisional_mle=13.101m final_ms_mle=14.951m closed_search_mle=12.709m closed_within20=81.42% stable=0/2 best_stage=30
{"MLE_m": 501.16506573773955, "MedLE_m": 493.0202730768386, "P90_m": 730.6119407106802, "P95_m": 795.9132299209008, "P99_m": 1017.6434241154435, "CVaR90_m": 853.6539535402037, "LSR@5_pct": 0.0, "LSR@10_pct": 0.0, "LSR@15_pct": 0.0, "LSR@20_pct": 0.0, "Architecture": "GK", "Route": "route_B", "Protocol": "adaptive segmented closed-loop train v2; full-route closed-loop eval", "LatencyFrames": 1, "FinalizedFrameCount": 2274, "ProvisionalNextMLE_m": 499.2157051971564, "SearchCenterMLE_m": 498.9870800737902, "MeanMSCorrectionGain_m": -2.1779856639493542, "MSCorrectionSuccess_pct": 26.781002638522427, "EvalFrameAlignedReferencePrior": false, "EvalSegmentResets": false, "EvalInitialPosition": "known planned-route start", "EvalInitialVelocity": "planned-route tangent * Route-A median training speed", "TrainSpeedPrior_m_per_frame": 3.231869390235868, "MeanShiftCandidateCount": 36, "ForwardSearch": false, "CSV": "/yh/study/uav-sat/v36_byTeacher/output/mobilenet_v3_small/delayed_pair_segmented_curriculum_v2_center6x6/gk/route_B_gk_segcv2_full_closedloop_frames.csv"}
{"MLE_m": 527.8134578158346, "MedLE_m": 616.168816352631, "P90_m": 964.8338034787746, "P95_m": 1148.1289142455294, "P99_m": 1189.8876198522955, "CVaR90_m": 1121.5675405550458, "LSR@5_pct": 0.15923566878980894, "LSR@10_pct": 0.47770700636942676, "LSR@15_pct": 1.194267515923567, "LSR@20_pct": 1.4331210191082804, "Architecture": "GK", "Route": "route_C", "Protocol": "adaptive segmented closed-loop train v2; full-route closed-loop eval", "LatencyFrames": 1, "FinalizedFrameCount": 1256, "ProvisionalNextMLE_m": 528.0632142823674, "SearchCenterMLE_m": 527.5358181353225, "MeanMSCorrectionGain_m": -0.2776396805120223, "MSCorrectionSuccess_pct": 47.452229299363054, "EvalFrameAlignedReferencePrior": false, "EvalSegmentResets": false, "EvalInitialPosition": "known planned-route start", "EvalInitialVelocity": "planned-route tangent * Route-A median training speed", "TrainSpeedPrior_m_per_frame": 3.231869390235868, "MeanShiftCandidateCount": 36, "ForwardSearch": false, "CSV": "/yh/study/uav-sat/v36_byTeacher/output/mobilenet_v3_small/delayed_pair_segmented_curriculum_v2_center6x6/gk/route_C_gk_segcv2_full_closedloop_frames.csv"}
