[cpu-fix] GPU satellite grid lookup enabled; CPU threads/process=2
[KG-segcv2] epoch=001/60 segment_frames=4 train_next_loss=3.593676 provisional_mle=6.418m final_ms_mle=7.197m closed_search_mle=4.821m closed_within20=99.54% stable=1/2 best_stage=4
[KG-segcv2] epoch=002/60 segment_frames=4 train_next_loss=3.543322 provisional_mle=6.323m final_ms_mle=7.155m closed_search_mle=4.758m closed_within20=99.65% stable=0/2 best_stage=4 -> advance_to_6
[KG-segcv2] epoch=003/60 segment_frames=6 train_next_loss=5.549980 provisional_mle=9.671m final_ms_mle=9.502m closed_search_mle=8.166m closed_within20=92.99% stable=1/2 best_stage=6
[KG-segcv2] epoch=004/60 segment_frames=6 train_next_loss=5.535898 provisional_mle=9.634m final_ms_mle=9.449m closed_search_mle=8.146m closed_within20=92.55% stable=0/2 best_stage=6 -> advance_to_8
[KG-segcv2] epoch=005/60 segment_frames=8 train_next_loss=6.977665 provisional_mle=12.038m final_ms_mle=11.456m closed_search_mle=10.711m closed_within20=84.46% stable=0/2 best_stage=8
[KG-segcv2] epoch=006/60 segment_frames=8 train_next_loss=7.090374 provisional_mle=12.185m final_ms_mle=11.524m closed_search_mle=10.835m closed_within20=84.08% stable=0/2 best_stage=8
[KG-segcv2] epoch=007/60 segment_frames=8 train_next_loss=6.965442 provisional_mle=12.038m final_ms_mle=11.492m closed_search_mle=10.710m closed_within20=84.08% stable=0/2 best_stage=8
[KG-segcv2] epoch=008/60 segment_frames=8 train_next_loss=7.355816 provisional_mle=12.675m final_ms_mle=11.876m closed_search_mle=11.261m closed_within20=82.65% stable=0/2 best_stage=8
[KG-segcv2] epoch=009/60 segment_frames=8 train_next_loss=7.250632 provisional_mle=12.528m final_ms_mle=11.796m closed_search_mle=11.139m closed_within20=83.23% stable=0/2 best_stage=8
[KG-segcv2] epoch=010/60 segment_frames=8 train_next_loss=6.990872 provisional_mle=12.036m final_ms_mle=11.400m closed_search_mle=10.728m closed_within20=84.27% stable=0/2 best_stage=8
[KG-segcv2] epoch=011/60 segment_frames=8 train_next_loss=6.735072 provisional_mle=11.683m final_ms_mle=11.200m closed_search_mle=10.403m closed_within20=85.47% stable=1/2 best_stage=8
[KG-segcv2] epoch=012/60 segment_frames=8 train_next_loss=6.557690 provisional_mle=11.393m final_ms_mle=10.987m closed_search_mle=10.176m closed_within20=86.51% stable=0/2 best_stage=8 -> advance_to_10
[KG-segcv2] epoch=013/60 segment_frames=10 train_next_loss=7.789750 provisional_mle=13.440m final_ms_mle=12.922m closed_search_mle=12.350m closed_within20=79.30% stable=0/2 best_stage=10
[KG-segcv2] epoch=014/60 segment_frames=10 train_next_loss=7.493641 provisional_mle=12.905m final_ms_mle=12.496m closed_search_mle=11.872m closed_within20=80.67% stable=0/2 best_stage=10
[KG-segcv2] epoch=015/60 segment_frames=10 train_next_loss=7.190525 provisional_mle=12.433m final_ms_mle=12.376m closed_search_mle=11.447m closed_within20=82.29% stable=0/2 best_stage=10
[KG-segcv2] epoch=016/60 segment_frames=10 train_next_loss=7.093966 provisional_mle=12.330m final_ms_mle=12.313m closed_search_mle=11.341m closed_within20=82.51% stable=0/2 best_stage=10
[KG-segcv2] epoch=017/60 segment_frames=10 train_next_loss=6.628868 provisional_mle=11.630m final_ms_mle=11.838m closed_search_mle=10.716m closed_within20=84.39% stable=0/2 best_stage=10
[KG-segcv2] epoch=018/60 segment_frames=10 train_next_loss=6.348797 provisional_mle=11.071m final_ms_mle=11.413m closed_search_mle=10.219m closed_within20=85.97% stable=1/2 best_stage=10
[KG-segcv2] epoch=019/60 segment_frames=10 train_next_loss=6.175560 provisional_mle=10.789m final_ms_mle=11.339m closed_search_mle=9.916m closed_within20=86.30% stable=0/2 best_stage=10 -> advance_to_12
[KG-segcv2] epoch=020/60 segment_frames=12 train_next_loss=7.269612 provisional_mle=12.583m final_ms_mle=12.875m closed_search_mle=11.749m closed_within20=82.60% stable=0/2 best_stage=12
[KG-segcv2] epoch=021/60 segment_frames=12 train_next_loss=6.902240 provisional_mle=12.007m final_ms_mle=12.469m closed_search_mle=11.224m closed_within20=83.77% stable=0/2 best_stage=12
[KG-segcv2] epoch=022/60 segment_frames=12 train_next_loss=6.457558 provisional_mle=11.263m final_ms_mle=11.820m closed_search_mle=10.551m closed_within20=85.47% stable=1/2 best_stage=12
[KG-segcv2] epoch=023/60 segment_frames=12 train_next_loss=6.430383 provisional_mle=11.267m final_ms_mle=11.867m closed_search_mle=10.547m closed_within20=85.54% stable=0/2 best_stage=12 -> advance_to_14
[KG-segcv2] epoch=024/60 segment_frames=14 train_next_loss=7.477569 provisional_mle=13.099m final_ms_mle=13.391m closed_search_mle=12.388m closed_within20=79.72% stable=0/2 best_stage=14
[KG-segcv2] epoch=025/60 segment_frames=14 train_next_loss=6.822630 provisional_mle=11.984m final_ms_mle=12.499m closed_search_mle=11.375m closed_within20=82.17% stable=0/2 best_stage=14
[KG-segcv2] epoch=026/60 segment_frames=14 train_next_loss=6.459364 provisional_mle=11.354m final_ms_mle=12.019m closed_search_mle=10.770m closed_within20=83.55% stable=0/2 best_stage=14
[KG-segcv2] epoch=027/60 segment_frames=14 train_next_loss=6.103878 provisional_mle=10.687m final_ms_mle=11.723m closed_search_mle=10.148m closed_within20=85.37% stable=1/2 best_stage=14
[KG-segcv2] epoch=028/60 segment_frames=14 train_next_loss=5.712997 provisional_mle=10.092m final_ms_mle=11.172m closed_search_mle=9.563m closed_within20=87.76% stable=0/2 best_stage=14 -> advance_to_16
[KG-segcv2] epoch=029/60 segment_frames=16 train_next_loss=6.629695 provisional_mle=11.571m final_ms_mle=12.504m closed_search_mle=11.033m closed_within20=83.89% stable=0/2 best_stage=16
[KG-segcv2] epoch=030/60 segment_frames=16 train_next_loss=6.023041 provisional_mle=10.679m final_ms_mle=11.859m closed_search_mle=10.183m closed_within20=86.96% stable=1/2 best_stage=16
[KG-segcv2] epoch=031/60 segment_frames=16 train_next_loss=5.634155 provisional_mle=9.980m final_ms_mle=10.973m closed_search_mle=9.509m closed_within20=87.68% stable=0/2 best_stage=16 -> advance_to_18
[KG-segcv2] epoch=032/60 segment_frames=18 train_next_loss=6.930900 provisional_mle=12.055m final_ms_mle=12.904m closed_search_mle=11.505m closed_within20=83.24% stable=0/2 best_stage=18
[KG-segcv2] epoch=033/60 segment_frames=18 train_next_loss=6.307625 provisional_mle=10.987m final_ms_mle=12.345m closed_search_mle=10.480m closed_within20=85.64% stable=1/2 best_stage=18
[KG-segcv2] epoch=034/60 segment_frames=18 train_next_loss=5.608835 provisional_mle=9.934m final_ms_mle=11.469m closed_search_mle=9.488m closed_within20=87.29% stable=0/2 best_stage=18 -> advance_to_20
[KG-segcv2] epoch=035/60 segment_frames=20 train_next_loss=7.438430 provisional_mle=13.001m final_ms_mle=13.947m closed_search_mle=12.504m closed_within20=81.50% stable=0/2 best_stage=20
[KG-segcv2] epoch=036/60 segment_frames=20 train_next_loss=6.234845 provisional_mle=11.212m final_ms_mle=12.540m closed_search_mle=10.815m closed_within20=85.21% stable=1/2 best_stage=20
[KG-segcv2] epoch=037/60 segment_frames=20 train_next_loss=5.640122 provisional_mle=10.058m final_ms_mle=11.537m closed_search_mle=9.664m closed_within20=87.45% stable=0/2 best_stage=20 -> advance_to_22
[KG-segcv2] epoch=038/60 segment_frames=22 train_next_loss=6.889910 provisional_mle=12.405m final_ms_mle=13.477m closed_search_mle=11.956m closed_within20=82.04% stable=0/2 best_stage=22
[KG-segcv2] epoch=039/60 segment_frames=22 train_next_loss=7.189149 provisional_mle=12.601m final_ms_mle=13.959m closed_search_mle=12.117m closed_within20=82.07% stable=0/2 best_stage=22
[KG-segcv2] epoch=040/60 segment_frames=22 train_next_loss=6.352028 provisional_mle=11.323m final_ms_mle=12.583m closed_search_mle=10.883m closed_within20=84.95% stable=0/2 best_stage=22
[KG-segcv2] epoch=041/60 segment_frames=22 train_next_loss=5.495410 provisional_mle=9.899m final_ms_mle=11.234m closed_search_mle=9.530m closed_within20=88.72% stable=1/2 best_stage=22
[KG-segcv2] epoch=042/60 segment_frames=22 train_next_loss=6.190642 provisional_mle=11.090m final_ms_mle=12.580m closed_search_mle=10.642m closed_within20=84.73% stable=0/2 best_stage=22
[KG-segcv2] epoch=043/60 segment_frames=22 train_next_loss=5.926770 provisional_mle=10.577m final_ms_mle=11.831m closed_search_mle=10.168m closed_within20=87.14% stable=1/2 best_stage=22
[KG-segcv2] epoch=044/60 segment_frames=22 train_next_loss=5.513140 provisional_mle=9.756m final_ms_mle=10.943m closed_search_mle=9.372m closed_within20=88.69% stable=0/2 best_stage=22 -> advance_to_24
[KG-segcv2] epoch=045/60 segment_frames=24 train_next_loss=6.599078 provisional_mle=11.550m final_ms_mle=13.030m closed_search_mle=11.133m closed_within20=84.61% stable=0/2 best_stage=24
[KG-segcv2] epoch=046/60 segment_frames=24 train_next_loss=6.255089 provisional_mle=11.252m final_ms_mle=12.525m closed_search_mle=10.831m closed_within20=85.80% stable=1/2 best_stage=24
[KG-segcv2] epoch=047/60 segment_frames=24 train_next_loss=6.650199 provisional_mle=11.940m final_ms_mle=13.246m closed_search_mle=11.411m closed_within20=84.55% stable=0/2 best_stage=24
[KG-segcv2] epoch=048/60 segment_frames=24 train_next_loss=6.323882 provisional_mle=11.256m final_ms_mle=12.794m closed_search_mle=10.831m closed_within20=85.14% stable=1/2 best_stage=24
[KG-segcv2] epoch=049/60 segment_frames=24 train_next_loss=6.571548 provisional_mle=11.833m final_ms_mle=13.211m closed_search_mle=11.370m closed_within20=83.04% stable=0/2 best_stage=24
[KG-segcv2] epoch=050/60 segment_frames=24 train_next_loss=5.482637 provisional_mle=9.931m final_ms_mle=11.689m closed_search_mle=9.611m closed_within20=87.69% stable=1/2 best_stage=24
[KG-segcv2] epoch=051/60 segment_frames=24 train_next_loss=5.817292 provisional_mle=10.341m final_ms_mle=11.785m closed_search_mle=9.960m closed_within20=85.93% stable=0/2 best_stage=24 -> advance_to_26
[KG-segcv2] epoch=052/60 segment_frames=26 train_next_loss=6.591306 provisional_mle=11.542m final_ms_mle=12.760m closed_search_mle=11.206m closed_within20=84.60% stable=0/2 best_stage=26
[KG-segcv2] epoch=053/60 segment_frames=26 train_next_loss=6.591786 provisional_mle=11.680m final_ms_mle=13.450m closed_search_mle=11.334m closed_within20=84.50% stable=0/2 best_stage=26
[KG-segcv2] epoch=054/60 segment_frames=26 train_next_loss=6.054553 provisional_mle=10.991m final_ms_mle=12.364m closed_search_mle=10.613m closed_within20=86.12% stable=1/2 best_stage=26
[KG-segcv2] epoch=055/60 segment_frames=26 train_next_loss=5.650825 provisional_mle=10.241m final_ms_mle=12.466m closed_search_mle=9.903m closed_within20=85.87% stable=0/2 best_stage=26 -> advance_to_28
[KG-segcv2] epoch=056/60 segment_frames=28 train_next_loss=8.444141 provisional_mle=14.703m final_ms_mle=15.709m closed_search_mle=14.218m closed_within20=79.31% stable=0/2 best_stage=28
[KG-segcv2] epoch=057/60 segment_frames=28 train_next_loss=6.839070 provisional_mle=12.167m final_ms_mle=13.710m closed_search_mle=11.822m closed_within20=82.74% stable=0/2 best_stage=28
[KG-segcv2] epoch=058/60 segment_frames=28 train_next_loss=6.644961 provisional_mle=12.007m final_ms_mle=13.727m closed_search_mle=11.669m closed_within20=83.77% stable=0/2 best_stage=28
[KG-segcv2] epoch=059/60 segment_frames=28 train_next_loss=7.151645 provisional_mle=12.752m final_ms_mle=14.127m closed_search_mle=12.312m closed_within20=81.82% stable=0/2 best_stage=28
[KG-segcv2] epoch=060/60 segment_frames=28 train_next_loss=5.806245 provisional_mle=10.425m final_ms_mle=12.087m closed_search_mle=10.144m closed_within20=86.83% stable=1/2 best_stage=28
{"MLE_m": 626.2524275514636, "MedLE_m": 685.6001435576367, "P90_m": 931.1875305600317, "P95_m": 987.3999271732343, "P99_m": 1041.8253508221514, "CVaR90_m": 990.2550269804137, "LSR@5_pct": 0.0, "LSR@10_pct": 0.0, "LSR@15_pct": 0.13192612137203166, "LSR@20_pct": 0.43975373790677225, "Architecture": "KG", "Route": "route_B", "Protocol": "adaptive segmented closed-loop train v2; full-route closed-loop eval", "LatencyFrames": 1, "FinalizedFrameCount": 2274, "ProvisionalNextMLE_m": 626.9404691673406, "SearchCenterMLE_m": 626.7618954569934, "MeanMSCorrectionGain_m": 0.5094679055298077, "MSCorrectionSuccess_pct": 59.2788038698329, "EvalFrameAlignedReferencePrior": false, "EvalSegmentResets": false, "EvalInitialPosition": "known planned-route start", "EvalInitialVelocity": "planned-route tangent * Route-A median training speed", "TrainSpeedPrior_m_per_frame": 3.231869390235868, "MeanShiftCandidateCount": 36, "ForwardSearch": false, "CSV": "/yh/study/uav-sat/v36_byTeacher/output/mobilenet_v3_small/delayed_pair_segmented_curriculum_v2_center6x6/kg/route_B_kg_segcv2_full_closedloop_frames.csv"}
{"MLE_m": 324.61998874464, "MedLE_m": 343.9848134009492, "P90_m": 511.35966002280054, "P95_m": 646.3940750445267, "P99_m": 776.2670405675688, "CVaR90_m": 653.6065228688079, "LSR@5_pct": 0.47770700636942676, "LSR@10_pct": 1.8312101910828025, "LSR@15_pct": 3.901273885350318, "LSR@20_pct": 4.617834394904459, "Architecture": "KG", "Route": "route_C", "Protocol": "adaptive segmented closed-loop train v2; full-route closed-loop eval", "LatencyFrames": 1, "FinalizedFrameCount": 1256, "ProvisionalNextMLE_m": 324.54738085893456, "SearchCenterMLE_m": 324.1858501401852, "MeanMSCorrectionGain_m": -0.43413860445476116, "MSCorrectionSuccess_pct": 42.675159235668794, "EvalFrameAlignedReferencePrior": false, "EvalSegmentResets": false, "EvalInitialPosition": "known planned-route start", "EvalInitialVelocity": "planned-route tangent * Route-A median training speed", "TrainSpeedPrior_m_per_frame": 3.231869390235868, "MeanShiftCandidateCount": 36, "ForwardSearch": false, "CSV": "/yh/study/uav-sat/v36_byTeacher/output/mobilenet_v3_small/delayed_pair_segmented_curriculum_v2_center6x6/kg/route_C_kg_segcv2_full_closedloop_frames.csv"}
