[PREPARED] PASS | city=citya | step=8 m | selection=unrecorded_legacy | existing GT/routes unchanged
[CADENCE] source=train_01_manifest_gt | mean=10.675142 m | p90=17.170058 m | p95=19.094575 m
[OK] clean v39 runtime: Forward-18 SoftMS -> GRU -> Kalman -> one final MeanShift
[OK] weighted-centroid decoder removed from generated runtime source
[PATCH OK] simple GRU = mean + delta + delta2 + SAT context + direct SoftMS position + previous state
[PATCH OK] motion-head initial forward speed is supplied by Route-A cadence
[PATCH OK] no split/dual/inference gate; no position innovation
[PATCH OK] Route-A-only search knobs exposed through UAVSAT_* environment variables
[V39-BEARING] final-MS route-centerline reference patch: PASS
[ARCH-AUDIT] forward_18: PASS
[ARCH-AUDIT] base_geometry_6x6: PASS
[ARCH-AUDIT] simple_six_block_gru: PASS
[ARCH-AUDIT] front_softms_source: PASS
[ARCH-AUDIT] one_final_ms_source: PASS
[ARCH-AUDIT] front_decoder_softms: PASS
[ARCH-AUDIT] motion_training_inference_aligned: PASS
[ARCH-AUDIT] route_a_motion_scale_init: PASS
[ARCH-AUDIT] forward_origin_backshift_covers_jitter: PASS
[ARCH-AUDIT] protocol: PASS
[ARCH-AUDIT] controlled_gt_reference_enabled: PASS
[ARCH-AUDIT] frame_count: PASS
[ARCH-AUDIT] gru_flag: PASS
[ARCH-AUDIT] kalman_flag: PASS
[REUSE] visual checkpoint -> /yh/study/uav-sat/v39_otherdata/iclr_bearing_softms_temporal_fixed_20260920_054443/citya/prepared/v39_output_corrected/checkpoints/visual_retrieval_A_only.pt
[TRAIN] reuse visual checkpoint /yh/study/uav-sat/v39_otherdata/iclr_bearing_softms_temporal_fixed_20260920_054443/citya/train_frames3/checkpoints/visual_retrieval_A_only.pt
route_A backbone cache: 99/99
temporal split train=[0,67) val=[71,82) route_length=781.2m
Route-A GT mean forward step=10.303m/frame p90=16.876m/frame
temporal epoch=001/80 loss=13.63370 center_teacher=1.000 acq_teacher=1.000 capture=100.00% bank_capture=100.00% acq_acc=100.00% acq_conf=0.449 radius=0.0m pred_step=10.669 target_step=10.303 pred_v=10.673 target_v=10.303 val_mle=4.609m val_p90=7.694m val_speed_mae=2.895 heading=-0.0/-1.6deg val_progress_mae=0.000m val_heading_mae=46.3deg val_capture=100.00% val_bank=100.00% val_acq_acc=100.00% score=5.651 best=5.651 patience=0/6
temporal epoch=002/80 loss=13.46160 center_teacher=1.000 acq_teacher=1.000 capture=100.00% bank_capture=100.00% acq_acc=100.00% acq_conf=0.449 radius=0.0m pred_step=10.630 target_step=10.303 pred_v=10.663 target_v=10.303 val_mle=5.899m val_p90=10.133m val_speed_mae=2.894 heading=-0.5/-1.6deg val_progress_mae=0.000m val_heading_mae=46.3deg val_capture=100.00% val_bank=100.00% val_acq_acc=100.00% score=6.940 best=5.651 patience=1/6
temporal epoch=003/80 loss=13.31277 center_teacher=1.000 acq_teacher=1.000 capture=100.00% bank_capture=100.00% acq_acc=100.00% acq_conf=0.449 radius=0.0m pred_step=10.573 target_step=10.303 pred_v=10.647 target_v=10.303 val_mle=8.182m val_p90=13.771m val_speed_mae=2.892 heading=-0.9/-1.6deg val_progress_mae=0.000m val_heading_mae=46.2deg val_capture=100.00% val_bank=100.00% val_acq_acc=100.00% score=9.223 best=5.651 patience=2/6
temporal epoch=004/80 loss=13.19133 center_teacher=1.000 acq_teacher=1.000 capture=100.00% bank_capture=100.00% acq_acc=100.00% acq_conf=0.448 radius=0.0m pred_step=10.509 target_step=10.303 pred_v=10.629 target_v=10.303 val_mle=10.270m val_p90=16.596m val_speed_mae=2.890 heading=-1.2/-1.6deg val_progress_mae=0.000m val_heading_mae=46.2deg val_capture=100.00% val_bank=100.00% val_acq_acc=100.00% score=11.310 best=5.651 patience=3/6
temporal epoch=005/80 loss=13.04246 center_teacher=1.000 acq_teacher=1.000 capture=100.00% bank_capture=100.00% acq_acc=100.00% acq_conf=0.448 radius=0.0m pred_step=10.441 target_step=10.303 pred_v=10.611 target_v=10.303 val_mle=10.362m val_p90=16.816m val_speed_mae=2.888 heading=-1.4/-1.6deg val_progress_mae=0.000m val_heading_mae=46.2deg val_capture=100.00% val_bank=100.00% val_acq_acc=100.00% score=11.402 best=5.651 patience=4/6
temporal epoch=006/80 loss=12.97706 center_teacher=1.000 acq_teacher=1.000 capture=100.00% bank_capture=100.00% acq_acc=100.00% acq_conf=0.448 radius=0.0m pred_step=10.367 target_step=10.303 pred_v=10.591 target_v=10.303 val_mle=10.364m val_p90=16.816m val_speed_mae=2.886 heading=-1.6/-1.6deg val_progress_mae=0.000m val_heading_mae=46.2deg val_capture=100.00% val_bank=100.00% val_acq_acc=100.00% score=11.402 best=5.651 patience=5/6
temporal epoch=007/80 loss=12.83463 center_teacher=1.000 acq_teacher=1.000 capture=100.00% bank_capture=100.00% acq_acc=100.00% acq_conf=0.448 radius=0.0m pred_step=10.299 target_step=10.303 pred_v=10.572 target_v=10.303 val_mle=10.365m val_p90=16.816m val_speed_mae=2.886 heading=-1.8/-1.6deg val_progress_mae=0.000m val_heading_mae=46.1deg val_capture=100.00% val_bank=100.00% val_acq_acc=100.00% score=11.403 best=5.651 patience=6/6
temporal epoch=008/80 loss=12.64881 center_teacher=1.000 acq_teacher=1.000 capture=100.00% bank_capture=100.00% acq_acc=100.00% acq_conf=0.447 radius=0.0m pred_step=10.235 target_step=10.303 pred_v=10.554 target_v=10.303 val_mle=10.366m val_p90=16.816m val_speed_mae=2.888 heading=-2.0/-1.6deg val_progress_mae=0.000m val_heading_mae=46.1deg val_capture=100.00% val_bank=100.00% val_acq_acc=100.00% score=11.405 best=5.651 patience=7/6
temporal epoch=009/80 loss=12.57622 center_teacher=1.000 acq_teacher=1.000 capture=100.00% bank_capture=100.00% acq_acc=100.00% acq_conf=0.448 radius=0.0m pred_step=10.194 target_step=10.303 pred_v=10.542 target_v=10.303 val_mle=10.367m val_p90=16.817m val_speed_mae=2.890 heading=-1.9/-1.6deg val_progress_mae=0.000m val_heading_mae=46.1deg val_capture=100.00% val_bank=100.00% val_acq_acc=100.00% score=11.407 best=5.651 patience=8/6
temporal epoch=010/80 loss=12.43187 center_teacher=1.000 acq_teacher=1.000 capture=100.00% bank_capture=100.00% acq_acc=100.00% acq_conf=0.447 radius=0.0m pred_step=10.175 target_step=10.303 pred_v=10.535 target_v=10.303 val_mle=10.368m val_p90=16.817m val_speed_mae=2.891 heading=-1.7/-1.6deg val_progress_mae=0.000m val_heading_mae=46.1deg val_capture=100.00% val_bank=100.00% val_acq_acc=100.00% score=11.408 best=5.651 patience=9/6
EARLY STOP: controlled local-prior validation score did not improve by 0.010 for 6 epochs.
