[PREPARED] PASS | city=cityb | step=4 m | selection=soft_sequence_v13_multicity_auto_train_fullroute | existing GT/routes unchanged
[CADENCE] source=experiment_route_stats_train_01 | mean=5.550783 m | p90=9.862441 m | p95=11.094216 m
[OK] clean v39 runtime: Forward-18 SoftMS -> GRU -> Kalman -> one final MeanShift
[OK] weighted-centroid decoder removed from generated runtime source
[PATCH OK] GRU = current + delta + delta2 + SAT + SoftMS position + visual displacement + previous state
[PATCH OK] V5 3-frame direct acceleration + next-step correction
[PATCH OK] training/validation/inference motion starts from current-city cadence
[PATCH OK] Kalman = smooth confidence-adaptive measurement-preserving residual fusion
[PATCH OK] step corridor = continuous confidence relaxation
[PATCH OK] no held-out navigation result is read by this patch
[V39-BEARING] final-MS route-centerline reference patch: PASS
[ARCH-AUDIT] forward_18: PASS
[ARCH-AUDIT] base_geometry_6x6: PASS
[ARCH-AUDIT] front_softms_source: PASS
[ARCH-AUDIT] one_final_ms_source: PASS
[ARCH-AUDIT] front_decoder_softms: PASS
[ARCH-AUDIT] simple_seven_block_gru: PASS
[ARCH-AUDIT] residual_motion_head: PASS
[ARCH-AUDIT] causal_visual_displacement: PASS
[ARCH-AUDIT] cadence_initialized_tracker: PASS
[ARCH-AUDIT] motion_training_inference_aligned: PASS
[ARCH-AUDIT] training_city_motion_scale_init: PASS
[ARCH-AUDIT] forward_origin_backshift_covers_jitter: PASS
[ARCH-AUDIT] protocol: PASS
[ARCH-AUDIT] controlled_gt_reference_enabled: PASS
[ARCH-AUDIT] frame_count: PASS
[ARCH-AUDIT] gru_flag: PASS
[ARCH-AUDIT] kalman_flag: PASS
satellite backbone cache: 256/47961
satellite backbone cache: 5376/47961
satellite backbone cache: 10496/47961
satellite backbone cache: 15616/47961
satellite backbone cache: 20736/47961
satellite backbone cache: 25856/47961
satellite backbone cache: 30976/47961
satellite backbone cache: 36096/47961
satellite backbone cache: 41216/47961
satellite backbone cache: 46336/47961
satellite backbone cache: 47961/47961
satellite gallery size=47961
Route A backbone cache: 196/196
Route A visual candidate capture=100.00%
visual epoch=001/30 loss=4.65863 val_softms_mle=7.411m val_p90=12.216m val_lsr10=72.00%
visual epoch=002/30 loss=4.12718 val_softms_mle=7.547m val_p90=12.304m val_lsr10=80.00%
visual epoch=003/30 loss=4.02554 val_softms_mle=7.191m val_p90=12.278m val_lsr10=76.00%
visual epoch=004/30 loss=3.90224 val_softms_mle=6.492m val_p90=10.284m val_lsr10=80.00%
visual epoch=005/30 loss=3.68285 val_softms_mle=6.987m val_p90=11.573m val_lsr10=76.00%
visual epoch=006/30 loss=3.47982 val_softms_mle=6.998m val_p90=11.656m val_lsr10=80.00%
visual epoch=007/30 loss=3.61939 val_softms_mle=6.526m val_p90=11.281m val_lsr10=80.00%
visual epoch=008/30 loss=3.50717 val_softms_mle=7.284m val_p90=11.876m val_lsr10=68.00%
visual epoch=009/30 loss=3.27443 val_softms_mle=7.397m val_p90=12.563m val_lsr10=68.00%
visual epoch=010/30 loss=3.16799 val_softms_mle=8.248m val_p90=13.378m val_lsr10=64.00%
visual epoch=011/30 loss=2.92133 val_softms_mle=8.480m val_p90=13.555m val_lsr10=52.00%
visual epoch=012/30 loss=2.73199 val_softms_mle=8.817m val_p90=14.185m val_lsr10=60.00%
visual early stopping: Route A validation stopped improving
best Route A visual validation SoftMS MLE=6.492m
route_A backbone cache: 196/196
temporal split train=[0,135) val=[139,164) route_length=781.2m
City training-sequence mean forward step=5.317m/frame p90=9.734m/frame
temporal epoch=001/160 loss=10.57707 center_teacher=1.000 acq_teacher=1.000 capture=100.00% bank_capture=100.00% acq_acc=100.00% acq_conf=0.714 radius=0.0m pred_step=5.470 target_step=5.317 pred_v=5.480 target_v=5.317 val_mle=11.201m val_p90=13.877m val_speed_mae=2.727 heading=-0.0/2.4deg val_progress_mae=11.346m val_heading_mae=31.9deg val_capture=84.00% val_bank=84.00% val_acq_acc=100.00% score=12.062 best=12.062 patience=0/14
temporal epoch=002/160 loss=10.63084 center_teacher=1.000 acq_teacher=1.000 capture=100.00% bank_capture=100.00% acq_acc=100.00% acq_conf=0.719 radius=0.0m pred_step=5.081 target_step=5.317 pred_v=5.138 target_v=5.317 val_mle=11.169m val_p90=13.847m val_speed_mae=2.738 heading=0.0/2.4deg val_progress_mae=11.309m val_heading_mae=31.9deg val_capture=84.00% val_bank=84.00% val_acq_acc=100.00% score=12.029 best=12.029 patience=0/14
temporal epoch=003/160 loss=10.65001 center_teacher=1.000 acq_teacher=1.000 capture=100.00% bank_capture=100.00% acq_acc=100.00% acq_conf=0.719 radius=0.0m pred_step=4.871 target_step=5.317 pred_v=4.953 target_v=5.317 val_mle=11.126m val_p90=13.803m val_speed_mae=2.741 heading=0.0/2.4deg val_progress_mae=11.261m val_heading_mae=31.9deg val_capture=84.00% val_bank=84.00% val_acq_acc=100.00% score=11.984 best=11.984 patience=0/14
temporal epoch=004/160 loss=10.61943 center_teacher=1.000 acq_teacher=1.000 capture=100.00% bank_capture=100.00% acq_acc=100.00% acq_conf=0.719 radius=0.0m pred_step=4.845 target_step=5.317 pred_v=4.930 target_v=5.317 val_mle=11.071m val_p90=13.747m val_speed_mae=2.736 heading=0.0/2.4deg val_progress_mae=11.200m val_heading_mae=31.9deg val_capture=84.00% val_bank=84.00% val_acq_acc=100.00% score=11.928 best=11.928 patience=0/14
temporal epoch=005/160 loss=10.54749 center_teacher=1.000 acq_teacher=1.000 capture=100.00% bank_capture=100.00% acq_acc=100.00% acq_conf=0.719 radius=0.0m pred_step=4.945 target_step=5.317 pred_v=5.018 target_v=5.317 val_mle=11.006m val_p90=13.679m val_speed_mae=2.728 heading=0.0/2.4deg val_progress_mae=11.130m val_heading_mae=31.9deg val_capture=84.00% val_bank=84.00% val_acq_acc=100.00% score=11.860 best=11.860 patience=0/14
temporal epoch=006/160 loss=10.47065 center_teacher=1.000 acq_teacher=1.000 capture=100.00% bank_capture=100.00% acq_acc=100.00% acq_conf=0.719 radius=0.0m pred_step=5.073 target_step=5.317 pred_v=5.130 target_v=5.317 val_mle=10.932m val_p90=13.600m val_speed_mae=2.731 heading=0.0/2.4deg val_progress_mae=11.048m val_heading_mae=31.9deg val_capture=84.00% val_bank=84.00% val_acq_acc=100.00% score=11.783 best=11.783 patience=0/14
temporal epoch=007/160 loss=10.40641 center_teacher=1.000 acq_teacher=1.000 capture=100.00% bank_capture=100.00% acq_acc=100.00% acq_conf=0.719 radius=0.0m pred_step=5.177 target_step=5.317 pred_v=5.222 target_v=5.317 val_mle=10.849m val_p90=13.513m val_speed_mae=2.738 heading=0.0/2.4deg val_progress_mae=10.957m val_heading_mae=31.9deg val_capture=84.00% val_bank=84.00% val_acq_acc=100.00% score=11.698 best=11.698 patience=0/14
temporal epoch=008/160 loss=10.31667 center_teacher=1.000 acq_teacher=1.000 capture=100.00% bank_capture=100.00% acq_acc=100.00% acq_conf=0.714 radius=0.0m pred_step=5.223 target_step=5.317 pred_v=5.262 target_v=5.317 val_mle=10.758m val_p90=13.419m val_speed_mae=2.737 heading=-0.0/2.4deg val_progress_mae=10.857m val_heading_mae=31.9deg val_capture=84.00% val_bank=84.00% val_acq_acc=100.00% score=11.604 best=11.604 patience=0/14
temporal epoch=009/160 loss=10.24253 center_teacher=1.000 acq_teacher=1.000 capture=100.00% bank_capture=100.00% acq_acc=100.00% acq_conf=0.714 radius=0.0m pred_step=5.205 target_step=5.317 pred_v=5.247 target_v=5.317 val_mle=10.659m val_p90=13.319m val_speed_mae=2.730 heading=-0.0/2.4deg val_progress_mae=10.750m val_heading_mae=31.9deg val_capture=84.00% val_bank=84.00% val_acq_acc=100.00% score=11.502 best=11.502 patience=0/14
temporal epoch=010/160 loss=10.18845 center_teacher=1.000 acq_teacher=1.000 capture=100.00% bank_capture=100.00% acq_acc=100.00% acq_conf=0.714 radius=0.0m pred_step=5.119 target_step=5.317 pred_v=5.171 target_v=5.317 val_mle=10.555m val_p90=13.213m val_speed_mae=2.727 heading=-0.1/2.4deg val_progress_mae=10.635m val_heading_mae=31.9deg val_capture=84.00% val_bank=84.00% val_acq_acc=100.00% score=11.394 best=11.394 patience=0/14
temporal epoch=011/160 loss=10.14373 center_teacher=1.000 acq_teacher=1.000 capture=100.00% bank_capture=100.00% acq_acc=100.00% acq_conf=0.714 radius=0.0m pred_step=5.017 target_step=5.317 pred_v=5.082 target_v=5.317 val_mle=10.445m val_p90=13.099m val_speed_mae=2.732 heading=-0.1/2.4deg val_progress_mae=10.514m val_heading_mae=31.9deg val_capture=84.00% val_bank=84.00% val_acq_acc=100.00% score=11.281 best=11.281 patience=0/14
temporal epoch=012/160 loss=10.08688 center_teacher=1.000 acq_teacher=1.000 capture=100.00% bank_capture=100.00% acq_acc=100.00% acq_conf=0.714 radius=0.0m pred_step=4.963 target_step=5.317 pred_v=5.034 target_v=5.317 val_mle=10.330m val_p90=12.979m val_speed_mae=2.734 heading=-0.1/2.4deg val_progress_mae=10.389m val_heading_mae=31.9deg val_capture=84.00% val_bank=84.00% val_acq_acc=100.00% score=11.162 best=11.162 patience=0/14
temporal epoch=013/160 loss=10.04045 center_teacher=1.000 acq_teacher=1.000 capture=100.00% bank_capture=100.00% acq_acc=100.00% acq_conf=0.714 radius=0.0m pred_step=4.921 target_step=5.317 pred_v=4.997 target_v=5.317 val_mle=10.211m val_p90=12.855m val_speed_mae=2.734 heading=-0.1/2.4deg val_progress_mae=10.260m val_heading_mae=31.9deg val_capture=84.00% val_bank=84.00% val_acq_acc=100.00% score=11.040 best=11.040 patience=0/14
temporal epoch=014/160 loss=9.98248 center_teacher=1.000 acq_teacher=1.000 capture=100.00% bank_capture=100.00% acq_acc=100.00% acq_conf=0.714 radius=0.0m pred_step=4.921 target_step=5.317 pred_v=4.997 target_v=5.317 val_mle=10.089m val_p90=12.727m val_speed_mae=2.734 heading=-0.0/2.4deg val_progress_mae=10.127m val_heading_mae=31.9deg val_capture=84.00% val_bank=84.00% val_acq_acc=100.00% score=10.913 best=10.913 patience=0/14
temporal epoch=015/160 loss=9.92801 center_teacher=1.000 acq_teacher=1.000 capture=100.00% bank_capture=100.00% acq_acc=100.00% acq_conf=0.715 radius=0.0m pred_step=4.931 target_step=5.317 pred_v=5.006 target_v=5.317 val_mle=9.963m val_p90=12.596m val_speed_mae=2.733 heading=-0.0/2.4deg val_progress_mae=9.992m val_heading_mae=31.9deg val_capture=84.00% val_bank=84.00% val_acq_acc=100.00% score=10.784 best=10.784 patience=0/14
temporal epoch=016/160 loss=9.86492 center_teacher=1.000 acq_teacher=1.000 capture=100.00% bank_capture=100.00% acq_acc=100.00% acq_conf=0.717 radius=0.0m pred_step=4.935 target_step=5.317 pred_v=5.009 target_v=5.317 val_mle=9.836m val_p90=12.462m val_speed_mae=2.732 heading=-0.0/2.4deg val_progress_mae=9.856m val_heading_mae=31.9deg val_capture=84.00% val_bank=84.00% val_acq_acc=100.00% score=10.652 best=10.652 patience=0/14
temporal epoch=017/160 loss=9.81973 center_teacher=1.000 acq_teacher=1.000 capture=100.00% bank_capture=100.00% acq_acc=100.00% acq_conf=0.717 radius=0.0m pred_step=4.924 target_step=5.317 pred_v=5.000 target_v=5.317 val_mle=9.707m val_p90=12.327m val_speed_mae=2.734 heading=-0.0/2.4deg val_progress_mae=9.719m val_heading_mae=31.9deg val_capture=84.00% val_bank=84.00% val_acq_acc=100.00% score=10.519 best=10.519 patience=0/14
temporal epoch=018/160 loss=9.79614 center_teacher=1.000 acq_teacher=1.000 capture=100.00% bank_capture=100.00% acq_acc=100.00% acq_conf=0.719 radius=0.0m pred_step=4.921 target_step=5.317 pred_v=4.997 target_v=5.317 val_mle=9.577m val_p90=12.190m val_speed_mae=2.738 heading=-0.0/2.4deg val_progress_mae=9.582m val_heading_mae=31.9deg val_capture=84.00% val_bank=84.00% val_acq_acc=100.00% score=10.385 best=10.385 patience=0/14
temporal epoch=019/160 loss=9.77709 center_teacher=1.000 acq_teacher=1.000 capture=100.00% bank_capture=100.00% acq_acc=100.00% acq_conf=0.719 radius=0.0m pred_step=4.847 target_step=5.317 pred_v=4.932 target_v=5.317 val_mle=9.448m val_p90=12.054m val_speed_mae=2.757 heading=-0.0/2.4deg val_progress_mae=9.447m val_heading_mae=31.9deg val_capture=84.00% val_bank=84.00% val_acq_acc=100.00% score=10.253 best=10.253 patience=0/14
temporal epoch=020/160 loss=9.75414 center_teacher=1.000 acq_teacher=1.000 capture=100.00% bank_capture=100.00% acq_acc=100.00% acq_conf=0.718 radius=0.0m pred_step=4.695 target_step=5.317 pred_v=4.798 target_v=5.317 val_mle=9.322m val_p90=11.921m val_speed_mae=2.801 heading=-0.0/2.4deg val_progress_mae=9.317m val_heading_mae=31.9deg val_capture=84.00% val_bank=84.00% val_acq_acc=100.00% score=10.126 best=10.126 patience=0/14
temporal epoch=021/160 loss=9.80094 center_teacher=1.000 acq_teacher=1.000 capture=100.00% bank_capture=100.00% acq_acc=100.00% acq_conf=0.719 radius=0.0m pred_step=4.543 target_step=5.317 pred_v=4.664 target_v=5.317 val_mle=9.222m val_p90=11.815m val_speed_mae=2.906 heading=-0.0/2.4deg val_progress_mae=9.215m val_heading_mae=31.9deg val_capture=84.00% val_bank=84.00% val_acq_acc=100.00% score=10.028 best=10.028 patience=0/14
temporal epoch=022/160 loss=9.83201 center_teacher=1.000 acq_teacher=1.000 capture=100.00% bank_capture=100.00% acq_acc=100.00% acq_conf=0.718 radius=0.0m pred_step=4.342 target_step=5.317 pred_v=4.488 target_v=5.317 val_mle=9.159m val_p90=11.748m val_speed_mae=2.948 heading=-0.0/2.4deg val_progress_mae=9.154m val_heading_mae=31.9deg val_capture=84.00% val_bank=84.00% val_acq_acc=100.00% score=9.965 best=9.965 patience=0/14
temporal epoch=023/160 loss=9.81680 center_teacher=1.000 acq_teacher=1.000 capture=100.00% bank_capture=100.00% acq_acc=100.00% acq_conf=0.719 radius=0.0m pred_step=4.336 target_step=5.317 pred_v=4.482 target_v=5.317 val_mle=9.122m val_p90=11.708m val_speed_mae=2.834 heading=-0.0/2.4deg val_progress_mae=9.121m val_heading_mae=31.9deg val_capture=84.00% val_bank=84.00% val_acq_acc=100.00% score=9.921 best=9.921 patience=0/14
temporal epoch=024/160 loss=9.69096 center_teacher=1.000 acq_teacher=1.000 capture=100.00% bank_capture=100.00% acq_acc=100.00% acq_conf=0.719 radius=0.0m pred_step=4.545 target_step=5.317 pred_v=4.666 target_v=5.317 val_mle=9.102m val_p90=11.686m val_speed_mae=2.738 heading=-0.0/2.4deg val_progress_mae=9.106m val_heading_mae=31.9deg val_capture=84.00% val_bank=84.00% val_acq_acc=100.00% score=9.896 best=9.896 patience=0/14
temporal epoch=025/160 loss=9.56543 center_teacher=1.000 acq_teacher=1.000 capture=100.00% bank_capture=100.00% acq_acc=100.00% acq_conf=0.719 radius=0.0m pred_step=4.825 target_step=5.317 pred_v=4.912 target_v=5.317 val_mle=9.096m val_p90=11.678m val_speed_mae=2.724 heading=0.0/2.4deg val_progress_mae=9.106m val_heading_mae=31.9deg val_capture=84.00% val_bank=84.00% val_acq_acc=100.00% score=9.889 best=9.889 patience=0/14
temporal epoch=026/160 loss=9.50042 center_teacher=1.000 acq_teacher=1.000 capture=100.00% bank_capture=100.00% acq_acc=100.00% acq_conf=0.719 radius=0.0m pred_step=5.004 target_step=5.317 pred_v=5.070 target_v=5.317 val_mle=9.099m val_p90=11.680m val_speed_mae=2.727 heading=0.1/2.4deg val_progress_mae=9.113m val_heading_mae=31.9deg val_capture=84.00% val_bank=84.00% val_acq_acc=100.00% score=9.893 best=9.889 patience=1/14
temporal epoch=027/160 loss=9.53143 center_teacher=1.000 acq_teacher=1.000 capture=100.00% bank_capture=100.00% acq_acc=100.00% acq_conf=0.719 radius=0.0m pred_step=4.848 target_step=5.317 pred_v=4.932 target_v=5.317 val_mle=9.114m val_p90=11.694m val_speed_mae=2.745 heading=0.1/2.4deg val_progress_mae=9.132m val_heading_mae=31.9deg val_capture=84.00% val_bank=84.00% val_acq_acc=100.00% score=9.909 best=9.889 patience=2/14
temporal epoch=028/160 loss=9.56671 center_teacher=1.000 acq_teacher=1.000 capture=100.00% bank_capture=100.00% acq_acc=100.00% acq_conf=0.719 radius=0.0m pred_step=4.642 target_step=5.317 pred_v=4.752 target_v=5.317 val_mle=9.135m val_p90=11.712m val_speed_mae=2.761 heading=0.2/2.4deg val_progress_mae=9.156m val_heading_mae=31.9deg val_capture=84.00% val_bank=84.00% val_acq_acc=100.00% score=9.932 best=9.889 patience=3/14
temporal epoch=029/160 loss=9.49355 center_teacher=1.000 acq_teacher=1.000 capture=100.00% bank_capture=100.00% acq_acc=100.00% acq_conf=0.719 radius=0.0m pred_step=4.666 target_step=5.317 pred_v=4.772 target_v=5.317 val_mle=9.136m val_p90=11.706m val_speed_mae=2.751 heading=0.1/2.4deg val_progress_mae=9.160m val_heading_mae=31.9deg val_capture=84.00% val_bank=84.00% val_acq_acc=100.00% score=9.933 best=9.889 patience=4/14
temporal epoch=030/160 loss=9.43405 center_teacher=1.000 acq_teacher=1.000 capture=100.00% bank_capture=100.00% acq_acc=100.00% acq_conf=0.719 radius=0.0m pred_step=4.637 target_step=5.317 pred_v=4.747 target_v=5.317 val_mle=9.117m val_p90=11.675m val_speed_mae=2.731 heading=0.1/2.4deg val_progress_mae=9.140m val_heading_mae=31.9deg val_capture=84.00% val_bank=84.00% val_acq_acc=100.00% score=9.911 best=9.889 patience=5/14
temporal epoch=031/160 loss=9.33865 center_teacher=1.000 acq_teacher=1.000 capture=100.00% bank_capture=100.00% acq_acc=100.00% acq_conf=0.719 radius=0.0m pred_step=4.679 target_step=5.317 pred_v=4.784 target_v=5.317 val_mle=9.086m val_p90=11.627m val_speed_mae=2.716 heading=0.2/2.4deg val_progress_mae=9.109m val_heading_mae=31.9deg val_capture=84.00% val_bank=84.00% val_acq_acc=100.00% score=9.879 best=9.879 patience=0/14
temporal epoch=032/160 loss=9.21145 center_teacher=1.000 acq_teacher=1.000 capture=100.00% bank_capture=100.00% acq_acc=100.00% acq_conf=0.719 radius=0.0m pred_step=4.873 target_step=5.317 pred_v=4.955 target_v=5.317 val_mle=9.017m val_p90=11.533m val_speed_mae=2.716 heading=0.2/2.4deg val_progress_mae=9.037m val_heading_mae=31.9deg val_capture=84.00% val_bank=84.00% val_acq_acc=100.00% score=9.807 best=9.807 patience=0/14
temporal epoch=033/160 loss=9.15961 center_teacher=1.000 acq_teacher=1.000 capture=100.00% bank_capture=100.00% acq_acc=100.00% acq_conf=0.719 radius=0.0m pred_step=4.737 target_step=5.317 pred_v=4.836 target_v=5.317 val_mle=8.938m val_p90=11.437m val_speed_mae=2.724 heading=0.3/2.4deg val_progress_mae=8.955m val_heading_mae=32.0deg val_capture=84.00% val_bank=84.00% val_acq_acc=100.00% score=9.727 best=9.727 patience=0/14
temporal epoch=034/160 loss=9.07541 center_teacher=1.000 acq_teacher=1.000 capture=100.00% bank_capture=100.00% acq_acc=100.00% acq_conf=0.719 radius=0.0m pred_step=4.672 target_step=5.317 pred_v=4.779 target_v=5.317 val_mle=8.920m val_p90=11.433m val_speed_mae=2.700 heading=0.4/2.4deg val_progress_mae=8.940m val_heading_mae=32.0deg val_capture=84.00% val_bank=84.00% val_acq_acc=100.00% score=9.707 best=9.707 patience=0/14
temporal epoch=035/160 loss=8.94656 center_teacher=1.000 acq_teacher=1.000 capture=100.00% bank_capture=100.00% acq_acc=100.00% acq_conf=0.719 radius=0.0m pred_step=4.939 target_step=5.317 pred_v=5.013 target_v=5.317 val_mle=8.904m val_p90=11.430m val_speed_mae=2.705 heading=0.4/2.4deg val_progress_mae=8.927m val_heading_mae=32.0deg val_capture=84.00% val_bank=84.00% val_acq_acc=100.00% score=9.691 best=9.691 patience=0/14
temporal epoch=036/160 loss=8.90879 center_teacher=1.000 acq_teacher=1.000 capture=100.00% bank_capture=100.00% acq_acc=100.00% acq_conf=0.719 radius=0.0m pred_step=4.913 target_step=5.317 pred_v=4.991 target_v=5.317 val_mle=8.840m val_p90=11.366m val_speed_mae=2.831 heading=0.4/2.4deg val_progress_mae=8.861m val_heading_mae=32.0deg val_capture=84.00% val_bank=84.00% val_acq_acc=100.00% score=9.632 best=9.632 patience=0/14
temporal epoch=037/160 loss=8.99226 center_teacher=1.000 acq_teacher=1.000 capture=100.00% bank_capture=100.00% acq_acc=100.00% acq_conf=0.719 radius=0.0m pred_step=4.267 target_step=5.317 pred_v=4.423 target_v=5.317 val_mle=8.893m val_p90=11.502m val_speed_mae=2.702 heading=0.4/2.4deg val_progress_mae=8.920m val_heading_mae=32.0deg val_capture=84.00% val_bank=84.00% val_acq_acc=100.00% score=9.679 best=9.632 patience=1/14
temporal epoch=038/160 loss=8.72572 center_teacher=1.000 acq_teacher=1.000 capture=100.00% bank_capture=100.00% acq_acc=100.00% acq_conf=0.719 radius=0.0m pred_step=4.856 target_step=5.317 pred_v=4.940 target_v=5.317 val_mle=8.897m val_p90=11.574m val_speed_mae=2.717 heading=0.4/2.4deg val_progress_mae=8.928m val_heading_mae=32.0deg val_capture=84.00% val_bank=84.00% val_acq_acc=100.00% score=9.684 best=9.632 patience=2/14
temporal epoch=039/160 loss=8.71207 center_teacher=1.000 acq_teacher=1.000 capture=100.00% bank_capture=100.00% acq_acc=100.00% acq_conf=0.719 radius=0.0m pred_step=4.900 target_step=5.317 pred_v=4.979 target_v=5.317 val_mle=8.754m val_p90=11.427m val_speed_mae=3.222 heading=0.5/2.4deg val_progress_mae=8.780m val_heading_mae=32.0deg val_capture=84.00% val_bank=84.00% val_acq_acc=100.00% score=9.563 best=9.563 patience=0/14
temporal epoch=040/160 loss=8.87474 center_teacher=1.000 acq_teacher=1.000 capture=100.00% bank_capture=100.00% acq_acc=100.00% acq_conf=0.719 radius=0.0m pred_step=3.920 target_step=5.317 pred_v=4.118 target_v=5.317 val_mle=9.179m val_p90=11.929m val_speed_mae=3.300 heading=0.6/2.4deg val_progress_mae=9.227m val_heading_mae=32.0deg val_capture=84.00% val_bank=84.00% val_acq_acc=100.00% score=10.005 best=9.563 patience=1/14
temporal epoch=041/160 loss=10.03143 center_teacher=1.000 acq_teacher=1.000 capture=100.00% bank_capture=100.00% acq_acc=100.00% acq_conf=0.719 radius=0.0m pred_step=6.858 target_step=5.317 pred_v=6.695 target_v=5.317 val_mle=8.867m val_p90=11.773m val_speed_mae=2.799 heading=0.5/2.4deg val_progress_mae=8.902m val_heading_mae=32.1deg val_capture=84.00% val_bank=84.00% val_acq_acc=100.00% score=9.658 best=9.563 patience=2/14
temporal epoch=042/160 loss=8.64614 center_teacher=1.000 acq_teacher=1.000 capture=100.00% bank_capture=100.00% acq_acc=100.00% acq_conf=0.719 radius=0.0m pred_step=4.824 target_step=5.317 pred_v=4.911 target_v=5.317 val_mle=8.556m val_p90=11.083m val_speed_mae=4.270 heading=0.9/2.4deg val_progress_mae=8.504m val_heading_mae=32.2deg val_capture=88.00% val_bank=88.00% val_acq_acc=100.00% score=9.329 best=9.329 patience=0/14
temporal epoch=043/160 loss=9.14672 center_teacher=1.000 acq_teacher=1.000 capture=100.00% bank_capture=100.00% acq_acc=100.00% acq_conf=0.720 radius=0.0m pred_step=3.280 target_step=5.317 pred_v=3.559 target_v=5.317 val_mle=9.061m val_p90=11.804m val_speed_mae=2.873 heading=1.2/2.4deg val_progress_mae=9.034m val_heading_mae=32.2deg val_capture=88.00% val_bank=88.00% val_acq_acc=100.00% score=9.780 best=9.329 patience=1/14
temporal epoch=044/160 loss=9.65906 center_teacher=1.000 acq_teacher=1.000 capture=100.00% bank_capture=100.00% acq_acc=100.00% acq_conf=0.720 radius=0.0m pred_step=6.554 target_step=5.317 pred_v=6.425 target_v=5.317 val_mle=8.870m val_p90=11.585m val_speed_mae=2.947 heading=1.2/2.4deg val_progress_mae=8.799m val_heading_mae=32.2deg val_capture=88.00% val_bank=88.00% val_acq_acc=100.00% score=9.586 best=9.329 patience=2/14
temporal epoch=045/160 loss=8.68848 center_teacher=1.000 acq_teacher=1.000 capture=100.00% bank_capture=100.00% acq_acc=100.00% acq_conf=0.720 radius=0.0m pred_step=5.538 target_step=5.317 pred_v=5.535 target_v=5.317 val_mle=8.692m val_p90=11.410m val_speed_mae=4.594 heading=1.5/2.4deg val_progress_mae=8.357m val_heading_mae=32.3deg val_capture=88.00% val_bank=88.00% val_acq_acc=100.00% score=9.477 best=9.329 patience=3/14
temporal epoch=046/160 loss=9.53461 center_teacher=1.000 acq_teacher=1.000 capture=100.00% bank_capture=100.00% acq_acc=100.00% acq_conf=0.720 radius=0.0m pred_step=2.995 target_step=5.317 pred_v=3.313 target_v=5.317 val_mle=9.059m val_p90=11.964m val_speed_mae=3.054 heading=1.8/2.4deg val_progress_mae=8.738m val_heading_mae=32.3deg val_capture=88.00% val_bank=88.00% val_acq_acc=100.00% score=9.778 best=9.329 patience=4/14
temporal epoch=047/160 loss=8.60578 center_teacher=1.000 acq_teacher=1.000 capture=100.00% bank_capture=100.00% acq_acc=100.00% acq_conf=0.720 radius=0.0m pred_step=4.951 target_step=5.317 pred_v=5.025 target_v=5.317 val_mle=9.192m val_p90=12.113m val_speed_mae=2.735 heading=1.9/2.4deg val_progress_mae=8.875m val_heading_mae=32.4deg val_capture=88.00% val_bank=88.00% val_acq_acc=100.00% score=9.900 best=9.329 patience=5/14
temporal epoch=048/160 loss=8.76649 center_teacher=1.000 acq_teacher=1.000 capture=100.00% bank_capture=100.00% acq_acc=100.00% acq_conf=0.717 radius=0.0m pred_step=6.073 target_step=5.317 pred_v=6.005 target_v=5.317 val_mle=8.737m val_p90=11.655m val_speed_mae=3.422 heading=2.0/2.4deg val_progress_mae=8.393m val_heading_mae=32.4deg val_capture=88.00% val_bank=88.00% val_acq_acc=100.00% score=9.464 best=9.329 patience=6/14
temporal epoch=049/160 loss=8.63091 center_teacher=1.000 acq_teacher=1.000 capture=100.00% bank_capture=100.00% acq_acc=100.00% acq_conf=0.717 radius=0.0m pred_step=3.928 target_step=5.317 pred_v=4.125 target_v=5.317 val_mle=9.020m val_p90=11.908m val_speed_mae=3.335 heading=2.1/2.4deg val_progress_mae=8.684m val_heading_mae=32.4deg val_capture=88.00% val_bank=88.00% val_acq_acc=100.00% score=9.752 best=9.329 patience=7/14
temporal epoch=050/160 loss=8.33691 center_teacher=1.000 acq_teacher=1.000 capture=100.00% bank_capture=100.00% acq_acc=100.00% acq_conf=0.717 radius=0.0m pred_step=4.643 target_step=5.317 pred_v=4.754 target_v=5.317 val_mle=9.172m val_p90=12.058m val_speed_mae=2.651 heading=2.4/2.4deg val_progress_mae=8.839m val_heading_mae=32.5deg val_capture=88.00% val_bank=88.00% val_acq_acc=100.00% score=9.875 best=9.329 patience=8/14
temporal epoch=051/160 loss=8.37060 center_teacher=1.000 acq_teacher=1.000 capture=100.00% bank_capture=100.00% acq_acc=100.00% acq_conf=0.718 radius=0.0m pred_step=5.435 target_step=5.317 pred_v=5.448 target_v=5.317 val_mle=8.837m val_p90=11.722m val_speed_mae=3.808 heading=2.5/2.4deg val_progress_mae=8.483m val_heading_mae=32.4deg val_capture=88.00% val_bank=88.00% val_acq_acc=100.00% score=9.587 best=9.329 patience=9/14
temporal epoch=052/160 loss=8.56225 center_teacher=1.000 acq_teacher=1.000 capture=100.00% bank_capture=100.00% acq_acc=100.00% acq_conf=0.717 radius=0.0m pred_step=3.767 target_step=5.317 pred_v=3.985 target_v=5.317 val_mle=9.249m val_p90=12.102m val_speed_mae=2.657 heading=2.5/2.4deg val_progress_mae=8.909m val_heading_mae=32.5deg val_capture=88.00% val_bank=88.00% val_acq_acc=100.00% score=9.954 best=9.329 patience=10/14
temporal epoch=053/160 loss=8.45938 center_teacher=1.000 acq_teacher=1.000 capture=100.00% bank_capture=100.00% acq_acc=100.00% acq_conf=0.719 radius=0.0m pred_step=5.732 target_step=5.317 pred_v=5.719 target_v=5.317 val_mle=9.145m val_p90=11.963m val_speed_mae=2.731 heading=2.8/2.4deg val_progress_mae=8.796m val_heading_mae=32.5deg val_capture=88.00% val_bank=88.00% val_acq_acc=100.00% score=9.850 best=9.329 patience=11/14
temporal epoch=054/160 loss=8.33900 center_teacher=1.000 acq_teacher=1.000 capture=100.00% bank_capture=100.00% acq_acc=100.00% acq_conf=0.717 radius=0.0m pred_step=4.667 target_step=5.317 pred_v=4.780 target_v=5.317 val_mle=8.852m val_p90=11.622m val_speed_mae=5.011 heading=2.6/2.4deg val_progress_mae=8.485m val_heading_mae=32.4deg val_capture=88.00% val_bank=88.00% val_acq_acc=100.00% score=9.662 best=9.329 patience=12/14
temporal epoch=055/160 loss=8.92517 center_teacher=1.000 acq_teacher=1.000 capture=100.00% bank_capture=100.00% acq_acc=100.00% acq_conf=0.717 radius=0.0m pred_step=3.272 target_step=5.317 pred_v=3.561 target_v=5.317 val_mle=9.237m val_p90=12.006m val_speed_mae=2.589 heading=2.6/2.4deg val_progress_mae=8.884m val_heading_mae=32.5deg val_capture=88.00% val_bank=88.00% val_acq_acc=100.00% score=9.938 best=9.329 patience=13/14
temporal epoch=056/160 loss=8.66518 center_teacher=1.000 acq_teacher=1.000 capture=100.00% bank_capture=100.00% acq_acc=100.00% acq_conf=0.718 radius=0.0m pred_step=6.487 target_step=5.317 pred_v=6.387 target_v=5.317 val_mle=9.007m val_p90=11.774m val_speed_mae=2.571 heading=2.8/2.4deg val_progress_mae=8.643m val_heading_mae=32.5deg val_capture=88.00% val_bank=88.00% val_acq_acc=100.00% score=9.700 best=9.329 patience=14/14
EARLY STOP: controlled local-prior validation score did not improve by 0.003 for 14 epochs.
