[PREPARED] PASS | city=cityb | step=4 m | selection=soft_sequence_v13_multicity_auto_train_fullroute | existing GT/routes unchanged
[CADENCE] source=experiment_route_stats_train_01 | mean=5.550783 m | p90=9.862441 m | p95=11.094216 m
[OK] clean v39 runtime: Forward-18 SoftMS -> GRU -> Kalman -> one final MeanShift
[OK] weighted-centroid decoder removed from generated runtime source
[PATCH OK] GRU = current + delta + delta2 + SAT + SoftMS position + visual displacement + previous state
[PATCH OK] V5 3-frame direct acceleration + next-step correction
[PATCH OK] training/validation/inference motion starts from current-city cadence
[PATCH OK] Kalman = smooth confidence-adaptive measurement-preserving residual fusion
[PATCH OK] step corridor = continuous confidence relaxation
[PATCH OK] no held-out navigation result is read by this patch
[V39-BEARING] final-MS route-centerline reference patch: PASS
[ARCH-AUDIT] forward_18: PASS
[ARCH-AUDIT] base_geometry_6x6: PASS
[ARCH-AUDIT] front_softms_source: PASS
[ARCH-AUDIT] one_final_ms_source: PASS
[ARCH-AUDIT] front_decoder_softms: PASS
[ARCH-AUDIT] simple_seven_block_gru: PASS
[ARCH-AUDIT] residual_motion_head: PASS
[ARCH-AUDIT] causal_visual_displacement: PASS
[ARCH-AUDIT] cadence_initialized_tracker: PASS
[ARCH-AUDIT] motion_training_inference_aligned: PASS
[ARCH-AUDIT] training_city_motion_scale_init: PASS
[ARCH-AUDIT] forward_origin_backshift_covers_jitter: PASS
[ARCH-AUDIT] protocol: PASS
[ARCH-AUDIT] controlled_gt_reference_enabled: PASS
[ARCH-AUDIT] frame_count: PASS
[ARCH-AUDIT] gru_flag: PASS
[ARCH-AUDIT] kalman_flag: PASS
[TRAIN] reuse visual checkpoint /yh/study/uav-sat/v39_otherdata/output/cityb_full3f_tuned_20260922_001910/cityb/train_frames2/checkpoints/visual_retrieval_A_only.pt
route_A: reuse UAV backbone cache
temporal split train=[0,135) val=[139,164) route_length=781.2m
City training-sequence mean forward step=5.317m/frame p90=9.734m/frame
temporal epoch=001/160 loss=10.58987 center_teacher=1.000 acq_teacher=1.000 capture=100.00% bank_capture=100.00% acq_acc=100.00% acq_conf=0.714 radius=0.0m pred_step=5.424 target_step=5.317 pred_v=5.440 target_v=5.317 val_mle=11.199m val_p90=13.878m val_speed_mae=2.736 heading=-0.0/2.4deg val_progress_mae=11.343m val_heading_mae=31.9deg val_capture=84.00% val_bank=84.00% val_acq_acc=100.00% score=12.060 best=12.060 patience=0/14
temporal epoch=002/160 loss=10.70177 center_teacher=1.000 acq_teacher=1.000 capture=100.00% bank_capture=100.00% acq_acc=100.00% acq_conf=0.719 radius=0.0m pred_step=4.836 target_step=5.317 pred_v=4.923 target_v=5.317 val_mle=11.167m val_p90=13.845m val_speed_mae=2.776 heading=0.0/2.4deg val_progress_mae=11.306m val_heading_mae=31.9deg val_capture=84.00% val_bank=84.00% val_acq_acc=100.00% score=12.029 best=12.029 patience=0/14
temporal epoch=003/160 loss=10.72944 center_teacher=1.000 acq_teacher=1.000 capture=100.00% bank_capture=100.00% acq_acc=100.00% acq_conf=0.719 radius=0.0m pred_step=4.648 target_step=5.317 pred_v=4.757 target_v=5.317 val_mle=11.124m val_p90=13.801m val_speed_mae=2.756 heading=0.0/2.4deg val_progress_mae=11.259m val_heading_mae=31.9deg val_capture=84.00% val_bank=84.00% val_acq_acc=100.00% score=11.984 best=11.984 patience=0/14
temporal epoch=004/160 loss=10.63839 center_teacher=1.000 acq_teacher=1.000 capture=100.00% bank_capture=100.00% acq_acc=100.00% acq_conf=0.719 radius=0.0m pred_step=4.765 target_step=5.317 pred_v=4.860 target_v=5.317 val_mle=11.072m val_p90=13.746m val_speed_mae=2.732 heading=0.0/2.4deg val_progress_mae=11.202m val_heading_mae=31.9deg val_capture=84.00% val_bank=84.00% val_acq_acc=100.00% score=11.928 best=11.928 patience=0/14
temporal epoch=005/160 loss=10.48393 center_teacher=1.000 acq_teacher=1.000 capture=100.00% bank_capture=100.00% acq_acc=100.00% acq_conf=0.714 radius=0.0m pred_step=5.004 target_step=5.317 pred_v=5.070 target_v=5.317 val_mle=11.007m val_p90=13.676m val_speed_mae=2.735 heading=-0.0/2.4deg val_progress_mae=11.132m val_heading_mae=31.9deg val_capture=84.00% val_bank=84.00% val_acq_acc=100.00% score=11.862 best=11.862 patience=0/14
temporal epoch=006/160 loss=10.39635 center_teacher=1.000 acq_teacher=1.000 capture=100.00% bank_capture=100.00% acq_acc=100.00% acq_conf=0.714 radius=0.0m pred_step=5.183 target_step=5.317 pred_v=5.227 target_v=5.317 val_mle=10.932m val_p90=13.599m val_speed_mae=2.744 heading=-0.1/2.4deg val_progress_mae=11.049m val_heading_mae=31.9deg val_capture=84.00% val_bank=84.00% val_acq_acc=100.00% score=11.785 best=11.785 patience=0/14
temporal epoch=007/160 loss=10.34238 center_teacher=1.000 acq_teacher=1.000 capture=100.00% bank_capture=100.00% acq_acc=100.00% acq_conf=0.714 radius=0.0m pred_step=5.246 target_step=5.317 pred_v=5.282 target_v=5.317 val_mle=10.848m val_p90=13.512m val_speed_mae=2.739 heading=-0.1/2.4deg val_progress_mae=10.956m val_heading_mae=31.9deg val_capture=84.00% val_bank=84.00% val_acq_acc=100.00% score=11.697 best=11.697 patience=0/14
temporal epoch=008/160 loss=10.29758 center_teacher=1.000 acq_teacher=1.000 capture=100.00% bank_capture=100.00% acq_acc=100.00% acq_conf=0.714 radius=0.0m pred_step=5.167 target_step=5.317 pred_v=5.213 target_v=5.317 val_mle=10.755m val_p90=13.419m val_speed_mae=2.725 heading=-0.1/2.4deg val_progress_mae=10.854m val_heading_mae=31.9deg val_capture=84.00% val_bank=84.00% val_acq_acc=100.00% score=11.601 best=11.601 patience=0/14
temporal epoch=009/160 loss=10.26130 center_teacher=1.000 acq_teacher=1.000 capture=100.00% bank_capture=100.00% acq_acc=100.00% acq_conf=0.714 radius=0.0m pred_step=5.001 target_step=5.317 pred_v=5.067 target_v=5.317 val_mle=10.654m val_p90=13.315m val_speed_mae=2.733 heading=-0.1/2.4deg val_progress_mae=10.742m val_heading_mae=31.9deg val_capture=84.00% val_bank=84.00% val_acq_acc=100.00% score=11.497 best=11.497 patience=0/14
temporal epoch=010/160 loss=10.23139 center_teacher=1.000 acq_teacher=1.000 capture=100.00% bank_capture=100.00% acq_acc=100.00% acq_conf=0.714 radius=0.0m pred_step=4.889 target_step=5.317 pred_v=4.969 target_v=5.317 val_mle=10.547m val_p90=13.204m val_speed_mae=2.733 heading=-0.0/2.4deg val_progress_mae=10.623m val_heading_mae=31.9deg val_capture=84.00% val_bank=84.00% val_acq_acc=100.00% score=11.386 best=11.386 patience=0/14
temporal epoch=011/160 loss=10.15765 center_teacher=1.000 acq_teacher=1.000 capture=100.00% bank_capture=100.00% acq_acc=100.00% acq_conf=0.714 radius=0.0m pred_step=4.898 target_step=5.317 pred_v=4.977 target_v=5.317 val_mle=10.433m val_p90=13.086m val_speed_mae=2.727 heading=-0.0/2.4deg val_progress_mae=10.500m val_heading_mae=31.9deg val_capture=84.00% val_bank=84.00% val_acq_acc=100.00% score=11.268 best=11.268 patience=0/14
temporal epoch=012/160 loss=10.05739 center_teacher=1.000 acq_teacher=1.000 capture=100.00% bank_capture=100.00% acq_acc=100.00% acq_conf=0.714 radius=0.0m pred_step=4.999 target_step=5.317 pred_v=5.066 target_v=5.317 val_mle=10.313m val_p90=12.959m val_speed_mae=2.730 heading=-0.1/2.4deg val_progress_mae=10.369m val_heading_mae=31.9deg val_capture=84.00% val_bank=84.00% val_acq_acc=100.00% score=11.144 best=11.144 patience=0/14
temporal epoch=013/160 loss=9.97445 center_teacher=1.000 acq_teacher=1.000 capture=100.00% bank_capture=100.00% acq_acc=100.00% acq_conf=0.714 radius=0.0m pred_step=5.081 target_step=5.317 pred_v=5.137 target_v=5.317 val_mle=10.188m val_p90=12.829m val_speed_mae=2.731 heading=-0.1/2.4deg val_progress_mae=10.233m val_heading_mae=31.9deg val_capture=84.00% val_bank=84.00% val_acq_acc=100.00% score=11.015 best=11.015 patience=0/14
temporal epoch=014/160 loss=9.91499 center_teacher=1.000 acq_teacher=1.000 capture=100.00% bank_capture=100.00% acq_acc=100.00% acq_conf=0.714 radius=0.0m pred_step=5.079 target_step=5.317 pred_v=5.136 target_v=5.317 val_mle=10.059m val_p90=12.696m val_speed_mae=2.725 heading=-0.1/2.4deg val_progress_mae=10.093m val_heading_mae=31.9deg val_capture=84.00% val_bank=84.00% val_acq_acc=100.00% score=10.881 best=10.881 patience=0/14
temporal epoch=015/160 loss=9.87282 center_teacher=1.000 acq_teacher=1.000 capture=100.00% bank_capture=100.00% acq_acc=100.00% acq_conf=0.714 radius=0.0m pred_step=4.945 target_step=5.317 pred_v=5.018 target_v=5.317 val_mle=9.925m val_p90=12.557m val_speed_mae=2.733 heading=-0.1/2.4deg val_progress_mae=9.948m val_heading_mae=31.9deg val_capture=84.00% val_bank=84.00% val_acq_acc=100.00% score=10.744 best=10.744 patience=0/14
temporal epoch=016/160 loss=9.84134 center_teacher=1.000 acq_teacher=1.000 capture=100.00% bank_capture=100.00% acq_acc=100.00% acq_conf=0.714 radius=0.0m pred_step=4.819 target_step=5.317 pred_v=4.907 target_v=5.317 val_mle=9.791m val_p90=12.416m val_speed_mae=2.735 heading=-0.1/2.4deg val_progress_mae=9.804m val_heading_mae=31.9deg val_capture=84.00% val_bank=84.00% val_acq_acc=100.00% score=10.605 best=10.605 patience=0/14
temporal epoch=017/160 loss=9.78851 center_teacher=1.000 acq_teacher=1.000 capture=100.00% bank_capture=100.00% acq_acc=100.00% acq_conf=0.714 radius=0.0m pred_step=4.798 target_step=5.317 pred_v=4.889 target_v=5.317 val_mle=9.655m val_p90=12.274m val_speed_mae=2.732 heading=-0.1/2.4deg val_progress_mae=9.661m val_heading_mae=31.9deg val_capture=84.00% val_bank=84.00% val_acq_acc=100.00% score=10.466 best=10.466 patience=0/14
temporal epoch=018/160 loss=9.73032 center_teacher=1.000 acq_teacher=1.000 capture=100.00% bank_capture=100.00% acq_acc=100.00% acq_conf=0.714 radius=0.0m pred_step=4.821 target_step=5.317 pred_v=4.909 target_v=5.317 val_mle=9.524m val_p90=12.136m val_speed_mae=2.733 heading=-0.1/2.4deg val_progress_mae=9.523m val_heading_mae=31.9deg val_capture=84.00% val_bank=84.00% val_acq_acc=100.00% score=10.330 best=10.330 patience=0/14
temporal epoch=019/160 loss=9.70190 center_teacher=1.000 acq_teacher=1.000 capture=100.00% bank_capture=100.00% acq_acc=100.00% acq_conf=0.714 radius=0.0m pred_step=4.767 target_step=5.317 pred_v=4.861 target_v=5.317 val_mle=9.401m val_p90=12.007m val_speed_mae=2.747 heading=-0.1/2.4deg val_progress_mae=9.397m val_heading_mae=31.9deg val_capture=84.00% val_bank=84.00% val_acq_acc=100.00% score=10.204 best=10.204 patience=0/14
temporal epoch=020/160 loss=9.71025 center_teacher=1.000 acq_teacher=1.000 capture=100.00% bank_capture=100.00% acq_acc=100.00% acq_conf=0.714 radius=0.0m pred_step=4.579 target_step=5.317 pred_v=4.696 target_v=5.317 val_mle=9.311m val_p90=11.902m val_speed_mae=2.769 heading=-0.1/2.4deg val_progress_mae=9.283m val_heading_mae=31.9deg val_capture=84.00% val_bank=84.00% val_acq_acc=100.00% score=10.112 best=10.112 patience=0/14
temporal epoch=021/160 loss=9.67668 center_teacher=1.000 acq_teacher=1.000 capture=100.00% bank_capture=100.00% acq_acc=100.00% acq_conf=0.714 radius=0.0m pred_step=4.509 target_step=5.317 pred_v=4.634 target_v=5.317 val_mle=9.243m val_p90=11.830m val_speed_mae=2.737 heading=-0.1/2.4deg val_progress_mae=9.217m val_heading_mae=31.9deg val_capture=84.00% val_bank=84.00% val_acq_acc=100.00% score=10.040 best=10.040 patience=0/14
temporal epoch=022/160 loss=9.56935 center_teacher=1.000 acq_teacher=1.000 capture=100.00% bank_capture=100.00% acq_acc=100.00% acq_conf=0.714 radius=0.0m pred_step=4.613 target_step=5.317 pred_v=4.726 target_v=5.317 val_mle=9.211m val_p90=11.794m val_speed_mae=2.715 heading=-0.2/2.4deg val_progress_mae=9.193m val_heading_mae=31.9deg val_capture=84.00% val_bank=84.00% val_acq_acc=100.00% score=10.006 best=10.006 patience=0/14
temporal epoch=023/160 loss=9.45891 center_teacher=1.000 acq_teacher=1.000 capture=100.00% bank_capture=100.00% acq_acc=100.00% acq_conf=0.714 radius=0.0m pred_step=4.884 target_step=5.317 pred_v=4.964 target_v=5.317 val_mle=9.200m val_p90=11.781m val_speed_mae=2.718 heading=-0.2/2.4deg val_progress_mae=9.188m val_heading_mae=31.9deg val_capture=84.00% val_bank=84.00% val_acq_acc=100.00% score=9.995 best=9.995 patience=0/14
temporal epoch=024/160 loss=9.43668 center_teacher=1.000 acq_teacher=1.000 capture=100.00% bank_capture=100.00% acq_acc=100.00% acq_conf=0.714 radius=0.0m pred_step=4.793 target_step=5.317 pred_v=4.884 target_v=5.317 val_mle=9.192m val_p90=11.773m val_speed_mae=2.730 heading=-0.2/2.4deg val_progress_mae=9.185m val_heading_mae=31.9deg val_capture=84.00% val_bank=84.00% val_acq_acc=100.00% score=9.988 best=9.988 patience=0/14
temporal epoch=025/160 loss=9.50033 center_teacher=1.000 acq_teacher=1.000 capture=100.00% bank_capture=100.00% acq_acc=100.00% acq_conf=0.714 radius=0.0m pred_step=4.420 target_step=5.317 pred_v=4.556 target_v=5.317 val_mle=9.196m val_p90=11.776m val_speed_mae=2.717 heading=-0.2/2.4deg val_progress_mae=9.195m val_heading_mae=31.8deg val_capture=84.00% val_bank=84.00% val_acq_acc=100.00% score=9.992 best=9.988 patience=1/14
temporal epoch=026/160 loss=9.35579 center_teacher=1.000 acq_teacher=1.000 capture=100.00% bank_capture=100.00% acq_acc=100.00% acq_conf=0.714 radius=0.0m pred_step=4.565 target_step=5.317 pred_v=4.683 target_v=5.317 val_mle=9.179m val_p90=11.750m val_speed_mae=2.744 heading=-0.3/2.4deg val_progress_mae=9.183m val_heading_mae=31.8deg val_capture=84.00% val_bank=84.00% val_acq_acc=100.00% score=9.975 best=9.975 patience=0/14
temporal epoch=027/160 loss=9.24041 center_teacher=1.000 acq_teacher=1.000 capture=100.00% bank_capture=100.00% acq_acc=100.00% acq_conf=0.714 radius=0.0m pred_step=5.003 target_step=5.317 pred_v=5.069 target_v=5.317 val_mle=9.123m val_p90=11.685m val_speed_mae=2.717 heading=-0.4/2.4deg val_progress_mae=9.125m val_heading_mae=31.9deg val_capture=84.00% val_bank=84.00% val_acq_acc=100.00% score=9.916 best=9.916 patience=0/14
temporal epoch=028/160 loss=9.21192 center_teacher=1.000 acq_teacher=1.000 capture=100.00% bank_capture=100.00% acq_acc=100.00% acq_conf=0.714 radius=0.0m pred_step=4.619 target_step=5.317 pred_v=4.730 target_v=5.317 val_mle=9.058m val_p90=11.610m val_speed_mae=2.701 heading=-0.3/2.4deg val_progress_mae=9.056m val_heading_mae=31.9deg val_capture=84.00% val_bank=84.00% val_acq_acc=100.00% score=9.848 best=9.848 patience=0/14
temporal epoch=029/160 loss=9.18073 center_teacher=1.000 acq_teacher=1.000 capture=100.00% bank_capture=100.00% acq_acc=100.00% acq_conf=0.714 radius=0.0m pred_step=4.385 target_step=5.317 pred_v=4.524 target_v=5.317 val_mle=8.993m val_p90=11.564m val_speed_mae=2.781 heading=-0.2/2.4deg val_progress_mae=8.992m val_heading_mae=31.9deg val_capture=84.00% val_bank=84.00% val_acq_acc=100.00% score=9.785 best=9.785 patience=0/14
temporal epoch=030/160 loss=9.10978 center_teacher=1.000 acq_teacher=1.000 capture=100.00% bank_capture=100.00% acq_acc=100.00% acq_conf=0.714 radius=0.0m pred_step=5.326 target_step=5.317 pred_v=5.353 target_v=5.317 val_mle=8.892m val_p90=11.484m val_speed_mae=2.686 heading=-0.3/2.4deg val_progress_mae=8.912m val_heading_mae=31.9deg val_capture=84.00% val_bank=84.00% val_acq_acc=100.00% score=9.677 best=9.677 patience=0/14
temporal epoch=031/160 loss=9.03879 center_teacher=1.000 acq_teacher=1.000 capture=100.00% bank_capture=100.00% acq_acc=100.00% acq_conf=0.714 radius=0.0m pred_step=4.269 target_step=5.317 pred_v=4.423 target_v=5.317 val_mle=8.853m val_p90=11.466m val_speed_mae=2.692 heading=-0.1/2.4deg val_progress_mae=8.872m val_heading_mae=31.9deg val_capture=84.00% val_bank=84.00% val_acq_acc=100.00% score=9.638 best=9.638 patience=0/14
temporal epoch=032/160 loss=8.91996 center_teacher=1.000 acq_teacher=1.000 capture=100.00% bank_capture=100.00% acq_acc=100.00% acq_conf=0.715 radius=0.0m pred_step=4.505 target_step=5.317 pred_v=4.630 target_v=5.317 val_mle=8.852m val_p90=11.499m val_speed_mae=2.786 heading=0.0/2.4deg val_progress_mae=8.874m val_heading_mae=31.9deg val_capture=84.00% val_bank=84.00% val_acq_acc=100.00% score=9.642 best=9.638 patience=1/14
temporal epoch=033/160 loss=8.98959 center_teacher=1.000 acq_teacher=1.000 capture=100.00% bank_capture=100.00% acq_acc=100.00% acq_conf=0.716 radius=0.0m pred_step=5.050 target_step=5.317 pred_v=5.110 target_v=5.317 val_mle=8.734m val_p90=11.356m val_speed_mae=3.468 heading=0.2/2.4deg val_progress_mae=8.747m val_heading_mae=32.0deg val_capture=84.00% val_bank=84.00% val_acq_acc=100.00% score=9.554 best=9.554 patience=0/14
temporal epoch=034/160 loss=9.63540 center_teacher=1.000 acq_teacher=1.000 capture=100.00% bank_capture=100.00% acq_acc=100.00% acq_conf=0.716 radius=0.0m pred_step=3.082 target_step=5.317 pred_v=3.382 target_v=5.317 val_mle=8.711m val_p90=11.302m val_speed_mae=2.967 heading=0.4/2.4deg val_progress_mae=8.727m val_heading_mae=32.0deg val_capture=84.00% val_bank=84.00% val_acq_acc=100.00% score=9.505 best=9.505 patience=0/14
temporal epoch=035/160 loss=10.13954 center_teacher=1.000 acq_teacher=1.000 capture=100.00% bank_capture=100.00% acq_acc=100.00% acq_conf=0.716 radius=0.0m pred_step=6.270 target_step=5.317 pred_v=6.182 target_v=5.317 val_mle=8.554m val_p90=11.138m val_speed_mae=4.046 heading=0.3/2.4deg val_progress_mae=8.564m val_heading_mae=32.0deg val_capture=84.00% val_bank=84.00% val_acq_acc=100.00% score=9.398 best=9.398 patience=0/14
temporal epoch=036/160 loss=9.47578 center_teacher=1.000 acq_teacher=1.000 capture=100.00% bank_capture=100.00% acq_acc=100.00% acq_conf=0.715 radius=0.0m pred_step=6.114 target_step=5.317 pred_v=6.045 target_v=5.317 val_mle=8.164m val_p90=10.627m val_speed_mae=4.379 heading=0.5/2.4deg val_progress_mae=8.074m val_heading_mae=32.1deg val_capture=88.00% val_bank=88.00% val_acq_acc=100.00% score=8.930 best=8.930 patience=0/14
temporal epoch=037/160 loss=9.88718 center_teacher=1.000 acq_teacher=1.000 capture=100.00% bank_capture=100.00% acq_acc=100.00% acq_conf=0.719 radius=0.0m pred_step=2.763 target_step=5.317 pred_v=3.105 target_v=5.317 val_mle=8.312m val_p90=10.774m val_speed_mae=2.659 heading=0.9/2.4deg val_progress_mae=8.234m val_heading_mae=32.1deg val_capture=88.00% val_bank=88.00% val_acq_acc=100.00% score=8.996 best=8.930 patience=1/14
temporal epoch=038/160 loss=9.53728 center_teacher=1.000 acq_teacher=1.000 capture=100.00% bank_capture=100.00% acq_acc=100.00% acq_conf=0.719 radius=0.0m pred_step=5.388 target_step=5.317 pred_v=5.406 target_v=5.317 val_mle=8.493m val_p90=11.077m val_speed_mae=5.722 heading=0.9/2.4deg val_progress_mae=8.429m val_heading_mae=32.2deg val_capture=88.00% val_bank=88.00% val_acq_acc=100.00% score=9.336 best=8.930 patience=2/14
temporal epoch=039/160 loss=11.59553 center_teacher=1.000 acq_teacher=1.000 capture=100.00% bank_capture=100.00% acq_acc=100.00% acq_conf=0.719 radius=0.0m pred_step=7.935 target_step=5.317 pred_v=7.641 target_v=5.317 val_mle=8.623m val_p90=11.081m val_speed_mae=2.624 heading=1.0/2.4deg val_progress_mae=8.272m val_heading_mae=32.3deg val_capture=88.00% val_bank=88.00% val_acq_acc=100.00% score=9.307 best=8.930 patience=3/14
temporal epoch=040/160 loss=8.92527 center_teacher=1.000 acq_teacher=1.000 capture=100.00% bank_capture=100.00% acq_acc=100.00% acq_conf=0.721 radius=0.0m pred_step=4.210 target_step=5.317 pred_v=4.376 target_v=5.317 val_mle=8.664m val_p90=11.149m val_speed_mae=4.207 heading=1.5/2.4deg val_progress_mae=8.314m val_heading_mae=32.3deg val_capture=88.00% val_bank=88.00% val_acq_acc=100.00% score=9.429 best=8.930 patience=4/14
temporal epoch=041/160 loss=9.30118 center_teacher=1.000 acq_teacher=1.000 capture=100.00% bank_capture=100.00% acq_acc=100.00% acq_conf=0.721 radius=0.0m pred_step=3.282 target_step=5.317 pred_v=3.564 target_v=5.317 val_mle=8.831m val_p90=11.509m val_speed_mae=2.790 heading=1.7/2.4deg val_progress_mae=8.492m val_heading_mae=32.4deg val_capture=88.00% val_bank=88.00% val_acq_acc=100.00% score=9.530 best=8.930 patience=5/14
temporal epoch=042/160 loss=9.75842 center_teacher=1.000 acq_teacher=1.000 capture=100.00% bank_capture=100.00% acq_acc=100.00% acq_conf=0.721 radius=0.0m pred_step=6.379 target_step=5.317 pred_v=6.272 target_v=5.317 val_mle=8.654m val_p90=11.170m val_speed_mae=2.902 heading=1.7/2.4deg val_progress_mae=8.302m val_heading_mae=32.4deg val_capture=88.00% val_bank=88.00% val_acq_acc=100.00% score=9.353 best=8.930 patience=6/14
temporal epoch=043/160 loss=9.00856 center_teacher=1.000 acq_teacher=1.000 capture=100.00% bank_capture=100.00% acq_acc=100.00% acq_conf=0.723 radius=0.0m pred_step=5.794 target_step=5.317 pred_v=5.757 target_v=5.317 val_mle=8.676m val_p90=11.193m val_speed_mae=2.712 heading=2.0/2.4deg val_progress_mae=8.388m val_heading_mae=32.4deg val_capture=88.00% val_bank=88.00% val_acq_acc=100.00% score=9.368 best=8.930 patience=7/14
temporal epoch=044/160 loss=8.68309 center_teacher=1.000 acq_teacher=1.000 capture=100.00% bank_capture=100.00% acq_acc=100.00% acq_conf=0.722 radius=0.0m pred_step=4.600 target_step=5.317 pred_v=4.714 target_v=5.317 val_mle=8.752m val_p90=11.352m val_speed_mae=3.307 heading=2.2/2.4deg val_progress_mae=8.461m val_heading_mae=32.5deg val_capture=88.00% val_bank=88.00% val_acq_acc=100.00% score=9.476 best=8.930 patience=8/14
temporal epoch=045/160 loss=8.73852 center_teacher=1.000 acq_teacher=1.000 capture=100.00% bank_capture=100.00% acq_acc=100.00% acq_conf=0.720 radius=0.0m pred_step=4.228 target_step=5.317 pred_v=4.395 target_v=5.317 val_mle=8.651m val_p90=11.237m val_speed_mae=2.598 heading=2.3/2.4deg val_progress_mae=8.351m val_heading_mae=32.5deg val_capture=88.00% val_bank=88.00% val_acq_acc=100.00% score=9.337 best=8.930 patience=9/14
temporal epoch=046/160 loss=8.71892 center_teacher=1.000 acq_teacher=1.000 capture=100.00% bank_capture=100.00% acq_acc=100.00% acq_conf=0.719 radius=0.0m pred_step=5.608 target_step=5.317 pred_v=5.592 target_v=5.317 val_mle=8.742m val_p90=11.430m val_speed_mae=2.620 heading=2.3/2.4deg val_progress_mae=8.440m val_heading_mae=32.5deg val_capture=88.00% val_bank=88.00% val_acq_acc=100.00% score=9.431 best=8.930 patience=10/14
temporal epoch=047/160 loss=8.65413 center_teacher=1.000 acq_teacher=1.000 capture=100.00% bank_capture=100.00% acq_acc=100.00% acq_conf=0.719 radius=0.0m pred_step=5.828 target_step=5.317 pred_v=5.784 target_v=5.317 val_mle=8.667m val_p90=11.357m val_speed_mae=4.431 heading=2.5/2.4deg val_progress_mae=8.351m val_heading_mae=32.5deg val_capture=88.00% val_bank=88.00% val_acq_acc=100.00% score=9.444 best=8.930 patience=11/14
temporal epoch=048/160 loss=8.90841 center_teacher=1.000 acq_teacher=1.000 capture=100.00% bank_capture=100.00% acq_acc=100.00% acq_conf=0.719 radius=0.0m pred_step=3.453 target_step=5.317 pred_v=3.721 target_v=5.317 val_mle=8.780m val_p90=11.592m val_speed_mae=3.063 heading=2.6/2.4deg val_progress_mae=8.463m val_heading_mae=32.5deg val_capture=88.00% val_bank=88.00% val_acq_acc=100.00% score=9.492 best=8.930 patience=12/14
temporal epoch=049/160 loss=8.44556 center_teacher=1.000 acq_teacher=1.000 capture=100.00% bank_capture=100.00% acq_acc=100.00% acq_conf=0.719 radius=0.0m pred_step=5.365 target_step=5.317 pred_v=5.390 target_v=5.317 val_mle=8.645m val_p90=11.433m val_speed_mae=2.559 heading=2.7/2.4deg val_progress_mae=8.319m val_heading_mae=32.5deg val_capture=88.00% val_bank=88.00% val_acq_acc=100.00% score=9.328 best=8.930 patience=13/14
temporal epoch=050/160 loss=8.44038 center_teacher=1.000 acq_teacher=1.000 capture=100.00% bank_capture=100.00% acq_acc=100.00% acq_conf=0.719 radius=0.0m pred_step=5.957 target_step=5.317 pred_v=5.895 target_v=5.317 val_mle=8.937m val_p90=11.802m val_speed_mae=3.437 heading=2.6/2.4deg val_progress_mae=8.619m val_heading_mae=32.5deg val_capture=88.00% val_bank=88.00% val_acq_acc=100.00% score=9.672 best=8.930 patience=14/14
EARLY STOP: controlled local-prior validation score did not improve by 0.003 for 14 epochs.
